
tests/box-package.test.ts:
(pass) installed replacement module support compiles through the public archive [977.88ms]
(pass) real fixtures retain the verified archive hashes [8.40ms]
(pass) embedded CJS and ESM adversarial consumers use every public subpath without repository imports [7.52ms]
(pass) installed import graph tracing includes ESM side effects, exports, dynamic imports, and CJS requires [8.72ms]
(pass) packed core root runs in CJS and ESM under Node and Bun without boxes or Node runtime imports [135.68ms]
(pass) installed real box commonjs archive runs the full adversarial oracle in Node and Bun [119.13ms]
(pass) installed real boxes compose in Node commonjs and share cross-loader descriptors [61.99ms]
(pass) installed commonjs modern inline declarations survive emission and unchanged consumption [1457.69ms]
(pass) installed commonjs declaration contracts: final-adversarial-integration.ts [732.10ms]
(pass) installed commonjs declaration contracts: negative/final-adversarial-integration.ts [688.68ms]
(pass) installed commonjs declaration contracts: plugins.ts [682.94ms]
(pass) installed commonjs declaration contracts: negative/plugins.ts [652.14ms]
(pass) installed commonjs declaration contracts: observers.ts [665.26ms]
(pass) installed commonjs declaration contracts: negative/observers.ts [627.25ms]
(pass) installed commonjs declaration contracts: contributions.ts [834.64ms]
(pass) installed commonjs declaration contracts: negative/contributions.ts [1028.54ms]
(pass) installed commonjs declaration contracts: aliases.ts [837.05ms]
(pass) installed commonjs declaration contracts: negative/aliases.ts [961.54ms]
(pass) installed commonjs declaration contracts: dependency-references.ts [689.37ms]
(pass) installed commonjs declaration contracts: negative/dependency-references.ts [825.34ms]
(pass) installed commonjs declaration contracts: composition-adapters.ts [635.12ms]
(pass) installed commonjs declaration contracts: negative/composition-adapters.ts [771.91ms]
(pass) installed commonjs declaration contracts: selected-scopes.ts [681.81ms]
(pass) installed commonjs declaration contracts: negative/selected-scopes.ts [800.80ms]
(pass) installed commonjs declaration contracts: startup.ts [717.34ms]
(pass) installed commonjs declaration contracts: negative/startup.ts [659.27ms]
(pass) installed commonjs declaration contracts: acquisition-mode.ts [619.00ms]
(pass) installed commonjs declaration contracts: negative/acquisition-mode.ts [610.20ms]
(pass) installed commonjs declaration contracts: scopes.ts [606.14ms]
(pass) installed commonjs declaration contracts: negative/scopes.ts [646.71ms]
(pass) installed commonjs declaration contracts: lifetimes.ts [729.79ms]
(pass) installed commonjs declaration contracts: negative/lifetimes.ts [941.82ms]
(pass) installed commonjs declaration contracts: tokens.ts [669.21ms]
(pass) installed commonjs declaration contracts: negative/tokens.ts [782.82ms]
(pass) installed commonjs declaration contracts: negative/token-modules.ts [644.15ms]
(pass) installed commonjs declaration contracts: token-contracts.ts [671.03ms]
(pass) installed commonjs declaration contracts: negative/token-contracts.ts [644.99ms]
(pass) installed commonjs declaration contracts: box-adapters.ts [657.50ms]
(pass) installed commonjs declaration contracts: negative/box-adapters.ts [621.49ms]
(pass) installed commonjs declaration contracts: negative/provider-unions.ts [630.34ms]
(pass) installed commonjs declaration contracts: incremental.ts [639.52ms]
(pass) installed commonjs declaration contracts: negative/incremental.ts [699.96ms]
(pass) installed commonjs declaration contracts: incremental-modules.ts [812.67ms]
(pass) installed commonjs declaration contracts: negative/incremental-modules.ts [624.77ms]
(pass) installed commonjs declaration contracts: builder-views.ts [643.00ms]
(pass) installed commonjs declaration contracts: negative/builder-views.ts [697.62ms]
(pass) installed commonjs declaration contracts: modern-inline.ts [599.55ms]
(pass) installed commonjs declaration contracts: negative/modern-inline.ts [608.76ms]
(pass) installed commonjs declaration contracts: real [628.82ms]
(pass) installed commonjs declaration contracts: replacement-supported.ts [675.79ms]
(pass) installed commonjs declaration contracts: negative/replacement-views.ts [657.16ms]
(pass) installed commonjs declaration contracts: replacement-context.ts [677.57ms]
(pass) installed commonjs declaration contracts: replacement-reflection.ts [666.42ms]
(pass) installed commonjs declaration contracts: negative/replacement-reflection.ts [659.31ms]
(pass) installed commonjs declaration contracts: negative/inline-replacement-wrong-shape.ts [584.26ms]
(pass) installed commonjs declaration contracts: negative/module-hidden-private-needs.ts [609.46ms]
(pass) installed commonjs declaration contracts: negative/module-narrowing.ts [763.65ms]
(pass) installed commonjs declaration contracts: negative/module-rename.ts [609.61ms]
(pass) installed commonjs declaration contracts: negative/provider-boundaries.ts [643.29ms]
(pass) installed commonjs declaration contracts: negative/replacement-context.ts [712.84ms]
(pass) installed commonjs declaration contracts: negative/replacement-wrong-shape.ts [583.34ms]
(pass) installed commonjs declaration contracts: negative/required-this.ts [602.17ms]
(pass) installed commonjs declaration contracts: negative/union-replace.ts [591.06ms]
(pass) installed real box module archive runs the full adversarial oracle in Node and Bun [143.42ms]
(pass) installed real boxes compose in Node module and share cross-loader descriptors [62.26ms]
(pass) installed module modern inline declarations survive emission and unchanged consumption [1167.56ms]
(pass) installed module declaration contracts: final-adversarial-integration.ts [612.91ms]
(pass) installed module declaration contracts: negative/final-adversarial-integration.ts [593.90ms]
(pass) installed module declaration contracts: plugins.ts [596.92ms]
(pass) installed module declaration contracts: negative/plugins.ts [581.48ms]
(pass) installed module declaration contracts: observers.ts [591.08ms]
(pass) installed module declaration contracts: negative/observers.ts [565.32ms]
(pass) installed module declaration contracts: contributions.ts [761.35ms]
(pass) installed module declaration contracts: negative/contributions.ts [997.86ms]
(pass) installed module declaration contracts: aliases.ts [793.39ms]
(pass) installed module declaration contracts: negative/aliases.ts [932.54ms]
(pass) installed module declaration contracts: dependency-references.ts [657.90ms]
(pass) installed module declaration contracts: negative/dependency-references.ts [793.20ms]
(pass) installed module declaration contracts: composition-adapters.ts [622.45ms]
(pass) installed module declaration contracts: negative/composition-adapters.ts [604.60ms]
(pass) installed module declaration contracts: selected-scopes.ts [642.34ms]
(pass) installed module declaration contracts: negative/selected-scopes.ts [783.27ms]
(pass) installed module declaration contracts: startup.ts [629.27ms]
(pass) installed module declaration contracts: negative/startup.ts [625.60ms]
(pass) installed module declaration contracts: acquisition-mode.ts [726.27ms]
(pass) installed module declaration contracts: negative/acquisition-mode.ts [590.64ms]
(pass) installed module declaration contracts: scopes.ts [608.37ms]
(pass) installed module declaration contracts: negative/scopes.ts [636.80ms]
(pass) installed module declaration contracts: lifetimes.ts [713.21ms]
(pass) installed module declaration contracts: negative/lifetimes.ts [904.33ms]
(pass) installed module declaration contracts: tokens.ts [646.84ms]
(pass) installed module declaration contracts: negative/tokens.ts [753.20ms]
(pass) installed module declaration contracts: negative/token-modules.ts [620.52ms]
(pass) installed module declaration contracts: token-contracts.ts [596.51ms]
(pass) installed module declaration contracts: negative/token-contracts.ts [631.71ms]
(pass) installed module declaration contracts: box-adapters.ts [649.77ms]
(pass) installed module declaration contracts: negative/box-adapters.ts [608.60ms]
(pass) installed module declaration contracts: negative/provider-unions.ts [661.04ms]
(pass) installed module declaration contracts: incremental.ts [644.96ms]
(pass) installed module declaration contracts: negative/incremental.ts [667.87ms]
(pass) installed module declaration contracts: incremental-modules.ts [602.50ms]
(pass) installed module declaration contracts: negative/incremental-modules.ts [584.75ms]
(pass) installed module declaration contracts: builder-views.ts [604.39ms]
(pass) installed module declaration contracts: negative/builder-views.ts [661.24ms]
(pass) installed module declaration contracts: modern-inline.ts [579.21ms]
(pass) installed module declaration contracts: negative/modern-inline.ts [584.83ms]
(pass) installed module declaration contracts: real [600.18ms]
(pass) installed module declaration contracts: replacement-supported.ts [674.21ms]
(pass) installed module declaration contracts: negative/replacement-views.ts [630.92ms]
(pass) installed module declaration contracts: replacement-context.ts [652.30ms]
(pass) installed module declaration contracts: replacement-reflection.ts [623.66ms]
(pass) installed module declaration contracts: negative/replacement-reflection.ts [656.91ms]
(pass) installed module declaration contracts: negative/inline-replacement-wrong-shape.ts [585.82ms]
(pass) installed module declaration contracts: negative/module-hidden-private-needs.ts [596.64ms]
(pass) installed module declaration contracts: negative/module-narrowing.ts [750.54ms]
(pass) installed module declaration contracts: negative/module-rename.ts [589.82ms]
(pass) installed module declaration contracts: negative/provider-boundaries.ts [634.30ms]
(pass) installed module declaration contracts: negative/replacement-context.ts [665.91ms]
(pass) installed module declaration contracts: negative/replacement-wrong-shape.ts [561.63ms]
(pass) installed module declaration contracts: negative/required-this.ts [584.18ms]
(pass) installed module declaration contracts: negative/union-replace.ts [563.76ms]

tests/package.test.ts:
(pass) feature library inferred token exports survive declaration emission [1172.88ms]
(pass) classic installed commonjs archive returns the full adversarial oracle [57.00ms]
(pass) Node commonjs consumers can resolve and dispose through the public package [84.52ms]
(pass) Node commonjs observes local and foreign native subclass state directly [46.32ms]
(pass) TypeScript commonjs consumers can use the emitted declarations [759.20ms]
(pass) TypeScript commonjs emitted provider contracts: plugins.ts [612.86ms]
(pass) TypeScript commonjs emitted provider contracts: negative/plugins.ts [632.10ms]
(pass) TypeScript commonjs emitted provider contracts: observers.ts [579.29ms]
(pass) TypeScript commonjs emitted provider contracts: negative/observers.ts [567.26ms]
(pass) TypeScript commonjs emitted provider contracts: contributions.ts [784.43ms]
(pass) TypeScript commonjs emitted provider contracts: negative/contributions.ts [922.64ms]
(pass) TypeScript commonjs emitted provider contracts: aliases.ts [810.06ms]
(pass) TypeScript commonjs emitted provider contracts: negative/aliases.ts [924.62ms]
(pass) TypeScript commonjs emitted provider contracts: dependency-references.ts [652.76ms]
(pass) TypeScript commonjs emitted provider contracts: negative/dependency-references.ts [800.35ms]
(pass) TypeScript commonjs emitted provider contracts: composition-adapters.ts [602.55ms]
(pass) TypeScript commonjs emitted provider contracts: negative/composition-adapters.ts [604.11ms]
(pass) TypeScript commonjs emitted provider contracts: selected-scopes.ts [617.28ms]
(pass) TypeScript commonjs emitted provider contracts: negative/selected-scopes.ts [767.54ms]
(pass) TypeScript commonjs emitted provider contracts: acquisition-mode.ts [597.42ms]
(pass) TypeScript commonjs emitted provider contracts: negative/acquisition-mode.ts [591.62ms]
(pass) TypeScript commonjs emitted provider contracts: scopes.ts [574.96ms]
(pass) TypeScript commonjs emitted provider contracts: negative/scopes.ts [632.41ms]
(pass) TypeScript commonjs emitted provider contracts: lifetimes.ts [714.46ms]
(pass) TypeScript commonjs emitted provider contracts: negative/lifetimes.ts [904.93ms]
(pass) TypeScript commonjs emitted provider contracts: tokens.ts [645.16ms]
(pass) TypeScript commonjs emitted provider contracts: negative/tokens.ts [868.35ms]
(pass) TypeScript commonjs emitted provider contracts: negative/token-modules.ts [624.76ms]
(pass) TypeScript commonjs emitted provider contracts: token-contracts.ts [615.79ms]
(pass) TypeScript commonjs emitted provider contracts: negative/token-contracts.ts [618.37ms]
(pass) TypeScript commonjs emitted provider contracts: providers.ts [675.63ms]
(pass) TypeScript commonjs emitted provider contracts: replacement-context.ts [663.32ms]
(pass) TypeScript commonjs emitted provider contracts: negative/replacement-context.ts [653.28ms]
(pass) TypeScript commonjs emitted provider contracts: negative/provider-boundaries.ts [626.16ms]
(pass) TypeScript commonjs emitted provider contracts: negative/provider-module-metadata.ts [640.49ms]
(pass) TypeScript commonjs emitted provider contracts: negative/provider-projections.ts [580.45ms]
(pass) classic installed module archive returns the full adversarial oracle [65.44ms]
(pass) Node module consumers can resolve and dispose through the public package [78.36ms]
(pass) Node module observes local and foreign native subclass state directly [42.26ms]
(pass) TypeScript module consumers can use the emitted declarations [714.33ms]
(pass) TypeScript module emitted provider contracts: plugins.ts [571.15ms]
(pass) TypeScript module emitted provider contracts: negative/plugins.ts [583.63ms]
(pass) TypeScript module emitted provider contracts: observers.ts [581.30ms]
(pass) TypeScript module emitted provider contracts: negative/observers.ts [544.89ms]
(pass) TypeScript module emitted provider contracts: contributions.ts [735.78ms]
(pass) TypeScript module emitted provider contracts: negative/contributions.ts [939.77ms]
(pass) TypeScript module emitted provider contracts: aliases.ts [761.96ms]
(pass) TypeScript module emitted provider contracts: negative/aliases.ts [936.05ms]
(pass) TypeScript module emitted provider contracts: dependency-references.ts [634.95ms]
(pass) TypeScript module emitted provider contracts: negative/dependency-references.ts [776.47ms]
(pass) TypeScript module emitted provider contracts: composition-adapters.ts [590.01ms]
(pass) TypeScript module emitted provider contracts: negative/composition-adapters.ts [625.27ms]
(pass) TypeScript module emitted provider contracts: selected-scopes.ts [615.19ms]
(pass) TypeScript module emitted provider contracts: negative/selected-scopes.ts [760.92ms]
(pass) TypeScript module emitted provider contracts: acquisition-mode.ts [576.49ms]
(pass) TypeScript module emitted provider contracts: negative/acquisition-mode.ts [566.37ms]
(pass) TypeScript module emitted provider contracts: scopes.ts [586.51ms]
(pass) TypeScript module emitted provider contracts: negative/scopes.ts [627.29ms]
(pass) TypeScript module emitted provider contracts: lifetimes.ts [670.95ms]
(pass) TypeScript module emitted provider contracts: negative/lifetimes.ts [902.73ms]
(pass) TypeScript module emitted provider contracts: tokens.ts [652.28ms]
(pass) TypeScript module emitted provider contracts: negative/tokens.ts [735.17ms]
(pass) TypeScript module emitted provider contracts: negative/token-modules.ts [619.37ms]
(pass) TypeScript module emitted provider contracts: token-contracts.ts [580.16ms]
(pass) TypeScript module emitted provider contracts: negative/token-contracts.ts [623.01ms]
(pass) TypeScript module emitted provider contracts: providers.ts [683.89ms]
(pass) TypeScript module emitted provider contracts: replacement-context.ts [643.88ms]
(pass) TypeScript module emitted provider contracts: negative/replacement-context.ts [693.35ms]
(pass) TypeScript module emitted provider contracts: negative/provider-boundaries.ts [616.22ms]
(pass) TypeScript module emitted provider contracts: negative/provider-module-metadata.ts [591.71ms]
(pass) TypeScript module emitted provider contracts: negative/provider-projections.ts [597.37ms]
(pass) unchecked Bag construction is rejected through di-bag [533.22ms]
(pass) unchecked Bag construction is rejected through ../src/di-bag [870.14ms]
(pass) unchecked Module construction is rejected through di-bag [588.80ms]
(pass) unchecked Module construction is rejected through ../src/module [806.35ms]
(pass) unchecked Provider construction is rejected through di-bag [590.27ms]
(pass) unchecked Provider construction is rejected through ../src/provider [488.98ms]
(pass) unchecked Token construction is rejected through di-bag [572.98ms]
(pass) unchecked Token construction is rejected through ../src/tokens [487.68ms]

tests/native-package.test.ts:
(pass) native installed contracts and physical downstream declarations from classic6 [54075.75ms]
(pass) native installed contracts and physical downstream declarations from native7 [42051.17ms]

tests/token-package.test.ts:
(pass) installed node cjs facade shares core tokens, modes and adapters [40.07ms]
(pass) installed node mjs facade shares core tokens, modes and adapters [42.83ms]
(pass) installed bun cjs facade shares core tokens, modes and adapters [18.12ms]
(pass) installed bun mjs facade shares core tokens, modes and adapters [20.02ms]
(pass) installed token composition crosses Node commonjs and the other loader [41.11ms]
(pass) installed commonjs token-modules declaration survives emission and unchanged consumption [1211.17ms]
(pass) installed commonjs incremental-modules declaration survives emission and unchanged consumption [1220.91ms]
(pass) installed commonjs replacement-reflection declaration survives emission and unchanged consumption [1209.49ms]
(pass) installed token composition crosses Node module and the other loader [39.76ms]
(pass) installed module token-modules declaration survives emission and unchanged consumption [1174.87ms]
(pass) installed module incremental-modules declaration survives emission and unchanged consumption [1151.10ms]
(pass) installed module replacement-reflection declaration survives emission and unchanged consumption [1257.96ms]

tests/lifetime-declarations.test.ts:
(pass) lifetime replacement preserves the source and owned stages [1.78ms]
(pass) invalid lifetime declarations fail before evaluating factories or option getters [0.28ms]
(pass) options are read once and snapshotted, and replacement clears capture [0.09ms]
(pass) all provider transformations retain the immutable policy [0.37ms]

 218 pass
 0 fail
 2179 expect() calls
Ran 218 tests across 5 files. [236.50s]
