
tests/type-scale.test.ts:
(pass) type scale: 100 bulk providers preserve consumer types [979.49ms]
(pass) type scale: 100 chained providers preserve consumer types [1365.46ms]
(pass) type scale: 100 replacement providers preserve consumer types [1420.47ms]
(pass) type scale: 1000 grouped providers preserve consumer types [3201.07ms]
(pass) type scale: bulk rejects missing at the graph boundary [598.35ms]
(pass) type scale: bulk rejects wrong-shape at the graph boundary [543.09ms]
(pass) type scale: chained rejects missing at the graph boundary [1133.47ms]
(pass) type scale: chained rejects wrong-shape at the graph boundary [1096.77ms]
(pass) type scale: grouped rejects missing at the graph boundary [3432.59ms]
(pass) type scale: grouped rejects wrong-shape at the graph boundary [3387.75ms]
(pass) type scale: replacement rejects missing at the graph boundary [1456.87ms]
(pass) type scale: replacement rejects wrong-shape at the graph boundary [1566.75ms]
(pass) type scale: 1000 providers from reusable named modules: valid [16218.26ms]
(pass) type scale: 1000 providers from reusable named modules: missing [15903.58ms]
(pass) type scale: 1000 providers from reusable named modules: wrong-shape [15996.23ms]

tests/incremental-scale.test.ts:
(pass) incremental compiler work: 100 named additions [1694.99ms]
(pass) incremental compiler work: 100 named replacements [1804.39ms]
(pass) incremental compiler work: 100 token bindings [2152.98ms]

tests/token-scale.test.ts:
(pass) token scale: 100 bindings valid [2126.04ms]
(pass) token scale: 100 bindings missing-final-token [2149.85ms]
(pass) token scale: 100 bindings mismatched-invariant-service [2163.82ms]
(pass) token scale: 100 modules valid [2723.08ms]
(pass) token scale: 100 modules missing-final-token [2768.91ms]
(pass) token scale: 100 modules mismatched-invariant-service [2772.13ms]

 24 pass
 0 fail
 111 expect() calls
Ran 24 tests across 3 files. [88.82s]
