✔ discarded raw transient arrays are collectible after resolve (6.853415ms)
✔ discarded raw transient arrays are collectible after alias (3.073279ms)
✔ discarded raw transient arrays are collectible after dependency (2.887276ms)
✔ discarded raw transient arrays are collectible after collection (2.743055ms)
✔ discarded raw transient arrays are collectible after startup (4.421791ms)
✔ discarded native transient promises and source arrays are collectible (3.336518ms)
✔ discarded native transient promises and mapped arrays are collectible (3.352935ms)
✔ borrowed mapped payloads are collectible while independent inspection frames survive (4.195539ms)
✔ transient owned source and mapped identities survive GC until reverse stage cleanup (5.289584ms)
✔ closing releases compacted frame payloads even when a dependency proxy is retained (5.716694ms)
✔ a ready borrowed projection drops its payload while pending source ownership and close admission survive (3.153415ms)
✔ current graph releases replaced factories, payloads, IDs and warmed ancestor wrappers (3.940792ms)
✔ contribution append and installation release earlier cached arrays and graph wrappers (3.890906ms)
✔ a private lexical reference intentionally retains an overridden factory (2.567938ms)
✔ symbol lookup remains functional on hosts that reject weak symbol keys (2.58773ms)
✔ removing the last lexical consumer releases displaced private targets and snapshots (2.582729ms)
✔ Node disposes a deep ready graph in dependency order and only once (203.800891ms)
✔ Node admits a late acyclic edge and rejects a late cycle across a deep graph (137.352768ms)
✔ Node cold-resolves 1,000 raw named factories exactly once without increasing its stack (62.700842ms)
✔ Node cold-resolves 1,000 auto named factories exactly once without increasing its stack (51.533999ms)
✔ raw fast acquisition preserves unobserved thenable and promise identity and factory receiver (13.605555ms)
✔ raw scoped public reentrant creating cycles invoke the factory once (0.517935ms)
✔ raw transient public reentrant creating cycles invoke the factory once (0.302034ms)
✔ native transient ancestry rejects after-await cycles with the original label order (0.449017ms)
✔ ready borrowed transient proxies keep late cycle and root capture checks (0.670043ms)
✔ failed direct raw sources cannot use retained proxies during close (0.277861ms)
✔ failed direct auto sources cannot use retained proxies during close (0.147122ms)
✔ Node numeric startup 1 bounds selected readiness without awaiting raw outputs (0.841035ms)
✔ Node numeric startup 2 bounds selected readiness without awaiting raw outputs (0.364626ms)
✔ Node observer burst drains in transition and registration order while external callback gates remain pending (1.827415ms)
✔ Node application wait deadlines preserve memoized pending source and disposer cleanup (0.474967ms)
ℹ tests 31
ℹ suites 0
ℹ pass 31
ℹ fail 0
ℹ cancelled 0
ℹ skipped 0
ℹ todo 0
ℹ duration_ms 559.746622
