bun test v1.4.2 (744846f84)

tests/native-package.test.ts:

# Unhandled error between tests
-------------------------------
19 | import { finalAdversarialExpectedResult, finalAdversarialPackageRuntimeSource } from './final-adversarial-runtime-fixture';
20 | 
21 | const root = resolve(__dirname, '..');
22 | const node = execFileSync('node', ['-p', 'process.execPath'], { encoding: 'utf8', timeout: 10000 }).trim();
23 | const bun = process.execPath;
24 | const npmCli = realpathSync(join(dirname(node), 'npm'));
                    ^
ENOENT: no such file or directory, lstat 'npm'
    path: "npm",
 syscall: "lstat",
   errno: -2,
    code: "ENOENT"

      at /tmp/di-bag-performance-integration/tests/native-package.test.ts:24:16
-------------------------------


 0 pass
 1 fail
 1 error
Ran 1 test across 1 file. [183.00ms]
