bun test v1.4.2 (744846f84)

tests/observers.test.ts:
(pass) observers preserve raw identity and explicit ownership [3.78ms]
(pass) ready follows the final native stage while retaining exposed identity [0.57ms]
(pass) observer failure monitoring handles throws, rejection and throwing then without gating shutdown [0.42ms]
(pass) configuration snapshots callbacks, appends in order and retains classification [0.59ms]
(pass) reentrant observer resolution runs outside factory ancestry and respects published close [0.22ms]
(pass) canonical owners distinguish shared roots, independent forks, contributions and transients [1.42ms]
(pass) failed final projections retire accepted ownership once and preserve cleanup errors [0.80ms]
(pass) intermediate native failure bypassed by raw projection is not final failure [0.22ms]
(pass) private module frames are immutable snapshots without freezing application metadata [1.18ms]
(pass) startup rollback observes accepted cleanup while preserving the startup cause [1.02ms]
(pass) cancellation observes late accepted resources and final failure without awaiting telemetry [0.68ms]
(pass) throwing-then error sink results are consumed and appending duplicates keeps every callback [0.16ms]
(pass) delivery keeps emission order across immutable appended facade configurations [0.27ms]

tests/acquisition-mode.test.ts:
(pass) close waits for a native acquisition with shadowed then at source [0.31ms]
(pass) close waits for a native acquisition with shadowed then at projection [0.12ms]
(pass) close waits for a native acquisition with shadowed then at metadata [0.11ms]
(pass) unconfigured core preflights every stage and private module before any factory effects [0.30ms]
(pass) facades snapshot and isolate their predicate, carrying it through builders and forks [0.63ms]
(pass) invalid configuration, modes and classifier results fail explicitly [0.22ms]
(pass) automatic ordinary values preserve the then-presence guard [0.12ms]
(pass) raw Promise and then-getter values retain exact ownership without observation or waiting [0.24ms]
(pass) explicit native and async projections work without a classifier and preserve previous owners [0.36ms]
(pass) auto observes local native state with non-callable then [0.18ms]
(pass) native observes local native state with non-callable then [0.12ms]
(pass) auto observes foreign native state with non-callable then [0.43ms]
(pass) native observes foreign native state with non-callable then [0.29ms]
(pass) native metadata preserves raw presence records and explicit payload projection [0.32ms]
(pass) async metadata retains a native output contract without a portable classifier [0.26ms]

tests/startup.test.ts:
(pass) contexts follow acquisition owners through child-first roots and independent forks [0.43ms]
(pass) abort listeners cannot reenter any closing scope admission gate [0.26ms]
(pass) startup waits for selected native acquisition while leaving unrelated providers lazy [0.29ms]
(pass) startup uses native observation with shadowed then and treats raw promises as ready [0.28ms]
(pass) a ready native projection starts while its source remains pending until shutdown [0.29ms]
(pass) failed native projection aborts a cooperative pending source before cleanup [0.29ms]
(pass) sequential startup waits before invoking the next selection [0.39ms]
(pass) startup selects genuine tokens and keeps separate owned transient attempts [0.26ms]
(pass) late contextual dependencies receive an already aborted owner signal [0.24ms]
(pass) startup removes its abort listener on success [0.23ms]
(pass) startup removes its abort listener on failure [0.10ms]
(pass) startup removes its abort listener on aborted [0.08ms]
(pass) startup removes its abort listener on timeout [5.39ms]
(pass) startup snapshots option getters once after snapshotting all selected keys [0.21ms]
(pass) sequential startup stops after failure and waits for cleanup with original causes [0.45ms]
(pass) parallel startup starts later selections after synchronous failure and cleans pending ownership [0.24ms]
(pass) aborted rejects before late ownership and exposes eventual cleanup failure [0.49ms]
(pass) timeout rejects before late ownership and exposes eventual cleanup failure [5.36ms]
(pass) already aborted startup does not invoke any factories [0.23ms]
(pass) cancellation can interrupt cleanup after ordinary startup failure [0.29ms]
(pass) successful startup removes external cancellation and snapshots indexed selections [0.25ms]
(pass) invalid startup inputs reject before factory or unsupported option getter effects [0.37ms]
(pass) numeric startup 1 bounds selected readiness and preserves promise identity [0.39ms]
(pass) numeric startup 2 bounds selected readiness and preserves promise identity [0.16ms]
(pass) numeric startup 20 bounds selected readiness and preserves promise identity [0.15ms]
(pass) numeric startup 1 snapshots options and retains duplicate selected lifetimes [0.35ms]
(pass) numeric startup 2 snapshots options and retains duplicate selected lifetimes [0.12ms]
(pass) numeric startup uses final raw readiness while owned sources remain pending [0.33ms]
(pass) bounded startup stops dequeuing after failure and cleans started work [0.51ms]
(pass) bounded startup stops dequeuing after aborted and cleans started work [0.16ms]
(pass) bounded startup stops dequeuing after timeout and cleans started work [5.77ms]
(pass) numeric startup rejects invalid bounds before factories [0.66ms]
(pass) numeric startup stops initial worker admission when a factory aborts synchronously [0.49ms]

tests/final-adversarial-integration.test.ts:
(pass) I1 preserves its deterministic adversarial source oracle [16.90ms]
(pass) I2 preserves its deterministic adversarial source oracle [8.93ms]
(pass) I3 preserves its deterministic adversarial source oracle [8.88ms]
(pass) I4 preserves its deterministic adversarial source oracle [7.79ms]
(pass) I5 preserves its deterministic adversarial source oracle [11.74ms]
(pass) I6 preserves its deterministic adversarial source oracle [7.43ms]
(pass) I7 preserves its deterministic adversarial source oracle [7.45ms]
(pass) I8 preserves its deterministic adversarial source oracle [8.62ms]
(pass) I9 preserves its deterministic adversarial source oracle [9.88ms]
(pass) I10 preserves its deterministic adversarial source oracle [9.63ms]
(pass) I11 preserves its deterministic adversarial source oracle [8.53ms]
(pass) I13 preserves its deterministic adversarial source oracle [7.54ms]
(pass) I12 disposes accepted late ownership before independent immediate ownership [9.27ms]

tests/lifetimes.test.ts:
(pass) root, scoped and transient identity have distinct ownership [0.77ms]
(pass) child-first roots capture dependencies in the root owner through grandchildren and forks [0.69ms]
(pass) same-object transients own separate attempts and preserve every cleanup cause [0.56ms]
(pass) raw and native lifetimes retain original pending promises and classification [0.53ms]
(pass) failed root cache entries retry across children with new acquisition identities [0.37ms]
(pass) public synchronous transient reentrancy is rejected before a second factory invocation [0.29ms]
(pass) pure transient post-await ancestry rejects repeated construction [0.39ms]
(pass) mixed cached and transient post-await cycles preserve acquisition graph detection [0.41ms]
(pass) independent pending transient calls are distinct nonrecursive acquisitions [0.22ms]
(pass) a ready transient proxy may create a fresh instance on each later method call [0.20ms]
(pass) pending child work acquires roots during parent close and root cleanup follows child cleanup [0.39ms]
(pass) strict roots reject new scoped reads directly [0.29ms]
(pass) strict roots reject new scoped reads through a transient [0.11ms]
(pass) strict roots reject cached scoped reads directly [0.06ms]
(pass) strict roots reject cached scoped reads through a transient [0.05ms]
(pass) strict capture boundaries survive await and ready transient methods [0.39ms]
(pass) strict roots can consume capturing roots without inheriting their permission [0.30ms]
(pass) token captive reads reject at the observed edge before scoped creation [0.21ms]
(pass) renamed module exports retain private root and transient ownership despite public collisions [0.41ms]
(pass) private module scoped capture rejects despite an identically named public root [0.31ms]
(pass) failed root rollback and retry retain distinct ownership across child consumers [0.55ms]
(pass) child close releases its attempts while a child-first root remains pending [0.23ms]
(pass) completed child and retired proxies cannot borrow another attempt closing permission for root reads [1.63ms]
(pass) pending source permission survives a ready projection when routing late roots [0.33ms]
(pass) family retirement removes cross-owner incoming edges but preserves outgoing rollback dependencies [0.18ms]
(pass) retired transient ancestry does not block a retained proxy from retrying its binding [0.17ms]
(pass) token roots retain family ownership through a transient token consumer and independent override [0.23ms]
(pass) pending source permission survives failed projection rollback for late root reads [0.22ms]

tests/selected-scope-runtime.test.ts:
(pass) selected service borrows parent configuration and ownership while child config is overridden [0.32ms]
(pass) scoped sharing selects the immediate parent and must be selected again by grandchildren [0.14ms]
(pass) child-defined roots anchor their graph while inherited roots construct in the original graph [0.26ms]
(pass) shared pending promises deduplicate and failed acquisitions retry at the owner [0.18ms]
(pass) closing a borrower leaves the pending owner context and finalizer intact [0.23ms]
(pass) pending child sources discover shared parent dependencies during tree close [0.26ms]
(pass) strict child roots reject shared scoped dependencies before reading a cached owner [0.13ms]
(pass) shared dependency edges detect cycles through retained owner proxies [0.13ms]
(pass) shared module bindings preserve lexical private dependencies despite child public replacements [0.21ms]
(pass) synchronous shared owner reentry detects a cycle across acquisition owners [0.19ms]
(pass) a ready projection retains source permission for late shared reads [0.20ms]
(pass) a failed projection retains source permission for late shared reads [0.08ms]
(pass) completed and retired child proxies cannot borrow another source closing permission for shared reads [0.18ms]

tests/modules.test.ts:
(pass) a module private retry keeps the caught failed attempt separate [0.29ms]
(pass) module private dependencies follow exported replacements and fresh forks [0.58ms]
(pass) renamed repeated installations isolate private instances and cleanup [0.23ms]
(pass) rename preserves original parameter names even when an export takes a private name [0.25ms]
(pass) invalid installations and export views fail atomically and reject forged modules [0.41ms]
(pass) exports use indexed tuple snapshots and preserve hidden local registrations [0.26ms]
(pass) module promise identity, retry and post-await cycle diagnostics use the host runtime [0.32ms]
(pass) renaming an export leaves an unrelated external requirement at its original slot [0.17ms]
(pass) module providers can be replaced before sealing without mutating earlier views [0.16ms]
(pass) close drains module acquisitions that discover private and host dependencies after await [0.25ms]

tests/token-modules.test.ts:
(pass) exported tokens retarget private module consumers in forks [0.31ms]
(pass) private tokens get independent installations and dependency ordered cleanup [0.26ms]
(pass) token bindings preserve source reuse, promise identity and public replacement [0.25ms]
(pass) fork snapshots mixed selection indices and reads only selected own overrides [0.16ms]
(pass) duplicate mixed overrides keep getter order and route final values through private consumers [0.39ms]
(pass) invalid token selections preflight before any selected override getter [0.20ms]
(pass) runtime duplicate symbols reject atomically and leave builders reusable [0.17ms]

tests/contributions.test.ts:
(pass) contributions preserve order, empty reads and array immutability [0.14ms]
(pass) host and repeated exportless modules append distinct lexical bindings [0.39ms]
(pass) all adapters select frozen arrays and retain module export renames [0.53ms]
(pass) root scoped and transient contributions retain individual ownership [0.23ms]
(pass) shared aggregate borrows the parent graph while a lazy registry reads its local graph [0.30ms]
(pass) partial failure retains accepted ownership and retries only failed contributors [0.19ms]
(pass) pending native and raw promises preserve identity and disposal payloads [0.20ms]
(pass) self collections participate in ordinary cycle detection [0.15ms]
(pass) inspection is immutable nonresolving and does not freeze application values [0.18ms]
(pass) forged tokens references and providers reject before provider effects [0.37ms]
(pass) cooperative lazy registries admit late collection reads only for their in-flight source [0.35ms]
(pass) observed strict roots reject cached scoped contributions before owner routing [0.21ms]
(pass) startup failure rolls back accepted contribution ownership [0.18ms]

tests/projections.test.ts:
(pass) a projected service does not replace its source disposer argument [0.17ms]
(pass) an ownership operation on a metadata provider retains earlier ownership [0.13ms]
(pass) mapSync receives and returns exact Promise identities [0.10ms]
(pass) mapAsync rejects source and projector throws with their original values [0.15ms]
(pass) mapAsync awaits recursive projector thenables and source fulfillment [0.10ms]
(pass) a failed sync projection releases late source ownership [0.13ms]
(pass) a synchronous status projection stays cached after its raw Promise rejects [0.12ms]
(pass) ready outer ownership closes before a raw stage accepted later [0.10ms]
(pass) failed projections clean only their stages and preserve cached dependencies [0.16ms]
(pass) sync failure starts asynchronous cleanup without waiting and close drains it [0.16ms]
(pass) late old ownership cannot evict or dispose a successful retry [0.15ms]
(pass) retired cleanup errors keep invocation order and original attempt identities [0.25ms]
(pass) a pending source can read dependencies in close after an outer projection is ready [0.18ms]
(pass) a pending source can finish dependencies after its outer projection failed [0.19ms]
(pass) completed source proxies cannot borrow a pending projection or retry permission [0.15ms]
(pass) mapped dependencies still reject genuine acquisition cycles [0.10ms]
(pass) asynchronous mappings preserve post-await cycle detection [0.15ms]
(pass) a completed source cannot use its still pending asynchronous projector permission [0.09ms]
(pass) mapping and added finalizers run receiver-free across metadata operations [0.18ms]
(pass) failed outer projections retain owned values until a pending projector finishes using them [0.24ms]
(pass) failed exposed acquisition abandons incoming edges while its owned source can acquire the recovered parent [0.23ms]

tests/disposal.test.ts:
(pass) disposal callbacks receive the owned value without a receiver [0.13ms]
(pass) withDisposal exposes the value and closes each resolved instance once [0.13ms]
(pass) ordinary values are borrowed even when they expose disposal methods [0.08ms]
(pass) unresolved and failed factories have no disposal [0.10ms]
(pass) throwing then inspection rejects each acquisition until a synchronous retry succeeds [0.20ms]
(pass) a PromiseLike with a throwing then getter never reaches the fulfilled-value disposer [0.16ms]
(pass) native Promise observer setup failures allow retry and preserve accepted Promise identity [0.21ms]
(pass) native Promise ownership observation ignores an own then override [0.13ms]
(pass) native Promise subclass ownership ignores an own then override [0.17ms]
(pass) native constructor TypeError preserves the original failure and permits retry [0.23ms]
(pass) native species TypeError preserves the original failure and permits retry [0.05ms]
(pass) pending close observes native settlement without assimilating its species result [0.19ms]
(pass) direct structural thenables reject without invoking then or accepting ownership [0.13ms]
(pass) explicit structural conversion accepts fulfillment before a subsequent throw [0.11ms]
(pass) explicit structural conversion retries rejection and disposes only the fulfilled retry [0.13ms]
(pass) cleanup runs in reverse acquisition order through unmanaged intermediates [0.16ms]
(pass) async disposers are awaited sequentially and receive fulfilled values [0.20ms]
(pass) dependency ordering wins over async completion order [0.12ms]
(pass) close drains pending factories and dependencies discovered after await [0.18ms]
(pass) pending acquisition failure does not stop cleanup of other resources [0.12ms]
(pass) every disposer runs and close aggregates the original cleanup failures [0.22ms]
(pass) throwing undefined still rejects close and does not skip other disposers [0.19ms]
(pass) reentrant close observes the same barrier even when its disposer rejects [0.15ms]
(pass) parent and forks own independent instances and borrowed overrides stay borrowed [0.18ms]
(pass) an owned override can replace an ordinary factory [0.10ms]
(pass) pending factories can create a chain of synchronous dependencies during close [0.14ms]

tests/persistent-graph.test.ts:
(pass) replacement removes obsolete public IDs while earlier versions retain their own values [9.58ms]
(pass) replacement counts all public slots and contribution references to a binding [0.20ms]
(pass) private aliases protect replaced IDs but public aliases follow current slots [0.32ms]
(pass) constructor keeps unused private registrations for explicit preflight and dangling refs for inspection [0.11ms]
(pass) shared lexical input maps are snapshotted once per installation [4.02ms]
(pass) string collisions, special own keys and same-description symbols stay distinct across updates [12.12ms]
(pass) materialized contributions retain order through append and installation without changing old arrays [4.95ms]
(pass) root lifetime stays parent-owned after a child overrides one shared public slot [0.32ms]
(pass) former public targets are pruned when the last user of a shared lexical snapshot is replaced [0.13ms]
(pass) pruning cascades iteratively through displaced lexical targets [38.26ms]
(pass) contribution protection uses the once-read input snapshot through public replacement [0.42ms]

tests/aliases.test.ts:
(pass) named aliases preserve exact canonical object and immutable history [0.28ms]
(pass) all token and name combinations and forward token requirements route identically [0.20ms]
(pass) aliases preserve explicit raw and native promises without classification [0.19ms]
(pass) transient aliases add no ownership and record actual target disposal edges [0.26ms]
(pass) module aliases retain private targets and export renames under host collisions [0.24ms]
(pass) selected sharing routes alias through parent graph while independent overrides follow child graph [0.21ms]
(pass) runtime rejects transient sharing and root captures through aliases before invoking target [0.25ms]
(pass) alias inspection reports direct target and canonical attempts without stale target metadata [0.18ms]
(pass) alias cycles retain a useful lexical path [0.15ms]
(pass) runtime rejects invalid alias selections without changing the builder [0.11ms]
(pass) startup through an alias waits for final readiness and retries failed canonical acquisitions [0.29ms]
(pass) shared alias inspection identifies its parent target despite a child override [0.16ms]
(pass) aliases of root targets retain the root graph under child overrides [0.15ms]
(pass) in-flight sources may read aliases while closing and retained reads close with the canonical owner [0.20ms]
(pass) module token aliases preserve private identity and external host requirements [0.22ms]
(pass) exported target replacements and renames remain visible through module aliases [0.16ms]
(pass) re-sharing aliases keeps parent policy while fresh grandchildren and forks use local targets [0.27ms]
(pass) strict roots use the effective shared alias policy in both lifetime directions [0.52ms]
(pass) raw aliases do not inspect then getters or add cancellation contexts [0.18ms]

tests/providers.test.ts:
(pass) metadata is a snapshot and inspection never starts a factory [0.29ms]
(pass) metadata preflight sees hidden collisions before reading any getters [0.13ms]
(pass) metadata additions preserve symbol keys and snapshot accessors once [0.09ms]
(pass) runtime rejects copied and forged provider registrations [0.07ms]
(pass) inspection follows pending retries without retaining failed attempts or changing disposal [0.23ms]
(pass) module rename and fork keep metadata with the actual binding [0.25ms]
(pass) plain registrations expose empty metadata and frames, including creating snapshots [0.11ms]
(pass) metadata preserves synchronous ownership and borrowed cleanup methods [0.14ms]
(pass) provider execution captures projected values and acquisition frames [0.12ms]

tests/scopes.test.ts:
(pass) children own fresh acquisitions while independent forks outlive their source [0.27ms]
(pass) parent close synchronously closes every descendant admission gate and waits for descendants [0.36ms]
(pass) pending child sources may acquire dependencies after parent close starts [0.17ms]
(pass) pending acquisition promises deduplicate only within one scope [0.12ms]
(pass) nested cleanup failures flatten by registration order despite reversed completion [0.37ms]
(pass) independently settled children detach on success and failure without replay [0.26ms]
(pass) parent close includes a child already closing until its failure settles [0.22ms]
(pass) unexpected child close rejection is retained after parent cleanup [0.21ms]
(pass) scope preserves native shadowed-then and raw Promise ownership in configured core [0.20ms]
(pass) child projection rollback finishes before a parent-owned finalizer [0.21ms]
(pass) scopes retain module-private identities and unchanged public binding metadata [0.25ms]
(pass) unchecked scope arguments reject before creating or acquiring a child [0.31ms]

tests/acquisition.test.ts:
(pass) a retry does not inherit the identity of a caught failed attempt [0.17ms]
(pass) a caught rejected attempt does not retarget its incoming edge to the retry [0.27ms]
(pass) shutdown preserves every cleanup cause and its acquisition identity [0.37ms]
(pass) cleanup diagnostics snapshot caller records without cloning the original cause [0.05ms]
(pass) a failed attempt cannot borrow its pending retry permission to acquire during close [0.21ms]
(pass) a completed factory cannot start late acquisitions while another factory drains [0.14ms]
(pass) a retained failed proxy follows live dependencies without traversing removed attempts [0.12ms]

tests/acquisition-metadata.test.ts:
(pass) metadata is lazy, ordered, copied with hidden symbols, and retained after projection [0.35ms]
(pass) immediate metadata retains raw Promise identity, policy, and outer disposer value [0.21ms]
(pass) async metadata awaits raw thenables and exposes a native Promise [0.18ms]
(pass) native acquisition remains pending and disposes fulfilled values after immediate annotation [0.16ms]
(pass) annotation errors preserve original failures, cleanup, and independent retries and scopes [0.27ms]
(pass) async annotation rejection cleans source ownership and skips failed sources [0.21ms]
(pass) metadata callbacks and returned records reject malformed and asynchronous values [0.59ms]
(pass) annotations retain present undefined values and add no ownership [0.20ms]
(pass) rejecting accidentally async metadata observes its rejected Promise in both modes [1.33ms]
(pass) metadata requires plain records and accepts records without a prototype [0.69ms]
(pass) metadata getters are captured exactly once, including an ordinary then field [0.14ms]
(pass) metadata retains typed token dependencies and root and transient lifetime caching [0.26ms]

tests/runtime-scale.test.ts:
(pass) closing a deep graph disposes every dependent before its dependency exactly once [138.86ms]
(pass) retiring an acquisition touches only its actual incoming consumers [1.29ms]
(pass) repeated reads of an existing edge do not traverse the downstream graph again [0.51ms]
(pass) late edges across a deep ready graph find cycles without overflowing the stack [12.65ms]
(pass) one module lexical map is snapshotted once while external mutations stay isolated [0.49ms]
(pass) releasing a consumer removes its reverse incoming entries without retiring live peers [0.13ms]
(pass) a branching late cycle reports the first dependency-order path and leaves its rejected edge absent [0.13ms]

tests/persistent-map.test.ts:
(pass) collision replacement and deletion preserve other keys and earlier versions [0.23ms]
(pass) mixed insert/delete operations agree with an independent native map [8.87ms]

tests/binding-graph.test.ts:
(pass) private bindings with the same label have distinct memoized identities [0.49ms]
(pass) an owned private dependency closes after its public dependent [0.22ms]
(pass) private Promise-valued bindings preserve their original exposed identity [0.14ms]
(pass) graph snapshots preserve lexical private refs while forks use replaced public slots [0.22ms]
(pass) batch public bindings preserve ordered duplicates and retained private identities [0.24ms]
(pass) an empty public binding batch preserves immutable graph identity [0.02ms]
(pass) mutating graph input maps cannot change public lookup or binding descriptions [0.09ms]
(pass) cycles through private aliases discovered after await show binding labels [0.25ms]

tests/persistent-module.test.ts:
(pass) one module update does not revisit its existing registration table [1.92ms]
(pass) module updates preserve declaration positions, earlier builders and renamed lexical exports [0.54ms]

tests/dependency-references.test.ts:
(pass) optional absence is distinct from a present undefined acquisition [0.45ms]
(pass) optional factory failures and native rejections propagate and retry [0.36ms]
(pass) lazy scoped dependencies defer construction and retain invocation ownership [0.26ms]
(pass) lazy root dependencies defer construction and retain invocation ownership [0.10ms]
(pass) lazy transient dependencies defer construction and retain invocation ownership [0.06ms]
(pass) all adapters snapshot mixed references by index and authenticate every handle [0.64ms]
(pass) lazy reads preserve lexical private tokens, export renames and external optional absence [0.30ms]
(pass) lazy closures use shared/root owner context and independent fork overrides [0.37ms]
(pass) raw and native references preserve Promise identity and disposal values [0.31ms]
(pass) optional synchronous and post-await cycles propagate [0.31ms]
(pass) lazy synchronous and post-await cycles propagate [0.13ms]
(pass) lazy closure shutdown admission belongs to the capturing source attempt [0.32ms]
(pass) observed reference reads retain strict root checks before routing [0.10ms]
(pass) lazy reads detect a cycle between already ready consumers [0.13ms]
(pass) a pending projection does not extend a lazy source shutdown admission [0.18ms]
(pass) root explicit capture and optional reads retain the root lexical context [0.25ms]

tests/selected-scopes.test.ts:
(pass) selected sharing keeps parent dependencies while child overrides stay local [0.22ms]
(pass) mixed token selections retain exact borrowed pending values and override bindings [0.18ms]
(pass) scope snapshots selections and ignores unselected override getters and tuple iterators [0.23ms]
(pass) invalid selections reject before override values or provider effects [0.25ms]
(pass) empty selections are lazy and duplicates read each override once [0.16ms]
(pass) inherited strict roots keep their graph when a child overrides a dependency as scoped [0.13ms]

 303 pass
 0 fail
 14661 expect() calls
Ran 303 tests across 23 files. [502.00ms]
