bun test v1.4.2 (744846f84)

tests/types.test.ts:
(pass) observers retain exact inferred cross-file contracts [971.14ms]
(pass) plugins retain exact inferred cross-file contracts [693.52ms]
(pass) final adversarial integration retains exact inferred cross-file contracts [600.48ms]
(pass) contributions retain exact inferred cross-file contracts [738.82ms]
(pass) aliases retain exact inferred cross-file contracts [775.84ms]
(pass) dependency references retain exact inferred cross-file contracts [637.69ms]
(pass) composition adapters retain exact inferred cross-file contracts [591.94ms]
(pass) selected scopes retain exact inferred cross-file contracts [525.42ms]
(pass) startup and contextual providers retain exact inferred cross-file contracts [521.85ms]
(pass) lifetime declarations retain exact inferred cross-file contracts [615.65ms]
(pass) lifetimes inferred exports survive declaration consumption [1326.88ms]
(pass) composition-adapters inferred exports survive declaration consumption [1051.85ms]
(pass) dependency-references inferred exports survive declaration consumption [1123.78ms]
(pass) aliases inferred exports survive declaration consumption [1333.66ms]
(pass) contributions inferred exports survive declaration consumption [1239.77ms]
(pass) observers inferred exports survive declaration consumption [1036.14ms]
(pass) plugins inferred exports survive declaration consumption [986.07ms]
(pass) final-adversarial-integration inferred exports survive declaration consumption [1035.14ms]
(pass) acquisition modes retain exact acquired values across inferred exports [487.09ms]
(pass) token modules preserve exact cross-file contracts [472.14ms]
(pass) public token composition preserves exact outputs and frames [547.85ms]
(pass) token contracts preserve exact identities and provider graphs [478.71ms]
(pass) replacement context preserves exact contracts from surviving consumers [564.85ms]
(pass) incremental checks preserve forward, replacement and frame contracts [516.59ms]
(pass) incremental projection candidates preserve replacement and resolved contracts [473.12ms]
(pass) incremental module installation preserves private, forward, and token contracts [471.86ms]
(pass) incremental module declarations retain exact results and token outputs [482.89ms]
(pass) builder views preserve exact accepted registration histories [443.35ms]
(pass) supported replacement wrappers and reflected methods stay exact and non-any [474.83ms]
(pass) replacement reflection preserves utility soundness and module history [463.50ms]
(pass) modern inline inference retains exact contracts [456.09ms]
(pass) native acquisition metadata preserves exact outputs, requirements and frames [446.69ms]
(pass) typed provider metadata survives checked composition and inspection [569.13ms]
(pass) named modules preserve contracts across a file boundary [507.40ms]
(pass) valid composition preserves inferred values and explicit promise edges [490.71ms]
(pass) registration boundaries preserve selected keys and exact factory types [503.34ms]
(pass) scope preserves exact inferred contracts across a source boundary [473.27ms]
(pass) inline method-returning factories preserve exact types: add [450.02ms]
(pass) inline method-returning factories preserve exact types: fork [471.64ms]
(pass) inline method-returning factories preserve exact types: disposal [466.81ms]
(pass) type rejection: provider-boundaries.ts [529.47ms]
(pass) type rejection: acquisition-mode.ts [483.50ms]
(pass) type rejection: object-registrations.ts [466.13ms]
(pass) type rejection: fork-dependency-shape.ts [476.30ms]
(pass) type rejection: inline-wrong-shape.ts [448.47ms]
(pass) type rejection: observers.ts [455.90ms]
(pass) type rejection: wrong-shape.ts [487.18ms]
(pass) type rejection: tokens.ts [659.81ms]
(pass) type rejection: primitive-parameter.ts [461.84ms]
(pass) type rejection: union-replace.ts [503.75ms]
(pass) type rejection: replacement-wrong-shape.ts [468.69ms]
(pass) type rejection: missing.ts [465.89ms]
(pass) type rejection: module-private.ts [473.22ms]
(pass) type rejection: module-narrowing.ts [603.41ms]
(pass) type rejection: forward-wrong-shape.ts [486.82ms]
(pass) type rejection: fork-explicit-generics.ts [450.53ms]
(pass) type rejection: callable-parameter.ts [432.48ms]
(pass) type rejection: indexed-registrations.ts [418.96ms]
(pass) type rejection: acquisition-metadata.ts [470.81ms]
(pass) type rejection: incremental.ts [554.37ms]
(pass) type rejection: aliases.ts [732.63ms]
(pass) type rejection: incremental-modules.ts [466.59ms]
(pass) type rejection: selected-scopes.ts [660.04ms]
(pass) type rejection: object-overrides.ts [436.45ms]
(pass) type rejection: token-modules.ts [477.97ms]
(pass) type rejection: provider-unions.ts [471.85ms]
(pass) type rejection: inline-replacement-wrong-shape.ts [458.47ms]
(pass) type rejection: prototype-registrations.ts [430.58ms]
(pass) type rejection: modern-inline.ts [455.16ms]
(pass) type rejection: fork-missing.ts [450.20ms]
(pass) type rejection: inline-fork-wrong-shape.ts [472.81ms]
(pass) type rejection: final-adversarial-integration.ts [450.33ms]
(pass) type rejection: module-rename.ts [461.89ms]
(pass) type rejection: token-contracts.ts [517.54ms]
(pass) type rejection: module-missing.ts [491.44ms]
(pass) type rejection: module-hidden-private-needs.ts [451.90ms]
(pass) type rejection: duplicate-add.ts [433.48ms]
(pass) type rejection: module-exports.ts [451.44ms]
(pass) type rejection: fork-selection.ts [541.20ms]
(pass) type rejection: inline-fork-missing.ts [444.66ms]
(pass) type rejection: optional-parameter.ts [460.99ms]
(pass) type rejection: plugins.ts [510.43ms]
(pass) type rejection: incremental-projections.ts [524.57ms]
(pass) type rejection: replacement-context.ts [552.95ms]
(pass) type rejection: module-wrong-shape.ts [461.08ms]
(pass) type rejection: spread-disposal.ts [448.49ms]
(pass) type rejection: symbol-dependency.ts [470.63ms]
(pass) type rejection: template-dependencies.ts [435.60ms]
(pass) type rejection: lifetimes.ts [801.89ms]
(pass) type rejection: replacement-views.ts [490.65ms]
(pass) type rejection: boolean-registrations.ts [454.30ms]
(pass) type rejection: fork-wrong-shape.ts [433.61ms]
(pass) type rejection: replacement-reflection.ts [488.70ms]
(pass) type rejection: disposable-missing.ts [445.53ms]
(pass) type rejection: template-registrations.ts [472.10ms]
(pass) type rejection: required-this.ts [456.68ms]
(pass) type rejection: inline-fork-dependency-shape.ts [457.02ms]
(pass) type rejection: disposer-wrong-shape.ts [462.71ms]
(pass) type rejection: async-resolve.ts [469.61ms]
(pass) type rejection: provider-projections.ts [485.20ms]
(pass) type rejection: composition-adapters.ts [518.82ms]
(pass) type rejection: inline-fork-extra.ts [467.52ms]
(pass) type rejection: async-dependency.ts [488.80ms]
(pass) type rejection: scopes.ts [504.34ms]
(pass) type rejection: disposer-promise.ts [448.31ms]
(pass) type rejection: inline-forward-wrong-shape.ts [459.37ms]
(pass) type rejection: union-parameter.ts [471.54ms]
(pass) type rejection: dependency-references.ts [699.97ms]
(pass) type rejection: startup.ts [507.03ms]
(pass) type rejection: invalid-registration.ts [456.23ms]
(pass) type rejection: provider-module-metadata.ts [514.85ms]
(pass) type rejection: fork-extra.ts [445.07ms]
(pass) type rejection: inline-missing.ts [449.67ms]
(pass) type rejection: builder-views.ts [511.04ms]
(pass) type rejection: contributions.ts [825.43ms]

 115 pass
 0 fail
 447 expect() calls
Ran 115 tests across 1 file. [63.77s]
