bun test v1.4.2 (744846f84)

tests/release-artifacts.test.ts:
(pass) release documentation contract > adversarial release gates are separately supervised file commands [0.27ms]
(pass) release documentation contract > release documents match the frozen package and gate every online command [0.23ms]
(pass) release documentation contract > the publication boundary rejects stale, missing, duplicated, and misplaced commands [0.27ms]
(pass) release documentation contract > public docs state entry-point, adapter, acquisition, ownership, and release limits [0.52ms]
(pass) release artifact scripts > reject unsafe and unsupported manifest arguments [0.16ms]
(pass) release artifact scripts > expose guarded parsers and archive inspection [0.02ms]
(pass) archive verifier TDD boundary > exports a read-only verifier and strict CLI parser
(pass) safe npm archive parser > returns sorted regular entries and exact package metadata bytes [3.37ms]
(pass) safe npm archive parser > rejects absolute name [0.38ms]
(pass) safe npm archive parser > rejects traversal [0.39ms]
(pass) safe npm archive parser > rejects backslash [0.28ms]
(pass) safe npm archive parser > rejects outside package [0.25ms]
(pass) safe npm archive parser > rejects duplicate [0.37ms]
(pass) safe npm archive parser > rejects prefix collision [0.66ms]
(pass) safe npm archive parser > rejects symlink [0.29ms]
(pass) safe npm archive parser > rejects hardlink [0.26ms]
(pass) safe npm archive parser > rejects fifo [0.27ms]
(pass) safe npm archive parser > rejects device [0.24ms]
(pass) safe npm archive parser > rejects unknown type [0.27ms]
(pass) safe npm archive parser > rejects NUL ambiguity [0.31ms]
(pass) safe npm archive parser > rejects entry size ceiling [0.27ms]
(pass) safe npm archive parser > rejects checksum [0.24ms]
(pass) safe npm archive parser > rejects magic [0.23ms]
(pass) safe npm archive parser > rejects numeric NUL suffix [0.29ms]
(pass) safe npm archive parser > rejects nonzero padding [1.04ms]
(pass) safe npm archive parser > rejects terminator [0.49ms]
(pass) safe npm archive parser > rejects trailing junk [0.36ms]
(pass) safe npm archive parser > rejects truncated entry [4.86ms]
(pass) safe npm archive parser > rejects missing metadata [0.31ms]
(pass) safe npm archive parser > rejects invalid and empty gzip bytes [0.92ms]
(pass) command evidence runner > parses canonical sorted inputs and preserves argv spaces [0.63ms]
(pass) command evidence runner > rejects unsafe argv: bash -c echo hi [0.02ms]
(pass) command evidence runner > rejects unsafe argv: npm view di-bag [0.02ms]
(pass) command evidence runner > rejects unsafe argv: npm login [0.03ms]
(pass) command evidence runner > rejects unsafe argv: npm publish a.tgz
(pass) command evidence runner > rejects unsafe argv: npm dist-tag add
(pass) command evidence runner > rejects unsafe argv: git push [0.01ms]
(pass) command evidence runner > rejects unsafe argv: git tag v1
(pass) command evidence runner > rejects unsafe argv: node --registry x
(pass) command evidence runner > rejects unsafe argv: node https://registry.npmjs.org
(pass) command evidence runner > rejects unsafe argv: node &&
(pass) command evidence runner > rejects unsafe argv: node -e thing
(pass) command evidence runner > rejects unsafe argv: env npm publish x.tgz
(pass) command evidence runner > rejects unsafe argv: env git push
(pass) command evidence runner > rejects unsafe argv: npx npm view di-bag
(pass) command evidence runner > rejects unsafe argv: bunx tool
(pass) command evidence runner > rejects unsafe argv: corepack npm login
(pass) command evidence runner > rejects relative, escaping, symlinked, duplicate, and unsupported arguments [0.14ms]
(pass) command evidence runner > records stdout, stderr, input hashes, normalized success and record-last evidence [14.77ms]
(pass) command evidence runner > rejects timeout, output overflow, nonzero status, and spawn failure without publishing a record [42.79ms]
(pass) command evidence runner > rejects injected memory, monitor, signal and spawn outcomes [0.46ms]
(pass) command evidence runner > failed reruns and thrown supervisors erase stale success evidence [16.56ms]
(pass) command evidence runner > hashes inputs before execution and rolls back orphan logs if record publication fails [41.48ms]
(pass) native gap inventory > freezes the exact current zero-gap source authority [1.35ms]
(pass) native gap inventory > accepts empty and reviewed fresh inventory while an empty authority rejects a new gap [1.29ms]
(pass) native gap inventory > parses the documented relative reviewed root and exact absolute outputs [1.72ms]
(pass) release tree hashing > hashes sorted regular paths deterministically [0.62ms]
(pass) release tree hashing > rejects empty, symlink, special and unsafe argument layouts [2.50ms]
(pass) release tree hashing > detects byte mutations through changed digest [0.16ms]
(pass) manifest validation and deterministic projection > manifest fixtures leave root candidate archive existence and bytes unchanged [1.30ms]
(pass) manifest validation and deterministic projection > derives immutable archive facts and is deterministic across caller ordering [6.24ms]
(pass) manifest validation and deterministic projection > public evidence has no absolute paths and is invariant to final commit and approved observed diff [4.23ms]
(pass) manifest validation and deterministic projection > allows canonical SHA-512 SRI only in package integrity fields [2.21ms]
(pass) manifest validation and deterministic projection > rejects duplicate/missing packages, bad versions, metadata, pack facts and handoff paths [9.57ms]
(pass) manifest validation and deterministic projection > accepts zero reviewed and fresh native gaps and rejects every unexpected fresh occurrence [2.36ms]
(pass) manifest validation and deterministic projection > retains nonempty-authority manifest validation for historical candidates [2.19ms]
(pass) manifest validation and deterministic projection > rejects failed, malformed-time, duplicate-input and mutated-log command evidence [3.72ms]
(pass) manifest validation and deterministic projection > rejects archive containment, symlink escape, absence and replacement facts [0.92ms]
(pass) manifest validation and deterministic projection > manifest CLI rejects every non-fixed public target form [0.24ms]
(pass) manifest validation and deterministic projection > public projection rejects absolute argv and input paths outside known roots [10.52ms]
(pass) archive verifier > independently accepts exact archive, pack, metadata, export, dependency, and public facts [21.52ms]
(pass) archive verifier > rejects every archive digest and file-list mismatch [94.92ms]
(pass) archive verifier > rejects altered, duplicate, stale, divergent, extra-field, and filename pack JSON [135.06ms]
(pass) archive verifier > enforces exact package metadata, exports, and empty dependencies [133.03ms]
(pass) archive verifier > rejects malformed dependency, files, and bundled dependency metadata shapes [207.68ms]
(pass) archive verifier > rejects forbidden source, test, fixture, dependency, credential, and tarball content [537.84ms]
(pass) archive verifier > rejects missing public export pairs and removed adapter entries from archive bytes [228.54ms]
(pass) archive verifier > requires byte-identical stable public evidence and rejects missing, stale, malformed, and extra bytes [75.31ms]
(pass) archive verifier > rejects malicious archives before creating or running a consumer workdir [15.52ms]
(pass) archive verifier > uses one fixed explicit offline install argv with no fallback [0.06ms]
(pass) archive verifier > core import tracing rejects bare, self, node builtin, and unresolved relative specifiers [3.75ms]
(pass) archive verifier > CLI accepts only canonical contained manifest and empty work directory paths [506.56ms]
(pass) archive verifier > direct verifier API rejects outside, relative, aliased, and nonempty work paths before mutation [0.86ms]
(pass) archive verifier > binds both declaration compilers to the exact manifest versions before emitting [720.47ms]
(pass) archive verifier > matches both I14 diagnostics to their marked regions and expected message fragments [0.82ms]
(pass) archive verifier > installs owned verified bytes and passes real Node/Bun, CJS/ESM, core-only, and declaration oracles [13388.94ms]
(pass) final release audit > validates exactly five roles and produces deterministic non-self-attestation [3.44ms]
(pass) final release audit > rejects missing, duplicate, failed, mutated, stale-input and wrong-Git evidence [4.14ms]
(pass) final release audit > rejects every invalid retained command field and fixed limit violation [51.37ms]
(pass) final release audit > audit CLI rejects wrong output, public location, OIDs, duplicate and extra options [0.37ms]

tests/native-process.test.ts:
(pass) supervisor terminates and reaps a live child on monitor EIO [2.16ms]
(pass) supervisor terminates and reaps a live child on monitor ENOENT [0.98ms]
(pass) supervisor terminates and reaps a live child on monitor ESRCH [0.64ms]
(pass) supervisor terminates and reaps a live child on monitor missing VmRSS [21.00ms]
(pass) supervisor drains and reaps a zombie when status reports ENOENT before the exit callback [91.26ms]
(pass) supervisor drains and reaps a zombie when status reports ESRCH before the exit callback [88.79ms]
(pass) supervisor confirms ESRCH process disappearance before its exit callback runs [84.43ms]
(pass) supervisor drains streams and awaits pending sample cleanup for missing VmRSS during exit [93.07ms]
(pass) supervisor drains streams and awaits pending sample cleanup for ENOENT after exit [87.46ms]
(pass) supervisor drains streams and awaits pending sample cleanup for ESRCH after exit [85.07ms]
(pass) monitor termination waits for inherited stdout and stderr to close [63.13ms]
(pass) supervisor retains clean child streams and exit status [87.41ms]
(pass) failed spawn is explicit evidence [0.81ms]
(pass) supervisor terminates and reaps timeout child [21.53ms]
(pass) supervisor terminates and reaps memory child [21.02ms]
(pass) supervisor terminates and reaps output child [30.73ms]
(pass) invalid limits and unsupported platforms fail before spawning [0.16ms]
(pass) output overflow remains byte bounded when UTF8 is cut within a character [25.92ms]

 108 pass
 0 fail
 481 expect() calls
Ran 108 tests across 2 files. [18.75s]
