bun test v1.4.2 (744846f84)

tests/native-process.test.ts:
(pass) supervisor terminates and reaps a live child on monitor EIO [7.97ms]
(pass) supervisor terminates and reaps a live child on monitor EACCES [0.95ms]
(pass) supervisor terminates and reaps a live child on monitor ENOENT [1.01ms]
(pass) supervisor terminates and reaps a live child on monitor ESRCH [0.56ms]
(pass) supervisor terminates and reaps a live child on monitor missing VmRSS [21.06ms]
(pass) supervisor terminates and reaps a live child on monitor malformed VmRSS [21.25ms]
(pass) supervisor drains and reaps a zombie when status reports ENOENT before the exit callback [78.39ms]
(pass) supervisor drains and reaps a zombie when status reports ESRCH before the exit callback [77.11ms]
(pass) supervisor confirms exit 0 after stale non-zombie status loses VmRSS [174.95ms]
 95 |       return status.replace(/^VmRSS:.*\n/m, '');
 96 |     });
 97 |     expect(zombiePid).toBeGreaterThan(0);
 98 |     expect(samples).toBe(2);
 99 |     expect(result).toMatchObject({ status: exitCode, signal: null, stdout: 'out\n', stderr: 'err\n' });
100 |     expect(result.terminationReason).toBeUndefined();
                                           ^
error: expect(received).toBeUndefined()

Received: "monitor"

      at <anonymous> (/tmp/di-bag-performance-integration/tests/native-process.test.ts:100:38)
(fail) supervisor confirms exit 2 after stale non-zombie status loses VmRSS [175.67ms]
(pass) supervisor confirms ESRCH process disappearance before its exit callback runs [75.49ms]
(pass) supervisor drains streams and awaits pending sample cleanup for missing VmRSS during exit [82.29ms]
(pass) supervisor drains streams and awaits pending sample cleanup for ENOENT after exit [82.61ms]
(pass) supervisor drains streams and awaits pending sample cleanup for ESRCH after exit [83.41ms]
(pass) monitor termination waits for inherited stdout and stderr to close [54.14ms]
(pass) supervisor retains clean child streams and exit status [62.20ms]
(pass) failed spawn is explicit evidence [0.83ms]
(pass) supervisor terminates and reaps timeout child [21.09ms]
(pass) supervisor terminates and reaps memory child [21.21ms]
(pass) supervisor terminates and reaps output child [22.44ms]
(pass) invalid limits and unsupported platforms fail before spawning [0.19ms]
(pass) output overflow remains byte bounded when UTF8 is cut within a character [20.57ms]

1 tests failed:
(fail) supervisor confirms exit 2 after stale non-zombie status loses VmRSS [175.67ms]

 21 pass
 1 fail
 116 expect() calls
Ran 22 tests across 1 file. [1130.00ms]
