bun test v1.4.2 (744846f84)

tests/native-process.test.ts:
(pass) supervisor terminates and reaps a live child on monitor EIO [6.53ms]
(pass) supervisor terminates and reaps a live child on monitor EACCES [0.85ms]
(pass) supervisor terminates and reaps a live child on monitor ENOENT [0.82ms]
(pass) supervisor terminates and reaps a live child on monitor ESRCH [0.61ms]
(pass) supervisor terminates and reaps a live child on monitor missing VmRSS [21.23ms]
(pass) supervisor terminates and reaps a live child on monitor malformed VmRSS [21.51ms]
(pass) supervisor drains and reaps a zombie when status reports ENOENT before the exit callback [91.60ms]
(pass) supervisor drains and reaps a zombie when status reports ESRCH before the exit callback [92.83ms]
(pass) supervisor confirms exit 0 after stale non-zombie status loses VmRSS [192.80ms]
(pass) supervisor confirms exit 2 after stale non-zombie status loses VmRSS [189.33ms]
(pass) supervisor confirms ESRCH process disappearance before its exit callback runs [79.29ms]
(pass) supervisor drains streams and awaits pending sample cleanup for missing VmRSS during exit [98.31ms]
(pass) supervisor drains streams and awaits pending sample cleanup for ENOENT after exit [95.57ms]
(pass) supervisor drains streams and awaits pending sample cleanup for ESRCH after exit [99.70ms]
(pass) monitor termination waits for inherited stdout and stderr to close [70.94ms]
(pass) supervisor retains clean child streams and exit status [88.14ms]
(pass) failed spawn is explicit evidence [1.42ms]
(pass) supervisor terminates and reaps timeout child [21.91ms]
(pass) supervisor terminates and reaps memory child [21.04ms]
(pass) supervisor terminates and reaps output child [32.72ms]
(pass) invalid limits and unsupported platforms fail before spawning [0.19ms]
(pass) output overflow remains byte bounded when UTF8 is cut within a character [22.29ms]

 22 pass
 0 fail
 117 expect() calls
Ran 22 tests across 1 file. [1314.00ms]
