bun test v1.4.2 (744846f84)

tests/native-package.test.ts:
(pass) native installed contracts and physical downstream declarations from classic6 [55990.46ms]
(pass) native installed contracts and physical downstream declarations from native7 [40792.23ms]

 2 pass
 0 fail
 1206 expect() calls
Ran 2 tests across 1 file. [96.98s]
	Command being timed: "bun test tests/native-package.test.ts"
	User time (seconds): 246.64
	System time (seconds): 24.57
	Percent of CPU this job got: 279%
	Elapsed (wall clock) time (h:mm:ss or m:ss): 1:37.02
	Average shared text size (kbytes): 0
	Average unshared data size (kbytes): 0
	Average stack size (kbytes): 0
	Average total size (kbytes): 0
	Maximum resident set size (kbytes): 2214996
	Average resident set size (kbytes): 0
	Major (requiring I/O) page faults: 0
	Minor (reclaiming a frame) page faults: 9322835
	Voluntary context switches: 580583
	Involuntary context switches: 22581
	Swaps: 0
	File system inputs: 560
	File system outputs: 19048
	Socket messages sent: 0
	Socket messages received: 0
	Signals delivered: 0
	Page size (bytes): 4096
	Exit status: 0
