bun test v1.4.2 (744846f84)

tests/native-process.test.ts:
EXIT PROBE 595235 State:	Z (zombie)
STOP monitor Error: Expected a live snapshot
 95 |       return status.replace(/^VmRSS:.*\n/m, '');
 96 |     });
 97 |     expect(zombiePid).toBeGreaterThan(0);
 98 |     expect(samples).toBe(2);
 99 |     expect(result).toMatchObject({ status: exitCode, signal: null, stdout: 'out\n', stderr: 'err\n' });
100 |     expect(result.terminationReason).toBeUndefined();
                                           ^
error: expect(received).toBeUndefined()

Received: "monitor"

      at <anonymous> (/tmp/di-bag-performance-integration/tests/native-process.test.ts:100:38)
(fail) supervisor confirms exit 0 after stale non-zombie status loses VmRSS [180.94ms]
EXIT PROBE 595286 State:	Z (zombie)
STOP monitor Error: Expected a live snapshot
 95 |       return status.replace(/^VmRSS:.*\n/m, '');
 96 |     });
 97 |     expect(zombiePid).toBeGreaterThan(0);
 98 |     expect(samples).toBe(2);
 99 |     expect(result).toMatchObject({ status: exitCode, signal: null, stdout: 'out\n', stderr: 'err\n' });
100 |     expect(result.terminationReason).toBeUndefined();
                                           ^
error: expect(received).toBeUndefined()

Received: "monitor"

      at <anonymous> (/tmp/di-bag-performance-integration/tests/native-process.test.ts:100:38)
(fail) supervisor confirms exit 2 after stale non-zombie status loses VmRSS [181.05ms]

 0 pass
 20 filtered out
 2 fail
 8 expect() calls
Ran 2 tests across 1 file. [403.00ms]
