bun test v1.4.2 (744846f84)

tests/native-process.test.ts:
 96 |       return status.replace(/^VmRSS:.*\n/m, '');
 97 |     });
 98 |     expect(zombiePid).toBeGreaterThan(0);
 99 |     expect(samples).toBe(2);
100 |     expect(result).toMatchObject({ status: exitCode, signal: null, stdout: 'out\n', stderr: 'err\n' });
101 |     expect(result.terminationReason).toBeUndefined();
                                           ^
error: expect(received).toBeUndefined()

Received: "monitor"

      at <anonymous> (/tmp/di-bag-performance-integration/tests/native-process.test.ts:101:38)
(fail) supervisor confirms exit 0 after stale non-zombie status loses VmRSS [189.45ms]
 96 |       return status.replace(/^VmRSS:.*\n/m, '');
 97 |     });
 98 |     expect(zombiePid).toBeGreaterThan(0);
 99 |     expect(samples).toBe(2);
100 |     expect(result).toMatchObject({ status: exitCode, signal: null, stdout: 'out\n', stderr: 'err\n' });
101 |     expect(result.terminationReason).toBeUndefined();
                                           ^
error: expect(received).toBeUndefined()

Received: "monitor"

      at <anonymous> (/tmp/di-bag-performance-integration/tests/native-process.test.ts:101:38)
(fail) supervisor confirms exit 2 after stale non-zombie status loses VmRSS [179.73ms]

 0 pass
 20 filtered out
 2 fail
 8 expect() calls
Ran 2 tests across 1 file. [413.00ms]
