bun test v1.4.2 (744846f84)

tests/native-process.test.ts:
19 |   return new Promise(resolve => {
20 |     const result: NativeProcessResult = { status: null, signal: null, stdout: '', stderr: '', milliseconds: 0, peakObservedRssMiB: 0 };
21 |     const stdout: Uint8Array[] = [], stderr: Uint8Array[] = [];
22 |     let bytes = 0, exited = false, monitoring = false, missingRss = false;
23 |     let pendingSample: Promise<void> | undefined;
24 |     const child = spawn(executable, [...args], { cwd, stdio: ['ignore', 'pipe', 'pipe'] });
                       ^
TypeError: The argument 'file' cannot be empty. Received ''
 code: "ERR_INVALID_ARG_VALUE"

      at normalizeSpawnArguments (node:child_process:418:29)
      at spawn (node:child_process:16:36)
      at <anonymous> (/tmp/di-bag-performance-integration/scripts/native-process.ts:24:19)
      at new Promise (1:11)
      at supervise (/tmp/di-bag-performance-integration/scripts/native-process.ts:19:10)
      at <anonymous> (/tmp/di-bag-performance-integration/tests/native-process.test.ts:76:26)
(fail) supervisor confirms exit 0 after stale non-zombie status loses VmRSS [0.62ms]
19 |   return new Promise(resolve => {
20 |     const result: NativeProcessResult = { status: null, signal: null, stdout: '', stderr: '', milliseconds: 0, peakObservedRssMiB: 0 };
21 |     const stdout: Uint8Array[] = [], stderr: Uint8Array[] = [];
22 |     let bytes = 0, exited = false, monitoring = false, missingRss = false;
23 |     let pendingSample: Promise<void> | undefined;
24 |     const child = spawn(executable, [...args], { cwd, stdio: ['ignore', 'pipe', 'pipe'] });
                       ^
TypeError: The argument 'file' cannot be empty. Received ''
 code: "ERR_INVALID_ARG_VALUE"

      at normalizeSpawnArguments (node:child_process:418:29)
      at spawn (node:child_process:16:36)
      at <anonymous> (/tmp/di-bag-performance-integration/scripts/native-process.ts:24:19)
      at new Promise (1:11)
      at supervise (/tmp/di-bag-performance-integration/scripts/native-process.ts:19:10)
      at <anonymous> (/tmp/di-bag-performance-integration/tests/native-process.test.ts:76:26)
(fail) supervisor confirms exit 2 after stale non-zombie status loses VmRSS [0.05ms]

 0 pass
 18 filtered out
 2 fail
Ran 2 tests across 1 file. [42.00ms]
