
> di-bag@0.1.0 check
> npm run typecheck && npm test && npm run build


> di-bag@0.1.0 typecheck
> tsc6 -p tsconfig.json


> di-bag@0.1.0 test
> bun test tests

bun test v1.4.0 (34cbb9a40)

tests/observers.test.ts:
(pass) observers preserve raw identity and explicit ownership [7.02ms]
(pass) ready follows the final native stage while retaining exposed identity [0.70ms]
(pass) observer failure monitoring handles throws, rejection and throwing then without gating shutdown [0.52ms]
(pass) configuration snapshots callbacks, appends in order and retains classification [0.61ms]
(pass) reentrant observer resolution runs outside factory ancestry and respects published close [0.30ms]
(pass) canonical owners distinguish shared roots, independent forks, contributions and transients [1.43ms]
(pass) failed final projections retire accepted ownership once and preserve cleanup errors [0.77ms]
(pass) intermediate native failure bypassed by raw projection is not final failure [0.22ms]
(pass) private module frames are immutable snapshots without freezing application metadata [1.18ms]
(pass) startup rollback observes accepted cleanup while preserving the startup cause [0.95ms]
(pass) cancellation observes late accepted resources and final failure without awaiting telemetry [0.67ms]
(pass) throwing-then error sink results are consumed and appending duplicates keeps every callback [0.16ms]
(pass) delivery keeps emission order across immutable appended facade configurations [0.21ms]

tests/acquisition-mode.test.ts:
(pass) close waits for a native acquisition with shadowed then at source [0.31ms]
(pass) close waits for a native acquisition with shadowed then at projection [0.15ms]
(pass) close waits for a native acquisition with shadowed then at metadata [0.11ms]
(pass) unconfigured core preflights every stage and private module before any factory effects [0.32ms]
(pass) facades snapshot and isolate their predicate, carrying it through builders and forks [0.65ms]
(pass) invalid configuration, modes and classifier results fail explicitly [0.24ms]
(pass) automatic ordinary values preserve the then-presence guard [0.14ms]
(pass) raw Promise and then-getter values retain exact ownership without observation or waiting [0.28ms]
(pass) explicit native and async projections work without a classifier and preserve previous owners [0.39ms]
(pass) auto observes local native state with non-callable then [0.19ms]
(pass) native observes local native state with non-callable then [0.12ms]
(pass) auto observes foreign native state with non-callable then [0.45ms]
(pass) native observes foreign native state with non-callable then [0.30ms]
(pass) native metadata preserves raw presence records and explicit payload projection [0.34ms]
(pass) async metadata retains a native output contract without a portable classifier [0.26ms]

tests/release-artifacts.test.ts:
(pass) release documentation contract > adversarial release gates are separately supervised file commands [0.74ms]
(pass) release documentation contract > release documents match the frozen package and gate every online command [0.24ms]
(pass) release documentation contract > the publication boundary rejects stale, missing, duplicated, and misplaced commands [0.28ms]
(pass) release documentation contract > public docs state entry-point, adapter, acquisition, ownership, and release limits [0.44ms]
(pass) release artifact scripts > reject unsafe and unsupported manifest arguments [0.16ms]
(pass) release artifact scripts > expose guarded parsers and archive inspection [0.02ms]
(pass) archive verifier TDD boundary > exports a read-only verifier and strict CLI parser
(pass) safe npm archive parser > returns sorted regular entries and exact package metadata bytes [3.41ms]
(pass) safe npm archive parser > rejects absolute name [0.37ms]
(pass) safe npm archive parser > rejects traversal [0.42ms]
(pass) safe npm archive parser > rejects backslash [0.26ms]
(pass) safe npm archive parser > rejects outside package [1.14ms]
(pass) safe npm archive parser > rejects duplicate [0.52ms]
(pass) safe npm archive parser > rejects prefix collision [4.44ms]
(pass) safe npm archive parser > rejects symlink [0.39ms]
(pass) safe npm archive parser > rejects hardlink [0.31ms]
(pass) safe npm archive parser > rejects fifo [0.28ms]
(pass) safe npm archive parser > rejects device [0.25ms]
(pass) safe npm archive parser > rejects unknown type [0.24ms]
(pass) safe npm archive parser > rejects NUL ambiguity [0.27ms]
(pass) safe npm archive parser > rejects entry size ceiling [0.22ms]
(pass) safe npm archive parser > rejects checksum [0.23ms]
(pass) safe npm archive parser > rejects magic [0.20ms]
(pass) safe npm archive parser > rejects numeric NUL suffix [0.24ms]
(pass) safe npm archive parser > rejects nonzero padding [0.38ms]
(pass) safe npm archive parser > rejects terminator [0.29ms]
(pass) safe npm archive parser > rejects trailing junk [0.23ms]
(pass) safe npm archive parser > rejects truncated entry [0.20ms]
(pass) safe npm archive parser > rejects missing metadata [0.19ms]
(pass) safe npm archive parser > rejects invalid and empty gzip bytes [0.85ms]
(pass) command evidence runner > parses canonical sorted inputs and preserves argv spaces [0.60ms]
(pass) command evidence runner > rejects unsafe argv: bash -c echo hi [0.03ms]
(pass) command evidence runner > rejects unsafe argv: npm view di-bag [0.02ms]
(pass) command evidence runner > rejects unsafe argv: npm login
(pass) command evidence runner > rejects unsafe argv: npm publish a.tgz
(pass) command evidence runner > rejects unsafe argv: npm dist-tag add
(pass) command evidence runner > rejects unsafe argv: git push [0.01ms]
(pass) command evidence runner > rejects unsafe argv: git tag v1
(pass) command evidence runner > rejects unsafe argv: node --registry x
(pass) command evidence runner > rejects unsafe argv: node https://registry.npmjs.org
(pass) command evidence runner > rejects unsafe argv: node &&
(pass) command evidence runner > rejects unsafe argv: node -e thing
(pass) command evidence runner > rejects unsafe argv: env npm publish x.tgz
(pass) command evidence runner > rejects unsafe argv: env git push
(pass) command evidence runner > rejects unsafe argv: npx npm view di-bag
(pass) command evidence runner > rejects unsafe argv: bunx tool
(pass) command evidence runner > rejects unsafe argv: corepack npm login
(pass) command evidence runner > rejects relative, escaping, symlinked, duplicate, and unsupported arguments [0.10ms]
(pass) command evidence runner > records stdout, stderr, input hashes, normalized success and record-last evidence [10.75ms]
(pass) command evidence runner > rejects timeout, output overflow, nonzero status, and spawn failure without publishing a record [51.22ms]
(pass) command evidence runner > rejects injected memory, monitor, signal and spawn outcomes [0.98ms]
(pass) command evidence runner > failed reruns and thrown supervisors erase stale success evidence [27.80ms]
(pass) command evidence runner > hashes inputs before execution and rolls back orphan logs if record publication fails [49.68ms]
(pass) native gap inventory > freezes the exact current zero-gap source authority [1.74ms]
(pass) native gap inventory > accepts empty and reviewed fresh inventory while an empty authority rejects a new gap [1.77ms]
(pass) native gap inventory > parses the documented relative reviewed root and exact absolute outputs [2.40ms]
(pass) release tree hashing > hashes sorted regular paths deterministically [0.91ms]
(pass) release tree hashing > rejects empty, symlink, special and unsafe argument layouts [17.49ms]
(pass) release tree hashing > detects byte mutations through changed digest [0.41ms]
(pass) manifest validation and deterministic projection > manifest fixtures leave root candidate archive existence and bytes unchanged [2.82ms]
(pass) manifest validation and deterministic projection > derives immutable archive facts and is deterministic across caller ordering [10.33ms]
(pass) manifest validation and deterministic projection > public evidence has no absolute paths and is invariant to final commit and approved observed diff [4.88ms]
(pass) manifest validation and deterministic projection > allows canonical SHA-512 SRI only in package integrity fields [2.27ms]
(pass) manifest validation and deterministic projection > rejects duplicate/missing packages, bad versions, metadata, pack facts and handoff paths [9.68ms]
(pass) manifest validation and deterministic projection > accepts zero reviewed and fresh native gaps and rejects every unexpected fresh occurrence [2.41ms]
(pass) manifest validation and deterministic projection > retains nonempty-authority manifest validation for historical candidates [2.25ms]
(pass) manifest validation and deterministic projection > rejects failed, malformed-time, duplicate-input and mutated-log command evidence [3.73ms]
(pass) manifest validation and deterministic projection > rejects archive containment, symlink escape, absence and replacement facts [0.93ms]
(pass) manifest validation and deterministic projection > manifest CLI rejects every non-fixed public target form [0.24ms]
(pass) manifest validation and deterministic projection > public projection rejects absolute argv and input paths outside known roots [10.91ms]
(pass) archive verifier > independently accepts exact archive, pack, metadata, export, dependency, and public facts [24.07ms]
(pass) archive verifier > rejects every archive digest and file-list mismatch [96.71ms]
(pass) archive verifier > rejects altered, duplicate, stale, divergent, extra-field, and filename pack JSON [136.03ms]
(pass) archive verifier > enforces exact package metadata, exports, and empty dependencies [132.44ms]
(pass) archive verifier > rejects malformed dependency, files, and bundled dependency metadata shapes [202.72ms]
(pass) archive verifier > rejects forbidden source, test, fixture, dependency, credential, and tarball content [540.63ms]
(pass) archive verifier > rejects missing public export pairs and removed adapter entries from archive bytes [227.98ms]
(pass) archive verifier > requires byte-identical stable public evidence and rejects missing, stale, malformed, and extra bytes [75.52ms]
(pass) archive verifier > rejects malicious archives before creating or running a consumer workdir [15.22ms]
(pass) archive verifier > uses one fixed explicit offline install argv with no fallback [0.06ms]
(pass) archive verifier > core import tracing rejects bare, self, node builtin, and unresolved relative specifiers [3.50ms]
(pass) archive verifier > CLI accepts only canonical contained manifest and empty work directory paths [500.77ms]
(pass) archive verifier > direct verifier API rejects outside, relative, aliased, and nonempty work paths before mutation [0.79ms]
(pass) archive verifier > binds both declaration compilers to the exact manifest versions before emitting [687.51ms]
(pass) archive verifier > matches both I14 diagnostics to their marked regions and expected message fragments [0.70ms]
(pass) archive verifier > installs owned verified bytes and passes real Node/Bun, CJS/ESM, core-only, and declaration oracles [13145.05ms]
(pass) final release audit > validates exactly five roles and produces deterministic non-self-attestation [2.54ms]
(pass) final release audit > rejects missing, duplicate, failed, mutated, stale-input and wrong-Git evidence [2.93ms]
(pass) final release audit > rejects every invalid retained command field and fixed limit violation [65.86ms]
(pass) final release audit > audit CLI rejects wrong output, public location, OIDs, duplicate and extra options [0.34ms]

tests/startup.test.ts:
(pass) contexts follow acquisition owners through child-first roots and independent forks [1.20ms]
(pass) abort listeners cannot reenter any closing scope admission gate [0.32ms]
(pass) startup waits for selected native acquisition while leaving unrelated providers lazy [0.34ms]
(pass) startup uses native observation with shadowed then and treats raw promises as ready [0.42ms]
(pass) a ready native projection starts while its source remains pending until shutdown [0.33ms]
(pass) failed native projection aborts a cooperative pending source before cleanup [0.32ms]
(pass) sequential startup waits before invoking the next selection [0.38ms]
(pass) startup selects genuine tokens and keeps separate owned transient attempts [0.33ms]
(pass) late contextual dependencies receive an already aborted owner signal [0.24ms]
(pass) startup removes its abort listener on success [0.23ms]
(pass) startup removes its abort listener on failure [0.11ms]
(pass) startup removes its abort listener on aborted [0.09ms]
(pass) startup removes its abort listener on timeout [5.25ms]
(pass) startup snapshots option getters once after snapshotting all selected keys [0.23ms]
(pass) sequential startup stops after failure and waits for cleanup with original causes [0.46ms]
(pass) parallel startup starts later selections after synchronous failure and cleans pending ownership [0.26ms]
(pass) aborted rejects before late ownership and exposes eventual cleanup failure [0.44ms]
(pass) timeout rejects before late ownership and exposes eventual cleanup failure [5.76ms]
(pass) already aborted startup does not invoke any factories [0.25ms]
(pass) cancellation can interrupt cleanup after ordinary startup failure [0.31ms]
(pass) successful startup removes external cancellation and snapshots indexed selections [0.25ms]
(pass) invalid startup inputs reject before factory or unsupported option getter effects [0.41ms]
(pass) numeric startup 1 bounds selected readiness and preserves promise identity [0.42ms]
(pass) numeric startup 2 bounds selected readiness and preserves promise identity [0.17ms]
(pass) numeric startup 20 bounds selected readiness and preserves promise identity [0.14ms]
(pass) numeric startup 1 snapshots options and retains duplicate selected lifetimes [0.34ms]
(pass) numeric startup 2 snapshots options and retains duplicate selected lifetimes [0.11ms]
(pass) numeric startup uses final raw readiness while owned sources remain pending [0.34ms]
(pass) bounded startup stops dequeuing after failure and cleans started work [0.46ms]
(pass) bounded startup stops dequeuing after aborted and cleans started work [0.17ms]
(pass) bounded startup stops dequeuing after timeout and cleans started work [5.73ms]
(pass) numeric startup rejects invalid bounds before factories [0.24ms]
(pass) numeric startup stops initial worker admission when a factory aborts synchronously [0.27ms]

tests/platform-deno.test.ts:
(pass) portable root contract has host-independent semantics [0.84ms]
(pass) portable inspection proof rejects nonobjects and inexact or unfrozen metadata [0.10ms]
(pass) Deno child validation requires canonical output from the local installed archive [0.74ms]
(pass) Deno child validation fails closed when the expected installation is absent [0.15ms]
(pass) an unprovisioned Deno pin yields an explicit unavailable row without touching the archive [11.97ms]

tests/final-adversarial-integration.test.ts:
(pass) I1 preserves its deterministic adversarial source oracle [24.77ms]
(pass) I2 preserves its deterministic adversarial source oracle [12.12ms]
(pass) I3 preserves its deterministic adversarial source oracle [8.75ms]
(pass) I4 preserves its deterministic adversarial source oracle [8.73ms]
(pass) I5 preserves its deterministic adversarial source oracle [9.91ms]
(pass) I6 preserves its deterministic adversarial source oracle [14.20ms]
(pass) I7 preserves its deterministic adversarial source oracle [8.70ms]
(pass) I8 preserves its deterministic adversarial source oracle [9.09ms]
(pass) I9 preserves its deterministic adversarial source oracle [9.15ms]
(pass) I10 preserves its deterministic adversarial source oracle [9.24ms]
(pass) I11 preserves its deterministic adversarial source oracle [10.48ms]
(pass) I13 preserves its deterministic adversarial source oracle [10.15ms]
(pass) I12 disposes accepted late ownership before independent immediate ownership [10.46ms]

tests/compiler-case.test.ts:
(pass) selected compiler case admits only original matrix identities [0.37ms]
(pass) a claimed accepted result cannot hide an original-boundary failure [0.69ms]
(pass) direct selected-case calls reject invalid lane and matrix identities before dispatch [0.71ms]
(pass) recomputed boundary rejects self-consistent worker evidence at the wrong boundary [0.22ms]
(pass) selected evidence rejects sourceCommit drift while compilation runs [0.08ms]
(pass) selected evidence rejects sourceStatus drift while compilation runs [0.03ms]
(pass) selected evidence rejects sourceSha256 drift while compilation runs
(pass) selected evidence rejects generatedSha256 drift while compilation runs
(pass) native selected evidence preserves the hash of the compiled snapshot [0.06ms]
(pass) compiler CLI deterministically selects exit status from simulated evidence [0.04ms]
(pass) classic process failures retain compiler identity and complete provenance [0.05ms]
(pass) classic selected 100 bulk valid returns verified evidence [1239.69ms]
(pass) classic selected 100 bulk missing returns verified evidence [1255.49ms]
(pass) native selected 100 bulk valid returns verified evidence [168.80ms]
(pass) native selected 100 bulk missing returns verified evidence [162.60ms]
(pass) selected compiler CLI rejects an invalid identity without JSON success [242.75ms]

tests/lifetimes.test.ts:
(pass) root, scoped and transient identity have distinct ownership [0.47ms]
(pass) child-first roots capture dependencies in the root owner through grandchildren and forks [0.30ms]
(pass) same-object transients own separate attempts and preserve every cleanup cause [0.29ms]
(pass) raw and native lifetimes retain original pending promises and classification [0.25ms]
(pass) failed root cache entries retry across children with new acquisition identities [0.23ms]
(pass) public synchronous transient reentrancy is rejected before a second factory invocation [0.16ms]
(pass) pure transient post-await ancestry rejects repeated construction [0.19ms]
(pass) mixed cached and transient post-await cycles preserve acquisition graph detection [0.22ms]
(pass) independent pending transient calls are distinct nonrecursive acquisitions [0.12ms]
(pass) a ready transient proxy may create a fresh instance on each later method call [0.11ms]
(pass) pending child work acquires roots during parent close and root cleanup follows child cleanup [0.21ms]
(pass) strict roots reject new scoped reads directly [0.16ms]
(pass) strict roots reject new scoped reads through a transient [0.06ms]
(pass) strict roots reject cached scoped reads directly [0.05ms]
(pass) strict roots reject cached scoped reads through a transient [0.04ms]
(pass) strict capture boundaries survive await and ready transient methods [0.25ms]
(pass) strict roots can consume capturing roots without inheriting their permission [0.18ms]
(pass) token captive reads reject at the observed edge before scoped creation [0.14ms]
(pass) renamed module exports retain private root and transient ownership despite public collisions [0.30ms]
(pass) private module scoped capture rejects despite an identically named public root [0.22ms]
(pass) failed root rollback and retry retain distinct ownership across child consumers [0.43ms]
(pass) child close releases its attempts while a child-first root remains pending [0.20ms]
(pass) completed child and retired proxies cannot borrow another attempt closing permission for root reads [0.19ms]
(pass) pending source permission survives a ready projection when routing late roots [0.22ms]
(pass) family retirement removes cross-owner incoming edges but preserves outgoing rollback dependencies [0.18ms]
(pass) retired transient ancestry does not block a retained proxy from retrying its binding [0.16ms]
(pass) token roots retain family ownership through a transient token consumer and independent override [0.23ms]
(pass) pending source permission survives failed projection rollback for late root reads [0.22ms]

tests/selected-scope-runtime.test.ts:
(pass) selected service borrows parent configuration and ownership while child config is overridden [0.29ms]
(pass) scoped sharing selects the immediate parent and must be selected again by grandchildren [0.14ms]
(pass) child-defined roots anchor their graph while inherited roots construct in the original graph [0.28ms]
(pass) shared pending promises deduplicate and failed acquisitions retry at the owner [0.18ms]
(pass) closing a borrower leaves the pending owner context and finalizer intact [0.21ms]
(pass) pending child sources discover shared parent dependencies during tree close [0.23ms]
(pass) strict child roots reject shared scoped dependencies before reading a cached owner [0.13ms]
(pass) shared dependency edges detect cycles through retained owner proxies [0.17ms]
(pass) shared module bindings preserve lexical private dependencies despite child public replacements [0.21ms]
(pass) synchronous shared owner reentry detects a cycle across acquisition owners [0.17ms]
(pass) a ready projection retains source permission for late shared reads [0.20ms]
(pass) a failed projection retains source permission for late shared reads [0.08ms]
(pass) completed and retired child proxies cannot borrow another source closing permission for shared reads [0.18ms]

tests/platform-tools.test.ts:
(pass) tool capture binds the actual artifact and exact observed version output [13.13ms]
(pass) tool capture rejects wrong versions, substring matches and unsuccessful probes [102.95ms]

tests/wbs-scope.test.ts:
(pass) WBS scopes borrow infrastructure and recreate stores, collectors and services [2.16ms]
(pass) an explicitly shared WBS service keeps its original stores and broadcaster [0.75ms]
(pass) closing the root disposes its resources but leaves the startup-owned source usable [0.41ms]
(pass) startup cleans every owner and discards held announcements when batch work fails [0.65ms]
(pass) startup still closes later bags and its source when multiple disposers fail [1.00ms]
(pass) a factory cleans partial acquisition before throwing; the bag does not dispose it twice [0.47ms]
(pass) the runnable example reports published work and complete shutdown [0.65ms]

tests/native-process.test.ts:
(pass) supervisor terminates and reaps a live child on monitor EIO [1.26ms]
(pass) supervisor terminates and reaps a live child on monitor EACCES [0.61ms]
(pass) supervisor terminates and reaps a live child on monitor ENOENT [0.77ms]
(pass) supervisor terminates and reaps a live child on monitor ESRCH [0.64ms]
(pass) supervisor terminates and reaps a live child on monitor missing VmRSS [21.06ms]
(pass) supervisor terminates and reaps a live child on monitor malformed VmRSS [21.39ms]
(pass) supervisor drains and reaps a zombie when status reports ENOENT before the exit callback [90.36ms]
(pass) supervisor drains and reaps a zombie when status reports ESRCH before the exit callback [95.30ms]
(pass) supervisor confirms exit 0 after stale non-zombie status loses VmRSS [185.47ms]
(pass) supervisor confirms exit 2 after stale non-zombie status loses VmRSS [184.62ms]
(pass) supervisor preserves exit 0 with pre-zombie kernel exit evidence [24.06ms]
(pass) supervisor preserves exit 2 with pre-zombie kernel exit evidence [23.24ms]
(pass) supervisor fails closed when the thread leader exits but a worker still runs [44.29ms]
(pass) supervisor confirms ESRCH process disappearance before its exit callback runs [100.15ms]
(pass) supervisor drains streams and awaits pending sample cleanup for missing VmRSS during exit [94.09ms]
(pass) supervisor drains streams and awaits pending sample cleanup for ENOENT after exit [105.18ms]
(pass) supervisor drains streams and awaits pending sample cleanup for ESRCH after exit [105.98ms]
(pass) monitor termination waits for inherited stdout and stderr to close [58.70ms]
(pass) supervisor retains clean child streams and exit status [62.23ms]
(pass) failed spawn is explicit evidence [0.80ms]
(pass) supervisor terminates and reaps timeout child [21.13ms]
(pass) supervisor terminates and reaps memory child [21.09ms]
(pass) supervisor terminates and reaps output child [27.64ms]
(pass) invalid limits and unsupported platforms fail before spawning [0.16ms]
(pass) output overflow remains byte bounded when UTF8 is cut within a character [21.36ms]
(pass) kernel exit proof parses complete stat records with unescaped task names and strict flags [0.23ms]
(pass) supervisor checks empty initial group in task-group exit evidence [21.95ms]
(pass) supervisor checks empty final group in task-group exit evidence [21.78ms]
(pass) supervisor checks unproven final thread in task-group exit evidence [21.29ms]
(pass) supervisor checks permission failure in task-group exit evidence [21.24ms]
(pass) supervisor checks malformed stat in task-group exit evidence [22.85ms]
(pass) supervisor checks departed thread ENOENT in task-group exit evidence [88.25ms]
(pass) supervisor checks departed thread ESRCH in task-group exit evidence [89.30ms]

tests/package.test.ts:
(pass) standalone archive contains root and node entries without removed adapters [0.19ms]
(pass) feature library inferred token exports survive declaration emission [1951.62ms]
(pass) classic installed commonjs archive rejects removed box package entry points [27.95ms]
(pass) classic installed commonjs archive returns the full adversarial oracle [50.79ms]
(pass) Node commonjs consumers can resolve and dispose through the public package [80.07ms]
(pass) Node commonjs observes local and foreign native subclass state directly [37.98ms]
(pass) TypeScript commonjs consumers can use the emitted declarations [1001.61ms]
(pass) TypeScript commonjs emitted provider contracts: plugins.ts [743.75ms]
(pass) TypeScript commonjs emitted provider contracts: negative/plugins.ts [718.62ms]
(pass) TypeScript commonjs emitted provider contracts: observers.ts [694.70ms]
(pass) TypeScript commonjs emitted provider contracts: negative/observers.ts [646.91ms]
(pass) TypeScript commonjs emitted provider contracts: contributions.ts [857.52ms]
(pass) TypeScript commonjs emitted provider contracts: negative/contributions.ts [1099.44ms]
(pass) TypeScript commonjs emitted provider contracts: aliases.ts [892.02ms]
(pass) TypeScript commonjs emitted provider contracts: negative/aliases.ts [1337.35ms]
(pass) TypeScript commonjs emitted provider contracts: dependency-references.ts [953.70ms]
(pass) TypeScript commonjs emitted provider contracts: negative/dependency-references.ts [1055.62ms]
(pass) TypeScript commonjs emitted provider contracts: composition-adapters.ts [740.43ms]
(pass) TypeScript commonjs emitted provider contracts: negative/composition-adapters.ts [728.83ms]
(pass) TypeScript commonjs emitted provider contracts: selected-scopes.ts [772.16ms]
(pass) TypeScript commonjs emitted provider contracts: negative/selected-scopes.ts [873.58ms]
(pass) TypeScript commonjs emitted provider contracts: acquisition-mode.ts [693.64ms]
(pass) TypeScript commonjs emitted provider contracts: negative/acquisition-mode.ts [648.42ms]
(pass) TypeScript commonjs emitted provider contracts: scopes.ts [706.41ms]
(pass) TypeScript commonjs emitted provider contracts: negative/scopes.ts [735.89ms]
(pass) TypeScript commonjs emitted provider contracts: lifetimes.ts [833.30ms]
(pass) TypeScript commonjs emitted provider contracts: negative/lifetimes.ts [1125.73ms]
(pass) TypeScript commonjs emitted provider contracts: tokens.ts [744.76ms]
(pass) TypeScript commonjs emitted provider contracts: negative/tokens.ts [925.00ms]
(pass) TypeScript commonjs emitted provider contracts: negative/token-modules.ts [869.33ms]
(pass) TypeScript commonjs emitted provider contracts: token-contracts.ts [856.09ms]
(pass) TypeScript commonjs emitted provider contracts: negative/token-contracts.ts [818.57ms]
(pass) TypeScript commonjs emitted provider contracts: providers.ts [892.50ms]
(pass) TypeScript commonjs emitted provider contracts: replacement-context.ts [806.29ms]
(pass) TypeScript commonjs emitted provider contracts: negative/replacement-context.ts [860.20ms]
(pass) TypeScript commonjs emitted provider contracts: negative/provider-boundaries.ts [756.33ms]
(pass) TypeScript commonjs emitted provider contracts: negative/provider-module-metadata.ts [747.67ms]
(pass) TypeScript commonjs emitted provider contracts: negative/provider-projections.ts [907.24ms]
(pass) classic installed module archive rejects removed box package entry points [31.05ms]
(pass) classic installed module archive returns the full adversarial oracle [57.41ms]
(pass) Node module consumers can resolve and dispose through the public package [88.23ms]
(pass) Node module observes local and foreign native subclass state directly [30.77ms]
(pass) TypeScript module consumers can use the emitted declarations [1036.18ms]
(pass) TypeScript module emitted provider contracts: plugins.ts [762.73ms]
(pass) TypeScript module emitted provider contracts: negative/plugins.ts [766.38ms]
(pass) TypeScript module emitted provider contracts: observers.ts [752.93ms]
(pass) TypeScript module emitted provider contracts: negative/observers.ts [758.93ms]
(pass) TypeScript module emitted provider contracts: contributions.ts [981.84ms]
(pass) TypeScript module emitted provider contracts: negative/contributions.ts [1154.57ms]
(pass) TypeScript module emitted provider contracts: aliases.ts [1001.59ms]
(pass) TypeScript module emitted provider contracts: negative/aliases.ts [1162.68ms]
(pass) TypeScript module emitted provider contracts: dependency-references.ts [781.57ms]
(pass) TypeScript module emitted provider contracts: negative/dependency-references.ts [881.34ms]
(pass) TypeScript module emitted provider contracts: composition-adapters.ts [668.45ms]
(pass) TypeScript module emitted provider contracts: negative/composition-adapters.ts [770.07ms]
(pass) TypeScript module emitted provider contracts: selected-scopes.ts [742.22ms]
(pass) TypeScript module emitted provider contracts: negative/selected-scopes.ts [866.42ms]
(pass) TypeScript module emitted provider contracts: acquisition-mode.ts [648.29ms]
(pass) TypeScript module emitted provider contracts: negative/acquisition-mode.ts [697.92ms]
(pass) TypeScript module emitted provider contracts: scopes.ts [693.79ms]
(pass) TypeScript module emitted provider contracts: negative/scopes.ts [715.15ms]
(pass) TypeScript module emitted provider contracts: lifetimes.ts [772.53ms]
(pass) TypeScript module emitted provider contracts: negative/lifetimes.ts [1102.29ms]
(pass) TypeScript module emitted provider contracts: tokens.ts [766.74ms]
(pass) TypeScript module emitted provider contracts: negative/tokens.ts [881.42ms]
(pass) TypeScript module emitted provider contracts: negative/token-modules.ts [710.89ms]
(pass) TypeScript module emitted provider contracts: token-contracts.ts [703.66ms]
(pass) TypeScript module emitted provider contracts: negative/token-contracts.ts [776.30ms]
(pass) TypeScript module emitted provider contracts: providers.ts [795.61ms]
(pass) TypeScript module emitted provider contracts: replacement-context.ts [758.04ms]
(pass) TypeScript module emitted provider contracts: negative/replacement-context.ts [758.32ms]
(pass) TypeScript module emitted provider contracts: negative/provider-boundaries.ts [771.60ms]
(pass) TypeScript module emitted provider contracts: negative/provider-module-metadata.ts [693.13ms]
(pass) TypeScript module emitted provider contracts: negative/provider-projections.ts [696.50ms]
(pass) unchecked Bag construction is rejected through di-bag [635.62ms]
(pass) unchecked Bag construction is rejected through ../src/di-bag [1014.40ms]
(pass) unchecked Module construction is rejected through di-bag [693.81ms]
(pass) unchecked Module construction is rejected through ../src/module [959.49ms]
(pass) unchecked Provider construction is rejected through di-bag [652.89ms]
(pass) unchecked Provider construction is rejected through ../src/provider [564.63ms]
(pass) unchecked Token construction is rejected through di-bag [731.58ms]
(pass) unchecked Token construction is rejected through ../src/tokens [578.61ms]

tests/native-package.test.ts:
(pass) native installed contracts and physical downstream declarations from classic6 [59240.88ms]
(pass) native installed contracts and physical downstream declarations from native7 [42180.30ms]

tests/native-diagnostic-markers.test.ts:
(pass) known native overload rejection retains its unmet useful requirement separately [0.48ms]
(pass) native gap rejects unknown declaration [0.11ms]
(pass) native gap rejects malformed declaration [0.02ms]
(pass) native gap rejects duplicate declaration [0.03ms]
(pass) native gap rejects misplaced declaration [0.02ms]
(pass) native gap rejects not adjacent [0.04ms]
(pass) native gap rejects stale declaration
(pass) native gap rejects wrong code [0.01ms]
(pass) native gap rejects wrong full message [0.02ms]
(pass) native gap rejects wrong file [0.01ms]
(pass) native gap rejects wrong region [0.02ms]
(pass) native gap rejects absent error
(pass) native gap rejects TS2589
(pass) native gap rejects duplicate error [0.01ms]
(pass) native gap rejects unrelated extra [0.01ms]
(pass) native gap rejects no declaration
(pass) native gap cannot replace a supplemental expectation [0.07ms]
(pass) union and open-template fingerprints require their own exact declarations [0.13ms]
(pass) native gap cannot satisfy a different primary even when that primary matches its fingerprint [0.05ms]

tests/boundaries.test.ts:
(pass) fork changes only the selected key hidden behind a narrowed override map [0.33ms]
(pass) unselected override values and getters never participate [0.14ms]
(pass) hidden duplicate additions throw atomically and leave builders reusable [0.17ms]
(pass) hidden new keys cannot later silently replace visible registrations [0.08ms]
(pass) add snapshots every own entry and validates before producing a builder [0.17ms]
(pass) replacement writes its explicit key and preserves earlier builders [0.18ms]
(pass) fork requires selected own entries before reading any selected getter [0.20ms]
(pass) fork snapshots selection before an override getter mutates the caller tuple [0.08ms]
(pass) fork selects indexed tuple entries even when its iterator omits a key [0.06ms]
(pass) fork batches selected replacements without using the single-binding graph path [0.12ms]
(pass) empty forks reuse the graph without reading unselected values and retain fresh ownership [0.30ms]
(pass) selected overrides can depend on richer capabilities of other selected services [0.20ms]
(pass) runtime registration validation rejects cloned and forged owned handles [0.13ms]
(pass) normalization does not expose mutable ownership registry metadata [0.13ms]
(pass) unchecked source Bag construction is not exported [0.01ms]
(pass) plain registration maps from another realm retain their own factories [0.40ms]

tests/modules.test.ts:
(pass) a module private retry keeps the caught failed attempt separate [5.63ms]
(pass) module private dependencies follow exported replacements and fresh forks [0.63ms]
(pass) renamed repeated installations isolate private instances and cleanup [0.29ms]
(pass) rename preserves original parameter names even when an export takes a private name [0.24ms]
(pass) invalid installations and export views fail atomically and reject forged modules [0.44ms]
(pass) exports use indexed tuple snapshots and preserve hidden local registrations [0.25ms]
(pass) module promise identity, retry and post-await cycle diagnostics use the host runtime [0.40ms]
(pass) renaming an export leaves an unrelated external requirement at its original slot [0.18ms]
(pass) module providers can be replaced before sealing without mutating earlier views [0.17ms]
(pass) close drains module acquisitions that discover private and host dependencies after await [0.28ms]

tests/native-replacement-diagnostics.test.ts:
(pass) native replacement diagnostics retain every useful primary and supplemental message [1421.67ms]
(pass) strict replacement audit requires useful primary text at its own region [0.19ms]
(pass) strict replacement audit requires exact supplemental code and text [0.13ms]
(pass) replacement audit keeps its ten source fixtures independent of native gap comments [0.08ms]
(pass) replacement audit rejects a fixture when its marker and invalid expression both disappear [0.10ms]

tests/tokens.test.ts:
(pass) token symbols participate in the same acquisition graph [0.61ms]
(pass) handles authenticate identity and capture a receiver-free symbol [0.14ms]
(pass) indexed snapshots ignore iterators and caller mutations [0.30ms]
(pass) invalid selections fail before callbacks and binding transforms [0.10ms]
(pass) same actual symbols and repeated token reads reuse one cache slot [0.33ms]
(pass) distinct symbols with the same description resolve independent slots [0.17ms]
(pass) symbol dependencies follow lexical private and public references [0.32ms]
(pass) token and named cycles report symbol labels in both entry orders [0.33ms]
(pass) rejected token acquisitions retry without awaiting callback arguments [0.21ms]
(pass) late named reads from a token-bound source retain close permission and disposal order [0.39ms]
(pass) undeclared well-known symbol reads remain undefined [0.10ms]
(pass) binding views and transformations retain frozen source selection without mutating inputs [0.23ms]

tests/token-modules.test.ts:
(pass) exported tokens retarget private module consumers in forks [0.49ms]
(pass) private tokens get independent installations and dependency ordered cleanup [0.30ms]
(pass) token bindings preserve source reuse, promise identity and public replacement [0.27ms]
(pass) fork snapshots mixed selection indices and reads only selected own overrides [0.22ms]
(pass) duplicate mixed overrides keep getter order and route final values through private consumers [0.63ms]
(pass) invalid token selections preflight before any selected override getter [0.18ms]
(pass) runtime duplicate symbols reject atomically and leave builders reusable [0.21ms]

tests/contributions.test.ts:
(pass) contributions preserve order, empty reads and array immutability [0.56ms]
(pass) host and repeated exportless modules append distinct lexical bindings [0.52ms]
(pass) all adapters select frozen arrays and retain module export renames [1.12ms]
(pass) root scoped and transient contributions retain individual ownership [0.96ms]
(pass) shared aggregate borrows the parent graph while a lazy registry reads its local graph [0.88ms]
(pass) partial failure retains accepted ownership and retries only failed contributors [0.24ms]
(pass) pending native and raw promises preserve identity and disposal payloads [0.36ms]
(pass) self collections participate in ordinary cycle detection [0.23ms]
(pass) inspection is immutable nonresolving and does not freeze application values [0.18ms]
(pass) forged tokens references and providers reject before provider effects [0.37ms]
(pass) cooperative lazy registries admit late collection reads only for their in-flight source [0.48ms]
(pass) observed strict roots reject cached scoped contributions before owner routing [0.24ms]
(pass) startup failure rolls back accepted contribution ownership [0.60ms]

tests/projections.test.ts:
(pass) a projected service does not replace its source disposer argument [0.20ms]
(pass) an ownership operation on a metadata provider retains earlier ownership [0.33ms]
(pass) mapSync receives and returns exact Promise identities [0.13ms]
(pass) mapAsync rejects source and projector throws with their original values [0.27ms]
(pass) mapAsync awaits recursive projector thenables and source fulfillment [0.23ms]
(pass) a failed sync projection releases late source ownership [0.17ms]
(pass) a synchronous status projection stays cached after its raw Promise rejects [0.51ms]
(pass) ready outer ownership closes before a raw stage accepted later [0.16ms]
(pass) failed projections clean only their stages and preserve cached dependencies [0.32ms]
(pass) sync failure starts asynchronous cleanup without waiting and close drains it [0.56ms]
(pass) late old ownership cannot evict or dispose a successful retry [0.20ms]
(pass) retired cleanup errors keep invocation order and original attempt identities [0.60ms]
(pass) a pending source can read dependencies in close after an outer projection is ready [0.46ms]
(pass) a pending source can finish dependencies after its outer projection failed [0.27ms]
(pass) completed source proxies cannot borrow a pending projection or retry permission [0.18ms]
(pass) mapped dependencies still reject genuine acquisition cycles [0.14ms]
(pass) asynchronous mappings preserve post-await cycle detection [0.21ms]
(pass) a completed source cannot use its still pending asynchronous projector permission [0.13ms]
(pass) mapping and added finalizers run receiver-free across metadata operations [0.23ms]
(pass) failed outer projections retain owned values until a pending projector finishes using them [0.26ms]
(pass) failed exposed acquisition abandons incoming edges while its owned source can acquire the recovered parent [0.29ms]

tests/disposal.test.ts:
(pass) disposal callbacks receive the owned value without a receiver [0.16ms]
(pass) withDisposal exposes the value and closes each resolved instance once [0.12ms]
(pass) ordinary values are borrowed even when they expose disposal methods [0.09ms]
(pass) unresolved and failed factories have no disposal [0.10ms]
(pass) throwing then inspection rejects each acquisition until a synchronous retry succeeds [0.19ms]
(pass) a PromiseLike with a throwing then getter never reaches the fulfilled-value disposer [0.16ms]
(pass) native Promise observer setup failures allow retry and preserve accepted Promise identity [0.20ms]
(pass) native Promise ownership observation ignores an own then override [0.10ms]
(pass) native Promise subclass ownership ignores an own then override [0.16ms]
(pass) native constructor TypeError preserves the original failure and permits retry [0.23ms]
(pass) native species TypeError preserves the original failure and permits retry [0.06ms]
(pass) pending close observes native settlement without assimilating its species result [0.27ms]
(pass) direct structural thenables reject without invoking then or accepting ownership [0.16ms]
(pass) explicit structural conversion accepts fulfillment before a subsequent throw [0.13ms]
(pass) explicit structural conversion retries rejection and disposes only the fulfilled retry [0.15ms]
(pass) cleanup runs in reverse acquisition order through unmanaged intermediates [0.16ms]
(pass) async disposers are awaited sequentially and receive fulfilled values [0.16ms]
(pass) dependency ordering wins over async completion order [0.12ms]
(pass) close drains pending factories and dependencies discovered after await [0.18ms]
(pass) pending acquisition failure does not stop cleanup of other resources [0.11ms]
(pass) every disposer runs and close aggregates the original cleanup failures [0.23ms]
(pass) throwing undefined still rejects close and does not skip other disposers [0.21ms]
(pass) reentrant close observes the same barrier even when its disposer rejects [0.16ms]
(pass) parent and forks own independent instances and borrowed overrides stay borrowed [0.17ms]
(pass) an owned override can replace an ordinary factory [0.13ms]
(pass) pending factories can create a chain of synchronous dependencies during close [0.15ms]

tests/persistent-graph.test.ts:
(pass) replacement removes obsolete public IDs while earlier versions retain their own values [7.13ms]
(pass) replacement counts all public slots and contribution references to a binding [0.19ms]
(pass) private aliases protect replaced IDs but public aliases follow current slots [0.22ms]
(pass) constructor keeps unused private registrations for explicit preflight and dangling refs for inspection [0.10ms]
(pass) shared lexical input maps are snapshotted once per installation [3.55ms]
(pass) string collisions, special own keys and same-description symbols stay distinct across updates [8.14ms]
(pass) materialized contributions retain order through append and installation without changing old arrays [5.05ms]
(pass) root lifetime stays parent-owned after a child overrides one shared public slot [0.28ms]
(pass) former public targets are pruned when the last user of a shared lexical snapshot is replaced [0.13ms]
(pass) pruning cascades iteratively through displaced lexical targets [24.84ms]
(pass) contribution protection uses the once-read input snapshot through public replacement [0.39ms]

tests/runtime.test.ts:
(pass) sync diamond dependencies are created once and stay synchronous [0.20ms]
(pass) undefined is memoized [0.06ms]
(pass) a creating undefined-valued factory cannot be returned through reentrant resolution [0.18ms]
(pass) forward registration and forks use independent memoization [0.11ms]
(pass) synchronous factory failure can be retried [0.06ms]
(pass) ending one builder twice and forking create fresh owned roots [0.19ms]
(pass) async dependencies remain explicit and concurrent resolutions share a promise [0.18ms]
(pass) synchronous cycles include their dependency path [0.11ms]
(pass) prototype properties are not factories [0.04ms]
(pass) async factory rejections can be retried [0.11ms]
(pass) synchronous failure discards abandoned edges before retrying another token [0.08ms]
(pass) async failure discards abandoned edges before retrying another token [0.23ms]
(pass) then inspection failure discards outgoing edges before another token retries [0.16ms]
(pass) cycles discovered after await reject instead of hanging [0.21ms]

tests/aliases.test.ts:
(pass) named aliases preserve exact canonical object and immutable history [0.20ms]
(pass) all token and name combinations and forward token requirements route identically [0.20ms]
(pass) aliases preserve explicit raw and native promises without classification [0.15ms]
(pass) transient aliases add no ownership and record actual target disposal edges [0.23ms]
(pass) module aliases retain private targets and export renames under host collisions [0.25ms]
(pass) selected sharing routes alias through parent graph while independent overrides follow child graph [0.26ms]
(pass) runtime rejects transient sharing and root captures through aliases before invoking target [0.20ms]
(pass) alias inspection reports direct target and canonical attempts without stale target metadata [0.18ms]
(pass) alias cycles retain a useful lexical path [0.14ms]
(pass) runtime rejects invalid alias selections without changing the builder [0.13ms]
(pass) startup through an alias waits for final readiness and retries failed canonical acquisitions [0.33ms]
(pass) shared alias inspection identifies its parent target despite a child override [0.17ms]
(pass) aliases of root targets retain the root graph under child overrides [0.12ms]
(pass) in-flight sources may read aliases while closing and retained reads close with the canonical owner [0.22ms]
(pass) module token aliases preserve private identity and external host requirements [0.23ms]
(pass) exported target replacements and renames remain visible through module aliases [0.18ms]
(pass) re-sharing aliases keeps parent policy while fresh grandchildren and forks use local targets [0.24ms]
(pass) strict roots use the effective shared alias policy in both lifetime directions [0.50ms]
(pass) raw aliases do not inspect then getters or add cancellation contexts [0.18ms]

tests/diagnostic-markers.test.ts:
(pass) strict matcher accounts for explicit supplemental diagnostics without splitting regions [0.10ms]
(pass) supplement cannot replace a missing primary [0.02ms]
(pass) supplement rejects {"code":2345} [0.03ms]
(pass) supplement rejects {"file":"/other.ts"} [0.01ms]
(pass) supplement rejects {"line":5}
(pass) supplement rejects {"code":2589}
(pass) supplement rejects {"message":"unrelated"} [0.01ms]
(pass) unrelated cascades and TS2589 remain unexpected [0.02ms]

tests/providers.test.ts:
(pass) metadata is a snapshot and inspection never starts a factory [0.32ms]
(pass) metadata preflight sees hidden collisions before reading any getters [0.14ms]
(pass) metadata additions preserve symbol keys and snapshot accessors once [0.10ms]
(pass) runtime rejects copied and forged provider registrations [0.07ms]
(pass) inspection follows pending retries without retaining failed attempts or changing disposal [0.26ms]
(pass) module rename and fork keep metadata with the actual binding [0.26ms]
(pass) plain registrations expose empty metadata and frames, including creating snapshots [0.14ms]
(pass) metadata preserves synchronous ownership and borrowed cleanup methods [0.15ms]
(pass) provider execution captures projected values and acquisition frames [0.13ms]

tests/scopes.test.ts:
(pass) children own fresh acquisitions while independent forks outlive their source [0.22ms]
(pass) parent close synchronously closes every descendant admission gate and waits for descendants [0.35ms]
(pass) pending child sources may acquire dependencies after parent close starts [0.18ms]
(pass) pending acquisition promises deduplicate only within one scope [0.14ms]
(pass) nested cleanup failures flatten by registration order despite reversed completion [0.41ms]
(pass) independently settled children detach on success and failure without replay [0.27ms]
(pass) parent close includes a child already closing until its failure settles [0.24ms]
(pass) unexpected child close rejection is retained after parent cleanup [0.22ms]
(pass) scope preserves native shadowed-then and raw Promise ownership in configured core [0.25ms]
(pass) child projection rollback finishes before a parent-owned finalizer [0.24ms]
(pass) scopes retain module-private identities and unchanged public binding metadata [0.28ms]
(pass) unchecked scope arguments reject before creating or acquiring a child [0.35ms]

tests/runtime-benchmark-child.test.ts:
(pass) build-close constructs 10 registrations without acquiring them [0.77ms]
(pass) cold-linear-resolve acquires each of 10 factories once [0.22ms]
(pass) warm-root-resolve excludes priming and observes one cached terminal value at 10 [0.17ms]
(pass) scope-resolve-close verifies child work after its timed operation at 10 [0.36ms]
(pass) transient-resolve-close verifies 10 distinct owned values in reverse cleanup order [0.32ms]
(pass) raw-promise-identity retains the exact raw Promise through resolution and disposal at 10 [0.16ms]
(pass) node-native-promise awaits the native Promise and disposes its fulfillment at 10 [0.17ms]
(pass) build-close constructs 100 registrations without acquiring them [0.35ms]
(pass) cold-linear-resolve acquires each of 100 factories once [0.58ms]
(pass) warm-root-resolve excludes priming and observes one cached terminal value at 100 [0.54ms]
(pass) scope-resolve-close verifies child work after its timed operation at 100 [0.59ms]
(pass) transient-resolve-close verifies 100 distinct owned values in reverse cleanup order [7.78ms]
(pass) raw-promise-identity retains the exact raw Promise through resolution and disposal at 100 [0.57ms]
(pass) node-native-promise awaits the native Promise and disposes its fulfillment at 100 [0.29ms]
(pass) scenario preparation rejects unsupported provider counts [0.16ms]
(pass) parent expectations cover the complete fixed scenario matrix [0.10ms]
(pass) verification rejects a timed result from another preparation [0.26ms]
(pass) child argument parser accepts one exact request and rejects malformed or extra input [0.13ms]

tests/type-scale.test.ts:
(pass) type scale: 100 bulk providers preserve consumer types [725.46ms]
(pass) type scale: 100 chained providers preserve consumer types [1287.88ms]
(pass) type scale: 100 replacement providers preserve consumer types [1357.12ms]
(pass) type scale: 1000 grouped providers preserve consumer types [4460.36ms]
(pass) type scale: bulk rejects missing at the graph boundary [656.80ms]
(pass) type scale: bulk rejects wrong-shape at the graph boundary [701.56ms]
(pass) type scale: chained rejects missing at the graph boundary [1284.38ms]
(pass) type scale: chained rejects wrong-shape at the graph boundary [1276.13ms]
(pass) type scale: grouped rejects missing at the graph boundary [4353.13ms]
(pass) type scale: grouped rejects wrong-shape at the graph boundary [4328.60ms]
(pass) type scale: replacement rejects missing at the graph boundary [1661.04ms]
(pass) type scale: replacement rejects wrong-shape at the graph boundary [1343.20ms]
(pass) type scale: 1000 providers from reusable named modules: valid [16408.31ms]
(pass) type scale: 1000 providers from reusable named modules: missing [15640.64ms]
(pass) type scale: 1000 providers from reusable named modules: wrong-shape [17337.82ms]

tests/native-compiler.test.ts:
(pass) parser retains real native multiline diagnostics, positions and metrics [0.26ms]
(pass) parser exposes configuration errors, TS2589 and unknown output [0.07ms]
(pass) source marker gate rejects wrong file, region, message, TS2589 and unmatched cascades [0.47ms]
(pass) verified native executable checks real nonempty valid and invalid projects [707.14ms]
(pass) native small control bulk valid [146.16ms]
(pass) native small control bulk missing [144.57ms]
(pass) native small control bindings valid [414.53ms]
(pass) native small control bindings missing-final-token [482.61ms]
(pass) native compiler completes 1000 dependent token bindings within the original limits [14990.86ms]
(pass) native compiler resolves the final service from 1000 dependent token modules within the original limits [26123.53ms]
(pass) native compiler completes 1000 named replacements within the original limits [23792.76ms]
(pass) native compiler completes 1000 dependent named additions within the original limits [17302.59ms]

tests/acquisition.test.ts:
(pass) a retry does not inherit the identity of a caught failed attempt [0.50ms]
(pass) a caught rejected attempt does not retarget its incoming edge to the retry [0.51ms]
(pass) shutdown preserves every cleanup cause and its acquisition identity [0.55ms]
(pass) cleanup diagnostics snapshot caller records without cloning the original cause [0.06ms]
(pass) a failed attempt cannot borrow its pending retry permission to acquire during close [0.23ms]
(pass) a completed factory cannot start late acquisitions while another factory drains [0.16ms]
(pass) a retained failed proxy follows live dependencies without traversing removed attempts [0.14ms]

tests/performance-evidence.test.ts:
(pass) validates one canonical runtime sample and preserves its provenance [0.69ms]
(pass) rejects a correct duration with an incorrect workload checksum [0.25ms]
(pass) rejects every semantic control mismatch [0.39ms]
(pass) rejects invalid request provenance rather than attaching it to a valid child result [0.33ms]
(pass) rejects invalid duration arithmetic and malformed result fields [0.34ms]
(pass) requires the resolved public entry to stay inside the real installed package [0.49ms]
(pass) rejects noncanonical package and entry paths even when they resolve inside the archive [0.22ms]
(pass) parses only one canonical JSON object from a clean successful child [0.44ms]
(pass) rejects child timeout, signal, status, stderr and unexpected schema keys [0.32ms]
(pass) runtime runner validates the execution returned for the exact request [0.48ms]
(pass) computes summary from every raw nanosecond without mutating input [0.24ms]
(pass) summary rejects absent, nonpositive and unsafe samples instead of producing invalid arithmetic [0.08ms]
(pass) paired bootstrap is seeded, paired and sensitive to seed mutations [29.31ms]
(pass) paired bootstrap rejects length, seed, count and denominator errors [0.12ms]
(pass) scenario execution awaits only runTimed between clock reads and verifies afterwards [0.24ms]
(pass) scenario execution rejects a backwards or zero clock before accepting evidence [0.21ms]
(pass) child protocol prepares before timing and emits request identity with verified work [0.50ms]
(pass) current-only collection runs five warmups then retains 31 validated samples serially [1.23ms]
(pass) collection journals every execution before validation so a late failure retains prior and rejected output [0.46ms]
(pass) current evidence validation requires reproducible environment, tools, fixture and source identities [0.33ms]
(pass) runtime journals use exclusive per-invocation paths and never truncate prior evidence [0.51ms]
(pass) actual child printer writes one canonical newline-terminated object accepted by the parent [0.50ms]

tests/acquisition-metadata.test.ts:
(pass) metadata is lazy, ordered, copied with hidden symbols, and retained after projection [0.49ms]
(pass) immediate metadata retains raw Promise identity, policy, and outer disposer value [0.29ms]
(pass) async metadata awaits raw thenables and exposes a native Promise [0.23ms]
(pass) native acquisition remains pending and disposes fulfilled values after immediate annotation [0.21ms]
(pass) annotation errors preserve original failures, cleanup, and independent retries and scopes [0.35ms]
(pass) async annotation rejection cleans source ownership and skips failed sources [0.26ms]
(pass) metadata callbacks and returned records reject malformed and asynchronous values [0.77ms]
(pass) annotations retain present undefined values and add no ownership [0.28ms]
(pass) rejecting accidentally async metadata observes its rejected Promise in both modes [1.42ms]
(pass) metadata requires plain records and accepts records without a prototype [0.54ms]
(pass) metadata getters are captured exactly once, including an ordinary then field [0.13ms]
(pass) metadata retains typed token dependencies and root and transient lifetime caching [0.34ms]

tests/incremental-scale.test.ts:
(pass) incremental compiler work: 100 named additions [1592.76ms]
(pass) incremental compiler work: 100 named replacements [1580.23ms]
(pass) incremental compiler work: 100 token bindings [1859.45ms]
(pass) incremental compiler work: 100 installed token modules [2248.05ms]

tests/runtime-scale.test.ts:
(pass) closing a deep graph disposes every dependent before its dependency exactly once [116.00ms]
(pass) retiring an acquisition touches only its actual incoming consumers [1.33ms]
(pass) repeated reads of an existing edge do not traverse the downstream graph again [0.57ms]
(pass) late edges across a deep ready graph find cycles without overflowing the stack [18.93ms]
(pass) one module lexical map is snapshotted once while external mutations stay isolated [0.70ms]
(pass) releasing a consumer removes its reverse incoming entries without retiring live peers [0.25ms]
(pass) a branching late cycle reports the first dependency-order path and leaves its rejected edge absent [0.14ms]

tests/platform-evidence.test.ts:
(pass) required platform evidence rejects incomplete or unavailable matrices [0.21ms]
(pass) local platform identity takes precedence and invalid local identity never falls back [0.59ms]
(pass) child evidence rejects noncanonical output, stderr, process failures and the wrong lane [0.27ms]
(pass) tool verification rejects explicit unavailability, version drift and hash drift [42.85ms]
(pass) tool verification rejects malformed pins and unavailable executables before a lane starts [1.13ms]
(pass) pack output requires exactly one archive and empty stderr [2.10ms]
(pass) pack output rejects every missing declared export and package document [3.64ms]
(pass) packed archive validation catches a missing archive, changed bytes and stale file inventory [13.39ms]
(pass) archive inventory is an exact allowlist and package documents match isolated inputs byte-for-byte [17.49ms]
(pass) repository manifest verifies every provisioned identity and retains absent tools as unavailable [189.23ms]
(pass) isolated classic pack contains only freshly built declared exports and rechecks its hash [1390.50ms]
(pass) evidence writer appends stable sorted JSONL under the source/date directory [2.48ms]
(pass) platform command writes one sorted matrix and executes every provisioned lane [1459.58ms]
(pass) platform evidence module imports under the pinned Node ESM loader [214.27ms]
(pass) platform command retains archive failure rows and makes required failures nonzero [210.99ms]
(pass) browser metafile parser rejects malformed shapes before resolving inputs [0.44ms]

tests/token-package.test.ts:
(pass) installed node cjs facade shares core tokens, modes and acquisition metadata [37.79ms]
(pass) installed node mjs facade shares core tokens, modes and acquisition metadata [40.43ms]
(pass) installed bun cjs facade shares core tokens, modes and acquisition metadata [17.05ms]
(pass) installed bun mjs facade shares core tokens, modes and acquisition metadata [20.95ms]
(pass) installed token composition crosses Node commonjs and the other loader [35.59ms]
(pass) installed commonjs token-modules declaration survives emission and unchanged consumption [1754.88ms]
(pass) installed commonjs incremental-modules declaration survives emission and unchanged consumption [1552.16ms]
(pass) installed commonjs replacement-reflection declaration survives emission and unchanged consumption [1648.62ms]
(pass) installed token composition crosses Node module and the other loader [40.75ms]
(pass) installed module token-modules declaration survives emission and unchanged consumption [1588.53ms]
(pass) installed module incremental-modules declaration survives emission and unchanged consumption [1473.79ms]
(pass) installed module replacement-reflection declaration survives emission and unchanged consumption [1581.67ms]

tests/performance-baseline.test.ts:
(pass) review requires median, p95 and paired interval regression predicates together [75.52ms]
(pass) ordinary hosts remain informational even when every review threshold is met [11.31ms]
(pass) paired verdict validates the exact 31-sample protocol and unsigned seed [0.19ms]
(pass) seeded execution order is reproducible, balanced and alternates pair orientation [0.32ms]
(pass) paired collection runs serial warmups and retains samples in pair index order [1.36ms]
(pass) paired collection journals a rejected execution before validation stops the run [0.20ms]
(pass) comparison command accepts an exact pinned baseline and unsigned seed only [0.21ms]
(pass) comparison row validation rejects incomplete, unsafe and unpaired evidence [22.79ms]
(pass) journaling retains unavailable and failed terminal rows as well as validated summaries [0.09ms]
(pass) baseline archive is built from the exact commit with retained source and tool identities [1540.47ms]

tests/persistent-map.test.ts:
(pass) collision replacement and deletion preserve other keys and earlier versions [0.40ms]
(pass) mixed insert/delete operations agree with an independent native map [10.49ms]

tests/enterprise-integration.test.ts:
(pass) overlapping requests isolate private dependencies and release scopes before the shared root [1.59ms]
(pass) owned-scope fixture preserves handler and cleanup failures without closing twice [0.35ms]
(pass) test substitutions retain private module contracts and fresh transient instances [0.37ms]
(pass) a dynamically imported module starts private providers and unloads contributions exactly once [1.36ms]
(pass) owned-scope fixture preserves a thrown undefined value and cleanup-only failure [0.17ms]
(pass) owned-scope work result types follow explicit awaiting of structural thenables [0.08ms]
(pass) a fixture whose startup fails releases acquired resources without admitting work [0.27ms]

tests/lifetime-declarations.test.ts:
(pass) lifetime replacement preserves the source and owned stages [0.10ms]
(pass) invalid lifetime declarations fail before evaluating factories or option getters [0.15ms]
(pass) options are read once and snapshotted, and replacement clears capture [0.06ms]
(pass) all provider transformations retain the immutable policy [0.10ms]

tests/binding-graph.test.ts:
(pass) private bindings with the same label have distinct memoized identities [0.39ms]
(pass) an owned private dependency closes after its public dependent [0.20ms]
(pass) private Promise-valued bindings preserve their original exposed identity [0.14ms]
(pass) graph snapshots preserve lexical private refs while forks use replaced public slots [0.24ms]
(pass) batch public bindings preserve ordered duplicates and retained private identities [0.20ms]
(pass) an empty public binding batch preserves immutable graph identity [0.02ms]
(pass) mutating graph input maps cannot change public lookup or binding descriptions [0.09ms]
(pass) cycles through private aliases discovered after await show binding labels [0.24ms]

tests/composition-adapters.test.ts:
(pass) class adapters construct lazily with private fields, inherited prototypes and new.target [0.29ms]
(pass) constructor validation invokes neither the constructor nor its prototype getter [0.17ms]
(pass) function adapters pass positional values exactly and support explicitly bound receivers [0.26ms]
(pass) optional and rest function and constructor arguments follow selected positions [0.26ms]
(pass) function adapters snapshot indexed tokens and ignore custom iterators [0.23ms]
(pass) function adapters reject invalid declaration inputs before user effects [0.20ms]
(pass) function acquisition failures retry and disposal is explicit [0.23ms]
(pass) class adapters snapshot indexed tokens and ignore custom iterators [0.10ms]
(pass) class adapters reject invalid declaration inputs before user effects [0.07ms]
(pass) class acquisition failures retry and disposal is explicit [0.07ms]
(pass) raw and native adapters retain Promise identity and select the disposal value [0.20ms]
(pass) raw class adapters preserve thenables and auto rejects them without assimilation [0.21ms]
(pass) automatic adapters require runtime classification before acquisition [0.10ms]
(pass) module token graphs and selected sharing keep ownership and parent dependencies [0.36ms]
(pass) strict root class adapters retain root dependencies through child overrides [0.18ms]
(pass) native class acquisition preserves constructed promises and disposes their fulfilled value [0.26ms]
(pass) rejected function acquisitions retry with the original Promise return [0.17ms]
(pass) constructor proxies retain their acquisition trap and original new.target [0.14ms]

tests/comparator-contract.test.ts:
(pass) admits only a synchronous named graph with singleton, transient and explicit lifecycle semantics [0.57ms]
(pass) comparator cannot enter the table with incomplete or forged metadata [0.17ms]
(pass) rejects asynchronous construction or resolution from the synchronous common subset [0.09ms]
(pass) forbidden rejected async results are consumed before the child exits [62.92ms]
(pass) rejects a changed named workload, singleton caching or transient freshness [0.32ms]
(pass) rejects missing, partial and failing explicit disposal [0.39ms]
(pass) reports absent optional packages as unavailable without inventing adapter rows [0.86ms]
(pass) distinguishes unavailable installation from an unreviewed or semantically invalid adapter [0.71ms]
(pass) rejects package and adapter identity drift before semantic admission [0.41ms]
(pass) comparator CLI mode emits only truthful optional status rows and creates no timing evidence [0.59ms]

tests/benchmark-compiler-controls.test.ts:
(pass) negative controls reject a fast compile that lost its marker [0.14ms]
(pass) negative controls require exactly one marker at the generated boundary [0.10ms]
(pass) valid controls reject diagnostics and case identity substitution [0.04ms]
(pass) controls reject invalid work metrics and source provenance drift [0.10ms]
(pass) normalizer validates classic work and canonicalizes diagnostic paths [0.28ms]
(pass) normalizer extracts native extended metrics without substituting process time [0.05ms]
(pass) summary preserves every ordered sample and derives literal statistics [0.28ms]
(pass) collector performs five warm-ups then 31 retained samples serially [0.47ms]
(pass) catalog contains only the exact nine supported controls [0.04ms]
(pass) failed child evidence is journaled before normalization rejects it [0.29ms]
(pass) spawn failures are journaled even when no child row exists [0.10ms]

tests/types.test.ts:
(pass) observers retain exact inferred cross-file contracts [679.03ms]
(pass) plugins retain exact inferred cross-file contracts [671.48ms]
(pass) final adversarial integration retains exact inferred cross-file contracts [648.19ms]
(pass) contributions retain exact inferred cross-file contracts [875.16ms]
(pass) aliases retain exact inferred cross-file contracts [917.38ms]
(pass) dependency references retain exact inferred cross-file contracts [710.85ms]
(pass) composition adapters retain exact inferred cross-file contracts [624.09ms]
(pass) selected scopes retain exact inferred cross-file contracts [866.05ms]
(pass) startup and contextual providers retain exact inferred cross-file contracts [870.34ms]
(pass) lifetime declarations retain exact inferred cross-file contracts [824.54ms]
(pass) lifetimes inferred exports survive declaration consumption [1941.22ms]
(pass) composition-adapters inferred exports survive declaration consumption [1679.34ms]
(pass) dependency-references inferred exports survive declaration consumption [1613.78ms]
(pass) aliases inferred exports survive declaration consumption [1845.60ms]
(pass) contributions inferred exports survive declaration consumption [1693.82ms]
(pass) observers inferred exports survive declaration consumption [1519.31ms]
(pass) plugins inferred exports survive declaration consumption [1438.12ms]
(pass) final-adversarial-integration inferred exports survive declaration consumption [1462.22ms]
(pass) acquisition modes retain exact acquired values across inferred exports [693.41ms]
(pass) token modules preserve exact cross-file contracts [688.94ms]
(pass) public token composition preserves exact outputs and frames [791.59ms]
(pass) token contracts preserve exact identities and provider graphs [719.09ms]
(pass) replacement context preserves exact contracts from surviving consumers [797.51ms]
(pass) incremental checks preserve forward, replacement and frame contracts [757.71ms]
(pass) incremental projection candidates preserve replacement and resolved contracts [699.19ms]
(pass) incremental module installation preserves private, forward, and token contracts [685.35ms]
(pass) incremental module declarations retain exact results and token outputs [703.00ms]
(pass) builder views preserve exact accepted registration histories [658.02ms]
(pass) supported replacement wrappers and reflected methods stay exact and non-any [709.63ms]
(pass) replacement reflection preserves utility soundness and module history [674.15ms]
(pass) modern inline inference retains exact contracts [680.66ms]
(pass) native acquisition metadata preserves exact outputs, requirements and frames [673.90ms]
(pass) typed provider metadata survives checked composition and inspection [832.23ms]
(pass) named modules preserve contracts across a file boundary [747.12ms]
(pass) valid composition preserves inferred values and explicit promise edges [721.95ms]
(pass) registration boundaries preserve selected keys and exact factory types [897.51ms]
(pass) scope preserves exact inferred contracts across a source boundary [835.05ms]
(pass) inline method-returning factories preserve exact types: add [719.72ms]
(pass) inline method-returning factories preserve exact types: fork [744.34ms]
(pass) inline method-returning factories preserve exact types: disposal [730.17ms]
(pass) type rejection: provider-boundaries.ts [816.07ms]
(pass) type rejection: acquisition-mode.ts [721.79ms]
(pass) type rejection: object-registrations.ts [682.88ms]
(pass) type rejection: fork-dependency-shape.ts [725.25ms]
(pass) type rejection: inline-wrong-shape.ts [680.97ms]
(pass) type rejection: observers.ts [699.03ms]
(pass) type rejection: wrong-shape.ts [680.96ms]
(pass) type rejection: tokens.ts [950.70ms]
(pass) type rejection: primitive-parameter.ts [669.13ms]
(pass) type rejection: union-replace.ts [690.86ms]
(pass) type rejection: replacement-wrong-shape.ts [665.70ms]
(pass) type rejection: missing.ts [643.82ms]
(pass) type rejection: module-private.ts [675.01ms]
(pass) type rejection: module-narrowing.ts [865.05ms]
(pass) type rejection: forward-wrong-shape.ts [643.87ms]
(pass) type rejection: fork-explicit-generics.ts [680.86ms]
(pass) type rejection: callable-parameter.ts [675.35ms]
(pass) type rejection: indexed-registrations.ts [691.29ms]
(pass) type rejection: acquisition-metadata.ts [878.77ms]
(pass) type rejection: incremental.ts [859.84ms]
(pass) type rejection: aliases.ts [1196.66ms]
(pass) type rejection: incremental-modules.ts [778.42ms]
(pass) type rejection: selected-scopes.ts [1000.39ms]
(pass) type rejection: object-overrides.ts [689.65ms]
(pass) type rejection: token-modules.ts [782.80ms]
(pass) type rejection: provider-unions.ts [720.39ms]
(pass) type rejection: inline-replacement-wrong-shape.ts [689.48ms]
(pass) type rejection: prototype-registrations.ts [689.73ms]
(pass) type rejection: modern-inline.ts [731.43ms]
(pass) type rejection: fork-missing.ts [715.18ms]
(pass) type rejection: inline-fork-wrong-shape.ts [675.86ms]
(pass) type rejection: final-adversarial-integration.ts [714.99ms]
(pass) type rejection: module-rename.ts [724.55ms]
(pass) type rejection: token-contracts.ts [734.80ms]
(pass) type rejection: module-missing.ts [658.91ms]
(pass) type rejection: module-hidden-private-needs.ts [695.33ms]
(pass) type rejection: duplicate-add.ts [648.11ms]
(pass) type rejection: module-exports.ts [934.74ms]
(pass) type rejection: fork-selection.ts [894.53ms]
(pass) type rejection: inline-fork-missing.ts [689.92ms]
(pass) type rejection: optional-parameter.ts [842.17ms]
(pass) type rejection: plugins.ts [773.29ms]
(pass) type rejection: incremental-projections.ts [808.18ms]
(pass) type rejection: replacement-context.ts [904.96ms]
(pass) type rejection: module-wrong-shape.ts [726.66ms]
(pass) type rejection: spread-disposal.ts [708.93ms]
(pass) type rejection: symbol-dependency.ts [686.04ms]
(pass) type rejection: template-dependencies.ts [680.23ms]
(pass) type rejection: lifetimes.ts [1163.22ms]
(pass) type rejection: replacement-views.ts [732.76ms]
(pass) type rejection: boolean-registrations.ts [683.04ms]
(pass) type rejection: fork-wrong-shape.ts [738.90ms]
(pass) type rejection: replacement-reflection.ts [710.22ms]
(pass) type rejection: disposable-missing.ts [629.94ms]
(pass) type rejection: template-registrations.ts [652.51ms]
(pass) type rejection: required-this.ts [694.86ms]
(pass) type rejection: inline-fork-dependency-shape.ts [644.90ms]
(pass) type rejection: disposer-wrong-shape.ts [655.48ms]
(pass) type rejection: async-resolve.ts [660.85ms]
(pass) type rejection: provider-projections.ts [692.31ms]
(pass) type rejection: composition-adapters.ts [741.76ms]
(pass) type rejection: inline-fork-extra.ts [656.72ms]
(pass) type rejection: async-dependency.ts [644.50ms]
(pass) type rejection: scopes.ts [748.50ms]
(pass) type rejection: disposer-promise.ts [636.24ms]
(pass) type rejection: inline-forward-wrong-shape.ts [655.92ms]
(pass) type rejection: union-parameter.ts [680.09ms]
(pass) type rejection: dependency-references.ts [917.27ms]
(pass) type rejection: startup.ts [710.10ms]
(pass) type rejection: invalid-registration.ts [672.24ms]
(pass) type rejection: provider-module-metadata.ts [699.48ms]
(pass) type rejection: fork-extra.ts [656.32ms]
(pass) type rejection: inline-missing.ts [667.62ms]
(pass) type rejection: builder-views.ts [731.39ms]
(pass) type rejection: contributions.ts [1097.94ms]

tests/persistent-module.test.ts:
(pass) one module update does not revisit its existing registration table [4.64ms]
(pass) module updates preserve declaration positions, earlier builders and renamed lexical exports [2.88ms]

tests/plugins.test.ts:
(pass) plugin validation retains raw source ownership on success and failure [1.35ms]
(pass) plugin descriptor requires own protocol fields before factory effects [0.28ms]
(pass) plugin preflight validates dependencies and options before descriptor reads [0.12ms]
(pass) plugin descriptor preflight preserves accessor errors and ignores extra getters [0.20ms]
(pass) plugin snapshots dependencies, options and callbacks before later mutation [0.38ms]
(pass) plugin routes required optional lazy and all dependency references positionally [0.81ms]
(pass) raw plugin validation does not assimilate values or validator results [0.95ms]
(pass) native plugin validates fulfilled values, caches final output and releases source ownership [0.45ms]
(pass) native plugin rejection and output validation preserve causes and ownership [0.50ms]
(pass) native plugins require a genuine Promise source [0.24ms]
(pass) startup rollback releases an accepted plugin source once [0.71ms]
(pass) plugin callbacks use no receiver and preserve factory and validator failures [0.43ms]
(pass) plugin composition retains module privacy, aliases, contributions and selected sharing [6.81ms]
(pass) plugin observers retain the canonical acquisition and cleanup events [0.63ms]
(pass) native plugin readiness waits for source validation [0.44ms]
(pass) plugin close waits for accepted disposer cleanup exactly once [0.51ms]
(pass) plugin validation errors survive one failed retirement cleanup [0.45ms]
(pass) plugin observer lifecycle events identify its canonical acquisition [10.30ms]

tests/dependency-references.test.ts:
(pass) optional absence is distinct from a present undefined acquisition [0.61ms]
(pass) optional factory failures and native rejections propagate and retry [0.46ms]
(pass) lazy scoped dependencies defer construction and retain invocation ownership [0.34ms]
(pass) lazy root dependencies defer construction and retain invocation ownership [0.13ms]
(pass) lazy transient dependencies defer construction and retain invocation ownership [0.07ms]
(pass) all adapters snapshot mixed references by index and authenticate every handle [0.93ms]
(pass) lazy reads preserve lexical private tokens, export renames and external optional absence [0.40ms]
(pass) lazy closures use shared/root owner context and independent fork overrides [0.60ms]
(pass) raw and native references preserve Promise identity and disposal values [0.41ms]
(pass) optional synchronous and post-await cycles propagate [0.34ms]
(pass) lazy synchronous and post-await cycles propagate [0.13ms]
(pass) lazy closure shutdown admission belongs to the capturing source attempt [0.39ms]
(pass) observed reference reads retain strict root checks before routing [0.13ms]
(pass) lazy reads detect a cycle between already ready consumers [0.26ms]
(pass) a pending projection does not extend a lazy source shutdown admission [0.23ms]
(pass) root explicit capture and optional reads retain the root lexical context [0.32ms]

tests/token-scale.test.ts:
(pass) token scale: 100 bindings valid [1842.44ms]
(pass) token scale: 100 bindings missing-final-token [1838.95ms]
(pass) token scale: 100 bindings mismatched-invariant-service [1865.11ms]
(pass) token scale: 100 modules valid [2222.88ms]
(pass) token scale: 100 modules missing-final-token [2259.22ms]
(pass) token scale: 100 modules mismatched-invariant-service [2271.98ms]

tests/selected-scopes.test.ts:
(pass) selected sharing keeps parent dependencies while child overrides stay local [3.08ms]
(pass) mixed token selections retain exact borrowed pending values and override bindings [0.26ms]
(pass) scope snapshots selections and ignores unselected override getters and tuple iterators [0.32ms]
(pass) invalid selections reject before override values or provider effects [0.34ms]
(pass) empty selections are lazy and duplicates read each override once [0.25ms]
(pass) inherited strict roots keep their graph when a child overrides a dependency as scoped [0.17ms]

tests/benchmark-types.test.ts:
(pass) parent evaluator validates untrusted worker evidence and preserves requested identities [0.43ms]
(pass) benchmark rejects unsupported flags: --native --native [230.99ms]
(pass) benchmark rejects unsupported flags: --tokens --tokens [239.46ms]
(pass) benchmark rejects unsupported flags: --unknown [245.84ms]
(pass) benchmark rejects unsupported flags: --native --tokens --unknown [239.12ms]
(pass) named benchmark boundary: 100 bulk valid [990.46ms]
(pass) named benchmark boundary: 100 bulk missing [903.79ms]
(pass) named benchmark boundary: 100 bulk wrong-shape [847.51ms]
(pass) named benchmark boundary: 100 chained valid [1772.95ms]
(pass) named benchmark boundary: 100 chained missing [1498.14ms]
(pass) named benchmark boundary: 100 chained wrong-shape [1516.67ms]
(pass) named benchmark boundary: 100 grouped valid [765.59ms]
(pass) named benchmark boundary: 100 grouped missing [754.51ms]
(pass) named benchmark boundary: 100 grouped wrong-shape [776.49ms]
(pass) named benchmark boundary: 100 replacement valid [1326.73ms]
(pass) named benchmark boundary: 100 replacement missing [1358.84ms]
(pass) named benchmark boundary: 100 replacement wrong-shape [1366.11ms]
(pass) named benchmark worker retains complete boundary diagnostics [1596.85ms]
(pass) token worker defaults a valid invocation to 100 services [1849.10ms]
(pass) token worker accepts an explicit supported count [1833.07ms]
(pass) token worker rejects an extra argument before compilation [218.63ms]
(pass) token worker rejects count zero before compilation [215.21ms]
(pass) token worker rejects an unsupported count before compilation [221.44ms]
(pass) token worker rejects an invalid form before compilation [220.06ms]
(pass) token worker rejects an invalid scenario before compilation [227.85ms]

tests/platform/browser-worker.test.ts:
(pass) browser metafile accepts only the installed root export and package-local dependencies [2.40ms]
(pass) browser bundle validation rejects stale bytes, sizes, gzip size, metafile and root identity [4.21ms]
(pass) Worker protocol accepts exactly one structured portable result and rejects hostile transcripts [0.36ms]
(pass) browser Worker lane rechecks the artifact before execution and maps protocol failures [154.32ms]
(pass) explicitly unprovisioned browser tools stay unavailable without archive or bundle fallback [68.12ms]
(pass) provisioned browser tools execute the real packed archive lane [179.03ms]

 943 pass
 0 fail
 18899 expect() calls
Ran 943 tests across 55 files. [496.47s]

> di-bag@0.1.0 build
> node -e "require('node:fs').rmSync('dist',{recursive:true,force:true})" && tsc6 -p ./tsconfig.build.json

