bun test v1.4.0 (34cbb9a40)

tests/native-compiler.test.ts:
 95 | 
 96 | test('native compiler completes 1000 dependent named additions within the original limits', async () => {
 97 |   const row = await nativeScale(process.cwd(), await resolveNative(process.cwd()), {
 98 |     count: 1000, form: 'chained', scenario: 'valid',
 99 |   });
100 |   expect(row).toMatchObject({
                    ^
error: expect(received).toMatchObject(expected)

  {
-   "accepted": true,
-   "checked": true,
+   "accepted": false,
+   "boundaryLine": undefined,
+   "checked": false,
+   "compiler": {
+     "executable": "/tmp/di-bag-performance-integration/node_modules/@typescript/typescript-linux-x64/lib/tsc",
+     "platformPackage": "/tmp/di-bag-performance-integration/node_modules/@typescript/typescript-linux-x64/package.json",
+     "version": "7.0.2",
+     "wrapperVersion": "7.0.2",
+   },
    "count": 1000,
    "diagnostics": [],
+   "failureReason": "native process or output did not pass checked completion",
    "form": "chained",
+   "generatedSha256": "271ac373fdde8e636a7a270884b8f93645d521136292318d1cbbc075e089d6e0",
+   "metrics": {},
+   "milliseconds": 60039,
+   "nativeMetrics": {},
+   "peakObservedRssMiB": 586.12109375,
    "scenario": "valid",
-   "status": 0,
+   "signal": "SIGKILL",
+   "sourceCommit": "3360a96516daa7483c490a1bcacaa1ed16ec7ce1",
+   "sourceSha256": "39c3a177021ce0e97c8ad1d4dffcf69d3c15a1c0d23e1fa3156fcdc6b734fc35",
+   "status": null,
+   "stderr": "",
+   "stdout": "",
+   "terminationReason": "timeout",
    "typescript": "7.0.2",
+   "unparsed": [],
  }

- Expected  - 3
+ Received  + 23

      at <anonymous> (/tmp/di-bag-replacement-spike/tests/native-compiler.test.ts:100:15)
(fail) native compiler completes 1000 dependent named additions within the original limits [60052.94ms]

tests/incremental-scale.test.ts:
25 |     expect(result.typescript).toBe('6.0.3');
26 |     if ('diagnostics' in result) expect(result.diagnostics).toEqual([]);
27 |     else { expect(result.accepted).toBe(true); expect(result.diagnosticCount).toBe(0); }
28 |     expect(Number.isInteger(result.instantiations)).toBe(true);
29 |     expect(result.instantiations).toBeGreaterThan(0);
30 |     expect(result.instantiations).toBeLessThanOrEqual(item.ceiling);
                                       ^
error: expect(received).toBeLessThanOrEqual(expected)

Expected: <= 1030000
Received: 1039623

      at <anonymous> (/tmp/di-bag-replacement-spike/tests/incremental-scale.test.ts:30:35)
(fail) incremental compiler work: 100 named replacements [1669.89ms]

 0 pass
 14 filtered out
 2 fail
 11 expect() calls
Ran 2 tests across 2 files. [61.93s]
