
> di-bag@0.1.0 docs:check
> node --test --test-isolation=none tools/docs/test/*.test.mjs && node tools/docs/generate.mjs --check && node tools/docs/site.mjs check

[info] Loaded plugin typedoc-plugin-markdown
[info] Loaded plugin typedoc-vitepress-theme
[info] Loaded plugin typedoc-plugin-markdown
[info] Loaded plugin typedoc-vitepress-theme
[info] markdown generated at /tmp/di-bag-exact-rendering-PH5Jzo/reference
✔ coverage includes native metadata decorators and type-only callables (154.735434ms)
✔ coverage rejects a generator that silently drops a public export (144.734637ms)
✔ coverage rejects missing overloads even when the exported name survives (174.497692ms)
✔ compiler declarations retain syntax that TypeDoc reflections cannot represent (0.714268ms)
✔ canonical signatures are followed by comment-only parameter details (0.228377ms)
✔ source declarations preserve aliases and property modifiers exactly (0.31617ms)
✔ type-only function exports are described without inventing a type alias (0.333195ms)
✔ hosted Markdown links stay local, while repository files link to GitHub (0.923174ms)
✔ generated reference drift detects new, modified, and obsolete files (8.621521ms)
✔ rendered-site checks catch broken fragments and incorrect Pages asset paths (1.623504ms)
✔ rendered declarations accept members and reject malformed type syntax (2.256475ms)
ℹ tests 11
ℹ suites 0
ℹ pass 11
ℹ fail 0
ℹ cancelled 0
ℹ skipped 0
ℹ todo 0
ℹ duration_ms 2668.487377
[info] Loaded plugin typedoc-plugin-markdown
[info] Loaded plugin typedoc-vitepress-theme
[info] markdown generated at /tmp/di-bag-api-vTRoTF/reference
Generated API Markdown is current; all entry points and callable overloads are covered.
Prepared 109 Markdown pages; repository-only links point to GitHub.
