bun test v1.4.0 (34cbb9a40)

tests/native-compiler.test.ts:
73 | 
74 | test('native compiler resolves the final service from 1000 dependent token modules within the original limits', async () => {
75 |   const row = await nativeScale(process.cwd(), await resolveNative(process.cwd()), {
76 |     count: 1000, form: 'modules', scenario: 'valid',
77 |   });
78 |   expect(row).toMatchObject({
                   ^
error: expect(received).toMatchObject(expected)

  {
-   "accepted": true,
+   "accepted": false,
+   "boundaryLine": undefined,
    "checked": true,
+   "compiler": {
+     "executable": "/tmp/di-bag-performance-integration/node_modules/@typescript/typescript-linux-x64/lib/tsc",
+     "platformPackage": "/tmp/di-bag-performance-integration/node_modules/@typescript/typescript-linux-x64/package.json",
+     "version": "7.0.2",
+     "wrapperVersion": "7.0.2",
+   },
    "count": 1000,
-   "diagnostics": [],
+   "diagnostics": [
+     {
+       "code": 2589,
+       "column": 24,
+       "file": "/tmp/di-bag-native-scale-mYa06L/tests/generated-token-scale.ts",
+       "line": 4004,
+       "message": "Type instantiation is excessively deep and possibly infinite.",
+     },
+   ],
+   "failureReason": "native diagnostics did not satisfy original boundary contract",
    "form": "modules",
+   "generatedSha256": "a77ff4fe7c8cc8cad3e751b94d977b78ac894a96bba9b2570c53af2413d16953",
+   "metrics": {
+     "Bind time": 0.011,
+     "Check time": 54.617,
+     "Config time": 0,
+     "Emit time": 0,
+     "Files": 98,
+     "Identifiers": 81599,
+     "Instantiations": 135783881,
+     "Lines": 64475,
+     "Memory allocs": 196705679,
+     "Memory used": 1557562,
+     "Parse time": 0.026,
+     "Symbols": 1827905,
+     "Total time": 54.654,
+     "Types": 3212230,
+   },
+   "milliseconds": 55198,
+   "nativeMetrics": {
+     "Bind time": 0.011,
+     "Check time": 54.617,
+     "Config time": 0,
+     "Emit time": 0,
+     "Files": 98,
+     "Identifiers": 81599,
+     "Instantiations": 135783881,
+     "Lines": 64475,
+     "Memory allocs": 196705679,
+     "Memory used": 1557562,
+     "Parse time": 0.026,
+     "Symbols": 1827905,
+     "Total time": 54.654,
+     "Types": 3212230,
+   },
+   "peakObservedRssMiB": 2660.41796875,
    "scenario": "valid",
-   "status": 0,
+   "signal": null,
+   "sourceCommit": "c058be3e4c2852c768a68591c94893ba75776a1c",
+   "sourceSha256": "cd49f75bd3ff04da71ed5b9ac7f8985f3c383b1f8d158d2be065f39c3c02a844",
+   "status": 1,
+   "stderr": "",
+   "stdout": 
+ "tests/generated-token-scale.ts(4004,24): error TS2589: Type instantiation is excessively deep and possibly infinite.
+ Files:                 98
+ Lines:              64475
+ Identifiers:        81599
+ Symbols:          1827905
+ Types:            3212230
+ Instantiations: 135783881
+ Memory used:     1557562K
+ Memory allocs:  196705679
+ Config time:       0.000s
+ Parse time:        0.026s
+ Bind time:         0.011s
+ Check time:       54.617s
+ Emit time:         0.000s
+ Total time:       54.654s
+ "
+ ,
    "typescript": "7.0.2",
+   "unparsed": [],
  }

- Expected  - 3
+ Received  + 77

      at <anonymous> (/tmp/di-bag-replacement-spike/tests/native-compiler.test.ts:78:15)
(fail) native compiler resolves the final service from 1000 dependent token modules within the original limits [55216.20ms]

 0 pass
 9 filtered out
 1 fail
 1 expect() calls
Ran 1 test across 1 file. [55.40s]
