bun test v1.4.0 (34cbb9a40)

tests/incremental-scale.test.ts:
25 |     expect(result.typescript).toBe('6.0.3');
26 |     if ('diagnostics' in result) expect(result.diagnostics).toEqual([]);
27 |     else { expect(result.accepted).toBe(true); expect(result.diagnosticCount).toBe(0); }
28 |     expect(Number.isInteger(result.instantiations)).toBe(true);
29 |     expect(result.instantiations).toBeGreaterThan(0);
30 |     expect(result.instantiations).toBeLessThanOrEqual(item.ceiling);
                                       ^
error: expect(received).toBeLessThanOrEqual(expected)

Expected: <= 850000
Received: 1198298

      at <anonymous> (/tmp/di-bag-replacement-spike/tests/incremental-scale.test.ts:30:35)
(fail) incremental compiler work: 100 token bindings [2068.38ms]
25 |     expect(result.typescript).toBe('6.0.3');
26 |     if ('diagnostics' in result) expect(result.diagnostics).toEqual([]);
27 |     else { expect(result.accepted).toBe(true); expect(result.diagnosticCount).toBe(0); }
28 |     expect(Number.isInteger(result.instantiations)).toBe(true);
29 |     expect(result.instantiations).toBeGreaterThan(0);
30 |     expect(result.instantiations).toBeLessThanOrEqual(item.ceiling);
                                       ^
error: expect(received).toBeLessThanOrEqual(expected)

Expected: <= 1220000
Received: 1884069

      at <anonymous> (/tmp/di-bag-replacement-spike/tests/incremental-scale.test.ts:30:35)
(fail) incremental compiler work: 100 installed token modules [2647.42ms]

 0 pass
 2 filtered out
 2 fail
 20 expect() calls
Ran 2 tests across 1 file. [4.76s]
