bun test v1.4.2 (744846f84)

tests/incremental-scale.test.ts:
(pass) incremental compiler work: 100 named additions [1714.10ms]
(pass) incremental compiler work: 100 named replacements [1831.07ms]
(pass) incremental compiler work: 100 token bindings [2129.63ms]

tests/types.test.ts:
(pass) observers retain exact inferred cross-file contracts [965.19ms]
(pass) plugins retain exact inferred cross-file contracts [721.59ms]
(pass) final adversarial integration retains exact inferred cross-file contracts [601.27ms]
(pass) contributions retain exact inferred cross-file contracts [811.27ms]
(pass) aliases retain exact inferred cross-file contracts [761.69ms]
(pass) dependency references retain exact inferred cross-file contracts [614.57ms]
(pass) composition adapters retain exact inferred cross-file contracts [567.12ms]
(pass) selected scopes retain exact inferred cross-file contracts [589.15ms]
(pass) startup and contextual providers retain exact inferred cross-file contracts [501.64ms]
(pass) lifetime declarations retain exact inferred cross-file contracts [629.10ms]
(pass) lifetimes inferred exports survive declaration consumption [1475.08ms]
(pass) composition-adapters inferred exports survive declaration consumption [1328.81ms]
(pass) dependency-references inferred exports survive declaration consumption [1359.16ms]
(pass) aliases inferred exports survive declaration consumption [1555.02ms]
(pass) contributions inferred exports survive declaration consumption [1658.51ms]
(pass) observers inferred exports survive declaration consumption [1491.61ms]
(pass) plugins inferred exports survive declaration consumption [1238.33ms]
(pass) final-adversarial-integration inferred exports survive declaration consumption [1252.46ms]
(pass) acquisition modes retain exact acquired values across inferred exports [598.41ms]
(pass) token modules preserve exact cross-file contracts [603.52ms]
(pass) public token composition preserves exact outputs and frames [647.40ms]
(pass) token contracts preserve exact identities and provider graphs [619.69ms]
(pass) replacement context preserves exact contracts from surviving consumers [667.34ms]
(pass) incremental checks preserve forward, replacement and frame contracts [596.29ms]
(pass) incremental projection candidates preserve replacement and resolved contracts [586.83ms]
(pass) incremental module installation preserves private, forward, and token contracts [571.29ms]
(pass) incremental module declarations retain exact results and token outputs [591.59ms]
(pass) builder views preserve exact accepted registration histories [549.53ms]
(pass) supported replacement wrappers and reflected methods stay exact and non-any [612.71ms]
(pass) replacement reflection preserves utility soundness and module history [562.40ms]
(pass) modern inline inference retains exact contracts [588.53ms]
(pass) box adapters preserve exact modes, requirements and frames [621.75ms]
(pass) typed provider metadata survives checked composition and inspection [685.56ms]
(pass) named modules preserve contracts across a file boundary [644.87ms]
(pass) valid composition preserves inferred values and explicit promise edges [576.91ms]
(pass) registration boundaries preserve selected keys and exact factory types [607.62ms]
(pass) scope preserves exact inferred contracts across a source boundary [646.76ms]
(pass) inline method-returning factories preserve exact types: add [584.50ms]
(pass) inline method-returning factories preserve exact types: fork [561.05ms]
(pass) inline method-returning factories preserve exact types: disposal [559.04ms]
(pass) type rejection: provider-boundaries.ts [623.93ms]
(pass) type rejection: acquisition-mode.ts [594.27ms]
(pass) type rejection: object-registrations.ts [560.59ms]
(pass) type rejection: fork-dependency-shape.ts [573.89ms]
(pass) type rejection: inline-wrong-shape.ts [553.27ms]
(pass) type rejection: observers.ts [581.51ms]
(pass) type rejection: wrong-shape.ts [563.83ms]
(pass) type rejection: tokens.ts [769.98ms]
(pass) type rejection: primitive-parameter.ts [522.78ms]
(pass) type rejection: union-replace.ts [655.87ms]
(pass) type rejection: replacement-wrong-shape.ts [718.49ms]
(pass) type rejection: missing.ts [726.57ms]
(pass) type rejection: module-private.ts [712.41ms]
(pass) type rejection: module-narrowing.ts [686.01ms]
(pass) type rejection: forward-wrong-shape.ts [544.30ms]
(pass) type rejection: fork-explicit-generics.ts [561.17ms]
(pass) type rejection: callable-parameter.ts [546.44ms]
(pass) type rejection: indexed-registrations.ts [553.85ms]
(pass) type rejection: incremental.ts [649.70ms]
(pass) type rejection: aliases.ts [881.33ms]
(pass) type rejection: incremental-modules.ts [585.19ms]
(pass) type rejection: selected-scopes.ts [798.27ms]
(pass) type rejection: object-overrides.ts [534.59ms]
(pass) type rejection: token-modules.ts [599.43ms]
(pass) type rejection: provider-unions.ts [599.03ms]
(pass) type rejection: inline-replacement-wrong-shape.ts [553.55ms]
(pass) type rejection: prototype-registrations.ts [549.27ms]
(pass) type rejection: modern-inline.ts [577.03ms]
(pass) type rejection: fork-missing.ts [570.58ms]
(pass) type rejection: inline-fork-wrong-shape.ts [577.50ms]
(pass) type rejection: final-adversarial-integration.ts [582.93ms]
(pass) type rejection: module-rename.ts [568.07ms]
(pass) type rejection: token-contracts.ts [613.75ms]
(pass) type rejection: module-missing.ts [568.54ms]
(pass) type rejection: module-hidden-private-needs.ts [567.73ms]
(pass) type rejection: duplicate-add.ts [564.62ms]
(pass) type rejection: module-exports.ts [583.55ms]
(pass) type rejection: fork-selection.ts [621.44ms]
(pass) type rejection: inline-fork-missing.ts [572.45ms]
(pass) type rejection: optional-parameter.ts [558.24ms]
(pass) type rejection: plugins.ts [580.73ms]
(pass) type rejection: incremental-projections.ts [579.96ms]
(pass) type rejection: replacement-context.ts [681.08ms]
(pass) type rejection: module-wrong-shape.ts [566.47ms]
(pass) type rejection: spread-disposal.ts [545.01ms]
(pass) type rejection: symbol-dependency.ts [545.26ms]
(pass) type rejection: template-dependencies.ts [567.60ms]
(pass) type rejection: lifetimes.ts [893.82ms]
(pass) type rejection: replacement-views.ts [699.86ms]
(pass) type rejection: boolean-registrations.ts [616.05ms]
(pass) type rejection: fork-wrong-shape.ts [555.08ms]
(pass) type rejection: replacement-reflection.ts [563.21ms]
(pass) type rejection: disposable-missing.ts [570.99ms]
(pass) type rejection: template-registrations.ts [524.37ms]
(pass) type rejection: required-this.ts [564.65ms]
(pass) type rejection: inline-fork-dependency-shape.ts [566.46ms]
(pass) type rejection: disposer-wrong-shape.ts [531.32ms]
(pass) type rejection: async-resolve.ts [539.85ms]
(pass) type rejection: box-adapters.ts [611.25ms]
(pass) type rejection: provider-projections.ts [621.67ms]
(pass) type rejection: composition-adapters.ts [594.51ms]
(pass) type rejection: inline-fork-extra.ts [553.18ms]
(pass) type rejection: async-dependency.ts [526.24ms]
(pass) type rejection: scopes.ts [600.28ms]
(pass) type rejection: disposer-promise.ts [543.30ms]
(pass) type rejection: inline-forward-wrong-shape.ts [524.64ms]
(pass) type rejection: union-parameter.ts [531.85ms]
(pass) type rejection: dependency-references.ts [781.74ms]
(pass) type rejection: startup.ts [575.27ms]
(pass) type rejection: invalid-registration.ts [555.55ms]
(pass) type rejection: provider-module-metadata.ts [568.02ms]
(pass) type rejection: fork-extra.ts [536.19ms]
(pass) type rejection: inline-missing.ts [550.12ms]
(pass) type rejection: builder-views.ts [651.60ms]
(pass) type rejection: contributions.ts [1012.81ms]

 118 pass
 0 fail
 477 expect() calls
Ran 118 tests across 2 files. [82.62s]
