bun test v1.4.2 (744846f84)

tests/types.test.ts:
113 |     ts.flattenDiagnosticMessageText(error.messageText, '\n'))).toEqual([]);
114 | });
115 | 
116 | test('incremental checks preserve forward, replacement and frame contracts', () => {
117 |   expect(diagnostics(resolve(__dirname, 'types/incremental.ts')).map(error =>
118 |     ts.flattenDiagnosticMessageText(error.messageText, '\n'))).toEqual([]);
                                                                     ^
error: expect(received).toEqual(expected)

- []
+ [
+   "Type 'false' does not satisfy the constraint 'true'.",
+ ]

- Expected  - 1
+ Received  + 3

      at <anonymous> (/tmp/di-bag-performance-integration/tests/types.test.ts:118:64)
(fail) incremental checks preserve forward, replacement and frame contracts [1004.49ms]

 0 pass
 114 filtered out
 1 fail
 1 expect() calls
Ran 1 test across 1 file. [1141.00ms]
