bun test v1.4.2 (744846f84)

tests/incremental-scale.test.ts:
24 |     expect(result.typescript).toBe('6.0.3');
25 |     if ('diagnostics' in result) expect(result.diagnostics).toEqual([]);
26 |     else { expect(result.accepted).toBe(true); expect(result.diagnosticCount).toBe(0); }
27 |     expect(Number.isInteger(result.instantiations)).toBe(true);
28 |     expect(result.instantiations).toBeGreaterThan(0);
29 |     expect(result.instantiations).toBeLessThanOrEqual(item.ceiling);
                                       ^
error: expect(received).toBeLessThanOrEqual(expected)

Expected: <= 820000
Received: 905984

      at <anonymous> (/tmp/di-bag-performance-integration/tests/incremental-scale.test.ts:29:35)
(fail) incremental compiler work: 100 named additions [1679.40ms]
(pass) incremental compiler work: 100 named replacements [1832.01ms]
24 |     expect(result.typescript).toBe('6.0.3');
25 |     if ('diagnostics' in result) expect(result.diagnostics).toEqual([]);
26 |     else { expect(result.accepted).toBe(true); expect(result.diagnosticCount).toBe(0); }
27 |     expect(Number.isInteger(result.instantiations)).toBe(true);
28 |     expect(result.instantiations).toBeGreaterThan(0);
29 |     expect(result.instantiations).toBeLessThanOrEqual(item.ceiling);
                                       ^
error: expect(received).toBeLessThanOrEqual(expected)

Expected: <= 1350000
Received: 1483243

      at <anonymous> (/tmp/di-bag-performance-integration/tests/incremental-scale.test.ts:29:35)
(fail) incremental compiler work: 100 token bindings [2219.82ms]

tests/types.test.ts:
(pass) incremental checks preserve forward, replacement and frame contracts [967.90ms]
(pass) incremental projection candidates preserve replacement and resolved contracts [710.83ms]
(pass) incremental module installation preserves private, forward, and token contracts [581.15ms]
(pass) incremental module declarations retain exact results and token outputs [576.44ms]
212 |     expect(expected.length).toBeGreaterThan(0);
213 |     const errors = diagnostics(path);
214 |     expect(errors.length).toBeGreaterThan(0);
215 |     expect(errors.every((error) => error.file?.fileName === path)).toBe(true);
216 |     const matched = matchDiagnosticMarkers(source, path, errors.map(describeDiagnostic));
217 |     expect(matched.missing).toEqual([]); expect(matched.unexpected).toEqual([]);
                                  ^
error: expect(received).toEqual(expected)

- []
+ [
+   {
+     "code": undefined,
+     "end": 68,
+     "line": 63,
+     "message": "incompatible or opaque",
+     "supplemental": false,
+   },
+ ]

- Expected  - 1
+ Received  + 9

      at <anonymous> (/tmp/di-bag-performance-integration/tests/types.test.ts:217:29)
(fail) type rejection: incremental.ts [663.93ms]
(pass) type rejection: incremental-modules.ts [531.68ms]
(pass) type rejection: incremental-projections.ts [548.04ms]

 7 pass
 108 filtered out
 3 fail
 48 expect() calls
Ran 10 tests across 2 files. [10.48s]
