bun test v1.4.2 (744846f84)

tests/incremental-scale.test.ts:
(pass) incremental compiler work: 100 named additions [1665.38ms]
(pass) incremental compiler work: 100 named replacements [1824.84ms]
(pass) incremental compiler work: 100 token bindings [2146.22ms]

tests/types.test.ts:
(pass) observers retain exact inferred cross-file contracts [1088.90ms]
(pass) plugins retain exact inferred cross-file contracts [738.15ms]
(pass) final adversarial integration retains exact inferred cross-file contracts [601.28ms]
(pass) contributions retain exact inferred cross-file contracts [810.68ms]
(pass) aliases retain exact inferred cross-file contracts [758.16ms]
(pass) dependency references retain exact inferred cross-file contracts [622.18ms]
(pass) composition adapters retain exact inferred cross-file contracts [564.15ms]
(pass) selected scopes retain exact inferred cross-file contracts [586.88ms]
(pass) startup and contextual providers retain exact inferred cross-file contracts [512.21ms]
(pass) lifetime declarations retain exact inferred cross-file contracts [640.43ms]
(pass) lifetimes inferred exports survive declaration consumption [1463.88ms]
(pass) composition-adapters inferred exports survive declaration consumption [1331.62ms]
(pass) dependency-references inferred exports survive declaration consumption [1366.15ms]
(pass) aliases inferred exports survive declaration consumption [1584.25ms]
(pass) contributions inferred exports survive declaration consumption [1493.98ms]
(pass) observers inferred exports survive declaration consumption [1279.48ms]
(pass) plugins inferred exports survive declaration consumption [1252.62ms]
(pass) final-adversarial-integration inferred exports survive declaration consumption [1273.16ms]
(pass) acquisition modes retain exact acquired values across inferred exports [580.93ms]
(pass) token modules preserve exact cross-file contracts [604.73ms]
(pass) public token composition preserves exact outputs and frames [651.08ms]
(pass) token contracts preserve exact identities and provider graphs [610.28ms]
(pass) replacement context preserves exact contracts from surviving consumers [677.50ms]
(pass) incremental checks preserve forward, replacement and frame contracts [606.39ms]
(pass) incremental projection candidates preserve replacement and resolved contracts [575.06ms]
(pass) incremental module installation preserves private, forward, and token contracts [582.52ms]
(pass) incremental module declarations retain exact results and token outputs [585.74ms]
(pass) builder views preserve exact accepted registration histories [566.65ms]
(pass) supported replacement wrappers and reflected methods stay exact and non-any [606.41ms]
(pass) replacement reflection preserves utility soundness and module history [574.01ms]
(pass) modern inline inference retains exact contracts [588.59ms]
(pass) box adapters preserve exact modes, requirements and frames [618.72ms]
(pass) typed provider metadata survives checked composition and inspection [680.53ms]
(pass) named modules preserve contracts across a file boundary [630.36ms]
(pass) valid composition preserves inferred values and explicit promise edges [568.60ms]
(pass) registration boundaries preserve selected keys and exact factory types [597.41ms]
(pass) scope preserves exact inferred contracts across a source boundary [574.23ms]
(pass) inline method-returning factories preserve exact types: add [590.10ms]
(pass) inline method-returning factories preserve exact types: fork [558.13ms]
(pass) inline method-returning factories preserve exact types: disposal [567.26ms]
(pass) type rejection: provider-boundaries.ts [639.79ms]
(pass) type rejection: acquisition-mode.ts [585.39ms]
(pass) type rejection: object-registrations.ts [537.65ms]
(pass) type rejection: fork-dependency-shape.ts [559.89ms]
(pass) type rejection: inline-wrong-shape.ts [565.73ms]
(pass) type rejection: observers.ts [570.82ms]
(pass) type rejection: wrong-shape.ts [539.65ms]
(pass) type rejection: tokens.ts [759.56ms]
(pass) type rejection: primitive-parameter.ts [537.30ms]
(pass) type rejection: union-replace.ts [567.49ms]
(pass) type rejection: replacement-wrong-shape.ts [556.92ms]
(pass) type rejection: missing.ts [546.74ms]
(pass) type rejection: module-private.ts [533.79ms]
(pass) type rejection: module-narrowing.ts [687.22ms]
(pass) type rejection: forward-wrong-shape.ts [539.74ms]
(pass) type rejection: fork-explicit-generics.ts [660.52ms]
(pass) type rejection: callable-parameter.ts [544.85ms]
(pass) type rejection: indexed-registrations.ts [641.32ms]
(pass) type rejection: incremental.ts [694.20ms]
(pass) type rejection: aliases.ts [897.50ms]
(pass) type rejection: incremental-modules.ts [544.06ms]
(pass) type rejection: selected-scopes.ts [744.43ms]
(pass) type rejection: object-overrides.ts [559.94ms]
(pass) type rejection: token-modules.ts [599.65ms]
(pass) type rejection: provider-unions.ts [597.69ms]
(pass) type rejection: inline-replacement-wrong-shape.ts [558.29ms]
(pass) type rejection: prototype-registrations.ts [535.40ms]
(pass) type rejection: modern-inline.ts [591.39ms]
(pass) type rejection: fork-missing.ts [560.44ms]
(pass) type rejection: inline-fork-wrong-shape.ts [564.63ms]
(pass) type rejection: final-adversarial-integration.ts [563.01ms]
(pass) type rejection: module-rename.ts [566.99ms]
(pass) type rejection: token-contracts.ts [624.31ms]
(pass) type rejection: module-missing.ts [548.95ms]
(pass) type rejection: module-hidden-private-needs.ts [563.76ms]
(pass) type rejection: duplicate-add.ts [567.92ms]
(pass) type rejection: module-exports.ts [549.98ms]
(pass) type rejection: fork-selection.ts [641.26ms]
(pass) type rejection: inline-fork-missing.ts [567.76ms]
(pass) type rejection: optional-parameter.ts [641.58ms]
(pass) type rejection: plugins.ts [599.44ms]
(pass) type rejection: incremental-projections.ts [581.39ms]
(pass) type rejection: replacement-context.ts [657.66ms]
(pass) type rejection: module-wrong-shape.ts [567.00ms]
(pass) type rejection: spread-disposal.ts [559.97ms]
(pass) type rejection: symbol-dependency.ts [539.11ms]
(pass) type rejection: template-dependencies.ts [545.19ms]
(pass) type rejection: lifetimes.ts [896.17ms]
(pass) type rejection: replacement-views.ts [562.09ms]
(pass) type rejection: boolean-registrations.ts [556.00ms]
(pass) type rejection: fork-wrong-shape.ts [550.32ms]
(pass) type rejection: replacement-reflection.ts [586.07ms]
(pass) type rejection: disposable-missing.ts [521.10ms]
(pass) type rejection: template-registrations.ts [519.82ms]
(pass) type rejection: required-this.ts [557.07ms]
(pass) type rejection: inline-fork-dependency-shape.ts [566.49ms]
(pass) type rejection: disposer-wrong-shape.ts [535.79ms]
(pass) type rejection: async-resolve.ts [540.41ms]
(pass) type rejection: box-adapters.ts [587.46ms]
(pass) type rejection: provider-projections.ts [590.13ms]
(pass) type rejection: composition-adapters.ts [609.46ms]
(pass) type rejection: inline-fork-extra.ts [536.75ms]
(pass) type rejection: async-dependency.ts [537.41ms]
(pass) type rejection: scopes.ts [612.03ms]
(pass) type rejection: disposer-promise.ts [610.37ms]
(pass) type rejection: inline-forward-wrong-shape.ts [729.28ms]
(pass) type rejection: union-parameter.ts [743.76ms]
(pass) type rejection: dependency-references.ts [792.23ms]
(pass) type rejection: startup.ts [589.66ms]
(pass) type rejection: invalid-registration.ts [569.84ms]
(pass) type rejection: provider-module-metadata.ts [599.56ms]
(pass) type rejection: fork-extra.ts [544.21ms]
(pass) type rejection: inline-missing.ts [554.38ms]
(pass) type rejection: builder-views.ts [600.49ms]
(pass) type rejection: contributions.ts [892.86ms]

 118 pass
 0 fail
 477 expect() calls
Ran 118 tests across 2 files. [81.94s]
