bun test v1.4.2 (744846f84)

tests/modules.test.ts:
(pass) a module private retry keeps the caught failed attempt separate [6.72ms]
(pass) module private dependencies follow exported replacements and fresh forks [1.59ms]
(pass) renamed repeated installations isolate private instances and cleanup [0.47ms]
(pass) rename preserves original parameter names even when an export takes a private name [0.45ms]
(pass) invalid installations and export views fail atomically and reject forged modules [0.60ms]
(pass) exports use indexed tuple snapshots and preserve hidden local registrations [0.31ms]
(pass) module promise identity, retry and post-await cycle diagnostics use the host runtime [0.67ms]
(pass) renaming an export leaves an unrelated external requirement at its original slot [0.27ms]
(pass) module providers can be replaced before sealing without mutating earlier views [0.24ms]
(pass) close drains module acquisitions that discover private and host dependencies after await [0.39ms]

tests/tokens.test.ts:
(pass) token symbols participate in the same acquisition graph [0.72ms]
(pass) handles authenticate identity and capture a receiver-free symbol [0.11ms]
(pass) indexed snapshots ignore iterators and caller mutations [0.34ms]
(pass) invalid selections fail before callbacks and binding transforms [0.10ms]
(pass) same actual symbols and repeated token reads reuse one cache slot [0.25ms]
(pass) distinct symbols with the same description resolve independent slots [0.20ms]
(pass) symbol dependencies follow lexical private and public references [0.34ms]
(pass) token and named cycles report symbol labels in both entry orders [0.39ms]
(pass) rejected token acquisitions retry without awaiting callback arguments [0.26ms]
(pass) late named reads from a token-bound source retain close permission and disposal order [0.31ms]
(pass) undeclared well-known symbol reads remain undefined [0.13ms]
(pass) binding views and transformations retain frozen source selection without mutating inputs [0.46ms]

tests/token-modules.test.ts:
(pass) exported tokens retarget private module consumers in forks [0.39ms]
(pass) private tokens get independent installations and dependency ordered cleanup [0.36ms]
(pass) token bindings preserve source reuse, promise identity and public replacement [0.48ms]
(pass) fork snapshots mixed selection indices and reads only selected own overrides [0.22ms]
(pass) duplicate mixed overrides keep getter order and route final values through private consumers [0.58ms]
(pass) invalid token selections preflight before any selected override getter [0.26ms]
(pass) runtime duplicate symbols reject atomically and leave builders reusable [0.28ms]

tests/contributions.test.ts:
(pass) contributions preserve order, empty reads and array immutability [0.38ms]
(pass) host and repeated exportless modules append distinct lexical bindings [0.59ms]
(pass) all adapters select frozen arrays and retain module export renames [0.73ms]
(pass) root scoped and transient contributions retain individual ownership [0.66ms]
(pass) shared aggregate borrows the parent graph while a lazy registry reads its local graph [0.56ms]
(pass) partial failure retains accepted ownership and retries only failed contributors [0.26ms]
(pass) pending native and raw promises preserve identity and disposal payloads [0.32ms]
(pass) self collections participate in ordinary cycle detection [0.17ms]
(pass) inspection is immutable nonresolving and does not freeze application values [0.19ms]
(pass) forged tokens references and providers reject before provider effects [0.38ms]
(pass) cooperative lazy registries admit late collection reads only for their in-flight source [0.44ms]
(pass) observed strict roots reject cached scoped contributions before owner routing [0.29ms]
(pass) startup failure rolls back accepted contribution ownership [0.77ms]

tests/persistent-graph.test.ts:
(pass) replacement removes obsolete public IDs while earlier versions retain their own values [10.80ms]
(pass) replacement counts all public slots and contribution references to a binding [0.30ms]
(pass) private aliases protect replaced IDs but public aliases follow current slots [0.47ms]
(pass) constructor keeps unused private registrations for explicit preflight and dangling refs for inspection [0.29ms]
(pass) shared lexical input maps are snapshotted once per installation [6.38ms]
(pass) string collisions, special own keys and same-description symbols stay distinct across updates [9.96ms]
(pass) materialized contributions retain order through append and installation without changing old arrays [6.89ms]
(pass) root lifetime stays parent-owned after a child overrides one shared public slot [0.29ms]

tests/aliases.test.ts:
(pass) named aliases preserve exact canonical object and immutable history [0.42ms]
(pass) all token and name combinations and forward token requirements route identically [0.21ms]
(pass) aliases preserve explicit raw and native promises without classification [0.21ms]
(pass) transient aliases add no ownership and record actual target disposal edges [0.32ms]
(pass) module aliases retain private targets and export renames under host collisions [0.32ms]
(pass) selected sharing routes alias through parent graph while independent overrides follow child graph [0.27ms]
(pass) runtime rejects transient sharing and root captures through aliases before invoking target [0.23ms]
(pass) alias inspection reports direct target and canonical attempts without stale target metadata [0.18ms]
(pass) alias cycles retain a useful lexical path [0.16ms]
(pass) runtime rejects invalid alias selections without changing the builder [0.14ms]
(pass) startup through an alias waits for final readiness and retries failed canonical acquisitions [0.37ms]
(pass) shared alias inspection identifies its parent target despite a child override [0.19ms]
(pass) aliases of root targets retain the root graph under child overrides [0.16ms]
(pass) in-flight sources may read aliases while closing and retained reads close with the canonical owner [0.26ms]
(pass) module token aliases preserve private identity and external host requirements [0.24ms]
(pass) exported target replacements and renames remain visible through module aliases [0.19ms]
(pass) re-sharing aliases keeps parent policy while fresh grandchildren and forks use local targets [0.31ms]
(pass) strict roots use the effective shared alias policy in both lifetime directions [0.59ms]
(pass) raw aliases do not inspect then getters or add cancellation contexts [0.29ms]

tests/scopes.test.ts:
(pass) children own fresh acquisitions while independent forks outlive their source [0.31ms]
(pass) parent close synchronously closes every descendant admission gate and waits for descendants [0.44ms]
(pass) pending child sources may acquire dependencies after parent close starts [0.23ms]
(pass) pending acquisition promises deduplicate only within one scope [0.16ms]
(pass) nested cleanup failures flatten by registration order despite reversed completion [0.60ms]
(pass) independently settled children detach on success and failure without replay [0.28ms]
(pass) parent close includes a child already closing until its failure settles [0.26ms]
(pass) unexpected child close rejection is retained after parent cleanup [0.18ms]
(pass) scope preserves native shadowed-then and raw Promise ownership in configured core [0.24ms]
(pass) child projection rollback finishes before a parent-owned finalizer [0.28ms]
(pass) scopes retain module-private identities and unchanged public binding metadata [0.32ms]
(pass) unchecked scope arguments reject before creating or acquiring a child [0.33ms]

tests/binding-graph.test.ts:
(pass) private bindings with the same label have distinct memoized identities [0.31ms]
(pass) an owned private dependency closes after its public dependent [0.18ms]
(pass) private Promise-valued bindings preserve their original exposed identity [0.13ms]
(pass) graph snapshots preserve lexical private refs while forks use replaced public slots [0.25ms]
(pass) batch public bindings preserve ordered duplicates and retained private identities [0.21ms]
(pass) an empty public binding batch preserves immutable graph identity [0.02ms]
(pass) mutating graph input maps cannot change public lookup or binding descriptions [0.12ms]
(pass) cycles through private aliases discovered after await show binding labels [0.21ms]

 89 pass
 0 fail
 6452 expect() calls
Ran 89 tests across 8 files. [116.00ms]
