bun test v1.4.2 (744846f84)

tests/persistent-graph.test.ts:
11 |   let current = new BindingGraph().withPublicBinding('item', () => 0);
12 |   const versions = [current];
13 |   for (let i = 1; i <= 3000; i++) {
14 |     const previous = current.publicBinding('item');
15 |     current = current.withPublicBinding('item', () => i);
16 |     expect(current.hasBinding(previous)).toBe(false);
                                              ^
error: expect(received).toBe(expected)

Expected: false
Received: true

      at <anonymous> (/tmp/di-bag-performance-integration/tests/persistent-graph.test.ts:16:42)
(fail) replacement removes obsolete public IDs while earlier versions retain their own values [0.57ms]
26 |   const id = Symbol('shared'), key = Symbol('group');
27 |   const original = new BindingGraph({ bindings: new Map([[id, binding(id, 1)]]), publicSlots: new Map([['a', id], ['b', id]]) });
28 |   const one = original.withPublicBinding('a', () => 2);
29 |   expect(one.hasBinding(id)).toBe(true);
30 |   const two = one.withPublicBinding('b', () => 3);
31 |   expect(two.hasBinding(id)).toBe(false);
                                  ^
error: expect(received).toBe(expected)

Expected: false
Received: true

      at <anonymous> (/tmp/di-bag-performance-integration/tests/persistent-graph.test.ts:31:30)
(fail) replacement counts all public slots and contribution references to a binding [0.18ms]
(pass) private aliases protect replaced IDs but public aliases follow current slots [1.73ms]
(pass) constructor keeps unused private registrations for explicit preflight and dangling refs for inspection [0.21ms]
(pass) shared lexical input maps are snapshotted once per installation [3.30ms]
(pass) string collisions, special own keys and same-description symbols stay distinct across updates [518.86ms]
(pass) materialized contributions retain order through append and installation without changing old arrays [148.02ms]
(pass) root lifetime stays parent-owned after a child overrides one shared public slot [0.69ms]

 6 pass
 2 fail
 3047 expect() calls
Ran 8 tests across 1 file. [684.00ms]
