bun test v1.4.2 (744846f84)

tests/persistent-graph.test.ts:
(pass) replacement removes obsolete public IDs while earlier versions retain their own values [11.83ms]
(pass) replacement counts all public slots and contribution references to a binding [0.41ms]
(pass) private aliases protect replaced IDs but public aliases follow current slots [2.10ms]
(pass) constructor keeps unused private registrations for explicit preflight and dangling refs for inspection [0.34ms]
(pass) shared lexical input maps are snapshotted once per installation [5.85ms]
(pass) string collisions, special own keys and same-description symbols stay distinct across updates [11.88ms]
(pass) materialized contributions retain order through append and installation without changing old arrays [6.41ms]
(pass) root lifetime stays parent-owned after a child overrides one shared public slot [0.55ms]
(pass) former public targets are pruned when the last user of a shared lexical snapshot is replaced [0.13ms]
(pass) pruning cascades iteratively through displaced lexical targets [46.45ms]

tests/runtime-scale.test.ts:
(pass) closing a deep graph disposes every dependent before its dependency exactly once [143.52ms]
(pass) retiring an acquisition touches only its actual incoming consumers [1.25ms]
(pass) repeated reads of an existing edge do not traverse the downstream graph again [0.62ms]
(pass) late edges across a deep ready graph find cycles without overflowing the stack [15.12ms]
(pass) one module lexical map is snapshotted once while external mutations stay isolated [0.58ms]

tests/persistent-map.test.ts:
(pass) collision replacement and deletion preserve other keys and earlier versions [0.26ms]
(pass) mixed insert/delete operations agree with an independent native map [17.12ms]

tests/binding-graph.test.ts:
(pass) private bindings with the same label have distinct memoized identities [1.13ms]
(pass) an owned private dependency closes after its public dependent [0.54ms]
(pass) private Promise-valued bindings preserve their original exposed identity [0.50ms]
(pass) graph snapshots preserve lexical private refs while forks use replaced public slots [0.54ms]
(pass) batch public bindings preserve ordered duplicates and retained private identities [0.55ms]
(pass) an empty public binding batch preserves immutable graph identity [0.05ms]
(pass) mutating graph input maps cannot change public lookup or binding descriptions [0.22ms]
(pass) cycles through private aliases discovered after await show binding labels [0.68ms]

 25 pass
 0 fail
 13330 expect() calls
Ran 25 tests across 4 files. [285.00ms]
