bun test v1.4.2 (744846f84)

tests/persistent-graph.test.ts:
(pass) replacement removes obsolete public IDs while earlier versions retain their own values [11.26ms]
(pass) replacement counts all public slots and contribution references to a binding [0.46ms]
(pass) private aliases protect replaced IDs but public aliases follow current slots [2.02ms]
(pass) constructor keeps unused private registrations for explicit preflight and dangling refs for inspection [0.30ms]
(pass) shared lexical input maps are snapshotted once per installation [4.20ms]
(pass) string collisions, special own keys and same-description symbols stay distinct across updates [12.38ms]
(pass) materialized contributions retain order through append and installation without changing old arrays [5.66ms]
(pass) root lifetime stays parent-owned after a child overrides one shared public slot [0.50ms]
117 |   const names = new Map<string, BindingRef>([['target', { kind: 'private', id: target }]]);
118 |   const original = new BindingGraph({ bindings: new Map([[target, binding(target, 1)], [a, binding(a, 2, names)], [b, binding(b, 3, names)]]), publicSlots: new Map([['target', target], ['a', a], ['b', b]]) });
119 |   const updated = original.withPublicBinding('target', () => 4).withPublicBinding('a', () => 5);
120 |   expect(updated.hasBinding(target)).toBe(true);
121 |   const final = updated.withPublicBinding('b', () => 6);
122 |   expect(final.hasBinding(target)).toBe(false);
                                         ^
error: expect(received).toBe(expected)

Expected: false
Received: true

      at <anonymous> (/tmp/di-bag-performance-integration/tests/persistent-graph.test.ts:122:36)
(fail) former public targets are pruned when the last user of a shared lexical snapshot is replaced [0.20ms]
128 |   const ids = Array.from({ length: 3000 }, () => Symbol('link'));
129 |   let value = new BindingGraph({ bindings: new Map(ids.map((id, i) => [id, binding(id, i, i ? new Map([['previous', { kind: 'private', id: ids[i - 1]! }]]) : new Map())])), publicSlots: new Map(ids.map((id, i) => [`p${i}`, id])) });
130 |   for (let i = 0; i < ids.length - 1; i++) value = value.withPublicBinding(`p${i}`, () => -1);
131 |   expect(value.hasBinding(ids[0]!)).toBe(true);
132 |   value = value.withPublicBinding(`p${ids.length - 1}`, () => -1);
133 |   for (const id of ids) expect(value.hasBinding(id)).toBe(false);
                                                           ^
error: expect(received).toBe(expected)

Expected: false
Received: true

      at <anonymous> (/tmp/di-bag-performance-integration/tests/persistent-graph.test.ts:133:54)
(fail) pruning cascades iteratively through displaced lexical targets [30.36ms]

 8 pass
 2 fail
 6084 expect() calls
Ran 10 tests across 1 file. [78.00ms]
