bun test v1.4.2 (744846f84)

tests/modules.test.ts:
(pass) a module private retry keeps the caught failed attempt separate [3.74ms]
(pass) module private dependencies follow exported replacements and fresh forks [1.28ms]
(pass) renamed repeated installations isolate private instances and cleanup [0.42ms]
(pass) rename preserves original parameter names even when an export takes a private name [0.40ms]
(pass) invalid installations and export views fail atomically and reject forged modules [0.62ms]
(pass) exports use indexed tuple snapshots and preserve hidden local registrations [0.34ms]
(pass) module promise identity, retry and post-await cycle diagnostics use the host runtime [0.67ms]
(pass) renaming an export leaves an unrelated external requirement at its original slot [0.24ms]
(pass) module providers can be replaced before sealing without mutating earlier views [0.22ms]
(pass) close drains module acquisitions that discover private and host dependencies after await [0.38ms]

tests/token-modules.test.ts:
(pass) exported tokens retarget private module consumers in forks [0.72ms]
(pass) private tokens get independent installations and dependency ordered cleanup [0.56ms]
(pass) token bindings preserve source reuse, promise identity and public replacement [0.57ms]
(pass) fork snapshots mixed selection indices and reads only selected own overrides [0.25ms]
(pass) duplicate mixed overrides keep getter order and route final values through private consumers [0.62ms]
(pass) invalid token selections preflight before any selected override getter [0.23ms]
(pass) runtime duplicate symbols reject atomically and leave builders reusable [0.27ms]

tests/contributions.test.ts:
(pass) contributions preserve order, empty reads and array immutability [0.34ms]
(pass) host and repeated exportless modules append distinct lexical bindings [0.65ms]
(pass) all adapters select frozen arrays and retain module export renames [0.71ms]
(pass) root scoped and transient contributions retain individual ownership [0.63ms]
(pass) shared aggregate borrows the parent graph while a lazy registry reads its local graph [0.63ms]
(pass) partial failure retains accepted ownership and retries only failed contributors [0.24ms]
(pass) pending native and raw promises preserve identity and disposal payloads [0.33ms]
(pass) self collections participate in ordinary cycle detection [0.19ms]
(pass) inspection is immutable nonresolving and does not freeze application values [0.20ms]
(pass) forged tokens references and providers reject before provider effects [0.39ms]
(pass) cooperative lazy registries admit late collection reads only for their in-flight source [0.43ms]
(pass) observed strict roots reject cached scoped contributions before owner routing [0.29ms]
(pass) startup failure rolls back accepted contribution ownership [0.72ms]

tests/aliases.test.ts:
(pass) named aliases preserve exact canonical object and immutable history [0.36ms]
(pass) all token and name combinations and forward token requirements route identically [0.23ms]
(pass) aliases preserve explicit raw and native promises without classification [0.24ms]
(pass) transient aliases add no ownership and record actual target disposal edges [0.28ms]
(pass) module aliases retain private targets and export renames under host collisions [0.32ms]
(pass) selected sharing routes alias through parent graph while independent overrides follow child graph [0.30ms]
(pass) runtime rejects transient sharing and root captures through aliases before invoking target [0.22ms]
(pass) alias inspection reports direct target and canonical attempts without stale target metadata [0.20ms]
(pass) alias cycles retain a useful lexical path [0.16ms]
(pass) runtime rejects invalid alias selections without changing the builder [0.13ms]
(pass) startup through an alias waits for final readiness and retries failed canonical acquisitions [0.39ms]
(pass) shared alias inspection identifies its parent target despite a child override [0.19ms]
(pass) aliases of root targets retain the root graph under child overrides [0.16ms]
(pass) in-flight sources may read aliases while closing and retained reads close with the canonical owner [0.28ms]
(pass) module token aliases preserve private identity and external host requirements [0.25ms]
(pass) exported target replacements and renames remain visible through module aliases [0.22ms]
(pass) re-sharing aliases keeps parent policy while fresh grandchildren and forks use local targets [0.32ms]
(pass) strict roots use the effective shared alias policy in both lifetime directions [0.62ms]
(pass) raw aliases do not inspect then getters or add cancellation contexts [0.28ms]

tests/persistent-module.test.ts:
(pass) one module update does not revisit its existing registration table [2.33ms]
(pass) module updates preserve declaration positions, earlier builders and renamed lexical exports [0.54ms]

 51 pass
 0 fail
 237 expect() calls
Ran 51 tests across 5 files. [44.00ms]
