✔ discarded raw transient arrays are collectible after resolve (7.706312ms)
✔ discarded raw transient arrays are collectible after alias (4.424555ms)
✔ discarded raw transient arrays are collectible after dependency (4.743224ms)
✔ discarded raw transient arrays are collectible after collection (4.386621ms)
✔ discarded raw transient arrays are collectible after startup (4.857602ms)
✔ discarded native transient promises and source arrays are collectible (3.662339ms)
✔ discarded native transient promises and mapped arrays are collectible (3.436556ms)
✔ borrowed mapped payloads are collectible while independent inspection frames survive (4.056382ms)
✔ transient owned source and mapped identities survive GC until reverse stage cleanup (5.625793ms)
✔ closing releases compacted frame payloads even when a dependency proxy is retained (5.339313ms)
✔ a ready borrowed projection drops its payload while pending source ownership and close admission survive (3.656091ms)
✔ current graph releases replaced factories, payloads, IDs and warmed ancestor wrappers (4.157845ms)
✔ contribution append and installation release earlier cached arrays and graph wrappers (4.384514ms)
✔ a private lexical reference intentionally retains an overridden factory (3.952939ms)
✔ symbol lookup remains functional on hosts that reject weak symbol keys (3.631033ms)
✔ Node disposes a deep ready graph in dependency order and only once (233.298173ms)
✔ Node admits a late acyclic edge and rejects a late cycle across a deep graph (179.153835ms)
✔ Node cold-resolves 1,000 raw named factories exactly once without increasing its stack (61.144524ms)
✔ Node cold-resolves 1,000 auto named factories exactly once without increasing its stack (58.153724ms)
✔ raw fast acquisition preserves unobserved thenable and promise identity and factory receiver (3.140373ms)
✔ raw scoped public reentrant creating cycles invoke the factory once (0.388244ms)
✔ raw transient public reentrant creating cycles invoke the factory once (0.238952ms)
✔ native transient ancestry rejects after-await cycles with the original label order (0.411971ms)
✔ ready borrowed transient proxies keep late cycle and root capture checks (0.682296ms)
✔ failed direct raw sources cannot use retained proxies during close (0.287007ms)
✔ failed direct auto sources cannot use retained proxies during close (0.166021ms)
ℹ tests 26
ℹ suites 0
ℹ pass 26
ℹ fail 0
ℹ cancelled 0
ℹ skipped 0
ℹ todo 0
ℹ duration_ms 633.769595
