✔ discarded raw transient arrays are collectible after resolve (8.595024ms)
✔ discarded raw transient arrays are collectible after alias (3.717943ms)
✔ discarded raw transient arrays are collectible after dependency (3.327724ms)
✔ discarded raw transient arrays are collectible after collection (2.730475ms)
✔ discarded raw transient arrays are collectible after startup (4.444575ms)
✔ discarded native transient promises and source arrays are collectible (3.550362ms)
✔ discarded native transient promises and mapped arrays are collectible (2.881253ms)
✔ borrowed mapped payloads are collectible while independent inspection frames survive (3.945325ms)
✔ transient owned source and mapped identities survive GC until reverse stage cleanup (5.098812ms)
✔ closing releases compacted frame payloads even when a dependency proxy is retained (5.11501ms)
✔ a ready borrowed projection drops its payload while pending source ownership and close admission survive (3.250341ms)
✔ current graph releases replaced factories, payloads, IDs and warmed ancestor wrappers (3.504355ms)
✔ contribution append and installation release earlier cached arrays and graph wrappers (3.986386ms)
✔ a private lexical reference intentionally retains an overridden factory (2.07247ms)
✔ symbol lookup remains functional on hosts that reject weak symbol keys (2.648889ms)
✔ removing the last lexical consumer releases displaced private targets and snapshots (2.416126ms)
✔ Node disposes a deep ready graph in dependency order and only once (205.249519ms)
✔ Node admits a late acyclic edge and rejects a late cycle across a deep graph (169.377157ms)
✔ Node cold-resolves 1,000 raw named factories exactly once without increasing its stack (56.869705ms)
✔ Node cold-resolves 1,000 auto named factories exactly once without increasing its stack (58.694927ms)
✔ raw fast acquisition preserves unobserved thenable and promise identity and factory receiver (5.564156ms)
✔ raw scoped public reentrant creating cycles invoke the factory once (0.403751ms)
✔ raw transient public reentrant creating cycles invoke the factory once (0.276865ms)
✔ native transient ancestry rejects after-await cycles with the original label order (0.422512ms)
✔ ready borrowed transient proxies keep late cycle and root capture checks (0.754342ms)
✔ failed direct raw sources cannot use retained proxies during close (0.262866ms)
✔ failed direct auto sources cannot use retained proxies during close (0.157302ms)
ℹ tests 27
ℹ suites 0
ℹ pass 27
ℹ fail 0
ℹ cancelled 0
ℹ skipped 0
ℹ todo 0
ℹ duration_ms 582.29372
