✔ discarded raw transient arrays are collectible after resolve (6.919742ms)
✔ discarded raw transient arrays are collectible after alias (3.047285ms)
✔ discarded raw transient arrays are collectible after dependency (2.897594ms)
✔ discarded raw transient arrays are collectible after collection (2.720725ms)
✔ discarded raw transient arrays are collectible after startup (4.492335ms)
✔ discarded native transient promises and source arrays are collectible (2.670245ms)
✔ discarded native transient promises and mapped arrays are collectible (3.027822ms)
✔ borrowed mapped payloads are collectible while independent inspection frames survive (3.841832ms)
✔ transient owned source and mapped identities survive GC until reverse stage cleanup (4.956959ms)
✔ closing releases compacted frame payloads even when a dependency proxy is retained (5.173406ms)
✔ a ready borrowed projection drops its payload while pending source ownership and close admission survive (3.4171ms)
✔ current graph releases replaced factories, payloads, IDs and warmed ancestor wrappers (3.61775ms)
✔ contribution append and installation release earlier cached arrays and graph wrappers (4.2459ms)
✔ a private lexical reference intentionally retains an overridden factory (2.20179ms)
✔ symbol lookup remains functional on hosts that reject weak symbol keys (2.64612ms)
✔ removing the last lexical consumer releases displaced private targets and snapshots (2.369591ms)
✔ Node disposes a deep ready graph in dependency order and only once (239.170265ms)
✔ Node admits a late acyclic edge and rejects a late cycle across a deep graph (173.68916ms)
✔ Node cold-resolves 1,000 raw named factories exactly once without increasing its stack (67.376958ms)
✔ Node cold-resolves 1,000 auto named factories exactly once without increasing its stack (54.741444ms)
✔ raw fast acquisition preserves unobserved thenable and promise identity and factory receiver (3.024072ms)
✔ raw scoped public reentrant creating cycles invoke the factory once (0.403012ms)
✔ raw transient public reentrant creating cycles invoke the factory once (0.268251ms)
✔ native transient ancestry rejects after-await cycles with the original label order (0.421232ms)
✔ ready borrowed transient proxies keep late cycle and root capture checks (0.655647ms)
✔ failed direct raw sources cannot use retained proxies during close (0.272963ms)
✔ failed direct auto sources cannot use retained proxies during close (0.161263ms)
ℹ tests 27
ℹ suites 0
ℹ pass 27
ℹ fail 0
ℹ cancelled 0
ℹ skipped 0
ℹ todo 0
ℹ duration_ms 622.798937
