✔ discarded raw transient arrays are collectible after resolve (6.555995ms)
✔ discarded raw transient arrays are collectible after alias (2.683951ms)
✔ discarded raw transient arrays are collectible after dependency (2.6882ms)
✔ discarded raw transient arrays are collectible after collection (2.421139ms)
✔ discarded raw transient arrays are collectible after startup (4.383381ms)
✔ discarded native transient promises and source arrays are collectible (3.126588ms)
✔ discarded native transient promises and mapped arrays are collectible (3.07854ms)
✔ borrowed mapped payloads are collectible while independent inspection frames survive (4.064864ms)
✔ transient owned source and mapped identities survive GC until reverse stage cleanup (4.928401ms)
✔ closing releases compacted frame payloads even when a dependency proxy is retained (5.46476ms)
✔ a ready borrowed projection drops its payload while pending source ownership and close admission survive (3.324421ms)
✔ current graph releases replaced factories, payloads, IDs and warmed ancestor wrappers (3.640911ms)
✔ contribution append and installation release earlier cached arrays and graph wrappers (5.164984ms)
✔ a private lexical reference intentionally retains an overridden factory (3.988637ms)
✔ symbol lookup remains functional on hosts that reject weak symbol keys (3.211747ms)
✖ removing the last lexical consumer releases displaced private targets and snapshots (23.49967ms)
✔ Node disposes a deep ready graph in dependency order and only once (220.262595ms)
✔ Node admits a late acyclic edge and rejects a late cycle across a deep graph (163.078578ms)
✔ Node cold-resolves 1,000 raw named factories exactly once without increasing its stack (56.162685ms)
✔ Node cold-resolves 1,000 auto named factories exactly once without increasing its stack (58.072363ms)
✔ raw fast acquisition preserves unobserved thenable and promise identity and factory receiver (4.2766ms)
✔ raw scoped public reentrant creating cycles invoke the factory once (0.588016ms)
✔ raw transient public reentrant creating cycles invoke the factory once (0.416972ms)
✔ native transient ancestry rejects after-await cycles with the original label order (0.691604ms)
✔ ready borrowed transient proxies keep late cycle and root capture checks (1.146546ms)
✔ failed direct raw sources cannot use retained proxies during close (0.446048ms)
✔ failed direct auto sources cannot use retained proxies during close (0.230412ms)
ℹ tests 27
ℹ suites 0
ℹ pass 26
ℹ fail 1
ℹ cancelled 0
ℹ skipped 0
ℹ todo 0
ℹ duration_ms 620.97645

✖ failing tests:

test at tests/graph-retention.node.mjs:80:1
✖ removing the last lexical consumer releases displaced private targets and snapshots (23.49967ms)
  AssertionError [ERR_ASSERTION]: obsolete graph objects remain reachable

  1 !== 0

      at collected (file:///tmp/di-bag-performance-integration/tests/graph-retention.node.mjs:14:10)
      at async TestContext.<anonymous> (file:///tmp/di-bag-performance-integration/tests/graph-retention.node.mjs:91:3)
      at async Test.run (node:internal/test_runner/test:1404:7)
      at async Test.processPendingSubtests (node:internal/test_runner/test:969:7) {
    generatedMessage: false,
    code: 'ERR_ASSERTION',
    actual: 1,
    expected: 0,
    operator: 'strictEqual',
    diff: 'simple'
  }
