✖ current graph releases replaced factories, payloads, IDs and warmed ancestor wrappers (29.840598ms)
✔ contribution append and installation release earlier cached arrays and graph wrappers (6.651841ms)
✔ a private lexical reference intentionally retains an overridden factory (2.364829ms)
ℹ tests 3
ℹ suites 0
ℹ pass 2
ℹ fail 1
ℹ cancelled 0
ℹ skipped 0
ℹ todo 0
ℹ duration_ms 52.966703

✖ failing tests:

test at tests/graph-retention.node.mjs:17:1
✖ current graph releases replaced factories, payloads, IDs and warmed ancestor wrappers (29.840598ms)
  AssertionError [ERR_ASSERTION]: obsolete graph objects remain reachable

  300 !== 0

      at collected (file:///tmp/di-bag-performance-integration/tests/graph-retention.node.mjs:14:10)
      at async TestContext.<anonymous> (file:///tmp/di-bag-performance-integration/tests/graph-retention.node.mjs:31:3)
      at async Test.run (node:internal/test_runner/test:1404:7)
      at async startSubtestAfterBootstrap (node:internal/test_runner/harness:387:3) {
    generatedMessage: false,
    code: 'ERR_ASSERTION',
    actual: 300,
    expected: 0,
    operator: 'strictEqual',
    diff: 'simple'
  }
