build-incremental 100 recorded
build-incremental 1000 recorded
build-incremental 5000 recorded
replace-history 100 recorded
replace-history 1000 recorded
replace-history 5000 recorded
scope-override 100 recorded
scope-override 1000 recorded
scope-override 5000 recorded
module-install 100 recorded
module-install 1000 recorded
module-install 5000 recorded
warm-proxy 100 recorded
warm-proxy 1000 recorded
warm-proxy 5000 recorded
bulk-strings 100 recorded
bulk-strings 1000 recorded
bulk-strings 5000 recorded
bulk-tokens 100 recorded
bulk-tokens 1000 recorded
bulk-tokens 5000 recorded
incremental-strings 100 recorded
incremental-strings 1000 recorded
incremental-strings 5000 recorded
incremental-tokens 100 recorded
incremental-tokens 1000 recorded
incremental-tokens 5000 recorded
replacement-memory 100 recorded
replacement-memory 1000 recorded
replacement-memory 5000 recorded
contribution-append 100 recorded
contribution-append 1000 recorded
contribution-append 5000 recorded
contribution-cached-memory 100 recorded
contribution-cached-memory 1000 recorded
contribution-cached-memory 5000 recorded
retained-versions 100 recorded
retained-versions 1000 recorded
retained-versions 5000 recorded
