
> di-bag@0.1.0 typecheck
> tsc6 -p tsconfig.json

tests/persistent-module.test.ts(9,38): error TS2345: Argument of type '{ [k: string]: () => number; }' is not assignable to parameter of type '{ [k: string]: () => number; } & Registrations & { readonly [errorBrand]: "factory dependencies must be finite string-keyed objects"; } & { tokens: string | number; }'.
  Property '[errorBrand]' is missing in type '{ [k: string]: () => number; }' but required in type '{ readonly [errorBrand]: "factory dependencies must be finite string-keyed objects"; }'.
tests/persistent-module.test.ts(12,3): error TS2322: Type '() => Generator<[any, any], void, unknown>' is not assignable to type '() => MapIterator<[any, any]>'.
  Call signature return types 'Generator<[any, any], void, unknown>' and 'MapIterator<[any, any]>' are incompatible.
    The types returned by 'next(...)' are incompatible between these types.
      Type 'IteratorResult<[any, any], void>' is not assignable to type 'IteratorResult<[any, any], undefined>' with 'exactOptionalPropertyTypes: true'. Consider adding 'undefined' to the types of the target's properties.
        Type 'IteratorReturnResult<void>' is not assignable to type 'IteratorResult<[any, any], undefined>'.
          Type 'IteratorReturnResult<void>' is not assignable to type 'IteratorReturnResult<undefined>'.
            Type 'void' is not assignable to type 'undefined'.
tests/persistent-module.test.ts(16,19): error TS2322: Type '() => number' is not assignable to type 'never'.
tests/persistent-module.test.ts(23,29): error TS2345: Argument of type 'symbol' is not assignable to parameter of type 'symbol & { readonly [errorBrand]: "token requires a singleton unique-symbol key"; }'.
  Type 'symbol' is not assignable to type '{ readonly [errorBrand]: "token requires a singleton unique-symbol key"; }'.
tests/persistent-module.test.ts(25,17): error TS2345: Argument of type 'Token<symbol, number>' is not assignable to parameter of type 'Token<symbol, number> & { readonly [errorBrand]: "tokens require a finite tuple of individually known token handles"; }'.
  Property '[errorBrand]' is missing in type 'Token<symbol, number>' but required in type '{ readonly [errorBrand]: "tokens require a finite tuple of individually known token handles"; }'.
tests/persistent-module.test.ts(26,45): error TS2769: No overload matches this call.
  Overload 1 of 2, '(key: "zebra", registration: ((() => number) & (Factory | DisposableFactory<Factory>)) & { readonly [errorBrand]: "collection token has an incompatible or opaque contract"; }): ModuleBuilder<...>', gave the following error.
    Argument of type '() => number' is not assignable to parameter of type '((() => number) & (Factory | DisposableFactory<Factory>)) & { readonly [errorBrand]: "collection token has an incompatible or opaque contract"; }'.
      Type '() => number' is not assignable to type '(() => number) & Factory & { readonly [errorBrand]: "collection token has an incompatible or opaque contract"; }'.
        Type '() => number' is not assignable to type '{ readonly [errorBrand]: "collection token has an incompatible or opaque contract"; }'.
  Overload 2 of 2, '(key: "zebra", registration: (() => number) & (Registration & { readonly [errorBrand]: "collection token has an incompatible or opaque contract"; })): ModuleBuilder<...>', gave the following error.
    Argument of type '() => number' is not assignable to parameter of type '(() => number) & (Registration & { readonly [errorBrand]: "collection token has an incompatible or opaque contract"; })'.
      Type '() => number' is not assignable to type '(() => number) & Factory & { readonly [errorBrand]: "collection token has an incompatible or opaque contract"; }'.
        Type '() => number' is not assignable to type '{ readonly [errorBrand]: "collection token has an incompatible or opaque contract"; }'.
tests/persistent-module.test.ts(26,69): error TS2345: Argument of type '"apple"' is not assignable to parameter of type '"apple" & { readonly [errorBrand]: "collection token has an incompatible or opaque contract"; }'.
  Type 'string' is not assignable to type '{ readonly [errorBrand]: "collection token has an incompatible or opaque contract"; }'.
tests/persistent-module.test.ts(26,89): error TS2345: Argument of type 'Token<symbol, number>' is not assignable to parameter of type 'Token<symbol, number> & { readonly [errorBrand]: "tokens require a finite tuple of individually known token handles"; }'.
  Property '[errorBrand]' is missing in type 'Token<symbol, number>' but required in type '{ readonly [errorBrand]: "tokens require a finite tuple of individually known token handles"; }'.
tests/persistent-module.test.ts(30,41): error TS2345: Argument of type 'Module<Pick<Provided<From<Entries<{ zebra: () => number; apple: () => number; }> | { key: unique symbol; registration: Binding<Token<unique symbol, number>, () => number>; }>>, unique symbol | ... 1 more ... | "apple">, Readonly<...>, { ...; } | Contribution<...>, ModulePublicProviders<...>>' is not assignable to parameter of type 'Module<Pick<Provided<From<Entries<{ zebra: () => number; apple: () => number; }> | { key: unique symbol; registration: Binding<Token<unique symbol, number>, () => number>; }>>, unique symbol | ... 1 more ... | "apple">, Readonly<...>, { ...; } | Contribution<...>, ModulePublicProviders<...>> & { ...; }'.
  Property '[errorBrand]' is missing in type 'Module<Pick<Provided<From<Entries<{ zebra: () => number; apple: () => number; }> | { key: unique symbol; registration: Binding<Token<unique symbol, number>, () => number>; }>>, unique symbol | ... 1 more ... | "apple">, Readonly<...>, { ...; } | Contribution<...>, ModulePublicProviders<...>>' but required in type '{ readonly [errorBrand]: "collection token has an incompatible or opaque contract"; }'.
tests/persistent-module.test.ts(31,39): error TS2345: Argument of type 'import("/tmp/di-bag-performance-integration/src/module").Module<import("/tmp/di-bag-performance-integration/src/module-types").Renamed<Pick<import("/tmp/di-bag-performance-integration/src/types").Provided<import("/tmp/di-bag-performance-integration/src/types").From<{ key: "apple"; registration: () => number; } | { k...' is not assignable to parameter of type 'import("/tmp/di-bag-performance-integration/src/module").Module<import("/tmp/di-bag-performance-integration/src/module-types").Renamed<Pick<import("/tmp/di-bag-performance-integration/src/types").Provided<import("/tmp/di-bag-performance-integration/src/types").From<{ key: "apple"; registration: () => number; } | { k...'.
  Property '[errorBrand]' is missing in type 'Module<Renamed<Pick<Provided<From<{ key: "apple"; registration: () => number; } | { key: unique symbol; registration: Binding<Token<unique symbol, number>, () => number>; } | { key: "zebra"; registration: () => number; } | { ...; }>>, "alias" | ... 2 more ... | "apple">, "zebra", "renamed">, Readonly<...>, { ...; } ...' but required in type '{ readonly [errorBrand]: "collection token has an incompatible or opaque contract"; }'.
tests/persistent-module.test.ts(33,29): error TS2345: Argument of type 'Token<symbol, number>' is not assignable to parameter of type 'never'.
  The intersection 'Token<symbol, number> & { readonly [errorBrand]: "tokens require a finite tuple of individually known token handles"; } & { readonly [errorBrand]: "collection token has an incompatible or opaque contract"; }' was reduced to 'never' because property '[errorBrand]' has conflicting types in some constituents.
tests/persistent-module.test.ts(37,27): error TS2345: Argument of type 'Token<symbol, number>' is not assignable to parameter of type 'never'.
  The intersection 'Token<symbol, number> & { readonly [errorBrand]: "tokens require a finite tuple of individually known token handles"; } & { readonly [errorBrand]: "collection token has an incompatible or opaque contract"; }' was reduced to 'never' because property '[errorBrand]' has conflicting types in some constituents.
