{"case": "baseline-classic-500-chained", "status": 0, "accepted": true, "instantiations": 14782360}
{"case": "candidate-classic-500-chained", "status": 0, "accepted": true, "instantiations": 14414026}
{"case": "baseline-native-500-chained", "status": 0, "accepted": true, "instantiations": 14767400}
{"case": "candidate-native-500-chained", "status": 0, "accepted": true, "instantiations": 14399056}
{"case": "baseline-classic-500-replacement", "status": 0, "accepted": true, "instantiations": 27951123}
{"case": "candidate-classic-500-replacement", "status": 0, "accepted": true, "instantiations": 27940071}
{"case": "baseline-native-500-replacement", "status": 0, "accepted": true, "instantiations": 27936952}
{"case": "candidate-native-500-replacement", "status": 0, "accepted": true, "instantiations": 27925787}
{"case": "baseline-classic-500-bindings", "status": 0, "accepted": true, "instantiations": 26136168}
{"case": "candidate-classic-500-bindings", "status": 0, "accepted": true, "instantiations": 23629621}
{"case": "baseline-native-500-bindings", "status": 0, "accepted": true, "instantiations": 26084086}
{"case": "candidate-native-500-bindings", "status": 0, "accepted": true, "instantiations": 23577427}
{"case": "baseline-classic-500-modules", "status": 0, "accepted": true, "instantiations": 38959250}
{"case": "candidate-classic-500-modules", "status": 0, "accepted": true, "instantiations": 35708698}
{"case": "baseline-native-500-modules", "status": 0, "accepted": true, "instantiations": 38946551}
{"case": "candidate-native-500-modules", "status": 0, "accepted": true, "instantiations": 35695884}
{"case": "candidate-classic-1000-chained", "status": 1, "accepted": false, "instantiations": null}
{"case": "candidate-native-1000-chained", "status": 1, "accepted": false, "instantiations": null}
{"case": "candidate-classic-1000-replacement", "status": 1, "accepted": false, "instantiations": null}
{"case": "candidate-native-1000-replacement", "status": 1, "accepted": false, "instantiations": null}
{"case": "candidate-classic-1000-bindings", "status": 1, "accepted": false, "instantiations": 86774309}
{"case": "candidate-native-1000-bindings", "status": 1, "accepted": false, "instantiations": 86664305}
{"case": "candidate-classic-1000-modules", "status": 1, "accepted": false, "instantiations": null}
{"case": "candidate-native-1000-modules", "status": 1, "accepted": false, "instantiations": 135790811}
