bun test v1.4.0 (34cbb9a40)

tests/package.test.ts:
(pass) standalone archive contains root and node entries without removed adapters [0.22ms]
(pass) feature library inferred token exports survive declaration emission [1896.92ms]
(pass) classic installed commonjs archive rejects removed box package entry points [29.18ms]
(pass) classic installed commonjs archive returns the full adversarial oracle [53.77ms]
(pass) Node commonjs consumers can resolve and dispose through the public package [92.30ms]
(pass) Node commonjs observes local and foreign native subclass state directly [49.52ms]
(pass) TypeScript commonjs consumers can use the emitted declarations [960.13ms]
(pass) TypeScript commonjs emitted provider contracts: plugins.ts [691.82ms]
(pass) TypeScript commonjs emitted provider contracts: negative/plugins.ts [668.94ms]
(pass) TypeScript commonjs emitted provider contracts: observers.ts [639.64ms]
(pass) TypeScript commonjs emitted provider contracts: negative/observers.ts [620.78ms]
(pass) TypeScript commonjs emitted provider contracts: contributions.ts [858.77ms]
(pass) TypeScript commonjs emitted provider contracts: negative/contributions.ts [1088.94ms]
(pass) TypeScript commonjs emitted provider contracts: aliases.ts [1067.93ms]
(pass) TypeScript commonjs emitted provider contracts: negative/aliases.ts [1224.95ms]
(pass) TypeScript commonjs emitted provider contracts: dependency-references.ts [822.04ms]
(pass) TypeScript commonjs emitted provider contracts: negative/dependency-references.ts [977.80ms]
(pass) TypeScript commonjs emitted provider contracts: composition-adapters.ts [695.99ms]
(pass) TypeScript commonjs emitted provider contracts: negative/composition-adapters.ts [719.89ms]
(pass) TypeScript commonjs emitted provider contracts: selected-scopes.ts [703.23ms]
(pass) TypeScript commonjs emitted provider contracts: negative/selected-scopes.ts [876.05ms]
(pass) TypeScript commonjs emitted provider contracts: acquisition-mode.ts [637.63ms]
(pass) TypeScript commonjs emitted provider contracts: negative/acquisition-mode.ts [642.27ms]
(pass) TypeScript commonjs emitted provider contracts: scopes.ts [631.07ms]
(pass) TypeScript commonjs emitted provider contracts: negative/scopes.ts [694.17ms]
(pass) TypeScript commonjs emitted provider contracts: lifetimes.ts [772.72ms]
(pass) TypeScript commonjs emitted provider contracts: negative/lifetimes.ts [1047.27ms]
(pass) TypeScript commonjs emitted provider contracts: tokens.ts [697.13ms]
(pass) TypeScript commonjs emitted provider contracts: negative/tokens.ts [862.29ms]
(pass) TypeScript commonjs emitted provider contracts: negative/token-modules.ts [695.97ms]
(pass) TypeScript commonjs emitted provider contracts: token-contracts.ts [688.47ms]
(pass) TypeScript commonjs emitted provider contracts: negative/token-contracts.ts [681.98ms]
(pass) TypeScript commonjs emitted provider contracts: providers.ts [830.94ms]
(pass) TypeScript commonjs emitted provider contracts: replacement-context.ts [911.97ms]
(pass) TypeScript commonjs emitted provider contracts: negative/replacement-context.ts [905.55ms]
(pass) TypeScript commonjs emitted provider contracts: negative/provider-boundaries.ts [843.36ms]
(pass) TypeScript commonjs emitted provider contracts: negative/provider-module-metadata.ts [728.70ms]
(pass) TypeScript commonjs emitted provider contracts: negative/provider-projections.ts [715.11ms]
(pass) classic installed module archive rejects removed box package entry points [28.43ms]
(pass) classic installed module archive returns the full adversarial oracle [59.83ms]
(pass) Node module consumers can resolve and dispose through the public package [91.31ms]
(pass) Node module observes local and foreign native subclass state directly [54.35ms]
(pass) TypeScript module consumers can use the emitted declarations [881.34ms]
(pass) TypeScript module emitted provider contracts: plugins.ts [696.74ms]
(pass) TypeScript module emitted provider contracts: negative/plugins.ts [706.04ms]
(pass) TypeScript module emitted provider contracts: observers.ts [658.78ms]
(pass) TypeScript module emitted provider contracts: negative/observers.ts [649.23ms]
(pass) TypeScript module emitted provider contracts: contributions.ts [849.45ms]
(pass) TypeScript module emitted provider contracts: negative/contributions.ts [1088.20ms]
(pass) TypeScript module emitted provider contracts: aliases.ts [844.50ms]
(pass) TypeScript module emitted provider contracts: negative/aliases.ts [1049.71ms]
(pass) TypeScript module emitted provider contracts: dependency-references.ts [749.35ms]
(pass) TypeScript module emitted provider contracts: negative/dependency-references.ts [881.14ms]
(pass) TypeScript module emitted provider contracts: composition-adapters.ts [671.57ms]
(pass) TypeScript module emitted provider contracts: negative/composition-adapters.ts [679.11ms]
(pass) TypeScript module emitted provider contracts: selected-scopes.ts [722.65ms]
(pass) TypeScript module emitted provider contracts: negative/selected-scopes.ts [861.76ms]
(pass) TypeScript module emitted provider contracts: acquisition-mode.ts [694.23ms]
(pass) TypeScript module emitted provider contracts: negative/acquisition-mode.ts [846.65ms]
(pass) TypeScript module emitted provider contracts: scopes.ts [768.72ms]
(pass) TypeScript module emitted provider contracts: negative/scopes.ts [831.62ms]
(pass) TypeScript module emitted provider contracts: lifetimes.ts [901.32ms]
(pass) TypeScript module emitted provider contracts: negative/lifetimes.ts [1166.61ms]
(pass) TypeScript module emitted provider contracts: tokens.ts [779.51ms]
(pass) TypeScript module emitted provider contracts: negative/tokens.ts [853.87ms]
(pass) TypeScript module emitted provider contracts: negative/token-modules.ts [728.03ms]
(pass) TypeScript module emitted provider contracts: token-contracts.ts [689.31ms]
(pass) TypeScript module emitted provider contracts: negative/token-contracts.ts [699.73ms]
(pass) TypeScript module emitted provider contracts: providers.ts [758.31ms]
(pass) TypeScript module emitted provider contracts: replacement-context.ts [772.12ms]
(pass) TypeScript module emitted provider contracts: negative/replacement-context.ts [779.04ms]
(pass) TypeScript module emitted provider contracts: negative/provider-boundaries.ts [694.89ms]
(pass) TypeScript module emitted provider contracts: negative/provider-module-metadata.ts [677.14ms]
(pass) TypeScript module emitted provider contracts: negative/provider-projections.ts [712.70ms]
(pass) unchecked Bag construction is rejected through di-bag [604.76ms]
(pass) unchecked Bag construction is rejected through ../src/di-bag [981.92ms]
(pass) unchecked Module construction is rejected through di-bag [707.75ms]
(pass) unchecked Module construction is rejected through ../src/module [965.62ms]
(pass) unchecked Provider construction is rejected through di-bag [652.78ms]
(pass) unchecked Provider construction is rejected through ../src/provider [585.65ms]
(pass) unchecked Token construction is rejected through di-bag [702.08ms]
(pass) unchecked Token construction is rejected through ../src/tokens [547.18ms]

tests/native-package.test.ts:
(pass) native installed contracts and physical downstream declarations from classic6 [57942.22ms]
(pass) native installed contracts and physical downstream declarations from native7 [41538.20ms]

tests/token-package.test.ts:
(pass) installed node cjs facade shares core tokens, modes and acquisition metadata [39.03ms]
(pass) installed node mjs facade shares core tokens, modes and acquisition metadata [37.18ms]
(pass) installed bun cjs facade shares core tokens, modes and acquisition metadata [30.83ms]
(pass) installed bun mjs facade shares core tokens, modes and acquisition metadata [21.99ms]
(pass) installed token composition crosses Node commonjs and the other loader [58.14ms]
(pass) installed commonjs token-modules declaration survives emission and unchanged consumption [1540.07ms]
(pass) installed commonjs incremental-modules declaration survives emission and unchanged consumption [1465.76ms]
(pass) installed commonjs replacement-reflection declaration survives emission and unchanged consumption [1527.79ms]
(pass) installed token composition crosses Node module and the other loader [43.06ms]
(pass) installed module token-modules declaration survives emission and unchanged consumption [1398.45ms]
(pass) installed module incremental-modules declaration survives emission and unchanged consumption [1360.38ms]
(pass) installed module replacement-reflection declaration survives emission and unchanged consumption [1472.82ms]

 96 pass
 0 fail
 1782 expect() calls
Ran 96 tests across 3 files. [171.03s]
