bun test v1.4.0 (34cbb9a40)

tests/native-replacement-diagnostics.test.ts:
(pass) native replacement diagnostics retain every useful primary and supplemental message [1487.32ms]
(pass) strict replacement audit requires useful primary text at its own region [0.29ms]
(pass) strict replacement audit requires exact supplemental code and text [0.26ms]
(pass) replacement audit keeps its ten source fixtures independent of native gap comments [0.09ms]
(pass) replacement audit rejects a fixture when its marker and invalid expression both disappear [0.15ms]

tests/incremental-scale.test.ts:
(pass) incremental compiler work: 100 named additions [1638.71ms]
(pass) incremental compiler work: 100 named replacements [1774.11ms]
(pass) incremental compiler work: 100 token bindings [2060.46ms]

tests/types.test.ts:
(pass) observers retain exact inferred cross-file contracts [1030.90ms]
(pass) plugins retain exact inferred cross-file contracts [781.26ms]
(pass) final adversarial integration retains exact inferred cross-file contracts [627.34ms]
(pass) contributions retain exact inferred cross-file contracts [787.44ms]
(pass) aliases retain exact inferred cross-file contracts [809.80ms]
(pass) dependency references retain exact inferred cross-file contracts [656.62ms]
(pass) composition adapters retain exact inferred cross-file contracts [575.38ms]
(pass) selected scopes retain exact inferred cross-file contracts [580.48ms]
(pass) startup and contextual providers retain exact inferred cross-file contracts [532.92ms]
(pass) lifetime declarations retain exact inferred cross-file contracts [656.22ms]
(pass) lifetimes inferred exports survive declaration consumption [1720.49ms]
(pass) composition-adapters inferred exports survive declaration consumption [1581.39ms]
(pass) dependency-references inferred exports survive declaration consumption [1479.31ms]
(pass) aliases inferred exports survive declaration consumption [1661.00ms]
(pass) contributions inferred exports survive declaration consumption [1790.01ms]
(pass) observers inferred exports survive declaration consumption [1669.20ms]
(pass) plugins inferred exports survive declaration consumption [1427.07ms]
(pass) final-adversarial-integration inferred exports survive declaration consumption [1425.34ms]
(pass) acquisition modes retain exact acquired values across inferred exports [668.64ms]
(pass) token modules preserve exact cross-file contracts [657.88ms]
(pass) public token composition preserves exact outputs and frames [711.86ms]
(pass) token contracts preserve exact identities and provider graphs [662.81ms]
(pass) replacement context preserves exact contracts from surviving consumers [751.28ms]
(pass) incremental checks preserve forward, replacement and frame contracts [703.74ms]
(pass) incremental projection candidates preserve replacement and resolved contracts [643.95ms]
(pass) incremental module installation preserves private, forward, and token contracts [654.87ms]
(pass) incremental module declarations retain exact results and token outputs [653.52ms]
(pass) builder views preserve exact accepted registration histories [593.52ms]
(pass) supported replacement wrappers and reflected methods stay exact and non-any [649.06ms]
(pass) replacement reflection preserves utility soundness and module history [628.62ms]
(pass) modern inline inference retains exact contracts [651.98ms]
(pass) native acquisition metadata preserves exact outputs, requirements and frames [656.05ms]
(pass) typed provider metadata survives checked composition and inspection [705.60ms]
(pass) named modules preserve contracts across a file boundary [671.49ms]
(pass) valid composition preserves inferred values and explicit promise edges [571.80ms]
(pass) registration boundaries preserve selected keys and exact factory types [629.24ms]
(pass) scope preserves exact inferred contracts across a source boundary [582.70ms]
(pass) inline method-returning factories preserve exact types: add [572.17ms]
(pass) inline method-returning factories preserve exact types: fork [599.29ms]
(pass) inline method-returning factories preserve exact types: disposal [581.27ms]
(pass) type rejection: provider-boundaries.ts [669.91ms]
(pass) type rejection: acquisition-mode.ts [582.00ms]
(pass) type rejection: object-registrations.ts [585.04ms]
(pass) type rejection: fork-dependency-shape.ts [590.41ms]
(pass) type rejection: inline-wrong-shape.ts [579.51ms]
(pass) type rejection: observers.ts [579.90ms]
(pass) type rejection: wrong-shape.ts [571.09ms]
(pass) type rejection: tokens.ts [798.88ms]
(pass) type rejection: primitive-parameter.ts [576.20ms]
(pass) type rejection: union-replace.ts [609.06ms]
(pass) type rejection: replacement-wrong-shape.ts [591.75ms]
(pass) type rejection: missing.ts [602.23ms]
(pass) type rejection: module-private.ts [811.89ms]
(pass) type rejection: module-narrowing.ts [955.65ms]
(pass) type rejection: forward-wrong-shape.ts [692.84ms]
(pass) type rejection: fork-explicit-generics.ts [705.94ms]
(pass) type rejection: callable-parameter.ts [667.53ms]
(pass) type rejection: indexed-registrations.ts [636.01ms]
(pass) type rejection: acquisition-metadata.ts [661.18ms]
(pass) type rejection: incremental.ts [752.78ms]
(pass) type rejection: aliases.ts [1009.36ms]
(pass) type rejection: incremental-modules.ts [649.85ms]
(pass) type rejection: selected-scopes.ts [860.82ms]
(pass) type rejection: object-overrides.ts [614.60ms]
(pass) type rejection: token-modules.ts [668.30ms]
(pass) type rejection: provider-unions.ts [635.57ms]
(pass) type rejection: inline-replacement-wrong-shape.ts [635.58ms]
(pass) type rejection: prototype-registrations.ts [616.30ms]
(pass) type rejection: modern-inline.ts [642.66ms]
(pass) type rejection: fork-missing.ts [627.60ms]
(pass) type rejection: inline-fork-wrong-shape.ts [651.33ms]
(pass) type rejection: final-adversarial-integration.ts [663.81ms]
(pass) type rejection: module-rename.ts [640.25ms]
(pass) type rejection: token-contracts.ts [695.14ms]
(pass) type rejection: module-missing.ts [620.14ms]
(pass) type rejection: module-hidden-private-needs.ts [642.19ms]
(pass) type rejection: duplicate-add.ts [602.57ms]
(pass) type rejection: module-exports.ts [600.38ms]
(pass) type rejection: fork-selection.ts [671.89ms]
(pass) type rejection: inline-fork-missing.ts [636.09ms]
(pass) type rejection: optional-parameter.ts [608.29ms]
(pass) type rejection: plugins.ts [620.73ms]
(pass) type rejection: incremental-projections.ts [620.40ms]
(pass) type rejection: replacement-context.ts [776.73ms]
(pass) type rejection: module-wrong-shape.ts [620.18ms]
(pass) type rejection: spread-disposal.ts [582.66ms]
(pass) type rejection: symbol-dependency.ts [579.36ms]
(pass) type rejection: template-dependencies.ts [636.62ms]
(pass) type rejection: lifetimes.ts [997.79ms]
(pass) type rejection: replacement-views.ts [598.24ms]
(pass) type rejection: boolean-registrations.ts [590.36ms]
(pass) type rejection: fork-wrong-shape.ts [642.77ms]
(pass) type rejection: replacement-reflection.ts [618.43ms]
(pass) type rejection: disposable-missing.ts [575.29ms]
(pass) type rejection: template-registrations.ts [579.77ms]
(pass) type rejection: required-this.ts [655.84ms]
(pass) type rejection: inline-fork-dependency-shape.ts [603.10ms]
(pass) type rejection: disposer-wrong-shape.ts [569.36ms]
(pass) type rejection: async-resolve.ts [572.81ms]
(pass) type rejection: provider-projections.ts [698.45ms]
(pass) type rejection: composition-adapters.ts [900.84ms]
(pass) type rejection: inline-fork-extra.ts [748.34ms]
(pass) type rejection: async-dependency.ts [699.89ms]
(pass) type rejection: scopes.ts [719.50ms]
(pass) type rejection: disposer-promise.ts [670.13ms]
(pass) type rejection: inline-forward-wrong-shape.ts [636.43ms]
(pass) type rejection: union-parameter.ts [621.01ms]
(pass) type rejection: dependency-references.ts [919.87ms]
(pass) type rejection: startup.ts [665.34ms]
(pass) type rejection: invalid-registration.ts [644.68ms]
(pass) type rejection: provider-module-metadata.ts [663.52ms]
(pass) type rejection: fork-extra.ts [609.81ms]
(pass) type rejection: inline-missing.ts [662.91ms]
(pass) type rejection: builder-views.ts [717.77ms]
(pass) type rejection: contributions.ts [1080.67ms]

 123 pass
 0 fail
 502 expect() calls
Ran 123 tests across 3 files. [91.48s]
