
> di-bag@0.1.0 docs:check
> node --test --test-isolation=none tools/docs/test/*.test.mjs && node tools/docs/generate.mjs --check && node tools/docs/site.mjs check

[info] Loaded plugin typedoc-plugin-markdown
[info] Loaded plugin typedoc-vitepress-theme
[info] Loaded plugin typedoc-plugin-markdown
[info] Loaded plugin typedoc-vitepress-theme
[info] markdown generated at /tmp/di-bag-exact-rendering-RniC6C/reference
✔ coverage includes native metadata decorators and type-only callables (156.45084ms)
✔ coverage rejects a generator that silently drops a public export (151.761173ms)
✔ coverage rejects missing overloads even when the exported name survives (172.146217ms)
✔ compiler declarations retain syntax that TypeDoc reflections cannot represent (0.457182ms)
✔ canonical signatures are followed by comment-only parameter details (0.129173ms)
✔ source declarations preserve aliases and property modifiers exactly (0.184485ms)
✔ type-only function exports are described without inventing a type alias (0.161474ms)
✔ hosted Markdown links stay local, while repository files link to GitHub (0.86762ms)
✔ generated reference drift detects new, modified, and obsolete files (8.501515ms)
✔ rendered-site checks catch broken fragments and incorrect Pages asset paths (1.552748ms)
✔ rendered declarations accept members and reject malformed type syntax (1.940089ms)
ℹ tests 11
ℹ suites 0
ℹ pass 11
ℹ fail 0
ℹ cancelled 0
ℹ skipped 0
ℹ todo 0
ℹ duration_ms 2676.433384
[info] Loaded plugin typedoc-plugin-markdown
[info] Loaded plugin typedoc-vitepress-theme
[info] markdown generated at /tmp/di-bag-api-McF88X/reference
Generated API Markdown is current; all entry points and callable overloads are covered.
Prepared 109 Markdown pages; repository-only links point to GitHub.
