bun test v1.4.0 (34cbb9a40)

tests/package.test.ts:
(pass) standalone archive contains root and node entries without removed adapters [0.26ms]
(pass) feature library inferred token exports survive declaration emission [1916.44ms]
(pass) classic installed commonjs archive rejects removed box package entry points [27.24ms]
(pass) classic installed commonjs archive returns the full adversarial oracle [56.76ms]
(pass) Node commonjs consumers can resolve and dispose through the public package [90.35ms]
(pass) Node commonjs observes local and foreign native subclass state directly [45.69ms]
(pass) TypeScript commonjs consumers can use the emitted declarations [962.32ms]
(pass) TypeScript commonjs emitted provider contracts: plugins.ts [695.67ms]
(pass) TypeScript commonjs emitted provider contracts: negative/plugins.ts [657.04ms]
(pass) TypeScript commonjs emitted provider contracts: observers.ts [634.69ms]
(pass) TypeScript commonjs emitted provider contracts: negative/observers.ts [620.76ms]
(pass) TypeScript commonjs emitted provider contracts: contributions.ts [841.36ms]
(pass) TypeScript commonjs emitted provider contracts: negative/contributions.ts [1116.37ms]
(pass) TypeScript commonjs emitted provider contracts: aliases.ts [1032.90ms]
(pass) TypeScript commonjs emitted provider contracts: negative/aliases.ts [1316.18ms]
(pass) TypeScript commonjs emitted provider contracts: dependency-references.ts [817.04ms]
(pass) TypeScript commonjs emitted provider contracts: negative/dependency-references.ts [930.01ms]
(pass) TypeScript commonjs emitted provider contracts: composition-adapters.ts [736.58ms]
(pass) TypeScript commonjs emitted provider contracts: negative/composition-adapters.ts [699.29ms]
(pass) TypeScript commonjs emitted provider contracts: selected-scopes.ts [715.45ms]
(pass) TypeScript commonjs emitted provider contracts: negative/selected-scopes.ts [925.72ms]
(pass) TypeScript commonjs emitted provider contracts: acquisition-mode.ts [634.33ms]
(pass) TypeScript commonjs emitted provider contracts: negative/acquisition-mode.ts [617.95ms]
(pass) TypeScript commonjs emitted provider contracts: scopes.ts [675.54ms]
(pass) TypeScript commonjs emitted provider contracts: negative/scopes.ts [701.33ms]
(pass) TypeScript commonjs emitted provider contracts: lifetimes.ts [759.94ms]
(pass) TypeScript commonjs emitted provider contracts: negative/lifetimes.ts [1048.74ms]
(pass) TypeScript commonjs emitted provider contracts: tokens.ts [856.40ms]
(pass) TypeScript commonjs emitted provider contracts: negative/tokens.ts [981.82ms]
(pass) TypeScript commonjs emitted provider contracts: negative/token-modules.ts [835.42ms]
(pass) TypeScript commonjs emitted provider contracts: token-contracts.ts [679.42ms]
(pass) TypeScript commonjs emitted provider contracts: negative/token-contracts.ts [744.04ms]
(pass) TypeScript commonjs emitted provider contracts: providers.ts [789.45ms]
(pass) TypeScript commonjs emitted provider contracts: replacement-context.ts [772.04ms]
(pass) TypeScript commonjs emitted provider contracts: negative/replacement-context.ts [787.56ms]
(pass) TypeScript commonjs emitted provider contracts: negative/provider-boundaries.ts [775.18ms]
(pass) TypeScript commonjs emitted provider contracts: negative/provider-module-metadata.ts [706.43ms]
(pass) TypeScript commonjs emitted provider contracts: negative/provider-projections.ts [676.65ms]
(pass) classic installed module archive rejects removed box package entry points [29.65ms]
(pass) classic installed module archive returns the full adversarial oracle [57.45ms]
(pass) Node module consumers can resolve and dispose through the public package [81.04ms]
(pass) Node module observes local and foreign native subclass state directly [47.88ms]
(pass) TypeScript module consumers can use the emitted declarations [880.74ms]
(pass) TypeScript module emitted provider contracts: plugins.ts [675.21ms]
(pass) TypeScript module emitted provider contracts: negative/plugins.ts [688.45ms]
(pass) TypeScript module emitted provider contracts: observers.ts [678.09ms]
(pass) TypeScript module emitted provider contracts: negative/observers.ts [590.84ms]
(pass) TypeScript module emitted provider contracts: contributions.ts [825.12ms]
(pass) TypeScript module emitted provider contracts: negative/contributions.ts [1093.83ms]
(pass) TypeScript module emitted provider contracts: aliases.ts [882.63ms]
(pass) TypeScript module emitted provider contracts: negative/aliases.ts [1086.39ms]
(pass) TypeScript module emitted provider contracts: dependency-references.ts [880.94ms]
(pass) TypeScript module emitted provider contracts: negative/dependency-references.ts [1055.02ms]
(pass) TypeScript module emitted provider contracts: composition-adapters.ts [745.72ms]
(pass) TypeScript module emitted provider contracts: negative/composition-adapters.ts [719.02ms]
(pass) TypeScript module emitted provider contracts: selected-scopes.ts [769.57ms]
(pass) TypeScript module emitted provider contracts: negative/selected-scopes.ts [912.27ms]
(pass) TypeScript module emitted provider contracts: acquisition-mode.ts [701.98ms]
(pass) TypeScript module emitted provider contracts: negative/acquisition-mode.ts [644.92ms]
(pass) TypeScript module emitted provider contracts: scopes.ts [677.80ms]
(pass) TypeScript module emitted provider contracts: negative/scopes.ts [703.42ms]
(pass) TypeScript module emitted provider contracts: lifetimes.ts [816.31ms]
(pass) TypeScript module emitted provider contracts: negative/lifetimes.ts [1043.05ms]
(pass) TypeScript module emitted provider contracts: tokens.ts [741.91ms]
(pass) TypeScript module emitted provider contracts: negative/tokens.ts [847.04ms]
(pass) TypeScript module emitted provider contracts: negative/token-modules.ts [708.00ms]
(pass) TypeScript module emitted provider contracts: token-contracts.ts [680.63ms]
(pass) TypeScript module emitted provider contracts: negative/token-contracts.ts [725.51ms]
(pass) TypeScript module emitted provider contracts: providers.ts [807.32ms]
(pass) TypeScript module emitted provider contracts: replacement-context.ts [747.54ms]
(pass) TypeScript module emitted provider contracts: negative/replacement-context.ts [788.10ms]
(pass) TypeScript module emitted provider contracts: negative/provider-boundaries.ts [881.09ms]
(pass) TypeScript module emitted provider contracts: negative/provider-module-metadata.ts [815.54ms]
(pass) TypeScript module emitted provider contracts: negative/provider-projections.ts [813.87ms]
(pass) unchecked Bag construction is rejected through di-bag [654.37ms]
(pass) unchecked Bag construction is rejected through ../src/di-bag [1066.17ms]
(pass) unchecked Module construction is rejected through di-bag [671.16ms]
(pass) unchecked Module construction is rejected through ../src/module [995.94ms]
(pass) unchecked Provider construction is rejected through di-bag [653.53ms]
(pass) unchecked Provider construction is rejected through ../src/provider [579.38ms]
(pass) unchecked Token construction is rejected through di-bag [672.66ms]
(pass) unchecked Token construction is rejected through ../src/tokens [557.03ms]

tests/native-package.test.ts:
(pass) native installed contracts and physical downstream declarations from classic6 [58374.56ms]
(pass) native installed contracts and physical downstream declarations from native7 [41762.28ms]

tests/token-package.test.ts:
(pass) installed node cjs facade shares core tokens, modes and acquisition metadata [42.75ms]
(pass) installed node mjs facade shares core tokens, modes and acquisition metadata [36.41ms]
(pass) installed bun cjs facade shares core tokens, modes and acquisition metadata [31.47ms]
(pass) installed bun mjs facade shares core tokens, modes and acquisition metadata [17.59ms]
(pass) installed token composition crosses Node commonjs and the other loader [44.96ms]
(pass) installed commonjs token-modules declaration survives emission and unchanged consumption [1446.71ms]
(pass) installed commonjs incremental-modules declaration survives emission and unchanged consumption [1479.05ms]
(pass) installed commonjs replacement-reflection declaration survives emission and unchanged consumption [1550.89ms]
(pass) installed token composition crosses Node module and the other loader [42.92ms]
(pass) installed module token-modules declaration survives emission and unchanged consumption [1426.40ms]
(pass) installed module incremental-modules declaration survives emission and unchanged consumption [1364.58ms]
(pass) installed module replacement-reflection declaration survives emission and unchanged consumption [1523.62ms]

 96 pass
 0 fail
 1782 expect() calls
Ran 96 tests across 3 files. [172.17s]
