bun test v1.4.0 (34cbb9a40)

tests/native-replacement-diagnostics.test.ts:
(pass) native replacement diagnostics retain every useful primary and supplemental message [1286.58ms]
(pass) strict replacement audit requires useful primary text at its own region [0.22ms]
(pass) strict replacement audit requires exact supplemental code and text [0.18ms]
(pass) replacement audit keeps its ten source fixtures independent of native gap comments [0.06ms]
(pass) replacement audit rejects a fixture when its marker and invalid expression both disappear [0.09ms]

tests/native-compiler.test.ts:
(pass) parser retains real native multiline diagnostics, positions and metrics [0.08ms]
(pass) parser exposes configuration errors, TS2589 and unknown output [0.04ms]
(pass) source marker gate rejects wrong file, region, message, TS2589 and unmatched cascades [0.14ms]
(pass) verified native executable checks real nonempty valid and invalid projects [708.65ms]
(pass) native small control bulk valid [139.33ms]
(pass) native small control bulk missing [141.86ms]
(pass) native small control bindings valid [512.54ms]
(pass) native small control bindings missing-final-token [527.62ms]
(pass) native compiler completes 1000 dependent token bindings within the original limits [26338.05ms]

tests/incremental-scale.test.ts:
(pass) incremental compiler work: 100 named additions [1614.54ms]
(pass) incremental compiler work: 100 named replacements [1827.85ms]
(pass) incremental compiler work: 100 token bindings [2059.95ms]

tests/types.test.ts:
(pass) observers retain exact inferred cross-file contracts [1055.13ms]
(pass) plugins retain exact inferred cross-file contracts [785.65ms]
(pass) final adversarial integration retains exact inferred cross-file contracts [621.54ms]
(pass) contributions retain exact inferred cross-file contracts [778.24ms]
(pass) aliases retain exact inferred cross-file contracts [799.41ms]
(pass) dependency references retain exact inferred cross-file contracts [652.26ms]
(pass) composition adapters retain exact inferred cross-file contracts [571.30ms]
(pass) selected scopes retain exact inferred cross-file contracts [607.73ms]
(pass) startup and contextual providers retain exact inferred cross-file contracts [561.21ms]
(pass) lifetime declarations retain exact inferred cross-file contracts [894.43ms]
(pass) lifetimes inferred exports survive declaration consumption [1808.93ms]
(pass) composition-adapters inferred exports survive declaration consumption [1471.66ms]
(pass) dependency-references inferred exports survive declaration consumption [1466.39ms]
(pass) aliases inferred exports survive declaration consumption [1726.43ms]
(pass) contributions inferred exports survive declaration consumption [1997.09ms]
(pass) observers inferred exports survive declaration consumption [1553.98ms]
(pass) plugins inferred exports survive declaration consumption [1410.39ms]
(pass) final-adversarial-integration inferred exports survive declaration consumption [1441.17ms]
(pass) acquisition modes retain exact acquired values across inferred exports [687.87ms]
(pass) token modules preserve exact cross-file contracts [657.77ms]
(pass) public token composition preserves exact outputs and frames [743.82ms]
(pass) token contracts preserve exact identities and provider graphs [652.27ms]
(pass) replacement context preserves exact contracts from surviving consumers [765.08ms]
(pass) incremental checks preserve forward, replacement and frame contracts [685.34ms]
(pass) incremental projection candidates preserve replacement and resolved contracts [646.17ms]
(pass) incremental module installation preserves private, forward, and token contracts [668.91ms]
(pass) incremental module declarations retain exact results and token outputs [641.17ms]
(pass) builder views preserve exact accepted registration histories [625.65ms]
(pass) supported replacement wrappers and reflected methods stay exact and non-any [660.31ms]
(pass) replacement reflection preserves utility soundness and module history [639.74ms]
(pass) modern inline inference retains exact contracts [668.07ms]
(pass) native acquisition metadata preserves exact outputs, requirements and frames [607.72ms]
(pass) typed provider metadata survives checked composition and inspection [803.27ms]
(pass) named modules preserve contracts across a file boundary [751.04ms]
(pass) valid composition preserves inferred values and explicit promise edges [690.78ms]
(pass) registration boundaries preserve selected keys and exact factory types [711.12ms]
(pass) scope preserves exact inferred contracts across a source boundary [637.13ms]
(pass) inline method-returning factories preserve exact types: add [610.96ms]
(pass) inline method-returning factories preserve exact types: fork [874.55ms]
(pass) inline method-returning factories preserve exact types: disposal [763.14ms]
(pass) type rejection: provider-boundaries.ts [817.65ms]
(pass) type rejection: acquisition-mode.ts [698.13ms]
(pass) type rejection: object-registrations.ts [652.70ms]
(pass) type rejection: fork-dependency-shape.ts [658.98ms]
(pass) type rejection: inline-wrong-shape.ts [646.47ms]
(pass) type rejection: observers.ts [633.52ms]
(pass) type rejection: wrong-shape.ts [626.28ms]
(pass) type rejection: tokens.ts [895.47ms]
(pass) type rejection: primitive-parameter.ts [618.56ms]
(pass) type rejection: union-replace.ts [671.04ms]
(pass) type rejection: replacement-wrong-shape.ts [601.00ms]
(pass) type rejection: missing.ts [629.37ms]
(pass) type rejection: module-private.ts [627.21ms]
(pass) type rejection: module-narrowing.ts [795.60ms]
(pass) type rejection: forward-wrong-shape.ts [628.59ms]
(pass) type rejection: fork-explicit-generics.ts [627.84ms]
(pass) type rejection: callable-parameter.ts [599.95ms]
(pass) type rejection: indexed-registrations.ts [627.69ms]
(pass) type rejection: acquisition-metadata.ts [658.19ms]
(pass) type rejection: incremental.ts [755.79ms]
(pass) type rejection: aliases.ts [988.60ms]
(pass) type rejection: incremental-modules.ts [671.39ms]
(pass) type rejection: selected-scopes.ts [940.54ms]
(pass) type rejection: object-overrides.ts [626.67ms]
(pass) type rejection: token-modules.ts [887.69ms]
(pass) type rejection: provider-unions.ts [715.54ms]
(pass) type rejection: inline-replacement-wrong-shape.ts [734.88ms]
(pass) type rejection: prototype-registrations.ts [653.20ms]
(pass) type rejection: modern-inline.ts [680.09ms]
(pass) type rejection: fork-missing.ts [675.31ms]
(pass) type rejection: inline-fork-wrong-shape.ts [676.98ms]
(pass) type rejection: final-adversarial-integration.ts [669.87ms]
(pass) type rejection: module-rename.ts [731.23ms]
(pass) type rejection: token-contracts.ts [896.61ms]
(pass) type rejection: module-missing.ts [629.36ms]
(pass) type rejection: module-hidden-private-needs.ts [648.65ms]
(pass) type rejection: duplicate-add.ts [605.31ms]
(pass) type rejection: module-exports.ts [643.02ms]
(pass) type rejection: fork-selection.ts [730.81ms]
(pass) type rejection: inline-fork-missing.ts [649.68ms]
(pass) type rejection: optional-parameter.ts [619.22ms]
(pass) type rejection: plugins.ts [651.64ms]
(pass) type rejection: incremental-projections.ts [669.49ms]
(pass) type rejection: replacement-context.ts [792.88ms]
(pass) type rejection: module-wrong-shape.ts [633.83ms]
(pass) type rejection: spread-disposal.ts [636.03ms]
(pass) type rejection: symbol-dependency.ts [609.15ms]
(pass) type rejection: template-dependencies.ts [611.57ms]
(pass) type rejection: lifetimes.ts [1286.61ms]
(pass) type rejection: replacement-views.ts [771.34ms]
(pass) type rejection: boolean-registrations.ts [691.45ms]
(pass) type rejection: fork-wrong-shape.ts [699.47ms]
(pass) type rejection: replacement-reflection.ts [736.97ms]
(pass) type rejection: disposable-missing.ts [642.70ms]
(pass) type rejection: template-registrations.ts [648.52ms]
(pass) type rejection: required-this.ts [670.07ms]
(pass) type rejection: inline-fork-dependency-shape.ts [647.83ms]
(pass) type rejection: disposer-wrong-shape.ts [634.99ms]
(pass) type rejection: async-resolve.ts [665.87ms]
(pass) type rejection: provider-projections.ts [698.27ms]
(pass) type rejection: composition-adapters.ts [680.86ms]
(pass) type rejection: inline-fork-extra.ts [630.88ms]
(pass) type rejection: async-dependency.ts [622.36ms]
(pass) type rejection: scopes.ts [681.61ms]
(pass) type rejection: disposer-promise.ts [603.07ms]
(pass) type rejection: inline-forward-wrong-shape.ts [621.98ms]
(pass) type rejection: union-parameter.ts [630.02ms]
(pass) type rejection: dependency-references.ts [896.36ms]
(pass) type rejection: startup.ts [647.78ms]
(pass) type rejection: invalid-registration.ts [606.19ms]
(pass) type rejection: provider-module-metadata.ts [652.42ms]
(pass) type rejection: fork-extra.ts [603.65ms]
(pass) type rejection: inline-missing.ts [607.61ms]
(pass) type rejection: builder-views.ts [890.37ms]
(pass) type rejection: contributions.ts [1241.68ms]

 132 pass
 0 fail
 540 expect() calls
Ran 132 tests across 4 files. [123.31s]
