bun test v1.4.0 (34cbb9a40)

tests/types.test.ts:
138 |     ts.flattenDiagnosticMessageText(error.messageText, '\n'))).toEqual([]);
139 | });
140 |
141 | test('replacement reflection preserves utility soundness and module history', () => {
142 |   expect(diagnostics(resolve(__dirname, 'types/replacement-reflection.ts')).map(error =>
143 |     ts.flattenDiagnosticMessageText(error.messageText, '\n'))).toEqual([]);
                                                                     ^
error: expect(received).toEqual(expected)

- []
+ [
+   "Type 'false' does not satisfy the constraint 'true'.",
+   "Type 'false' does not satisfy the constraint 'true'.",
+   "Type 'false' does not satisfy the constraint 'true'.",
+
+ "The 'this' context of type 'Builder<{ key: string; registration: Registration; }, NeedConstraint>' is not assignable to method's 'this' of type 'Builder<{ key: string; registration: Registration; }, NeedConstraint> & { readonly [errorBrand]: "missing factories"; } & { ...; } & { ...; }'.
+   Property '[errorBrand]' is missing in type 'Builder<{ key: string; registration: Registration; }, NeedConstraint>' but required in type '{ readonly [errorBrand]: "missing factories"; }'."
+ ,
+   "Type 'false' does not satisfy the constraint 'true'.",
+ ]

- Expected  - 1
+ Received  + 10

      at <anonymous> (/tmp/di-bag-native-diag-task1-candidate.wKSZeB/tests/types.test.ts:143:64)
(fail) replacement reflection preserves utility soundness and module history [944.62ms]
207 |     expect(expected.length).toBeGreaterThan(0);
208 |     const errors = diagnostics(path);
209 |     expect(errors.length).toBeGreaterThan(0);
210 |     expect(errors.every((error) => error.file?.fileName === path)).toBe(true);
211 |     const matched = matchDiagnosticMarkers(source, path, errors.map(describeDiagnostic));
212 |     expect(matched.missing).toEqual([]); expect(matched.unexpected).toEqual([]);
                                  ^
error: expect(received).toEqual(expected)

- []
+ [
+   {
+     "code": undefined,
+     "end": 13,
+     "line": 8,
+     "message": "is not assignable to type",
+     "supplemental": false,
+   },
+   {
+     "code": undefined,
+     "end": Infinity,
+     "line": 22,
+     "message": "Type 'number' is not assignable to type 'string'.",
+     "supplemental": false,
+   },
+ ]

- Expected  - 1
+ Received  + 16

      at <anonymous> (/tmp/di-bag-native-diag-task1-candidate.wKSZeB/tests/types.test.ts:212:29)
(fail) type rejection: replacement-reflection.ts [730.55ms]

 0 pass
 110 filtered out
 2 fail
 5 expect() calls
Ran 2 tests across 1 file. [1.83s]
