checkpoint e29de571c8750b956ca09eb1a845f0b848c74a4a

RED: flock -x /tmp/di-bag-compiler-heavy.lock bun test tests/native-replacement-diagnostics.test.ts --timeout 120000
exit 1
4 pass
1 fail
25 expect() calls
failure: native replacement diagnostics retain every useful primary and supplemental message; Expected true, Received false

candidate-direct classic focused gate
exit 0
9 pass
0 fail
21 expect() calls

candidate-direct native focused controls
exit 0
{"positiveFixtures":7,"positiveDiagnostics":0,"negativeFixtures":3,"negativeExpected":53,"negativeMatched":53,"missing":0,"unexpected":0,"checked":true}

candidate-direct strict native audit
exit 1
{"accepted":false,"missingPrimary":1,"primaryExpected":95,"primaryMatched":94,"supplementalExpected":1,"supplementalMatched":1,"unexpected":1}
{"fixture":"negative/union-replace.ts","line":8,"column":17,"code":2769,"message":"No overload matches this call.\n  The last overload gave the following error.\n    Argument of type '\"a\" | \"b\"' is not assignable to parameter of type '(\"a\" | \"b\") & NoInfer<InvalidReplacement<\"a\" | \"b\">>'.\n      Type '\"a\"' is not assignable to type '(\"a\" | \"b\") & NoInfer<InvalidReplacement<\"a\" | \"b\">>'."}
missing marker: line 6 through 9, replace requires one existing singleton string-literal key

candidate-indexed-state classic focused gate
exit 0
9 pass
0 fail
21 expect() calls

candidate-indexed-state native focused controls
exit 0
{"positiveFixtures":7,"positiveDiagnostics":0,"negativeFixtures":3,"negativeExpected":53,"negativeMatched":53,"missing":0,"unexpected":0,"checked":true}

candidate-indexed-state strict native audit
exit 1
{"accepted":false,"missingPrimary":1,"primaryExpected":95,"primaryMatched":94,"supplementalExpected":1,"supplementalMatched":1,"unexpected":1}
{"fixture":"negative/union-replace.ts","line":8,"column":17,"code":2769,"message":"No overload matches this call.\n  The last overload gave the following error.\n    Argument of type '\"a\" | \"b\"' is not assignable to parameter of type '(\"a\" | \"b\") & NoInfer<InvalidReplacement<\"a\" | \"b\">>'.\n      Type '\"a\"' is not assignable to type '(\"a\" | \"b\") & NoInfer<InvalidReplacement<\"a\" | \"b\">>'."}
missing marker: line 6 through 9, replace requires one existing singleton string-literal key

minimal FunctionMatch/indexed-state native reproduction
exit 0 (runner requires one checked diagnostic)
{"checked":true,"status":1,"diagnostics":[{"line":44,"column":17,"code":2769,"message":"No overload matches this call.\n  The last overload gave the following error.\n    Argument of type '\"a\" | \"b\"' is not assignable to parameter of type '(\"a\" | \"b\") & NoInfer<InvalidReplacement<\"a\" | \"b\">>'.\n      Type '\"a\"' is not assignable to type '(\"a\" | \"b\") & NoInfer<InvalidReplacement<\"a\" | \"b\">>'."}]}

patch replay
git apply --check task-2-candidate-direct.patch: exit 0
git apply task-2-candidate-direct.patch followed by git apply --check task-2-candidate-indexed-state.patch: exit 0

final unchanged production focused gate
exit 0
13 pass
0 fail
45 expect() calls

final unchanged production strict native audit
exit 1 (the expected open-parity result)
{"accepted":false,"missingPrimary":27,"primaryExpected":95,"primaryMatched":68,"supplementalExpected":1,"supplementalMatched":1,"unexpected":27,"checkedProcesses":10}
