bun test v1.4.0 (34cbb9a40)

tests/native-diagnostic-markers.test.ts:
(pass) known native overload rejection retains its unmet useful requirement separately [0.85ms]
(pass) native gap rejects unknown declaration [0.05ms]
(pass) native gap rejects malformed declaration [0.03ms]
(pass) native gap rejects duplicate declaration [0.12ms]
(pass) native gap rejects misplaced declaration [0.02ms]
(pass) native gap rejects not adjacent [0.05ms]
(pass) native gap rejects stale declaration [0.02ms]
(pass) native gap rejects wrong code [0.02ms]
(pass) native gap rejects wrong full message [0.02ms]
(pass) native gap rejects wrong file [0.01ms]
(pass) native gap rejects wrong region [0.11ms]
(pass) native gap rejects absent error [0.03ms]
(pass) native gap rejects TS2589 [0.02ms]
(pass) native gap rejects duplicate error [0.02ms]
(pass) native gap rejects unrelated extra [0.01ms]
(pass) native gap rejects no declaration [0.02ms]
(pass) native gap cannot replace a supplemental expectation [0.11ms]
(pass) union and open-template fingerprints require their own exact declarations [0.18ms]
(pass) native gap cannot satisfy a different primary even when that primary matches its fingerprint [0.07ms]

tests/incremental-scale.test.ts:
(pass) incremental compiler work: 100 named additions [1776.56ms]
(pass) incremental compiler work: 100 token bindings [2310.77ms]

tests/types.test.ts:
(pass) observers retain exact inferred cross-file contracts [1074.52ms]
(pass) plugins retain exact inferred cross-file contracts [963.22ms]
(pass) contributions retain exact inferred cross-file contracts [930.67ms]
(pass) aliases retain exact inferred cross-file contracts [915.57ms]
(pass) dependency references retain exact inferred cross-file contracts [684.52ms]
(pass) composition adapters retain exact inferred cross-file contracts [523.73ms]
(pass) selected scopes retain exact inferred cross-file contracts [612.22ms]
(pass) startup and contextual providers retain exact inferred cross-file contracts [531.32ms]
(pass) lifetime declarations retain exact inferred cross-file contracts [721.59ms]
(pass) lifetimes inferred exports survive declaration consumption [1530.21ms]
(pass) composition-adapters inferred exports survive declaration consumption [1142.83ms]
(pass) dependency-references inferred exports survive declaration consumption [1227.97ms]
(pass) aliases inferred exports survive declaration consumption [1720.05ms]
(pass) contributions inferred exports survive declaration consumption [1968.21ms]
(pass) observers inferred exports survive declaration consumption [1422.43ms]
(pass) plugins inferred exports survive declaration consumption [1300.05ms]
(pass) acquisition modes retain exact acquired values across inferred exports [558.28ms]
(pass) token modules preserve exact cross-file contracts [577.62ms]
(pass) public token composition preserves exact outputs and frames [600.40ms]
(pass) token contracts preserve exact identities and provider graphs [600.80ms]
(pass) replacement context preserves exact contracts from surviving consumers [662.35ms]
(pass) incremental checks preserve forward, replacement and frame contracts [570.09ms]
(pass) incremental projection candidates preserve replacement and resolved contracts [547.11ms]
(pass) incremental module installation preserves private, forward, and token contracts [531.00ms]
(pass) incremental module declarations retain exact results and token outputs [607.26ms]
(pass) builder views preserve exact accepted registration histories [628.79ms]
(pass) supported replacement wrappers and reflected methods stay exact and non-any [574.15ms]
(pass) replacement reflection preserves utility soundness and module history [500.49ms]
(pass) modern inline inference retains exact contracts [504.10ms]
(pass) box adapters preserve exact modes, requirements and frames [620.86ms]
(pass) typed provider metadata survives checked composition and inspection [636.09ms]
(pass) named modules preserve contracts across a file boundary [578.27ms]
(pass) valid composition preserves inferred values and explicit promise edges [483.24ms]
(pass) registration boundaries preserve selected keys and exact factory types [534.27ms]
(pass) scope preserves exact inferred contracts across a source boundary [571.88ms]
(pass) inline method-returning factories preserve exact types: add [494.68ms]
(pass) inline method-returning factories preserve exact types: fork [502.86ms]
(pass) inline method-returning factories preserve exact types: disposal [477.31ms]
(pass) type rejection: provider-boundaries.ts [540.86ms]
(pass) type rejection: acquisition-mode.ts [513.45ms]
(pass) type rejection: object-registrations.ts [530.11ms]
(pass) type rejection: fork-dependency-shape.ts [587.26ms]
(pass) type rejection: inline-wrong-shape.ts [499.84ms]
(pass) type rejection: observers.ts [463.78ms]
(pass) type rejection: wrong-shape.ts [462.36ms]
(pass) type rejection: tokens.ts [779.03ms]
(pass) type rejection: primitive-parameter.ts [499.27ms]
(pass) type rejection: union-replace.ts [522.59ms]
(pass) type rejection: replacement-wrong-shape.ts [485.45ms]
(pass) type rejection: missing.ts [463.78ms]
(pass) type rejection: module-private.ts [602.99ms]
(pass) type rejection: module-narrowing.ts [683.04ms]
(pass) type rejection: forward-wrong-shape.ts [458.73ms]
(pass) type rejection: fork-explicit-generics.ts [457.86ms]
(pass) type rejection: callable-parameter.ts [452.34ms]
(pass) type rejection: indexed-registrations.ts [498.06ms]
(pass) type rejection: incremental.ts [674.59ms]
(pass) type rejection: aliases.ts [839.52ms]
(pass) type rejection: incremental-modules.ts [480.52ms]
(pass) type rejection: selected-scopes.ts [712.63ms]
(pass) type rejection: object-overrides.ts [518.22ms]
(pass) type rejection: token-modules.ts [566.94ms]
(pass) type rejection: provider-unions.ts [521.86ms]
(pass) type rejection: inline-replacement-wrong-shape.ts [487.65ms]
(pass) type rejection: prototype-registrations.ts [471.99ms]
(pass) type rejection: modern-inline.ts [516.28ms]
(pass) type rejection: fork-missing.ts [536.76ms]
(pass) type rejection: inline-fork-wrong-shape.ts [584.47ms]
(pass) type rejection: module-rename.ts [513.81ms]
(pass) type rejection: token-contracts.ts [547.21ms]
(pass) type rejection: module-missing.ts [484.12ms]
(pass) type rejection: module-hidden-private-needs.ts [536.01ms]
(pass) type rejection: duplicate-add.ts [490.28ms]
(pass) type rejection: module-exports.ts [492.07ms]
(pass) type rejection: fork-selection.ts [547.82ms]
(pass) type rejection: inline-fork-missing.ts [503.45ms]
(pass) type rejection: optional-parameter.ts [490.45ms]
(pass) type rejection: plugins.ts [553.54ms]
(pass) type rejection: incremental-projections.ts [514.81ms]
(pass) type rejection: replacement-context.ts [588.94ms]
(pass) type rejection: module-wrong-shape.ts [498.63ms]
(pass) type rejection: spread-disposal.ts [487.74ms]
(pass) type rejection: symbol-dependency.ts [530.82ms]
(pass) type rejection: template-dependencies.ts [477.12ms]
(pass) type rejection: lifetimes.ts [889.04ms]
(pass) type rejection: replacement-views.ts [522.41ms]
(pass) type rejection: boolean-registrations.ts [477.30ms]
(pass) type rejection: fork-wrong-shape.ts [620.41ms]
(pass) type rejection: replacement-reflection.ts [547.55ms]
(pass) type rejection: disposable-missing.ts [456.06ms]
(pass) type rejection: template-registrations.ts [465.51ms]
(pass) type rejection: required-this.ts [511.77ms]
(pass) type rejection: inline-fork-dependency-shape.ts [525.72ms]
(pass) type rejection: disposer-wrong-shape.ts [490.13ms]
(pass) type rejection: async-resolve.ts [453.50ms]
(pass) type rejection: box-adapters.ts [514.89ms]
(pass) type rejection: provider-projections.ts [527.58ms]
(pass) type rejection: composition-adapters.ts [535.96ms]
(pass) type rejection: inline-fork-extra.ts [527.51ms]
(pass) type rejection: async-dependency.ts [472.62ms]
(pass) type rejection: scopes.ts [541.51ms]
(pass) type rejection: disposer-promise.ts [467.60ms]
(pass) type rejection: inline-forward-wrong-shape.ts [491.43ms]
(pass) type rejection: union-parameter.ts [498.33ms]
(pass) type rejection: dependency-references.ts [780.31ms]
(pass) type rejection: startup.ts [507.81ms]
(pass) type rejection: invalid-registration.ts [478.73ms]
(pass) type rejection: provider-module-metadata.ts [530.54ms]
(pass) type rejection: fork-extra.ts [573.61ms]
(pass) type rejection: inline-missing.ts [546.78ms]
(pass) type rejection: builder-views.ts [536.84ms]
(pass) type rejection: contributions.ts [882.88ms]

 133 pass
 0 fail
 482 expect() calls
Ran 133 tests across 3 files. [73.92s]
