bun test v1.4.0 (34cbb9a40)

tests/package.test.ts:
(pass) feature library inferred token exports survive declaration emission [2076.68ms]
(pass) Node commonjs consumers can resolve and dispose through the public package [85.50ms]
(pass) Node commonjs observes local and foreign native subclass state directly [33.17ms]
(pass) TypeScript commonjs consumers can use the emitted declarations [1117.96ms]
(pass) TypeScript commonjs emitted provider contracts: plugins.ts [782.37ms]
(pass) TypeScript commonjs emitted provider contracts: negative/plugins.ts [761.78ms]
(pass) TypeScript commonjs emitted provider contracts: observers.ts [714.27ms]
(pass) TypeScript commonjs emitted provider contracts: negative/observers.ts [666.36ms]
(pass) TypeScript commonjs emitted provider contracts: contributions.ts [1002.14ms]
(pass) TypeScript commonjs emitted provider contracts: negative/contributions.ts [1151.71ms]
(pass) TypeScript commonjs emitted provider contracts: aliases.ts [969.38ms]
(pass) TypeScript commonjs emitted provider contracts: negative/aliases.ts [1137.88ms]
(pass) TypeScript commonjs emitted provider contracts: dependency-references.ts [761.19ms]
(pass) TypeScript commonjs emitted provider contracts: negative/dependency-references.ts [989.61ms]
(pass) TypeScript commonjs emitted provider contracts: composition-adapters.ts [675.87ms]
(pass) TypeScript commonjs emitted provider contracts: negative/composition-adapters.ts [733.75ms]
(pass) TypeScript commonjs emitted provider contracts: selected-scopes.ts [723.60ms]
(pass) TypeScript commonjs emitted provider contracts: negative/selected-scopes.ts [1031.46ms]
(pass) TypeScript commonjs emitted provider contracts: acquisition-mode.ts [902.78ms]
(pass) TypeScript commonjs emitted provider contracts: negative/acquisition-mode.ts [868.41ms]
(pass) TypeScript commonjs emitted provider contracts: scopes.ts [771.74ms]
(pass) TypeScript commonjs emitted provider contracts: negative/scopes.ts [773.41ms]
(pass) TypeScript commonjs emitted provider contracts: lifetimes.ts [906.47ms]
(pass) TypeScript commonjs emitted provider contracts: negative/lifetimes.ts [1131.34ms]
(pass) TypeScript commonjs emitted provider contracts: tokens.ts [854.98ms]
(pass) TypeScript commonjs emitted provider contracts: negative/tokens.ts [980.83ms]
(pass) TypeScript commonjs emitted provider contracts: negative/token-modules.ts [778.40ms]
(pass) TypeScript commonjs emitted provider contracts: token-contracts.ts [728.69ms]
(pass) TypeScript commonjs emitted provider contracts: negative/token-contracts.ts [760.84ms]
(pass) TypeScript commonjs emitted provider contracts: providers.ts [883.70ms]
(pass) TypeScript commonjs emitted provider contracts: replacement-context.ts [1073.88ms]
(pass) TypeScript commonjs emitted provider contracts: negative/replacement-context.ts [1067.08ms]
(pass) TypeScript commonjs emitted provider contracts: negative/provider-boundaries.ts [899.30ms]
(pass) TypeScript commonjs emitted provider contracts: negative/provider-module-metadata.ts [816.29ms]
(pass) TypeScript commonjs emitted provider contracts: negative/provider-projections.ts [798.45ms]
(pass) Node module consumers can resolve and dispose through the public package [93.85ms]
(pass) Node module observes local and foreign native subclass state directly [51.53ms]
(pass) TypeScript module consumers can use the emitted declarations [1012.55ms]
(pass) TypeScript module emitted provider contracts: plugins.ts [787.84ms]
(pass) TypeScript module emitted provider contracts: negative/plugins.ts [762.56ms]
(pass) TypeScript module emitted provider contracts: observers.ts [724.36ms]
(pass) TypeScript module emitted provider contracts: negative/observers.ts [703.21ms]
(pass) TypeScript module emitted provider contracts: contributions.ts [979.51ms]
(pass) TypeScript module emitted provider contracts: negative/contributions.ts [1235.31ms]
(pass) TypeScript module emitted provider contracts: aliases.ts [1013.99ms]
(pass) TypeScript module emitted provider contracts: negative/aliases.ts [1198.97ms]
(pass) TypeScript module emitted provider contracts: dependency-references.ts [789.60ms]
(pass) TypeScript module emitted provider contracts: negative/dependency-references.ts [996.84ms]
(pass) TypeScript module emitted provider contracts: composition-adapters.ts [760.71ms]
(pass) TypeScript module emitted provider contracts: negative/composition-adapters.ts [763.68ms]
(pass) TypeScript module emitted provider contracts: selected-scopes.ts [986.29ms]
(pass) TypeScript module emitted provider contracts: negative/selected-scopes.ts [1169.58ms]
(pass) TypeScript module emitted provider contracts: acquisition-mode.ts [832.13ms]
(pass) TypeScript module emitted provider contracts: negative/acquisition-mode.ts [792.12ms]
(pass) TypeScript module emitted provider contracts: scopes.ts [779.24ms]
(pass) TypeScript module emitted provider contracts: negative/scopes.ts [851.77ms]
(pass) TypeScript module emitted provider contracts: lifetimes.ts [1001.94ms]
(pass) TypeScript module emitted provider contracts: negative/lifetimes.ts [1209.98ms]
(pass) TypeScript module emitted provider contracts: tokens.ts [850.11ms]
(pass) TypeScript module emitted provider contracts: negative/tokens.ts [954.36ms]
(pass) TypeScript module emitted provider contracts: negative/token-modules.ts [769.95ms]
(pass) TypeScript module emitted provider contracts: token-contracts.ts [755.30ms]
(pass) TypeScript module emitted provider contracts: negative/token-contracts.ts [759.27ms]
(pass) TypeScript module emitted provider contracts: providers.ts [896.81ms]
(pass) TypeScript module emitted provider contracts: replacement-context.ts [846.39ms]
(pass) TypeScript module emitted provider contracts: negative/replacement-context.ts [838.20ms]
(pass) TypeScript module emitted provider contracts: negative/provider-boundaries.ts [854.84ms]
(pass) TypeScript module emitted provider contracts: negative/provider-module-metadata.ts [707.10ms]
(pass) TypeScript module emitted provider contracts: negative/provider-projections.ts [750.30ms]
(pass) unchecked Bag construction is rejected through di-bag [737.62ms]
(pass) unchecked Bag construction is rejected through ../src/di-bag [987.54ms]
(pass) unchecked Module construction is rejected through di-bag [725.04ms]
(pass) unchecked Module construction is rejected through ../src/module [1038.49ms]
(pass) unchecked Provider construction is rejected through di-bag [698.86ms]
(pass) unchecked Provider construction is rejected through ../src/provider [662.15ms]
(pass) unchecked Token construction is rejected through di-bag [730.43ms]
(pass) unchecked Token construction is rejected through ../src/tokens [631.15ms]

 77 pass
 0 fail
 495 expect() calls
Ran 77 tests across 1 file. [66.35s]
