bun test v1.4.0 (34cbb9a40)

tests/box-package.test.ts:
(pass) installed replacement module support compiles through the public archive [1113.30ms]
(pass) real fixtures retain the verified archive hashes [0.22ms]
(pass) packed core runs with neither box installed and no runtime adapter import [49.17ms]
(pass) installed real boxes compose in Node commonjs and share cross-loader descriptors [39.20ms]
(pass) installed commonjs modern inline declarations survive emission and unchanged consumption [1786.35ms]
(pass) installed commonjs declaration contracts: plugins.ts [821.27ms]
(pass) installed commonjs declaration contracts: negative/plugins.ts [798.69ms]
(pass) installed commonjs declaration contracts: observers.ts [634.63ms]
(pass) installed commonjs declaration contracts: negative/observers.ts [681.31ms]
(pass) installed commonjs declaration contracts: contributions.ts [881.98ms]
(pass) installed commonjs declaration contracts: negative/contributions.ts [1195.56ms]
(pass) installed commonjs declaration contracts: aliases.ts [953.96ms]
(pass) installed commonjs declaration contracts: negative/aliases.ts [1125.63ms]
(pass) installed commonjs declaration contracts: dependency-references.ts [790.17ms]
(pass) installed commonjs declaration contracts: negative/dependency-references.ts [946.41ms]
(pass) installed commonjs declaration contracts: composition-adapters.ts [763.06ms]
(pass) installed commonjs declaration contracts: negative/composition-adapters.ts [1049.61ms]
(pass) installed commonjs declaration contracts: selected-scopes.ts [957.75ms]
(pass) installed commonjs declaration contracts: negative/selected-scopes.ts [1116.63ms]
(pass) installed commonjs declaration contracts: startup.ts [884.68ms]
(pass) installed commonjs declaration contracts: negative/startup.ts [861.91ms]
(pass) installed commonjs declaration contracts: acquisition-mode.ts [704.93ms]
(pass) installed commonjs declaration contracts: negative/acquisition-mode.ts [682.84ms]
(pass) installed commonjs declaration contracts: scopes.ts [749.77ms]
(pass) installed commonjs declaration contracts: negative/scopes.ts [772.74ms]
(pass) installed commonjs declaration contracts: lifetimes.ts [887.76ms]
(pass) installed commonjs declaration contracts: negative/lifetimes.ts [1104.60ms]
(pass) installed commonjs declaration contracts: tokens.ts [826.87ms]
(pass) installed commonjs declaration contracts: negative/tokens.ts [912.93ms]
(pass) installed commonjs declaration contracts: negative/token-modules.ts [743.86ms]
(pass) installed commonjs declaration contracts: token-contracts.ts [702.73ms]
(pass) installed commonjs declaration contracts: negative/token-contracts.ts [807.36ms]
(pass) installed commonjs declaration contracts: box-adapters.ts [727.76ms]
(pass) installed commonjs declaration contracts: negative/box-adapters.ts [684.46ms]
(pass) installed commonjs declaration contracts: negative/provider-unions.ts [727.21ms]
(pass) installed commonjs declaration contracts: incremental.ts [792.62ms]
(pass) installed commonjs declaration contracts: negative/incremental.ts [824.81ms]
(pass) installed commonjs declaration contracts: incremental-modules.ts [661.92ms]
(pass) installed commonjs declaration contracts: negative/incremental-modules.ts [679.20ms]
(pass) installed commonjs declaration contracts: builder-views.ts [715.35ms]
(pass) installed commonjs declaration contracts: negative/builder-views.ts [816.41ms]
(pass) installed commonjs declaration contracts: modern-inline.ts [731.90ms]
(pass) installed commonjs declaration contracts: negative/modern-inline.ts [682.31ms]
(pass) installed commonjs declaration contracts: real [684.50ms]
(pass) installed commonjs declaration contracts: replacement-supported.ts [855.96ms]
(pass) installed commonjs declaration contracts: negative/replacement-views.ts [737.29ms]
(pass) installed commonjs declaration contracts: replacement-context.ts [743.89ms]
(pass) installed commonjs declaration contracts: replacement-reflection.ts [731.48ms]
(pass) installed commonjs declaration contracts: negative/replacement-reflection.ts [843.72ms]
(pass) installed commonjs declaration contracts: negative/inline-replacement-wrong-shape.ts [676.90ms]
(pass) installed commonjs declaration contracts: negative/module-hidden-private-needs.ts [690.84ms]
(pass) installed commonjs declaration contracts: negative/module-narrowing.ts [915.95ms]
(pass) installed commonjs declaration contracts: negative/module-rename.ts [678.22ms]
(pass) installed commonjs declaration contracts: negative/provider-boundaries.ts [750.60ms]
(pass) installed commonjs declaration contracts: negative/replacement-context.ts [771.83ms]
(pass) installed commonjs declaration contracts: negative/replacement-wrong-shape.ts [656.63ms]
(pass) installed commonjs declaration contracts: negative/required-this.ts [724.49ms]
(pass) installed commonjs declaration contracts: negative/union-replace.ts [702.39ms]
(pass) installed real boxes compose in Node module and share cross-loader descriptors [44.62ms]
(pass) installed module modern inline declarations survive emission and unchanged consumption [1844.47ms]
(pass) installed module declaration contracts: plugins.ts [833.04ms]
(pass) installed module declaration contracts: negative/plugins.ts [820.13ms]
(pass) installed module declaration contracts: observers.ts [718.50ms]
(pass) installed module declaration contracts: negative/observers.ts [721.72ms]
(pass) installed module declaration contracts: contributions.ts [1051.83ms]
(pass) installed module declaration contracts: negative/contributions.ts [1304.53ms]
(pass) installed module declaration contracts: aliases.ts [1000.25ms]
(pass) installed module declaration contracts: negative/aliases.ts [1232.33ms]
(pass) installed module declaration contracts: dependency-references.ts [901.41ms]
(pass) installed module declaration contracts: negative/dependency-references.ts [971.50ms]
(pass) installed module declaration contracts: composition-adapters.ts [696.71ms]
(pass) installed module declaration contracts: negative/composition-adapters.ts [768.65ms]
(pass) installed module declaration contracts: selected-scopes.ts [749.46ms]
(pass) installed module declaration contracts: negative/selected-scopes.ts [982.36ms]
(pass) installed module declaration contracts: startup.ts [806.95ms]
(pass) installed module declaration contracts: negative/startup.ts [751.24ms]
(pass) installed module declaration contracts: acquisition-mode.ts [714.56ms]
(pass) installed module declaration contracts: negative/acquisition-mode.ts [707.83ms]
(pass) installed module declaration contracts: scopes.ts [702.98ms]
(pass) installed module declaration contracts: negative/scopes.ts [747.15ms]
(pass) installed module declaration contracts: lifetimes.ts [938.70ms]
(pass) installed module declaration contracts: negative/lifetimes.ts [1124.59ms]
(pass) installed module declaration contracts: tokens.ts [842.06ms]
(pass) installed module declaration contracts: negative/tokens.ts [967.23ms]
(pass) installed module declaration contracts: negative/token-modules.ts [769.35ms]
(pass) installed module declaration contracts: token-contracts.ts [768.38ms]
(pass) installed module declaration contracts: negative/token-contracts.ts [1060.67ms]
(pass) installed module declaration contracts: box-adapters.ts [885.82ms]
(pass) installed module declaration contracts: negative/box-adapters.ts [821.37ms]
(pass) installed module declaration contracts: negative/provider-unions.ts [798.69ms]
(pass) installed module declaration contracts: incremental.ts [844.96ms]
(pass) installed module declaration contracts: negative/incremental.ts [908.16ms]
(pass) installed module declaration contracts: incremental-modules.ts [782.10ms]
(pass) installed module declaration contracts: negative/incremental-modules.ts [766.90ms]
(pass) installed module declaration contracts: builder-views.ts [807.99ms]
(pass) installed module declaration contracts: negative/builder-views.ts [983.68ms]
(pass) installed module declaration contracts: modern-inline.ts [786.99ms]
(pass) installed module declaration contracts: negative/modern-inline.ts [748.53ms]
(pass) installed module declaration contracts: real [749.04ms]
(pass) installed module declaration contracts: replacement-supported.ts [847.14ms]
(pass) installed module declaration contracts: negative/replacement-views.ts [783.91ms]
(pass) installed module declaration contracts: replacement-context.ts [906.16ms]
(pass) installed module declaration contracts: replacement-reflection.ts [811.24ms]
(pass) installed module declaration contracts: negative/replacement-reflection.ts [882.65ms]
(pass) installed module declaration contracts: negative/inline-replacement-wrong-shape.ts [732.92ms]
(pass) installed module declaration contracts: negative/module-hidden-private-needs.ts [1066.57ms]
(pass) installed module declaration contracts: negative/module-narrowing.ts [1202.65ms]
(pass) installed module declaration contracts: negative/module-rename.ts [838.53ms]
(pass) installed module declaration contracts: negative/provider-boundaries.ts [922.95ms]
(pass) installed module declaration contracts: negative/replacement-context.ts [929.98ms]
(pass) installed module declaration contracts: negative/replacement-wrong-shape.ts [757.10ms]
(pass) installed module declaration contracts: negative/required-this.ts [813.05ms]
(pass) installed module declaration contracts: negative/union-replace.ts [739.77ms]

 113 pass
 0 fail
 313 expect() calls
Ran 113 tests across 1 file. [95.22s]
