
> di-bag@0.1.0 check
> npm run typecheck && npm test && npm run build


> di-bag@0.1.0 typecheck
> tsc6 -p tsconfig.json


> di-bag@0.1.0 test
> bun test tests

bun test v1.4.2 (744846f84)

tests/observers.test.ts:
(pass) observers preserve raw identity and explicit ownership [4.93ms]
(pass) ready follows the final native stage while retaining exposed identity [0.62ms]
(pass) observer failure monitoring handles throws, rejection and throwing then without gating shutdown [0.60ms]
(pass) configuration snapshots callbacks, appends in order and retains classification [0.88ms]
(pass) reentrant observer resolution runs outside factory ancestry and respects published close [0.42ms]
(pass) canonical owners distinguish shared roots, independent forks, contributions and transients [1.35ms]
(pass) failed final projections retire accepted ownership once and preserve cleanup errors [0.94ms]
(pass) intermediate native failure bypassed by raw projection is not final failure [0.20ms]
(pass) private module frames are immutable snapshots without freezing application metadata [1.04ms]
(pass) startup rollback observes accepted cleanup while preserving the startup cause [0.88ms]
(pass) cancellation observes late accepted resources and final failure without awaiting telemetry [0.58ms]
(pass) throwing-then error sink results are consumed and appending duplicates keeps every callback [0.15ms]
(pass) delivery keeps emission order across immutable appended facade configurations [0.20ms]

tests/acquisition-mode.test.ts:
(pass) close waits for a native acquisition with shadowed then at source [0.37ms]
(pass) close waits for a native acquisition with shadowed then at projection [0.12ms]
(pass) close waits for a native acquisition with shadowed then at val-box [0.11ms]
(pass) unconfigured core preflights every stage and private module before any factory effects [0.27ms]
(pass) facades snapshot and isolate their predicate, carrying it through builders and forks [0.58ms]
(pass) invalid configuration, modes and classifier results fail explicitly [0.26ms]
(pass) automatic ordinary values preserve the then-presence guard [0.12ms]
(pass) raw Promise and then-getter values retain exact ownership without observation or waiting [0.24ms]
(pass) explicit native and async projections work without a classifier and preserve previous owners [0.31ms]
(pass) auto observes local native state with non-callable then [0.18ms]
(pass) native observes local native state with non-callable then [0.09ms]
(pass) auto observes foreign native state with non-callable then [0.46ms]
(pass) native observes foreign native state with non-callable then [0.29ms]
(pass) presence frames default to raw while required frames and sync capabilities select output mode [0.33ms]
(pass) async adapters retain their native output contract without reading hidden acquisition options [0.27ms]
(pass) val-box options preserve invalid value rejection and require a selection when supplied [0.06ms]

tests/release-artifacts.test.ts:
(pass) release documentation contract > adversarial release gates are four separately supervised file commands [0.34ms]
(pass) release documentation contract > release documents match the frozen package and gate every online command [0.25ms]
(pass) release documentation contract > the publication boundary rejects stale, missing, duplicated, and misplaced commands [0.39ms]
(pass) release documentation contract > public docs state entry-point, adapter, acquisition, ownership, and release limits [0.47ms]
(pass) release artifact scripts > reject unsafe and unsupported manifest arguments [0.16ms]
(pass) release artifact scripts > expose guarded parsers and archive inspection [0.02ms]
(pass) archive verifier TDD boundary > exports a read-only verifier and strict CLI parser
(pass) safe npm archive parser > returns sorted regular entries and exact package metadata bytes [3.21ms]
(pass) safe npm archive parser > rejects absolute name [0.37ms]
(pass) safe npm archive parser > rejects traversal [0.44ms]
(pass) safe npm archive parser > rejects backslash [0.28ms]
(pass) safe npm archive parser > rejects outside package [0.25ms]
(pass) safe npm archive parser > rejects duplicate [0.41ms]
(pass) safe npm archive parser > rejects prefix collision [0.58ms]
(pass) safe npm archive parser > rejects symlink [0.29ms]
(pass) safe npm archive parser > rejects hardlink [0.27ms]
(pass) safe npm archive parser > rejects fifo [0.27ms]
(pass) safe npm archive parser > rejects device [0.25ms]
(pass) safe npm archive parser > rejects unknown type [0.23ms]
(pass) safe npm archive parser > rejects NUL ambiguity [0.33ms]
(pass) safe npm archive parser > rejects entry size ceiling [0.26ms]
(pass) safe npm archive parser > rejects checksum [0.26ms]
(pass) safe npm archive parser > rejects magic [0.24ms]
(pass) safe npm archive parser > rejects numeric NUL suffix [0.27ms]
(pass) safe npm archive parser > rejects nonzero padding [0.41ms]
(pass) safe npm archive parser > rejects terminator [0.29ms]
(pass) safe npm archive parser > rejects trailing junk [0.26ms]
(pass) safe npm archive parser > rejects truncated entry [0.21ms]
(pass) safe npm archive parser > rejects missing metadata [0.20ms]
(pass) safe npm archive parser > rejects invalid and empty gzip bytes [0.87ms]
(pass) command evidence runner > parses canonical sorted inputs and preserves argv spaces [0.59ms]
(pass) command evidence runner > rejects unsafe argv: bash -c echo hi [0.03ms]
(pass) command evidence runner > rejects unsafe argv: npm view di-bag [0.02ms]
(pass) command evidence runner > rejects unsafe argv: npm login
(pass) command evidence runner > rejects unsafe argv: npm publish a.tgz
(pass) command evidence runner > rejects unsafe argv: npm dist-tag add
(pass) command evidence runner > rejects unsafe argv: git push [0.01ms]
(pass) command evidence runner > rejects unsafe argv: git tag v1
(pass) command evidence runner > rejects unsafe argv: node --registry x
(pass) command evidence runner > rejects unsafe argv: node https://registry.npmjs.org
(pass) command evidence runner > rejects unsafe argv: node &&
(pass) command evidence runner > rejects unsafe argv: node -e thing
(pass) command evidence runner > rejects unsafe argv: env npm publish x.tgz
(pass) command evidence runner > rejects unsafe argv: env git push
(pass) command evidence runner > rejects unsafe argv: npx npm view di-bag
(pass) command evidence runner > rejects unsafe argv: bunx tool
(pass) command evidence runner > rejects unsafe argv: corepack npm login
(pass) command evidence runner > rejects relative, escaping, symlinked, duplicate, and unsupported arguments [0.10ms]
(pass) command evidence runner > records stdout, stderr, input hashes, normalized success and record-last evidence [12.91ms]
(pass) command evidence runner > rejects timeout, output overflow, nonzero status, and spawn failure without publishing a record [42.20ms]
(pass) command evidence runner > rejects injected memory, monitor, signal and spawn outcomes [0.51ms]
(pass) command evidence runner > failed reruns and thrown supervisors erase stale success evidence [21.38ms]
(pass) command evidence runner > hashes inputs before execution and rolls back orphan logs if record publication fails [27.57ms]
(pass) native gap inventory > freezes the exact current zero-gap source authority [1.19ms]
(pass) native gap inventory > accepts empty and reviewed fresh inventory while an empty authority rejects a new gap [0.96ms]
(pass) native gap inventory > parses the documented relative reviewed root and exact absolute outputs [1.19ms]
(pass) release tree hashing > hashes sorted regular paths deterministically [0.51ms]
(pass) release tree hashing > rejects empty, symlink, special and unsafe argument layouts [2.17ms]
(pass) release tree hashing > detects byte mutations through changed digest [0.15ms]
(pass) manifest validation and deterministic projection > manifest fixtures leave root candidate archive existence and bytes unchanged [2.15ms]
(pass) manifest validation and deterministic projection > derives immutable archive facts and is deterministic across caller ordering [7.98ms]
(pass) manifest validation and deterministic projection > public evidence has no absolute paths and is invariant to final commit and approved observed diff [6.68ms]
(pass) manifest validation and deterministic projection > rejects duplicate/missing packages, bad versions, metadata, pack facts and handoff paths [21.11ms]
(pass) manifest validation and deterministic projection > accepts zero reviewed and fresh native gaps and rejects every unexpected fresh occurrence [5.54ms]
(pass) manifest validation and deterministic projection > retains nonempty-authority manifest validation for historical candidates [6.83ms]
(pass) manifest validation and deterministic projection > rejects failed, malformed-time, duplicate-input and mutated-log command evidence [12.12ms]
(pass) manifest validation and deterministic projection > rejects archive containment, symlink escape, absence and replacement facts [1.73ms]
(pass) manifest validation and deterministic projection > manifest CLI rejects every non-fixed public target form [0.27ms]
(pass) manifest validation and deterministic projection > public projection rejects absolute argv and input paths outside known roots [12.68ms]
125 |   return { argv: command.argv.map(clean), cwd: clean(command.cwd), startedAt: command.startedAt, finishedAt: command.finishedAt, elapsedMilliseconds: command.elapsedMilliseconds, exitCode: command.exitCode, signal: command.signal, terminationReason: command.terminationReason, peakObservedRssMiB: command.peakObservedRssMiB,
126 |     inputs: command.inputs.map(input => ({ path: clean(input.path), bytes: input.bytes, sha256: input.sha256 })), stdout: { bytes: command.stdout.bytes, sha256: command.stdout.sha256 }, stderr: { bytes: command.stderr.bytes, sha256: command.stderr.sha256 } };
127 | }
128 | function containsAbsolutePath(value: string): boolean { return value.includes('file:/') || /(^|[^A-Za-z0-9._<>\/~:-])\/(?!\/)/.test(value) || /^\//.test(value); }
129 | function assertPublicPathSafe(value: unknown): void {
130 |   if (typeof value === 'string') { if (containsAbsolutePath(value)) throw new Error('public evidence contains an unsanitized absolute path'); return; }
                                                                                    ^
error: public evidence contains an unsanitized absolute path
      at assertPublicPathSafe (/tmp/di-bag-performance-integration/scripts/create-release-manifest.ts:130:79)
      at assertPublicPathSafe (/tmp/di-bag-performance-integration/scripts/create-release-manifest.ts:132:121)
      at assertPublicPathSafe (/tmp/di-bag-performance-integration/scripts/create-release-manifest.ts:131:57)
      at assertPublicPathSafe (/tmp/di-bag-performance-integration/scripts/create-release-manifest.ts:132:121)
      at createPublicReleaseEvidence (/tmp/di-bag-performance-integration/scripts/create-release-manifest.ts:140:3)
      at publish (/tmp/di-bag-performance-integration/tests/release-artifacts.test.ts:573:47)
      at <anonymous> (/tmp/di-bag-performance-integration/tests/release-artifacts.test.ts:623:61)
(fail) archive verifier > (unnamed) [1424.71ms]
(pass) final release audit > validates exactly five roles and produces deterministic non-self-attestation [2.09ms]
(pass) final release audit > rejects missing, duplicate, failed, mutated, stale-input and wrong-Git evidence [3.19ms]
(pass) final release audit > rejects every invalid retained command field and fixed limit violation [48.84ms]
(pass) final release audit > audit CLI rejects wrong output, public location, OIDs, duplicate and extra options [0.33ms]

tests/startup.test.ts:
(pass) contexts follow acquisition owners through child-first roots and independent forks [2.59ms]
(pass) abort listeners cannot reenter any closing scope admission gate [0.32ms]
(pass) startup waits for selected native acquisition while leaving unrelated providers lazy [0.28ms]
(pass) startup uses native observation with shadowed then and treats raw promises as ready [0.29ms]
(pass) a ready native projection starts while its source remains pending until shutdown [0.28ms]
(pass) failed native projection aborts a cooperative pending source before cleanup [0.28ms]
(pass) sequential startup waits before invoking the next selection [0.23ms]
(pass) startup selects genuine tokens and keeps separate owned transient attempts [0.27ms]
(pass) late contextual dependencies receive an already aborted owner signal [0.22ms]
(pass) startup removes its abort listener on success [0.23ms]
(pass) startup removes its abort listener on failure [0.08ms]
(pass) startup removes its abort listener on aborted [0.06ms]
(pass) startup removes its abort listener on timeout [5.32ms]
(pass) startup snapshots option getters once after snapshotting all selected keys [0.28ms]
(pass) sequential startup stops after failure and waits for cleanup with original causes [0.38ms]
(pass) parallel startup starts later selections after synchronous failure and cleans pending ownership [0.23ms]
(pass) aborted rejects before late ownership and exposes eventual cleanup failure [0.39ms]
(pass) timeout rejects before late ownership and exposes eventual cleanup failure [5.57ms]
(pass) already aborted startup does not invoke any factories [0.24ms]
(pass) cancellation can interrupt cleanup after ordinary startup failure [0.27ms]
(pass) successful startup removes external cancellation and snapshots indexed selections [0.21ms]
(pass) invalid startup inputs reject before factory or unsupported option getter effects [0.39ms]

tests/platform-deno.test.ts:
(pass) portable root contract has host-independent semantics [0.67ms]
(pass) portable inspection proof rejects nonobjects and inexact or unfrozen metadata [0.10ms]
(pass) Deno child validation requires canonical output from the local installed archive [0.70ms]
(pass) Deno child validation fails closed when the expected installation is absent [0.18ms]
(pass) an unprovisioned Deno pin yields an explicit unavailable row without touching the archive [6.29ms]

tests/final-adversarial-integration.test.ts:
(pass) I1 preserves its deterministic adversarial source oracle [30.50ms]
(pass) I2 preserves its deterministic adversarial source oracle [12.51ms]
(pass) I3 preserves its deterministic adversarial source oracle [9.68ms]
(pass) I4 preserves its deterministic adversarial source oracle [9.45ms]
(pass) I5 preserves its deterministic adversarial source oracle [7.84ms]
(pass) I6 preserves its deterministic adversarial source oracle [8.31ms]
(pass) I7 preserves its deterministic adversarial source oracle [8.37ms]
(pass) I8 preserves its deterministic adversarial source oracle [11.50ms]
(pass) I9 preserves its deterministic adversarial source oracle [8.36ms]
(pass) I10 preserves its deterministic adversarial source oracle [8.13ms]
(pass) I11 preserves its deterministic adversarial source oracle [9.04ms]
(pass) I13 preserves its deterministic adversarial source oracle [8.55ms]
(pass) I12 disposes accepted late ownership before independent immediate ownership [9.40ms]

tests/compiler-case.test.ts:
(pass) selected compiler case admits only original matrix identities [0.35ms]
(pass) a claimed accepted result cannot hide an original-boundary failure [0.66ms]
(pass) direct selected-case calls reject invalid lane and matrix identities before dispatch [0.52ms]
(pass) recomputed boundary rejects self-consistent worker evidence at the wrong boundary [0.26ms]
(pass) selected evidence rejects sourceCommit drift while compilation runs [0.12ms]
(pass) selected evidence rejects sourceStatus drift while compilation runs [0.01ms]
(pass) selected evidence rejects sourceSha256 drift while compilation runs
(pass) selected evidence rejects generatedSha256 drift while compilation runs
(pass) native selected evidence preserves the hash of the compiled snapshot [0.09ms]
(pass) compiler CLI deterministically selects exit status from simulated evidence [0.06ms]
(pass) classic process failures retain compiler identity and complete provenance [0.08ms]
(pass) classic selected 100 bulk valid returns verified evidence [1178.61ms]
(pass) classic selected 100 bulk missing returns verified evidence [1163.41ms]
(pass) native selected 100 bulk valid returns verified evidence [182.49ms]
(pass) native selected 100 bulk missing returns verified evidence [170.78ms]
(pass) selected compiler CLI rejects an invalid identity without JSON success [246.25ms]

tests/lifetimes.test.ts:
(pass) root, scoped and transient identity have distinct ownership [0.41ms]
(pass) child-first roots capture dependencies in the root owner through grandchildren and forks [0.31ms]
(pass) same-object transients own separate attempts and preserve every cleanup cause [0.29ms]
(pass) raw and native lifetimes retain original pending promises and classification [0.26ms]
(pass) failed root cache entries retry across children with new acquisition identities [0.19ms]
(pass) public synchronous transient reentrancy is rejected before a second factory invocation [0.13ms]
(pass) pure transient post-await ancestry rejects repeated construction [0.20ms]
(pass) mixed cached and transient post-await cycles preserve acquisition graph detection [0.21ms]
(pass) independent pending transient calls are distinct nonrecursive acquisitions [0.12ms]
(pass) a ready transient proxy may create a fresh instance on each later method call [0.11ms]
(pass) pending child work acquires roots during parent close and root cleanup follows child cleanup [0.26ms]
(pass) strict roots reject new scoped reads directly [0.17ms]
(pass) strict roots reject new scoped reads through a transient [0.06ms]
(pass) strict roots reject cached scoped reads directly [0.03ms]
(pass) strict roots reject cached scoped reads through a transient [0.03ms]
(pass) strict capture boundaries survive await and ready transient methods [0.22ms]
(pass) strict roots can consume capturing roots without inheriting their permission [0.18ms]
(pass) token captive reads reject at the observed edge before scoped creation [0.14ms]
(pass) renamed module exports retain private root and transient ownership despite public collisions [0.27ms]
(pass) private module scoped capture rejects despite an identically named public root [0.19ms]
(pass) failed root rollback and retry retain distinct ownership across child consumers [0.40ms]
(pass) child close releases its attempts while a child-first root remains pending [0.25ms]
(pass) completed child and retired proxies cannot borrow another attempt closing permission for root reads [0.20ms]
(pass) pending source permission survives a ready projection when routing late roots [0.22ms]
(pass) family retirement removes cross-owner incoming edges but preserves outgoing rollback dependencies [0.16ms]
(pass) retired transient ancestry does not block a retained proxy from retrying its binding [0.14ms]
(pass) token roots retain family ownership through a transient token consumer and independent override [0.21ms]
(pass) pending source permission survives failed projection rollback for late root reads [0.23ms]

tests/selected-scope-runtime.test.ts:
(pass) selected service borrows parent configuration and ownership while child config is overridden [0.30ms]
(pass) scoped sharing selects the immediate parent and must be selected again by grandchildren [0.15ms]
(pass) child-defined roots anchor their graph while inherited roots construct in the original graph [0.25ms]
(pass) shared pending promises deduplicate and failed acquisitions retry at the owner [0.17ms]
(pass) closing a borrower leaves the pending owner context and finalizer intact [0.23ms]
(pass) pending child sources discover shared parent dependencies during tree close [0.26ms]
(pass) strict child roots reject shared scoped dependencies before reading a cached owner [0.14ms]
(pass) shared dependency edges detect cycles through retained owner proxies [0.13ms]
(pass) shared module bindings preserve lexical private dependencies despite child public replacements [0.19ms]
(pass) synchronous shared owner reentry detects a cycle across acquisition owners [0.16ms]
(pass) a ready projection retains source permission for late shared reads [0.21ms]
(pass) a failed projection retains source permission for late shared reads [0.08ms]
(pass) completed and retired child proxies cannot borrow another source closing permission for shared reads [0.24ms]

tests/platform-tools.test.ts:
(pass) tool capture binds the actual artifact and exact observed version output [10.86ms]
(pass) tool capture rejects wrong versions, substring matches and unsuccessful probes [74.48ms]

tests/wbs-scope.test.ts:
(pass) WBS scopes borrow infrastructure and recreate stores, collectors and services [1.20ms]
(pass) an explicitly shared WBS service keeps its original stores and broadcaster [0.50ms]
(pass) closing the root disposes its resources but leaves the startup-owned source usable [0.27ms]
(pass) startup cleans every owner and discards held announcements when batch work fails [0.44ms]
(pass) startup still closes later bags and its source when multiple disposers fail [0.71ms]
(pass) a factory cleans partial acquisition before throwing; the bag does not dispose it twice [0.34ms]
(pass) the runnable example reports published work and complete shutdown [0.45ms]

tests/native-process.test.ts:
(pass) supervisor terminates and reaps a live child on monitor EIO [1.57ms]
(pass) supervisor terminates and reaps a live child on monitor ENOENT [0.97ms]
(pass) supervisor terminates and reaps a live child on monitor ESRCH [0.87ms]
(pass) supervisor terminates and reaps a live child on monitor missing VmRSS [21.54ms]
(pass) supervisor confirms ESRCH process disappearance before its exit callback runs [85.95ms]
(pass) supervisor drains streams and awaits pending sample cleanup for missing VmRSS during exit [88.97ms]
(pass) supervisor drains streams and awaits pending sample cleanup for ENOENT after exit [89.68ms]
(pass) supervisor drains streams and awaits pending sample cleanup for ESRCH after exit [98.88ms]
(pass) monitor termination waits for inherited stdout and stderr to close [60.73ms]
(pass) supervisor retains clean child streams and exit status [63.95ms]
(pass) failed spawn is explicit evidence [0.66ms]
(pass) supervisor terminates and reaps timeout child [21.19ms]
(pass) supervisor terminates and reaps memory child [21.31ms]
(pass) supervisor terminates and reaps output child [24.08ms]
(pass) invalid limits and unsupported platforms fail before spawning [0.34ms]
(pass) output overflow remains byte bounded when UTF8 is cut within a character [25.42ms]

tests/box-package.test.ts:
(pass) installed replacement module support compiles through the public archive [1045.10ms]
(pass) real fixtures retain the verified archive hashes [9.87ms]
(pass) embedded CJS and ESM adversarial consumers use every public subpath without repository imports [9.39ms]
(pass) installed import graph tracing includes ESM side effects, exports, dynamic imports, and CJS requires [9.73ms]
(pass) packed core root runs in CJS and ESM under Node and Bun without boxes or Node runtime imports [152.97ms]
(pass) installed real box commonjs archive runs the full adversarial oracle in Node and Bun [112.37ms]
(pass) installed real boxes compose in Node commonjs and share cross-loader descriptors [53.82ms]
(pass) installed commonjs modern inline declarations survive emission and unchanged consumption [1589.44ms]
(pass) installed commonjs declaration contracts: final-adversarial-integration.ts [782.67ms]
(pass) installed commonjs declaration contracts: negative/final-adversarial-integration.ts [733.40ms]
(pass) installed commonjs declaration contracts: plugins.ts [733.06ms]
(pass) installed commonjs declaration contracts: negative/plugins.ts [693.44ms]
(pass) installed commonjs declaration contracts: observers.ts [653.05ms]
(pass) installed commonjs declaration contracts: negative/observers.ts [646.04ms]
(pass) installed commonjs declaration contracts: contributions.ts [838.16ms]
(pass) installed commonjs declaration contracts: negative/contributions.ts [1062.46ms]
(pass) installed commonjs declaration contracts: aliases.ts [906.87ms]
(pass) installed commonjs declaration contracts: negative/aliases.ts [1018.41ms]
(pass) installed commonjs declaration contracts: dependency-references.ts [728.31ms]
(pass) installed commonjs declaration contracts: negative/dependency-references.ts [864.69ms]
(pass) installed commonjs declaration contracts: composition-adapters.ts [647.88ms]
(pass) installed commonjs declaration contracts: negative/composition-adapters.ts [646.15ms]
(pass) installed commonjs declaration contracts: selected-scopes.ts [689.41ms]
(pass) installed commonjs declaration contracts: negative/selected-scopes.ts [822.10ms]
(pass) installed commonjs declaration contracts: startup.ts [670.25ms]
(pass) installed commonjs declaration contracts: negative/startup.ts [664.33ms]
(pass) installed commonjs declaration contracts: acquisition-mode.ts [617.65ms]
(pass) installed commonjs declaration contracts: negative/acquisition-mode.ts [636.26ms]
(pass) installed commonjs declaration contracts: scopes.ts [615.60ms]
(pass) installed commonjs declaration contracts: negative/scopes.ts [671.66ms]
(pass) installed commonjs declaration contracts: lifetimes.ts [745.54ms]
(pass) installed commonjs declaration contracts: negative/lifetimes.ts [929.53ms]
(pass) installed commonjs declaration contracts: tokens.ts [687.30ms]
(pass) installed commonjs declaration contracts: negative/tokens.ts [812.64ms]
(pass) installed commonjs declaration contracts: negative/token-modules.ts [666.98ms]
(pass) installed commonjs declaration contracts: token-contracts.ts [627.90ms]
(pass) installed commonjs declaration contracts: negative/token-contracts.ts [655.95ms]
(pass) installed commonjs declaration contracts: box-adapters.ts [662.23ms]
(pass) installed commonjs declaration contracts: negative/box-adapters.ts [635.65ms]
(pass) installed commonjs declaration contracts: negative/provider-unions.ts [645.60ms]
(pass) installed commonjs declaration contracts: incremental.ts [625.14ms]
(pass) installed commonjs declaration contracts: negative/incremental.ts [689.45ms]
(pass) installed commonjs declaration contracts: incremental-modules.ts [638.53ms]
(pass) installed commonjs declaration contracts: negative/incremental-modules.ts [628.60ms]
(pass) installed commonjs declaration contracts: builder-views.ts [650.31ms]
(pass) installed commonjs declaration contracts: negative/builder-views.ts [710.10ms]
(pass) installed commonjs declaration contracts: modern-inline.ts [800.47ms]
(pass) installed commonjs declaration contracts: negative/modern-inline.ts [623.86ms]
(pass) installed commonjs declaration contracts: real [631.59ms]
(pass) installed commonjs declaration contracts: replacement-supported.ts [683.81ms]
(pass) installed commonjs declaration contracts: negative/replacement-views.ts [749.77ms]
(pass) installed commonjs declaration contracts: replacement-context.ts [672.10ms]
(pass) installed commonjs declaration contracts: replacement-reflection.ts [638.05ms]
(pass) installed commonjs declaration contracts: negative/replacement-reflection.ts [659.78ms]
(pass) installed commonjs declaration contracts: negative/inline-replacement-wrong-shape.ts [735.26ms]
(pass) installed commonjs declaration contracts: negative/module-hidden-private-needs.ts [595.45ms]
(pass) installed commonjs declaration contracts: negative/module-narrowing.ts [746.64ms]
(pass) installed commonjs declaration contracts: negative/module-rename.ts [595.34ms]
(pass) installed commonjs declaration contracts: negative/provider-boundaries.ts [636.16ms]
(pass) installed commonjs declaration contracts: negative/replacement-context.ts [687.45ms]
(pass) installed commonjs declaration contracts: negative/replacement-wrong-shape.ts [684.62ms]
(pass) installed commonjs declaration contracts: negative/required-this.ts [613.18ms]
(pass) installed commonjs declaration contracts: negative/union-replace.ts [579.24ms]
(pass) installed real box module archive runs the full adversarial oracle in Node and Bun [121.51ms]
(pass) installed real boxes compose in Node module and share cross-loader descriptors [56.28ms]
(pass) installed module modern inline declarations survive emission and unchanged consumption [1333.11ms]
(pass) installed module declaration contracts: final-adversarial-integration.ts [807.05ms]
(pass) installed module declaration contracts: negative/final-adversarial-integration.ts [666.03ms]
(pass) installed module declaration contracts: plugins.ts [644.15ms]
(pass) installed module declaration contracts: negative/plugins.ts [673.79ms]
(pass) installed module declaration contracts: observers.ts [658.00ms]
(pass) installed module declaration contracts: negative/observers.ts [641.77ms]
(pass) installed module declaration contracts: contributions.ts [813.14ms]
(pass) installed module declaration contracts: negative/contributions.ts [1038.51ms]
(pass) installed module declaration contracts: aliases.ts [831.58ms]
(pass) installed module declaration contracts: negative/aliases.ts [983.63ms]
(pass) installed module declaration contracts: dependency-references.ts [708.53ms]
(pass) installed module declaration contracts: negative/dependency-references.ts [833.87ms]
(pass) installed module declaration contracts: composition-adapters.ts [646.96ms]
(pass) installed module declaration contracts: negative/composition-adapters.ts [656.51ms]
(pass) installed module declaration contracts: selected-scopes.ts [670.25ms]
(pass) installed module declaration contracts: negative/selected-scopes.ts [828.18ms]
(pass) installed module declaration contracts: startup.ts [678.75ms]
(pass) installed module declaration contracts: negative/startup.ts [667.57ms]
(pass) installed module declaration contracts: acquisition-mode.ts [635.25ms]
(pass) installed module declaration contracts: negative/acquisition-mode.ts [613.64ms]
(pass) installed module declaration contracts: scopes.ts [615.34ms]
(pass) installed module declaration contracts: negative/scopes.ts [658.45ms]
(pass) installed module declaration contracts: lifetimes.ts [737.02ms]
(pass) installed module declaration contracts: negative/lifetimes.ts [954.35ms]
(pass) installed module declaration contracts: tokens.ts [682.36ms]
(pass) installed module declaration contracts: negative/tokens.ts [796.64ms]
(pass) installed module declaration contracts: negative/token-modules.ts [690.11ms]
(pass) installed module declaration contracts: token-contracts.ts [642.09ms]
(pass) installed module declaration contracts: negative/token-contracts.ts [659.02ms]
(pass) installed module declaration contracts: box-adapters.ts [667.34ms]
(pass) installed module declaration contracts: negative/box-adapters.ts [664.24ms]
(pass) installed module declaration contracts: negative/provider-unions.ts [662.83ms]
(pass) installed module declaration contracts: incremental.ts [667.56ms]
(pass) installed module declaration contracts: negative/incremental.ts [947.35ms]
(pass) installed module declaration contracts: incremental-modules.ts [654.41ms]
(pass) installed module declaration contracts: negative/incremental-modules.ts [647.83ms]
(pass) installed module declaration contracts: builder-views.ts [668.37ms]
(pass) installed module declaration contracts: negative/builder-views.ts [745.77ms]
(pass) installed module declaration contracts: modern-inline.ts [638.68ms]
(pass) installed module declaration contracts: negative/modern-inline.ts [665.74ms]
(pass) installed module declaration contracts: real [680.30ms]
(pass) installed module declaration contracts: replacement-supported.ts [715.60ms]
(pass) installed module declaration contracts: negative/replacement-views.ts [698.46ms]
(pass) installed module declaration contracts: replacement-context.ts [721.93ms]
(pass) installed module declaration contracts: replacement-reflection.ts [698.83ms]
(pass) installed module declaration contracts: negative/replacement-reflection.ts [707.60ms]
(pass) installed module declaration contracts: negative/inline-replacement-wrong-shape.ts [637.51ms]
(pass) installed module declaration contracts: negative/module-hidden-private-needs.ts [670.78ms]
(pass) installed module declaration contracts: negative/module-narrowing.ts [844.41ms]
(pass) installed module declaration contracts: negative/module-rename.ts [768.77ms]
(pass) installed module declaration contracts: negative/provider-boundaries.ts [674.12ms]
(pass) installed module declaration contracts: negative/replacement-context.ts [727.92ms]
(pass) installed module declaration contracts: negative/replacement-wrong-shape.ts [622.25ms]
(pass) installed module declaration contracts: negative/required-this.ts [639.29ms]
(pass) installed module declaration contracts: negative/union-replace.ts [639.56ms]

tests/package.test.ts:
(pass) feature library inferred token exports survive declaration emission [1262.85ms]
(pass) classic installed commonjs archive returns the full adversarial oracle [51.89ms]
(pass) Node commonjs consumers can resolve and dispose through the public package [77.45ms]
(pass) Node commonjs observes local and foreign native subclass state directly [41.41ms]
(pass) TypeScript commonjs consumers can use the emitted declarations [804.66ms]
(pass) TypeScript commonjs emitted provider contracts: plugins.ts [628.00ms]
(pass) TypeScript commonjs emitted provider contracts: negative/plugins.ts [646.29ms]
(pass) TypeScript commonjs emitted provider contracts: observers.ts [663.70ms]
(pass) TypeScript commonjs emitted provider contracts: negative/observers.ts [615.07ms]
(pass) TypeScript commonjs emitted provider contracts: contributions.ts [808.77ms]
(pass) TypeScript commonjs emitted provider contracts: negative/contributions.ts [990.46ms]
(pass) TypeScript commonjs emitted provider contracts: aliases.ts [845.04ms]
(pass) TypeScript commonjs emitted provider contracts: negative/aliases.ts [981.56ms]
(pass) TypeScript commonjs emitted provider contracts: dependency-references.ts [689.21ms]
(pass) TypeScript commonjs emitted provider contracts: negative/dependency-references.ts [846.29ms]
(pass) TypeScript commonjs emitted provider contracts: composition-adapters.ts [651.47ms]
(pass) TypeScript commonjs emitted provider contracts: negative/composition-adapters.ts [647.00ms]
(pass) TypeScript commonjs emitted provider contracts: selected-scopes.ts [664.15ms]
(pass) TypeScript commonjs emitted provider contracts: negative/selected-scopes.ts [788.23ms]
(pass) TypeScript commonjs emitted provider contracts: acquisition-mode.ts [616.03ms]
(pass) TypeScript commonjs emitted provider contracts: negative/acquisition-mode.ts [600.85ms]
(pass) TypeScript commonjs emitted provider contracts: scopes.ts [613.93ms]
(pass) TypeScript commonjs emitted provider contracts: negative/scopes.ts [679.61ms]
(pass) TypeScript commonjs emitted provider contracts: lifetimes.ts [728.46ms]
(pass) TypeScript commonjs emitted provider contracts: negative/lifetimes.ts [913.57ms]
(pass) TypeScript commonjs emitted provider contracts: tokens.ts [669.72ms]
(pass) TypeScript commonjs emitted provider contracts: negative/tokens.ts [785.09ms]
(pass) TypeScript commonjs emitted provider contracts: negative/token-modules.ts [670.61ms]
(pass) TypeScript commonjs emitted provider contracts: token-contracts.ts [639.30ms]
(pass) TypeScript commonjs emitted provider contracts: negative/token-contracts.ts [668.46ms]
(pass) TypeScript commonjs emitted provider contracts: providers.ts [745.49ms]
(pass) TypeScript commonjs emitted provider contracts: replacement-context.ts [738.66ms]
(pass) TypeScript commonjs emitted provider contracts: negative/replacement-context.ts [745.66ms]
(pass) TypeScript commonjs emitted provider contracts: negative/provider-boundaries.ts [655.84ms]
(pass) TypeScript commonjs emitted provider contracts: negative/provider-module-metadata.ts [608.57ms]
(pass) TypeScript commonjs emitted provider contracts: negative/provider-projections.ts [621.14ms]
(pass) classic installed module archive returns the full adversarial oracle [52.14ms]
(pass) Node module consumers can resolve and dispose through the public package [85.63ms]
(pass) Node module observes local and foreign native subclass state directly [35.72ms]
(pass) TypeScript module consumers can use the emitted declarations [753.65ms]
(pass) TypeScript module emitted provider contracts: plugins.ts [612.65ms]
(pass) TypeScript module emitted provider contracts: negative/plugins.ts [633.52ms]
(pass) TypeScript module emitted provider contracts: observers.ts [596.87ms]
(pass) TypeScript module emitted provider contracts: negative/observers.ts [575.10ms]
(pass) TypeScript module emitted provider contracts: contributions.ts [756.10ms]
(pass) TypeScript module emitted provider contracts: negative/contributions.ts [1009.14ms]
(pass) TypeScript module emitted provider contracts: aliases.ts [840.91ms]
(pass) TypeScript module emitted provider contracts: negative/aliases.ts [989.65ms]
(pass) TypeScript module emitted provider contracts: dependency-references.ts [675.12ms]
(pass) TypeScript module emitted provider contracts: negative/dependency-references.ts [838.17ms]
(pass) TypeScript module emitted provider contracts: composition-adapters.ts [620.55ms]
(pass) TypeScript module emitted provider contracts: negative/composition-adapters.ts [626.85ms]
(pass) TypeScript module emitted provider contracts: selected-scopes.ts [669.49ms]
(pass) TypeScript module emitted provider contracts: negative/selected-scopes.ts [797.43ms]
(pass) TypeScript module emitted provider contracts: acquisition-mode.ts [612.12ms]
(pass) TypeScript module emitted provider contracts: negative/acquisition-mode.ts [594.39ms]
(pass) TypeScript module emitted provider contracts: scopes.ts [613.06ms]
(pass) TypeScript module emitted provider contracts: negative/scopes.ts [632.14ms]
(pass) TypeScript module emitted provider contracts: lifetimes.ts [719.43ms]
(pass) TypeScript module emitted provider contracts: negative/lifetimes.ts [924.50ms]
(pass) TypeScript module emitted provider contracts: tokens.ts [693.09ms]
(pass) TypeScript module emitted provider contracts: negative/tokens.ts [789.14ms]
(pass) TypeScript module emitted provider contracts: negative/token-modules.ts [667.46ms]
(pass) TypeScript module emitted provider contracts: token-contracts.ts [612.35ms]
(pass) TypeScript module emitted provider contracts: negative/token-contracts.ts [648.24ms]
(pass) TypeScript module emitted provider contracts: providers.ts [740.88ms]
(pass) TypeScript module emitted provider contracts: replacement-context.ts [700.43ms]
(pass) TypeScript module emitted provider contracts: negative/replacement-context.ts [713.93ms]
(pass) TypeScript module emitted provider contracts: negative/provider-boundaries.ts [655.98ms]
(pass) TypeScript module emitted provider contracts: negative/provider-module-metadata.ts [602.67ms]
(pass) TypeScript module emitted provider contracts: negative/provider-projections.ts [642.30ms]
(pass) unchecked Bag construction is rejected through di-bag [574.35ms]
(pass) unchecked Bag construction is rejected through ../src/di-bag [840.21ms]
(pass) unchecked Module construction is rejected through di-bag [613.75ms]
(pass) unchecked Module construction is rejected through ../src/module [801.15ms]
(pass) unchecked Provider construction is rejected through di-bag [580.48ms]
(pass) unchecked Provider construction is rejected through ../src/provider [493.47ms]
(pass) unchecked Token construction is rejected through di-bag [598.85ms]
(pass) unchecked Token construction is rejected through ../src/tokens [493.10ms]

tests/native-package.test.ts:
(pass) native installed contracts and physical downstream declarations from classic6 [80401.03ms]
(pass) native installed contracts and physical downstream declarations from native7 [66418.86ms]

tests/native-diagnostic-markers.test.ts:
(pass) known native overload rejection retains its unmet useful requirement separately [0.43ms]
(pass) native gap rejects unknown declaration [0.07ms]
(pass) native gap rejects malformed declaration [0.02ms]
(pass) native gap rejects duplicate declaration [0.03ms]
(pass) native gap rejects misplaced declaration [0.03ms]
(pass) native gap rejects not adjacent [0.01ms]
(pass) native gap rejects stale declaration [0.02ms]
(pass) native gap rejects wrong code [0.02ms]
(pass) native gap rejects wrong full message [0.01ms]
(pass) native gap rejects wrong file
(pass) native gap rejects wrong region [0.02ms]
(pass) native gap rejects absent error [0.01ms]
(pass) native gap rejects TS2589
(pass) native gap rejects duplicate error [0.01ms]
(pass) native gap rejects unrelated extra [0.01ms]
(pass) native gap rejects no declaration [0.01ms]
(pass) native gap cannot replace a supplemental expectation [0.06ms]
(pass) union and open-template fingerprints require their own exact declarations [0.18ms]
(pass) native gap cannot satisfy a different primary even when that primary matches its fingerprint [0.07ms]

tests/boundaries.test.ts:
(pass) fork changes only the selected key hidden behind a narrowed override map [3.52ms]
(pass) unselected override values and getters never participate [0.12ms]
(pass) hidden duplicate additions throw atomically and leave builders reusable [0.19ms]
(pass) hidden new keys cannot later silently replace visible registrations [0.09ms]
(pass) add snapshots every own entry and validates before producing a builder [0.17ms]
(pass) replacement writes its explicit key and preserves earlier builders [0.22ms]
(pass) fork requires selected own entries before reading any selected getter [0.26ms]
(pass) fork snapshots selection before an override getter mutates the caller tuple [0.11ms]
(pass) fork selects indexed tuple entries even when its iterator omits a key [0.07ms]
(pass) fork batches selected replacements without using the single-binding graph path [0.13ms]
(pass) empty forks reuse the graph without reading unselected values and retain fresh ownership [1.15ms]
(pass) selected overrides can depend on richer capabilities of other selected services [0.40ms]
(pass) runtime registration validation rejects cloned and forged owned handles [0.14ms]
(pass) normalization does not expose mutable ownership registry metadata [0.16ms]
(pass) unchecked source Bag construction is not exported [0.01ms]
(pass) plain registration maps from another realm retain their own factories [0.45ms]

tests/modules.test.ts:
(pass) a module private retry keeps the caught failed attempt separate [1.19ms]
(pass) module private dependencies follow exported replacements and fresh forks [0.76ms]
(pass) renamed repeated installations isolate private instances and cleanup [0.41ms]
(pass) rename preserves original parameter names even when an export takes a private name [0.31ms]
(pass) invalid installations and export views fail atomically and reject forged modules [0.45ms]
(pass) exports use indexed tuple snapshots and preserve hidden local registrations [0.27ms]
(pass) module promise identity, retry and post-await cycle diagnostics use the host runtime [0.54ms]
(pass) renaming an export leaves an unrelated external requirement at its original slot [0.24ms]
(pass) module providers can be replaced before sealing without mutating earlier views [0.23ms]
(pass) close drains module acquisitions that discover private and host dependencies after await [0.38ms]

tests/native-replacement-diagnostics.test.ts:
(pass) native replacement diagnostics retain every useful primary and supplemental message [1238.42ms]
(pass) strict replacement audit requires useful primary text at its own region [0.21ms]
(pass) strict replacement audit requires exact supplemental code and text [0.14ms]
(pass) replacement audit keeps its ten source fixtures independent of native gap comments [0.08ms]
(pass) replacement audit rejects a fixture when its marker and invalid expression both disappear [0.10ms]

tests/tokens.test.ts:
(pass) token symbols participate in the same acquisition graph [0.79ms]
(pass) handles authenticate identity and capture a receiver-free symbol [0.13ms]
(pass) indexed snapshots ignore iterators and caller mutations [0.33ms]
(pass) invalid selections fail before callbacks and binding transforms [0.10ms]
(pass) same actual symbols and repeated token reads reuse one cache slot [0.23ms]
(pass) distinct symbols with the same description resolve independent slots [0.23ms]
(pass) symbol dependencies follow lexical private and public references [0.45ms]
(pass) token and named cycles report symbol labels in both entry orders [0.39ms]
(pass) rejected token acquisitions retry without awaiting callback arguments [0.28ms]
(pass) late named reads from a token-bound source retain close permission and disposal order [0.33ms]
(pass) undeclared well-known symbol reads remain undefined [0.12ms]
(pass) binding views and transformations retain frozen source selection without mutating inputs [0.41ms]

tests/token-modules.test.ts:
(pass) exported tokens retarget private module consumers in forks [0.41ms]
(pass) private tokens get independent installations and dependency ordered cleanup [0.34ms]
(pass) token bindings preserve source reuse, promise identity and public replacement [0.44ms]
(pass) fork snapshots mixed selection indices and reads only selected own overrides [0.23ms]
(pass) duplicate mixed overrides keep getter order and route final values through private consumers [0.51ms]
(pass) invalid token selections preflight before any selected override getter [0.18ms]
(pass) runtime duplicate symbols reject atomically and leave builders reusable [0.22ms]

tests/contributions.test.ts:
(pass) contributions preserve order, empty reads and array immutability [0.30ms]
(pass) host and repeated exportless modules append distinct lexical bindings [0.61ms]
(pass) all adapters select frozen arrays and retain module export renames [0.63ms]
(pass) root scoped and transient contributions retain individual ownership [0.62ms]
(pass) shared aggregate borrows the parent graph while a lazy registry reads its local graph [0.50ms]
(pass) partial failure retains accepted ownership and retries only failed contributors [0.25ms]
(pass) pending native and raw promises preserve identity and disposal payloads [0.31ms]
(pass) self collections participate in ordinary cycle detection [0.17ms]
(pass) inspection is immutable nonresolving and does not freeze application values [0.18ms]
(pass) forged tokens references and providers reject before provider effects [0.48ms]
(pass) cooperative lazy registries admit late collection reads only for their in-flight source [0.47ms]
(pass) observed strict roots reject cached scoped contributions before owner routing [0.33ms]
(pass) startup failure rolls back accepted contribution ownership [0.77ms]

tests/projections.test.ts:
(pass) a projected service does not replace its source disposer argument [0.22ms]
(pass) an ownership operation on a metadata provider retains earlier ownership [0.17ms]
(pass) mapSync receives and returns exact Promise identities [0.14ms]
(pass) mapAsync rejects source and projector throws with their original values [0.25ms]
(pass) mapAsync awaits recursive projector thenables and source fulfillment [0.14ms]
(pass) a failed sync projection releases late source ownership [0.20ms]
(pass) a synchronous status projection stays cached after its raw Promise rejects [0.17ms]
(pass) ready outer ownership closes before a raw stage accepted later [0.20ms]
(pass) failed projections clean only their stages and preserve cached dependencies [0.23ms]
(pass) sync failure starts asynchronous cleanup without waiting and close drains it [0.20ms]
(pass) late old ownership cannot evict or dispose a successful retry [0.21ms]
(pass) retired cleanup errors keep invocation order and original attempt identities [0.51ms]
(pass) a pending source can read dependencies in close after an outer projection is ready [0.26ms]
(pass) a pending source can finish dependencies after its outer projection failed [0.23ms]
(pass) completed source proxies cannot borrow a pending projection or retry permission [0.22ms]
(pass) mapped dependencies still reject genuine acquisition cycles [0.19ms]
(pass) asynchronous mappings preserve post-await cycle detection [0.24ms]
(pass) a completed source cannot use its still pending asynchronous projector permission [0.16ms]
(pass) mapping and added finalizers run receiver-free across metadata operations [0.23ms]
(pass) failed outer projections retain owned values until a pending projector finishes using them [0.29ms]
(pass) failed exposed acquisition abandons incoming edges while its owned source can acquire the recovered parent [0.29ms]

tests/disposal.test.ts:
(pass) disposal callbacks receive the owned value without a receiver [0.14ms]
(pass) withDisposal exposes the value and closes each resolved instance once [0.12ms]
(pass) ordinary values are borrowed even when they expose disposal methods [0.09ms]
(pass) unresolved and failed factories have no disposal [0.13ms]
(pass) throwing then inspection rejects each acquisition until a synchronous retry succeeds [0.24ms]
(pass) a PromiseLike with a throwing then getter never reaches the fulfilled-value disposer [0.21ms]
(pass) native Promise observer setup failures allow retry and preserve accepted Promise identity [0.26ms]
(pass) native Promise ownership observation ignores an own then override [0.15ms]
(pass) native Promise subclass ownership ignores an own then override [0.20ms]
(pass) native constructor TypeError preserves the original failure and permits retry [0.26ms]
(pass) native species TypeError preserves the original failure and permits retry [0.08ms]
(pass) pending close observes native settlement without assimilating its species result [0.30ms]
(pass) direct structural thenables reject without invoking then or accepting ownership [0.17ms]
(pass) explicit structural conversion accepts fulfillment before a subsequent throw [0.13ms]
(pass) explicit structural conversion retries rejection and disposes only the fulfilled retry [0.17ms]
(pass) cleanup runs in reverse acquisition order through unmanaged intermediates [0.20ms]
(pass) async disposers are awaited sequentially and receive fulfilled values [0.20ms]
(pass) dependency ordering wins over async completion order [0.15ms]
(pass) close drains pending factories and dependencies discovered after await [0.22ms]
(pass) pending acquisition failure does not stop cleanup of other resources [0.16ms]
(pass) every disposer runs and close aggregates the original cleanup failures [0.35ms]
(pass) throwing undefined still rejects close and does not skip other disposers [0.22ms]
(pass) reentrant close observes the same barrier even when its disposer rejects [0.17ms]
(pass) parent and forks own independent instances and borrowed overrides stay borrowed [0.19ms]
(pass) an owned override can replace an ordinary factory [0.13ms]
(pass) pending factories can create a chain of synchronous dependencies during close [0.15ms]

tests/runtime.test.ts:
(pass) sync diamond dependencies are created once and stay synchronous [0.15ms]
(pass) undefined is memoized [0.05ms]
(pass) a creating undefined-valued factory cannot be returned through reentrant resolution [0.15ms]
(pass) forward registration and forks use independent memoization [0.11ms]
(pass) synchronous factory failure can be retried [0.05ms]
(pass) ending one builder twice and forking create fresh owned roots [0.17ms]
(pass) async dependencies remain explicit and concurrent resolutions share a promise [0.19ms]
(pass) synchronous cycles include their dependency path [0.11ms]
(pass) prototype properties are not factories [0.04ms]
(pass) async factory rejections can be retried [0.11ms]
(pass) synchronous failure discards abandoned edges before retrying another token [0.08ms]
(pass) async failure discards abandoned edges before retrying another token [0.17ms]
(pass) then inspection failure discards outgoing edges before another token retries [0.16ms]
(pass) cycles discovered after await reject instead of hanging [0.21ms]

tests/aliases.test.ts:
(pass) named aliases preserve exact canonical object and immutable history [0.33ms]
(pass) all token and name combinations and forward token requirements route identically [0.18ms]
(pass) aliases preserve explicit raw and native promises without classification [0.21ms]
(pass) transient aliases add no ownership and record actual target disposal edges [0.24ms]
(pass) module aliases retain private targets and export renames under host collisions [0.29ms]
(pass) selected sharing routes alias through parent graph while independent overrides follow child graph [0.27ms]
(pass) runtime rejects transient sharing and root captures through aliases before invoking target [0.31ms]
(pass) alias inspection reports direct target and canonical attempts without stale target metadata [0.27ms]
(pass) alias cycles retain a useful lexical path [0.22ms]
(pass) runtime rejects invalid alias selections without changing the builder [0.20ms]
(pass) startup through an alias waits for final readiness and retries failed canonical acquisitions [0.49ms]
(pass) shared alias inspection identifies its parent target despite a child override [0.23ms]
(pass) aliases of root targets retain the root graph under child overrides [0.17ms]
(pass) in-flight sources may read aliases while closing and retained reads close with the canonical owner [0.26ms]
(pass) module token aliases preserve private identity and external host requirements [0.23ms]
(pass) exported target replacements and renames remain visible through module aliases [0.19ms]
(pass) re-sharing aliases keeps parent policy while fresh grandchildren and forks use local targets [0.31ms]
(pass) strict roots use the effective shared alias policy in both lifetime directions [0.58ms]
(pass) raw aliases do not inspect then getters or add cancellation contexts [0.25ms]

tests/diagnostic-markers.test.ts:
(pass) strict matcher accounts for explicit supplemental diagnostics without splitting regions [0.07ms]
(pass) supplement cannot replace a missing primary [0.02ms]
(pass) supplement rejects {"code":2345} [0.03ms]
(pass) supplement rejects {"file":"/other.ts"}
(pass) supplement rejects {"line":5}
(pass) supplement rejects {"code":2589}
(pass) supplement rejects {"message":"unrelated"}
(pass) unrelated cascades and TS2589 remain unexpected [0.02ms]

tests/providers.test.ts:
(pass) metadata is a snapshot and inspection never starts a factory [0.44ms]
(pass) metadata preflight sees hidden collisions before reading any getters [0.16ms]
(pass) metadata additions preserve symbol keys and snapshot accessors once [0.10ms]
(pass) runtime rejects copied and forged provider registrations [0.06ms]
(pass) inspection follows pending retries without retaining failed attempts or changing disposal [0.30ms]
(pass) module rename and fork keep metadata with the actual binding [0.28ms]
(pass) plain registrations expose empty metadata and frames, including creating snapshots [0.11ms]
(pass) metadata preserves synchronous ownership and borrowed cleanup methods [0.14ms]
(pass) adapter execution captures projected values and acquisition frames [0.16ms]

tests/scopes.test.ts:
(pass) children own fresh acquisitions while independent forks outlive their source [0.26ms]
(pass) parent close synchronously closes every descendant admission gate and waits for descendants [0.36ms]
(pass) pending child sources may acquire dependencies after parent close starts [0.20ms]
(pass) pending acquisition promises deduplicate only within one scope [0.14ms]
(pass) nested cleanup failures flatten by registration order despite reversed completion [0.44ms]
(pass) independently settled children detach on success and failure without replay [0.36ms]
(pass) parent close includes a child already closing until its failure settles [0.26ms]
(pass) unexpected child close rejection is retained after parent cleanup [0.21ms]
(pass) scope preserves native shadowed-then and raw Promise ownership in configured core [0.35ms]
(pass) child projection rollback finishes before a parent-owned finalizer [0.25ms]
(pass) scopes retain module-private identities and unchanged public binding metadata [0.27ms]
(pass) unchecked scope arguments reject before creating or acquiring a child [0.33ms]

tests/runtime-benchmark-child.test.ts:
(pass) build-close constructs 10 registrations without acquiring them [0.56ms]
(pass) cold-linear-resolve acquires each of 10 factories once [0.22ms]
(pass) warm-root-resolve excludes priming and observes one cached terminal value at 10 [0.19ms]
(pass) scope-resolve-close verifies child work after its timed operation at 10 [0.48ms]
(pass) transient-resolve-close verifies 10 distinct owned values in reverse cleanup order [0.35ms]
(pass) raw-promise-identity retains the exact raw Promise through resolution and disposal at 10 [0.19ms]
(pass) node-native-promise awaits the native Promise and disposes its fulfillment at 10 [0.15ms]
(pass) build-close constructs 100 registrations without acquiring them [0.32ms]
(pass) cold-linear-resolve acquires each of 100 factories once [1.34ms]
(pass) warm-root-resolve excludes priming and observes one cached terminal value at 100 [1.25ms]
(pass) scope-resolve-close verifies child work after its timed operation at 100 [1.32ms]
(pass) transient-resolve-close verifies 100 distinct owned values in reverse cleanup order [1.01ms]
(pass) raw-promise-identity retains the exact raw Promise through resolution and disposal at 100 [0.33ms]
(pass) node-native-promise awaits the native Promise and disposes its fulfillment at 100 [0.27ms]
(pass) scenario preparation rejects unsupported provider counts [0.15ms]
(pass) parent expectations cover the complete fixed scenario matrix [0.10ms]
(pass) verification rejects a timed result from another preparation [0.32ms]
(pass) child argument parser accepts one exact request and rejects malformed or extra input [0.13ms]

tests/type-scale.test.ts:
(pass) type scale: 100 bulk providers preserve consumer types [571.23ms]
(pass) type scale: 100 chained providers preserve consumer types [1236.79ms]
(pass) type scale: 100 replacement providers preserve consumer types [1483.53ms]
(pass) type scale: 1000 grouped providers preserve consumer types [3665.34ms]
(pass) type scale: bulk rejects missing at the graph boundary [546.15ms]
(pass) type scale: bulk rejects wrong-shape at the graph boundary [539.72ms]
(pass) type scale: chained rejects missing at the graph boundary [1251.10ms]
(pass) type scale: chained rejects wrong-shape at the graph boundary [1288.01ms]
(pass) type scale: grouped rejects missing at the graph boundary [3827.62ms]
(pass) type scale: grouped rejects wrong-shape at the graph boundary [4042.89ms]
(pass) type scale: replacement rejects missing at the graph boundary [1574.88ms]
(pass) type scale: replacement rejects wrong-shape at the graph boundary [1687.15ms]
(pass) type scale: 1000 providers from reusable named modules: valid [17807.73ms]
(pass) type scale: 1000 providers from reusable named modules: missing [17621.45ms]
(pass) type scale: 1000 providers from reusable named modules: wrong-shape [18555.84ms]

tests/native-compiler.test.ts:
(pass) parser retains real native multiline diagnostics, positions and metrics [1.14ms]
(pass) parser exposes configuration errors, TS2589 and unknown output [0.07ms]
(pass) source marker gate rejects wrong file, region, message, TS2589 and unmatched cascades [0.60ms]
(pass) verified native executable checks real nonempty valid and invalid projects [694.80ms]
(pass) native small control bulk valid [163.65ms]
(pass) native small control bulk missing [142.27ms]
(pass) native small control bindings valid [594.72ms]
(pass) native small control bindings missing-final-token [625.43ms]

tests/acquisition.test.ts:
(pass) a retry does not inherit the identity of a caught failed attempt [0.81ms]
(pass) a caught rejected attempt does not retarget its incoming edge to the retry [0.71ms]
(pass) shutdown preserves every cleanup cause and its acquisition identity [0.92ms]
(pass) cleanup diagnostics snapshot caller records without cloning the original cause [0.07ms]
(pass) a failed attempt cannot borrow its pending retry permission to acquire during close [0.26ms]
(pass) a completed factory cannot start late acquisitions while another factory drains [0.46ms]
(pass) a retained failed proxy follows live dependencies without traversing removed attempts [0.20ms]

tests/performance-evidence.test.ts:
(pass) validates one canonical runtime sample and preserves its provenance [0.61ms]
(pass) rejects a correct duration with an incorrect workload checksum [0.26ms]
(pass) rejects every semantic control mismatch [0.29ms]
(pass) rejects invalid request provenance rather than attaching it to a valid child result [0.32ms]
(pass) rejects invalid duration arithmetic and malformed result fields [0.33ms]
(pass) requires the resolved public entry to stay inside the real installed package [0.41ms]
(pass) rejects noncanonical package and entry paths even when they resolve inside the archive [0.35ms]
(pass) parses only one canonical JSON object from a clean successful child [0.43ms]
(pass) rejects child timeout, signal, status, stderr and unexpected schema keys [0.28ms]
(pass) runtime runner validates the execution returned for the exact request [0.57ms]
(pass) computes summary from every raw nanosecond without mutating input [0.39ms]
(pass) summary rejects absent, nonpositive and unsafe samples instead of producing invalid arithmetic [0.07ms]
(pass) paired bootstrap is seeded, paired and sensitive to seed mutations [23.74ms]
(pass) paired bootstrap rejects length, seed, count and denominator errors [0.18ms]
(pass) scenario execution awaits only runTimed between clock reads and verifies afterwards [0.27ms]
(pass) scenario execution rejects a backwards or zero clock before accepting evidence [0.28ms]
(pass) child protocol prepares before timing and emits request identity with verified work [0.53ms]
(pass) current-only collection runs five warmups then retains 31 validated samples serially [1.26ms]
(pass) collection journals every execution before validation so a late failure retains prior and rejected output [0.53ms]
(pass) current evidence validation requires reproducible environment, tools, fixture and source identities [0.42ms]
(pass) runtime journals use exclusive per-invocation paths and never truncate prior evidence [1.12ms]
(pass) actual child printer writes one canonical newline-terminated object accepted by the parent [0.63ms]

tests/incremental-scale.test.ts:
(pass) incremental compiler work: 100 named additions [1655.49ms]
(pass) incremental compiler work: 100 named replacements [1817.69ms]
(pass) incremental compiler work: 100 token bindings [2197.64ms]

tests/runtime-scale.test.ts:
(pass) closing a deep graph disposes every dependent before its dependency exactly once [112.75ms]
(pass) retiring an acquisition touches only its actual incoming consumers [1.66ms]
(pass) repeated reads of an existing edge do not traverse the downstream graph again [0.76ms]
(pass) late edges across a deep ready graph find cycles without overflowing the stack [17.31ms]
(pass) one module lexical map is snapshotted once while external mutations stay isolated [0.59ms]

tests/platform-evidence.test.ts:
(pass) required platform evidence rejects incomplete or unavailable matrices [0.30ms]
(pass) local platform identity takes precedence and invalid local identity never falls back [1.10ms]
(pass) child evidence rejects noncanonical output, stderr, process failures and the wrong lane [0.33ms]
(pass) tool verification rejects explicit unavailability, version drift and hash drift [29.66ms]
(pass) tool verification rejects malformed pins and unavailable executables before a lane starts [0.55ms]
(pass) pack output requires exactly one archive and empty stderr [1.33ms]
(pass) pack output rejects every missing declared export and package document [3.81ms]
(pass) packed archive validation catches a missing archive, changed bytes and stale file inventory [8.82ms]
(pass) archive inventory is an exact allowlist and package documents match isolated inputs byte-for-byte [14.62ms]
(pass) repository manifest verifies every provisioned identity and retains absent tools as unavailable [633.17ms]
(pass) isolated classic pack contains only freshly built declared exports and rechecks its hash [1441.18ms]
(pass) evidence writer appends stable sorted JSONL under the source/date directory [0.87ms]
(pass) platform command writes one sorted matrix and executes every provisioned lane [3758.01ms]
(pass) platform evidence module imports under the pinned Node ESM loader [210.63ms]
(pass) platform command retains archive failure rows and makes required failures nonzero [651.23ms]
(pass) browser metafile parser rejects malformed shapes before resolving inputs [0.18ms]

tests/token-package.test.ts:
(pass) installed node cjs facade shares core tokens, modes and adapters [32.75ms]
(pass) installed node mjs facade shares core tokens, modes and adapters [38.34ms]
(pass) installed bun cjs facade shares core tokens, modes and adapters [20.06ms]
(pass) installed bun mjs facade shares core tokens, modes and adapters [18.21ms]
(pass) installed token composition crosses Node commonjs and the other loader [33.95ms]
(pass) installed commonjs token-modules declaration survives emission and unchanged consumption [1510.06ms]
(pass) installed commonjs incremental-modules declaration survives emission and unchanged consumption [1335.76ms]
(pass) installed commonjs replacement-reflection declaration survives emission and unchanged consumption [1333.70ms]
(pass) installed token composition crosses Node module and the other loader [72.26ms]
(pass) installed module token-modules declaration survives emission and unchanged consumption [1334.64ms]
(pass) installed module incremental-modules declaration survives emission and unchanged consumption [1232.85ms]
(pass) installed module replacement-reflection declaration survives emission and unchanged consumption [1363.20ms]

tests/performance-baseline.test.ts:
(pass) review requires median, p95 and paired interval regression predicates together [75.30ms]
(pass) ordinary hosts remain informational even when every review threshold is met [11.43ms]
(pass) paired verdict validates the exact 31-sample protocol and unsigned seed [0.34ms]
(pass) seeded execution order is reproducible, balanced and alternates pair orientation [0.25ms]
(pass) paired collection runs serial warmups and retains samples in pair index order [1.32ms]
(pass) paired collection journals a rejected execution before validation stops the run [0.27ms]
(pass) comparison command accepts an exact pinned baseline and unsigned seed only [2.81ms]
(pass) comparison row validation rejects incomplete, unsafe and unpaired evidence [43.02ms]
(pass) journaling retains unavailable and failed terminal rows as well as validated summaries [0.13ms]
(pass) baseline archive is built from the exact commit with retained source and tool identities [1582.39ms]

tests/enterprise-integration.test.ts:
(pass) overlapping requests isolate private dependencies and release scopes before the shared root [27.87ms]
(pass) owned-scope fixture preserves handler and cleanup failures without closing twice [0.64ms]
(pass) test substitutions retain private module contracts and fresh transient instances [0.50ms]
(pass) a dynamically imported module starts private providers and unloads contributions exactly once [2.09ms]
(pass) owned-scope fixture preserves a thrown undefined value and cleanup-only failure [0.31ms]
(pass) owned-scope work result types follow explicit awaiting of structural thenables [0.13ms]
(pass) a fixture whose startup fails releases acquired resources without admitting work [0.68ms]

tests/lifetime-declarations.test.ts:
(pass) lifetime replacement preserves the source and owned stages [0.17ms]
(pass) invalid lifetime declarations fail before evaluating factories or option getters [0.54ms]
(pass) options are read once and snapshotted, and replacement clears capture [0.11ms]
(pass) all provider transformations retain the immutable policy [0.32ms]

tests/binding-graph.test.ts:
(pass) private bindings with the same label have distinct memoized identities [0.68ms]
(pass) an owned private dependency closes after its public dependent [0.27ms]
(pass) private Promise-valued bindings preserve their original exposed identity [0.20ms]
(pass) graph snapshots preserve lexical private refs while forks use replaced public slots [0.38ms]
(pass) batch public bindings preserve ordered duplicates and retained private identities [0.31ms]
(pass) an empty public binding batch preserves immutable graph identity [0.02ms]
(pass) mutating graph input maps cannot change public lookup or binding descriptions [0.14ms]
(pass) cycles through private aliases discovered after await show binding labels [1.13ms]

tests/composition-adapters.test.ts:
(pass) class adapters construct lazily with private fields, inherited prototypes and new.target [0.43ms]
(pass) constructor validation invokes neither the constructor nor its prototype getter [0.22ms]
(pass) function adapters pass positional values exactly and support explicitly bound receivers [0.36ms]
(pass) optional and rest function and constructor arguments follow selected positions [0.44ms]
(pass) function adapters snapshot indexed tokens and ignore custom iterators [0.52ms]
(pass) function adapters reject invalid declaration inputs before user effects [0.28ms]
(pass) function acquisition failures retry and disposal is explicit [0.33ms]
(pass) class adapters snapshot indexed tokens and ignore custom iterators [0.15ms]
(pass) class adapters reject invalid declaration inputs before user effects [0.11ms]
(pass) class acquisition failures retry and disposal is explicit [0.11ms]
(pass) raw and native adapters retain Promise identity and select the disposal value [0.38ms]
(pass) raw class adapters preserve thenables and auto rejects them without assimilation [0.27ms]
(pass) automatic adapters require runtime classification before acquisition [0.13ms]
(pass) module token graphs and selected sharing keep ownership and parent dependencies [0.61ms]
(pass) strict root class adapters retain root dependencies through child overrides [0.27ms]
(pass) native class acquisition preserves constructed promises and disposes their fulfilled value [0.36ms]
(pass) rejected function acquisitions retry with the original Promise return [0.25ms]
(pass) constructor proxies retain their acquisition trap and original new.target [0.23ms]

tests/comparator-contract.test.ts:
(pass) admits only a synchronous named graph with singleton, transient and explicit lifecycle semantics [0.87ms]
(pass) comparator cannot enter the table with incomplete or forged metadata [0.18ms]
(pass) rejects asynchronous construction or resolution from the synchronous common subset [0.19ms]
(pass) forbidden rejected async results are consumed before the child exits [40.37ms]
(pass) rejects a changed named workload, singleton caching or transient freshness [0.25ms]
(pass) rejects missing, partial and failing explicit disposal [0.38ms]
(pass) reports absent optional packages as unavailable without inventing adapter rows [0.56ms]
(pass) distinguishes unavailable installation from an unreviewed or semantically invalid adapter [0.55ms]
(pass) rejects package and adapter identity drift before semantic admission [0.38ms]
(pass) comparator CLI mode emits only truthful optional status rows and creates no timing evidence [0.56ms]

tests/benchmark-compiler-controls.test.ts:
(pass) negative controls reject a fast compile that lost its marker [0.12ms]
(pass) negative controls require exactly one marker at the generated boundary [0.19ms]
(pass) valid controls reject diagnostics and case identity substitution [0.04ms]
(pass) controls reject invalid work metrics and source provenance drift [0.09ms]
(pass) normalizer validates classic work and canonicalizes diagnostic paths [0.34ms]
(pass) normalizer extracts native extended metrics without substituting process time [0.05ms]
(pass) summary preserves every ordered sample and derives literal statistics [0.26ms]
(pass) collector performs five warm-ups then 31 retained samples serially [0.42ms]
(pass) catalog contains only the exact nine supported controls [0.09ms]
(pass) failed child evidence is journaled before normalization rejects it [0.28ms]
(pass) spawn failures are journaled even when no child row exists [0.10ms]

tests/box-adapters.test.ts:
(pass) mixed factory, owned and provider registrations map and unbox every valid branch [2.25ms]
(pass) sas modes select capabilities, preserve receiver and cache once per acquisition [0.44ms]
(pass) sas sync preserves a raw promise while asynchronous routes return native promises [0.25ms]
(pass) sas callback throws preserve error identity and clean only the owned raw box [0.30ms]
(pass) val metadata captures presence and alias without owning payload, and separates outer ownership [0.33ms]
(pass) val presence distinguishes absence and present undefined and preserves empty aliases [0.26ms]
(pass) val copies snapshots once and retains nested frames through other transforms [0.24ms]
(pass) val frames exist as absent inside the source factory and remain snapshot-isolated while pending [0.26ms]
(pass) val absence and throwing snapshot/getters retire ownership with the original error [0.32ms]
(pass) unchecked val snapshots validate every structural field without inspecting payloads [0.50ms]
(pass) val preserves raw promise payloads synchronously and awaits only the explicit async boundary [0.22ms]
(pass) val propagates snapshot-field getter errors and never reads erased payload properties [0.26ms]
(pass) failed val unboxing abandons the caller edge while pending source ownership finishes [0.31ms]

tests/types.test.ts:
(pass) observers retain exact inferred cross-file contracts [529.25ms]
(pass) plugins retain exact inferred cross-file contracts [524.04ms]
(pass) final adversarial integration retains exact inferred cross-file contracts [533.73ms]
(pass) contributions retain exact inferred cross-file contracts [693.55ms]
(pass) aliases retain exact inferred cross-file contracts [756.88ms]
(pass) dependency references retain exact inferred cross-file contracts [597.58ms]
(pass) composition adapters retain exact inferred cross-file contracts [527.58ms]
(pass) selected scopes retain exact inferred cross-file contracts [536.86ms]
(pass) startup and contextual providers retain exact inferred cross-file contracts [490.03ms]
(pass) lifetime declarations retain exact inferred cross-file contracts [615.26ms]
(pass) lifetimes inferred exports survive declaration consumption [1377.68ms]
(pass) composition-adapters inferred exports survive declaration consumption [1483.16ms]
(pass) dependency-references inferred exports survive declaration consumption [1391.09ms]
(pass) aliases inferred exports survive declaration consumption [1569.41ms]
(pass) contributions inferred exports survive declaration consumption [1505.81ms]
(pass) observers inferred exports survive declaration consumption [1287.43ms]
(pass) plugins inferred exports survive declaration consumption [1262.30ms]
(pass) final-adversarial-integration inferred exports survive declaration consumption [1302.24ms]
(pass) acquisition modes retain exact acquired values across inferred exports [600.47ms]
(pass) token modules preserve exact cross-file contracts [599.01ms]
(pass) public token composition preserves exact outputs and frames [686.51ms]
(pass) token contracts preserve exact identities and provider graphs [612.75ms]
(pass) replacement context preserves exact contracts from surviving consumers [667.83ms]
(pass) incremental checks preserve forward, replacement and frame contracts [632.05ms]
(pass) incremental projection candidates preserve replacement and resolved contracts [616.84ms]
(pass) incremental module installation preserves private, forward, and token contracts [626.18ms]
(pass) incremental module declarations retain exact results and token outputs [626.61ms]
(pass) builder views preserve exact accepted registration histories [597.28ms]
(pass) supported replacement wrappers and reflected methods stay exact and non-any [619.15ms]
(pass) replacement reflection preserves utility soundness and module history [595.63ms]
(pass) modern inline inference retains exact contracts [612.88ms]
(pass) box adapters preserve exact modes, requirements and frames [635.20ms]
(pass) typed provider metadata survives checked composition and inspection [722.34ms]
(pass) named modules preserve contracts across a file boundary [677.92ms]
(pass) valid composition preserves inferred values and explicit promise edges [673.01ms]
(pass) registration boundaries preserve selected keys and exact factory types [649.96ms]
(pass) scope preserves exact inferred contracts across a source boundary [653.87ms]
(pass) inline method-returning factories preserve exact types: add [600.91ms]
(pass) inline method-returning factories preserve exact types: fork [646.09ms]
(pass) inline method-returning factories preserve exact types: disposal [571.07ms]
(pass) type rejection: provider-boundaries.ts [656.35ms]
(pass) type rejection: acquisition-mode.ts [582.25ms]
(pass) type rejection: object-registrations.ts [570.03ms]
(pass) type rejection: fork-dependency-shape.ts [571.83ms]
(pass) type rejection: inline-wrong-shape.ts [591.00ms]
(pass) type rejection: observers.ts [588.04ms]
(pass) type rejection: wrong-shape.ts [568.90ms]
(pass) type rejection: tokens.ts [780.48ms]
(pass) type rejection: primitive-parameter.ts [560.24ms]
(pass) type rejection: union-replace.ts [610.48ms]
(pass) type rejection: replacement-wrong-shape.ts [580.88ms]
(pass) type rejection: missing.ts [608.15ms]
(pass) type rejection: module-private.ts [589.23ms]
(pass) type rejection: module-narrowing.ts [677.79ms]
(pass) type rejection: forward-wrong-shape.ts [556.09ms]
(pass) type rejection: fork-explicit-generics.ts [580.78ms]
(pass) type rejection: callable-parameter.ts [557.58ms]
(pass) type rejection: indexed-registrations.ts [562.85ms]
(pass) type rejection: incremental.ts [663.20ms]
(pass) type rejection: aliases.ts [887.64ms]
(pass) type rejection: incremental-modules.ts [606.43ms]
(pass) type rejection: selected-scopes.ts [790.91ms]
(pass) type rejection: object-overrides.ts [564.25ms]
(pass) type rejection: token-modules.ts [612.38ms]
(pass) type rejection: provider-unions.ts [632.51ms]
(pass) type rejection: inline-replacement-wrong-shape.ts [552.54ms]
(pass) type rejection: prototype-registrations.ts [558.99ms]
(pass) type rejection: modern-inline.ts [571.00ms]
(pass) type rejection: fork-missing.ts [562.93ms]
(pass) type rejection: inline-fork-wrong-shape.ts [578.53ms]
(pass) type rejection: final-adversarial-integration.ts [598.78ms]
(pass) type rejection: module-rename.ts [598.88ms]
(pass) type rejection: token-contracts.ts [635.31ms]
(pass) type rejection: module-missing.ts [580.25ms]
(pass) type rejection: module-hidden-private-needs.ts [602.09ms]
(pass) type rejection: duplicate-add.ts [637.05ms]
(pass) type rejection: module-exports.ts [657.42ms]
(pass) type rejection: fork-selection.ts [661.84ms]
(pass) type rejection: inline-fork-missing.ts [624.85ms]
(pass) type rejection: optional-parameter.ts [565.48ms]
(pass) type rejection: plugins.ts [630.26ms]
(pass) type rejection: incremental-projections.ts [603.80ms]
(pass) type rejection: replacement-context.ts [700.47ms]
(pass) type rejection: module-wrong-shape.ts [619.15ms]
(pass) type rejection: spread-disposal.ts [608.58ms]
(pass) type rejection: symbol-dependency.ts [557.99ms]
(pass) type rejection: template-dependencies.ts [573.87ms]
(pass) type rejection: lifetimes.ts [923.91ms]
(pass) type rejection: replacement-views.ts [601.26ms]
(pass) type rejection: boolean-registrations.ts [568.67ms]
(pass) type rejection: fork-wrong-shape.ts [580.14ms]
(pass) type rejection: replacement-reflection.ts [607.87ms]
(pass) type rejection: disposable-missing.ts [557.62ms]
(pass) type rejection: template-registrations.ts [569.80ms]
(pass) type rejection: required-this.ts [595.48ms]
(pass) type rejection: inline-fork-dependency-shape.ts [575.41ms]
(pass) type rejection: disposer-wrong-shape.ts [568.56ms]
(pass) type rejection: async-resolve.ts [567.59ms]
(pass) type rejection: box-adapters.ts [644.06ms]
(pass) type rejection: provider-projections.ts [595.17ms]
(pass) type rejection: composition-adapters.ts [635.04ms]
(pass) type rejection: inline-fork-extra.ts [564.29ms]
(pass) type rejection: async-dependency.ts [567.18ms]
(pass) type rejection: scopes.ts [667.01ms]
(pass) type rejection: disposer-promise.ts [559.97ms]
(pass) type rejection: inline-forward-wrong-shape.ts [575.93ms]
(pass) type rejection: union-parameter.ts [559.63ms]
(pass) type rejection: dependency-references.ts [778.64ms]
(pass) type rejection: startup.ts [580.12ms]
(pass) type rejection: invalid-registration.ts [540.34ms]
(pass) type rejection: provider-module-metadata.ts [584.77ms]
(pass) type rejection: fork-extra.ts [539.81ms]
(pass) type rejection: inline-missing.ts [582.77ms]
(pass) type rejection: builder-views.ts [607.38ms]
(pass) type rejection: contributions.ts [900.77ms]

tests/plugins.test.ts:
(pass) plugin validation retains raw source ownership on success and failure [1.47ms]
(pass) plugin descriptor requires own protocol fields before factory effects [0.27ms]
(pass) plugin preflight validates dependencies and options before descriptor reads [0.13ms]
(pass) plugin descriptor preflight preserves accessor errors and ignores extra getters [0.26ms]
(pass) plugin snapshots dependencies, options and callbacks before later mutation [0.50ms]
(pass) plugin routes required optional lazy and all dependency references positionally [0.69ms]
(pass) raw plugin validation does not assimilate values or validator results [1.22ms]
(pass) native plugin validates fulfilled values, caches final output and releases source ownership [0.43ms]
(pass) native plugin rejection and output validation preserve causes and ownership [0.80ms]
(pass) native plugins require a genuine Promise source [0.26ms]
(pass) startup rollback releases an accepted plugin source once [0.78ms]
(pass) plugin callbacks use no receiver and preserve factory and validator failures [0.43ms]
(pass) plugin composition retains module privacy, aliases, contributions and selected sharing [1.41ms]
(pass) plugin observers retain the canonical acquisition and cleanup events [1.00ms]
(pass) native plugin readiness waits for source validation [0.33ms]
(pass) plugin close waits for accepted disposer cleanup exactly once [0.27ms]
(pass) plugin validation errors survive one failed retirement cleanup [0.48ms]
(pass) plugin observer lifecycle events identify its canonical acquisition [0.53ms]

tests/dependency-references.test.ts:
(pass) optional absence is distinct from a present undefined acquisition [0.84ms]
(pass) optional factory failures and native rejections propagate and retry [0.53ms]
(pass) lazy scoped dependencies defer construction and retain invocation ownership [0.38ms]
(pass) lazy root dependencies defer construction and retain invocation ownership [0.16ms]
(pass) lazy transient dependencies defer construction and retain invocation ownership [0.14ms]
(pass) all adapters snapshot mixed references by index and authenticate every handle [1.10ms]
(pass) lazy reads preserve lexical private tokens, export renames and external optional absence [0.53ms]
(pass) lazy closures use shared/root owner context and independent fork overrides [0.68ms]
(pass) raw and native references preserve Promise identity and disposal values [0.46ms]
(pass) optional synchronous and post-await cycles propagate [0.59ms]
(pass) lazy synchronous and post-await cycles propagate [0.29ms]
(pass) lazy closure shutdown admission belongs to the capturing source attempt [20.77ms]
(pass) observed reference reads retain strict root checks before routing [0.24ms]
(pass) lazy reads detect a cycle between already ready consumers [0.26ms]
(pass) a pending projection does not extend a lazy source shutdown admission [0.30ms]
(pass) root explicit capture and optional reads retain the root lexical context [0.46ms]

tests/token-scale.test.ts:
(pass) token scale: 100 bindings valid [2130.57ms]
(pass) token scale: 100 bindings missing-final-token [2071.04ms]
(pass) token scale: 100 bindings mismatched-invariant-service [2133.52ms]
(pass) token scale: 100 modules valid [2659.26ms]
(pass) token scale: 100 modules missing-final-token [2675.10ms]
(pass) token scale: 100 modules mismatched-invariant-service [2666.07ms]

tests/selected-scopes.test.ts:
(pass) selected sharing keeps parent dependencies while child overrides stay local [3.46ms]
(pass) mixed token selections retain exact borrowed pending values and override bindings [0.32ms]
(pass) scope snapshots selections and ignores unselected override getters and tuple iterators [0.41ms]
(pass) invalid selections reject before override values or provider effects [0.35ms]
(pass) empty selections are lazy and duplicates read each override once [0.24ms]
(pass) inherited strict roots keep their graph when a child overrides a dependency as scoped [0.34ms]

tests/benchmark-types.test.ts:
(pass) parent evaluator validates untrusted worker evidence and preserves requested identities [0.55ms]
(pass) benchmark rejects unsupported flags: --native --native [245.22ms]
(pass) benchmark rejects unsupported flags: --tokens --tokens [237.48ms]
(pass) benchmark rejects unsupported flags: --unknown [246.38ms]
(pass) benchmark rejects unsupported flags: --native --tokens --unknown [242.98ms]
(pass) named benchmark boundary: 100 bulk valid [637.77ms]
(pass) named benchmark boundary: 100 bulk missing [642.99ms]
(pass) named benchmark boundary: 100 bulk wrong-shape [650.87ms]
(pass) named benchmark boundary: 100 chained valid [1404.48ms]
(pass) named benchmark boundary: 100 chained missing [1358.54ms]
(pass) named benchmark boundary: 100 chained wrong-shape [1324.54ms]
(pass) named benchmark boundary: 100 grouped valid [658.01ms]
(pass) named benchmark boundary: 100 grouped missing [650.14ms]
(pass) named benchmark boundary: 100 grouped wrong-shape [669.30ms]
(pass) named benchmark boundary: 100 replacement valid [1492.11ms]
(pass) named benchmark boundary: 100 replacement missing [1535.96ms]
(pass) named benchmark boundary: 100 replacement wrong-shape [1607.42ms]
(pass) named benchmark worker retains complete boundary diagnostics [1662.36ms]
(pass) token worker defaults a valid invocation to 100 services [2101.66ms]
(pass) token worker accepts an explicit supported count [2111.13ms]
(pass) token worker rejects an extra argument before compilation [221.32ms]
(pass) token worker rejects count zero before compilation [235.21ms]
(pass) token worker rejects an unsupported count before compilation [226.07ms]
(pass) token worker rejects an invalid form before compilation [233.55ms]
(pass) token worker rejects an invalid scenario before compilation [226.10ms]

tests/platform/browser-worker.test.ts:
(pass) browser metafile accepts only the installed root export and package-local dependencies [3.01ms]
(pass) browser bundle validation rejects stale bytes, sizes, gzip size, metafile and root identity [5.36ms]
(pass) Worker protocol accepts exactly one structured portable result and rejects hostile transcripts [0.44ms]
(pass) browser Worker lane rechecks the artifact before execution and maps protocol failures [73.00ms]
(pass) explicitly unprovisioned browser tools stay unavailable without archive or bundle fallback [39.60ms]
(pass) provisioned browser tools execute the real packed archive lane [7190.52ms]

1 tests failed:
(fail) archive verifier > (unnamed) [1424.71ms]

 996 pass
 1 fail
 5816 expect() calls
Ran 997 tests across 53 files. [513.38s]
