✖ Node disposes a deep ready graph in dependency order and only once (1650.118778ms)
✖ Node admits a late acyclic edge and rejects a late cycle across a deep graph (1398.360521ms)
ℹ tests 2
ℹ suites 0
ℹ pass 0
ℹ fail 2
ℹ cancelled 0
ℹ skipped 0
ℹ todo 0
ℹ duration_ms 3073.006955

✖ failing tests:

test at tests/runtime-scale.node.mjs:26:1
✖ Node disposes a deep ready graph in dependency order and only once (1650.118778ms)
  AggregateError: Failed to close 1 runtime operation(s)
      at Runtime.finishClose (/tmp/di-bag-performance-audit-dist/runtime.js:235:19) {
    [errors]: [
      RangeError: Maximum call stack size exceeded
          at Set.has (<anonymous>)
          at visit (/tmp/di-bag-performance-audit-dist/acquisition.js:307:29)
          at visit (/tmp/di-bag-performance-audit-dist/acquisition.js:314:21)
          at visit (/tmp/di-bag-performance-audit-dist/acquisition.js:314:21)
          at visit (/tmp/di-bag-performance-audit-dist/acquisition.js:314:21)
          at visit (/tmp/di-bag-performance-audit-dist/acquisition.js:314:21)
          at visit (/tmp/di-bag-performance-audit-dist/acquisition.js:314:21)
          at visit (/tmp/di-bag-performance-audit-dist/acquisition.js:314:21)
          at visit (/tmp/di-bag-performance-audit-dist/acquisition.js:314:21)
          at visit (/tmp/di-bag-performance-audit-dist/acquisition.js:314:21)
    ]
  }

test at tests/runtime-scale.node.mjs:37:1
✖ Node admits a late acyclic edge and rejects a late cycle across a deep graph (1398.360521ms)
  RangeError: Maximum call stack size exceeded
      at AcquisitionFamily.path (/tmp/di-bag-performance-audit-dist/acquisition-family.js:39:9)
      at AcquisitionFamily.path (/tmp/di-bag-performance-audit-dist/acquisition-family.js:49:31)
      at AcquisitionFamily.path (/tmp/di-bag-performance-audit-dist/acquisition-family.js:49:31)
      at AcquisitionFamily.path (/tmp/di-bag-performance-audit-dist/acquisition-family.js:49:31)
      at AcquisitionFamily.path (/tmp/di-bag-performance-audit-dist/acquisition-family.js:49:31)
      at AcquisitionFamily.path (/tmp/di-bag-performance-audit-dist/acquisition-family.js:49:31)
      at AcquisitionFamily.path (/tmp/di-bag-performance-audit-dist/acquisition-family.js:49:31)
      at AcquisitionFamily.path (/tmp/di-bag-performance-audit-dist/acquisition-family.js:49:31)
      at AcquisitionFamily.path (/tmp/di-bag-performance-audit-dist/acquisition-family.js:49:31)
      at AcquisitionFamily.path (/tmp/di-bag-performance-audit-dist/acquisition-family.js:49:31)
