bun test v1.4.2 (744846f84)

tests/startup.test.ts:
342 |   const provider = (index: number) => DiBag.withDisposal(() => { calls.push(index); return gates[index]!.promise; }, value => { disposed.push(value); });
343 |   const starting = DiBag.begin().add({ a: provider(0), b: provider(1), c: provider(2) })
344 |     .start(['a', 'b', 'c'], { concurrency });
345 |   const outcome = starting.catch(error => error);
346 |   await new Promise<void>(resolve => setImmediate(resolve));
347 |   expect(calls).toEqual(concurrency === 1 ? [0] : concurrency === 2 ? [0, 1] : [0, 1, 2]);
                      ^
error: expect(received).toEqual(expected)

- [
-   0,
- ]
+ []

- Expected  - 3
+ Received  + 1

      at <anonymous> (/tmp/di-bag-performance-integration/tests/startup.test.ts:347:17)
(fail) numeric startup 1 bounds selected readiness and preserves promise identity [1.48ms]
342 |   const provider = (index: number) => DiBag.withDisposal(() => { calls.push(index); return gates[index]!.promise; }, value => { disposed.push(value); });
343 |   const starting = DiBag.begin().add({ a: provider(0), b: provider(1), c: provider(2) })
344 |     .start(['a', 'b', 'c'], { concurrency });
345 |   const outcome = starting.catch(error => error);
346 |   await new Promise<void>(resolve => setImmediate(resolve));
347 |   expect(calls).toEqual(concurrency === 1 ? [0] : concurrency === 2 ? [0, 1] : [0, 1, 2]);
                      ^
error: expect(received).toEqual(expected)

- [
-   0,
-   1,
- ]
+ []

- Expected  - 4
+ Received  + 1

      at <anonymous> (/tmp/di-bag-performance-integration/tests/startup.test.ts:347:17)
(fail) numeric startup 2 bounds selected readiness and preserves promise identity [0.23ms]
342 |   const provider = (index: number) => DiBag.withDisposal(() => { calls.push(index); return gates[index]!.promise; }, value => { disposed.push(value); });
343 |   const starting = DiBag.begin().add({ a: provider(0), b: provider(1), c: provider(2) })
344 |     .start(['a', 'b', 'c'], { concurrency });
345 |   const outcome = starting.catch(error => error);
346 |   await new Promise<void>(resolve => setImmediate(resolve));
347 |   expect(calls).toEqual(concurrency === 1 ? [0] : concurrency === 2 ? [0, 1] : [0, 1, 2]);
                      ^
error: expect(received).toEqual(expected)

- [
-   0,
-   1,
-   2,
- ]
+ []

- Expected  - 5
+ Received  + 1

      at <anonymous> (/tmp/di-bag-performance-integration/tests/startup.test.ts:347:17)
(fail) numeric startup 20 bounds selected readiness and preserves promise identity [0.14ms]
23 |   const selected: Record<string, unknown> = Object.create(null);
24 |   for (const key of supported) if (Object.hasOwn(options, key)) selected[key] = Reflect.get(options, key);
25 |   if (Object.hasOwn(selected, 'timeoutMs') && (typeof selected.timeoutMs !== 'number' || !Number.isFinite(selected.timeoutMs) || selected.timeoutMs <= 0)) {
26 |     throw new Error('startup timeoutMs must be finite and positive');
27 |   }
28 |   if (Object.hasOwn(selected, 'concurrency') && selected.concurrency !== 'parallel' && selected.concurrency !== 'sequential') throw new Error('invalid startup concurrency');
                                                                                                                                             ^
error: invalid startup concurrency
      at snapshotOptions (/tmp/di-bag-performance-integration/src/startup.ts:28:137)
      at startRuntime (/tmp/di-bag-performance-integration/src/startup.ts:47:59)
      at start (/tmp/di-bag-performance-integration/src/di-bag.ts:384:27)
      at <anonymous> (/tmp/di-bag-performance-integration/tests/startup.test.ts:366:29)
(fail) numeric startup 1 snapshots options and retains duplicate selected lifetimes [0.31ms]
23 |   const selected: Record<string, unknown> = Object.create(null);
24 |   for (const key of supported) if (Object.hasOwn(options, key)) selected[key] = Reflect.get(options, key);
25 |   if (Object.hasOwn(selected, 'timeoutMs') && (typeof selected.timeoutMs !== 'number' || !Number.isFinite(selected.timeoutMs) || selected.timeoutMs <= 0)) {
26 |     throw new Error('startup timeoutMs must be finite and positive');
27 |   }
28 |   if (Object.hasOwn(selected, 'concurrency') && selected.concurrency !== 'parallel' && selected.concurrency !== 'sequential') throw new Error('invalid startup concurrency');
                                                                                                                                             ^
error: invalid startup concurrency
      at snapshotOptions (/tmp/di-bag-performance-integration/src/startup.ts:28:137)
      at startRuntime (/tmp/di-bag-performance-integration/src/startup.ts:47:59)
      at start (/tmp/di-bag-performance-integration/src/di-bag.ts:384:27)
      at <anonymous> (/tmp/di-bag-performance-integration/tests/startup.test.ts:366:29)
(fail) numeric startup 2 snapshots options and retains duplicate selected lifetimes [0.12ms]
23 |   const selected: Record<string, unknown> = Object.create(null);
24 |   for (const key of supported) if (Object.hasOwn(options, key)) selected[key] = Reflect.get(options, key);
25 |   if (Object.hasOwn(selected, 'timeoutMs') && (typeof selected.timeoutMs !== 'number' || !Number.isFinite(selected.timeoutMs) || selected.timeoutMs <= 0)) {
26 |     throw new Error('startup timeoutMs must be finite and positive');
27 |   }
28 |   if (Object.hasOwn(selected, 'concurrency') && selected.concurrency !== 'parallel' && selected.concurrency !== 'sequential') throw new Error('invalid startup concurrency');
                                                                                                                                             ^
error: invalid startup concurrency
      at snapshotOptions (/tmp/di-bag-performance-integration/src/startup.ts:28:137)
      at startRuntime (/tmp/di-bag-performance-integration/src/startup.ts:47:59)
      at start (/tmp/di-bag-performance-integration/src/di-bag.ts:384:27)
      at <anonymous> (/tmp/di-bag-performance-integration/tests/startup.test.ts:380:6)
(fail) numeric startup uses final raw readiness while owned sources remain pending [0.39ms]
394 |     b: DiBag.withDisposal(() => { calls.push('b'); return gates[1]!.promise; }, value => { disposed.push(value); throw cleanupError; }),
395 |     queued: () => { calls.push('queued'); return 3; },
396 |   }).start(['a', 'b', 'queued'], { concurrency: 2, signal: abort.signal, ...(terminal === 'timeout' ? { timeoutMs: 5 } : {}) });
397 |   const outcome = starting.catch(error => error);
398 |   let settled = false; void outcome.then(() => { settled = true; });
399 |   expect(calls).toEqual(['a', 'b']);
                      ^
error: expect(received).toEqual(expected)

- [
-   "a",
-   "b",
- ]
+ []

- Expected  - 4
+ Received  + 1

      at <anonymous> (/tmp/di-bag-performance-integration/tests/startup.test.ts:399:17)
(fail) bounded startup stops dequeuing after failure and cleans started work [0.36ms]
394 |     b: DiBag.withDisposal(() => { calls.push('b'); return gates[1]!.promise; }, value => { disposed.push(value); throw cleanupError; }),
395 |     queued: () => { calls.push('queued'); return 3; },
396 |   }).start(['a', 'b', 'queued'], { concurrency: 2, signal: abort.signal, ...(terminal === 'timeout' ? { timeoutMs: 5 } : {}) });
397 |   const outcome = starting.catch(error => error);
398 |   let settled = false; void outcome.then(() => { settled = true; });
399 |   expect(calls).toEqual(['a', 'b']);
                      ^
error: expect(received).toEqual(expected)

- [
-   "a",
-   "b",
- ]
+ []

- Expected  - 4
+ Received  + 1

      at <anonymous> (/tmp/di-bag-performance-integration/tests/startup.test.ts:399:17)
(fail) bounded startup stops dequeuing after aborted and cleans started work [0.12ms]
394 |     b: DiBag.withDisposal(() => { calls.push('b'); return gates[1]!.promise; }, value => { disposed.push(value); throw cleanupError; }),
395 |     queued: () => { calls.push('queued'); return 3; },
396 |   }).start(['a', 'b', 'queued'], { concurrency: 2, signal: abort.signal, ...(terminal === 'timeout' ? { timeoutMs: 5 } : {}) });
397 |   const outcome = starting.catch(error => error);
398 |   let settled = false; void outcome.then(() => { settled = true; });
399 |   expect(calls).toEqual(['a', 'b']);
                      ^
error: expect(received).toEqual(expected)

- [
-   "a",
-   "b",
- ]
+ []

- Expected  - 4
+ Received  + 1

      at <anonymous> (/tmp/di-bag-performance-integration/tests/startup.test.ts:399:17)
(fail) bounded startup stops dequeuing after timeout and cleans started work [0.10ms]
23 |   const selected: Record<string, unknown> = Object.create(null);
24 |   for (const key of supported) if (Object.hasOwn(options, key)) selected[key] = Reflect.get(options, key);
25 |   if (Object.hasOwn(selected, 'timeoutMs') && (typeof selected.timeoutMs !== 'number' || !Number.isFinite(selected.timeoutMs) || selected.timeoutMs <= 0)) {
26 |     throw new Error('startup timeoutMs must be finite and positive');
27 |   }
28 |   if (Object.hasOwn(selected, 'concurrency') && selected.concurrency !== 'parallel' && selected.concurrency !== 'sequential') throw new Error('invalid startup concurrency');
                                                                                                                                             ^
error: invalid startup concurrency
      at snapshotOptions (/tmp/di-bag-performance-integration/src/startup.ts:28:137)
      at startRuntime (/tmp/di-bag-performance-integration/src/startup.ts:47:59)
      at start (/tmp/di-bag-performance-integration/src/di-bag.ts:384:27)
      at <anonymous> (/tmp/di-bag-performance-integration/tests/startup.test.ts:437:24)
(fail) numeric startup rejects invalid bounds before factories [0.27ms]

 0 pass
 22 filtered out
 10 fail
 14 expect() calls
Ran 10 tests across 1 file. [15.00ms]
