bun test v1.4.2 (744846f84)

tests/startup.test.ts:
(pass) contexts follow acquisition owners through child-first roots and independent forks [2.93ms]
(pass) abort listeners cannot reenter any closing scope admission gate [0.38ms]
(pass) startup waits for selected native acquisition while leaving unrelated providers lazy [0.80ms]
(pass) startup uses native observation with shadowed then and treats raw promises as ready [0.77ms]
(pass) a ready native projection starts while its source remains pending until shutdown [0.37ms]
(pass) failed native projection aborts a cooperative pending source before cleanup [0.56ms]
(pass) sequential startup waits before invoking the next selection [0.41ms]
(pass) startup selects genuine tokens and keeps separate owned transient attempts [0.47ms]
(pass) late contextual dependencies receive an already aborted owner signal [0.41ms]
(pass) startup removes its abort listener on success [0.25ms]
(pass) startup removes its abort listener on failure [0.11ms]
(pass) startup removes its abort listener on aborted [0.16ms]
(pass) startup removes its abort listener on timeout [5.33ms]
(pass) startup snapshots option getters once after snapshotting all selected keys [0.28ms]
(pass) sequential startup stops after failure and waits for cleanup with original causes [0.67ms]
(pass) parallel startup starts later selections after synchronous failure and cleans pending ownership [0.28ms]
(pass) aborted rejects before late ownership and exposes eventual cleanup failure [0.45ms]
(pass) timeout rejects before late ownership and exposes eventual cleanup failure [5.57ms]
(pass) already aborted startup does not invoke any factories [0.25ms]
(pass) cancellation can interrupt cleanup after ordinary startup failure [0.35ms]
(pass) successful startup removes external cancellation and snapshots indexed selections [0.26ms]
(pass) invalid startup inputs reject before factory or unsupported option getter effects [0.41ms]
(pass) numeric startup 1 bounds selected readiness and preserves promise identity [0.42ms]
(pass) numeric startup 2 bounds selected readiness and preserves promise identity [0.18ms]
(pass) numeric startup 20 bounds selected readiness and preserves promise identity [0.14ms]
(pass) numeric startup 1 snapshots options and retains duplicate selected lifetimes [0.31ms]
(pass) numeric startup 2 snapshots options and retains duplicate selected lifetimes [0.13ms]
(pass) numeric startup uses final raw readiness while owned sources remain pending [0.37ms]
(pass) bounded startup stops dequeuing after failure and cleans started work [0.58ms]
(pass) bounded startup stops dequeuing after aborted and cleans started work [0.22ms]
(pass) bounded startup stops dequeuing after timeout and cleans started work [5.61ms]
(pass) numeric startup rejects invalid bounds before factories [0.26ms]

 32 pass
 0 fail
 151 expect() calls
Ran 32 tests across 1 file. [43.00ms]
