bun test v1.4.2 (744846f84)

tests/observers.test.ts:
(pass) observers preserve raw identity and explicit ownership [4.83ms]
(pass) ready follows the final native stage while retaining exposed identity [0.52ms]
(pass) observer failure monitoring handles throws, rejection and throwing then without gating shutdown [0.42ms]
(pass) configuration snapshots callbacks, appends in order and retains classification [0.51ms]
(pass) reentrant observer resolution runs outside factory ancestry and respects published close [0.26ms]
(pass) canonical owners distinguish shared roots, independent forks, contributions and transients [1.40ms]
(pass) failed final projections retire accepted ownership once and preserve cleanup errors [0.75ms]
(pass) intermediate native failure bypassed by raw projection is not final failure [0.22ms]
(pass) private module frames are immutable snapshots without freezing application metadata [1.21ms]
(pass) startup rollback observes accepted cleanup while preserving the startup cause [0.95ms]
(pass) cancellation observes late accepted resources and final failure without awaiting telemetry [0.66ms]
(pass) throwing-then error sink results are consumed and appending duplicates keeps every callback [0.15ms]
(pass) delivery keeps emission order across immutable appended facade configurations [0.21ms]

tests/acquisition-mode.test.ts:
(pass) close waits for a native acquisition with shadowed then at source [0.32ms]
(pass) close waits for a native acquisition with shadowed then at projection [0.14ms]
(pass) close waits for a native acquisition with shadowed then at val-box [0.10ms]
(pass) unconfigured core preflights every stage and private module before any factory effects [0.30ms]
(pass) facades snapshot and isolate their predicate, carrying it through builders and forks [0.62ms]
(pass) invalid configuration, modes and classifier results fail explicitly [0.25ms]
(pass) automatic ordinary values preserve the then-presence guard [0.12ms]
(pass) raw Promise and then-getter values retain exact ownership without observation or waiting [0.25ms]
(pass) explicit native and async projections work without a classifier and preserve previous owners [0.35ms]
(pass) auto observes local native state with non-callable then [0.18ms]
(pass) native observes local native state with non-callable then [0.11ms]
(pass) auto observes foreign native state with non-callable then [0.46ms]
(pass) native observes foreign native state with non-callable then [0.30ms]
(pass) presence frames default to raw while required frames and sync capabilities select output mode [0.35ms]
(pass) async adapters retain their native output contract without reading hidden acquisition options [0.30ms]
(pass) val-box options preserve invalid value rejection and require a selection when supplied [0.06ms]

tests/startup.test.ts:
(pass) contexts follow acquisition owners through child-first roots and independent forks [0.43ms]
(pass) abort listeners cannot reenter any closing scope admission gate [0.25ms]
(pass) startup waits for selected native acquisition while leaving unrelated providers lazy [0.30ms]
(pass) startup uses native observation with shadowed then and treats raw promises as ready [0.28ms]
(pass) a ready native projection starts while its source remains pending until shutdown [0.27ms]
(pass) failed native projection aborts a cooperative pending source before cleanup [0.31ms]
(pass) sequential startup waits before invoking the next selection [0.36ms]
(pass) startup selects genuine tokens and keeps separate owned transient attempts [0.27ms]
(pass) late contextual dependencies receive an already aborted owner signal [0.23ms]
(pass) startup removes its abort listener on success [0.25ms]
(pass) startup removes its abort listener on failure [0.10ms]
(pass) startup removes its abort listener on aborted [0.07ms]
(pass) startup removes its abort listener on timeout [5.32ms]
(pass) startup snapshots option getters once after snapshotting all selected keys [0.21ms]
(pass) sequential startup stops after failure and waits for cleanup with original causes [0.41ms]
(pass) parallel startup starts later selections after synchronous failure and cleans pending ownership [0.23ms]
(pass) aborted rejects before late ownership and exposes eventual cleanup failure [0.41ms]
(pass) timeout rejects before late ownership and exposes eventual cleanup failure [5.52ms]
(pass) already aborted startup does not invoke any factories [0.18ms]
(pass) cancellation can interrupt cleanup after ordinary startup failure [0.27ms]
(pass) successful startup removes external cancellation and snapshots indexed selections [0.21ms]
(pass) invalid startup inputs reject before factory or unsupported option getter effects [0.33ms]
(pass) numeric startup 1 bounds selected readiness and preserves promise identity [0.34ms]
(pass) numeric startup 2 bounds selected readiness and preserves promise identity [0.15ms]
(pass) numeric startup 20 bounds selected readiness and preserves promise identity [0.13ms]
(pass) numeric startup 1 snapshots options and retains duplicate selected lifetimes [0.30ms]
(pass) numeric startup 2 snapshots options and retains duplicate selected lifetimes [0.09ms]
(pass) numeric startup uses final raw readiness while owned sources remain pending [0.29ms]
(pass) bounded startup stops dequeuing after failure and cleans started work [0.44ms]
(pass) bounded startup stops dequeuing after aborted and cleans started work [0.16ms]
(pass) bounded startup stops dequeuing after timeout and cleans started work [5.62ms]
(pass) numeric startup rejects invalid bounds before factories [0.26ms]

tests/final-adversarial-integration.test.ts:
(pass) I1 preserves its deterministic adversarial source oracle [13.15ms]
(pass) I2 preserves its deterministic adversarial source oracle [7.97ms]
(pass) I3 preserves its deterministic adversarial source oracle [7.83ms]
(pass) I4 preserves its deterministic adversarial source oracle [9.14ms]
(pass) I5 preserves its deterministic adversarial source oracle [10.38ms]
(pass) I6 preserves its deterministic adversarial source oracle [8.56ms]
(pass) I7 preserves its deterministic adversarial source oracle [8.29ms]
(pass) I8 preserves its deterministic adversarial source oracle [8.43ms]
(pass) I9 preserves its deterministic adversarial source oracle [8.69ms]
(pass) I10 preserves its deterministic adversarial source oracle [9.81ms]
(pass) I11 preserves its deterministic adversarial source oracle [9.76ms]
(pass) I13 preserves its deterministic adversarial source oracle [9.30ms]
(pass) I12 disposes accepted late ownership before independent immediate ownership [9.52ms]

tests/lifetimes.test.ts:
(pass) root, scoped and transient identity have distinct ownership [0.60ms]
(pass) child-first roots capture dependencies in the root owner through grandchildren and forks [0.52ms]
(pass) same-object transients own separate attempts and preserve every cleanup cause [0.43ms]
(pass) raw and native lifetimes retain original pending promises and classification [0.41ms]
(pass) failed root cache entries retry across children with new acquisition identities [0.28ms]
(pass) public synchronous transient reentrancy is rejected before a second factory invocation [0.23ms]
(pass) pure transient post-await ancestry rejects repeated construction [0.33ms]
(pass) mixed cached and transient post-await cycles preserve acquisition graph detection [0.30ms]
(pass) independent pending transient calls are distinct nonrecursive acquisitions [0.17ms]
(pass) a ready transient proxy may create a fresh instance on each later method call [0.18ms]
(pass) pending child work acquires roots during parent close and root cleanup follows child cleanup [0.48ms]
(pass) strict roots reject new scoped reads directly [0.22ms]
(pass) strict roots reject new scoped reads through a transient [0.08ms]
(pass) strict roots reject cached scoped reads directly [0.05ms]
(pass) strict roots reject cached scoped reads through a transient [0.04ms]
(pass) strict capture boundaries survive await and ready transient methods [0.32ms]
(pass) strict roots can consume capturing roots without inheriting their permission [1.75ms]
(pass) token captive reads reject at the observed edge before scoped creation [0.17ms]
(pass) renamed module exports retain private root and transient ownership despite public collisions [0.30ms]
(pass) private module scoped capture rejects despite an identically named public root [0.19ms]
(pass) failed root rollback and retry retain distinct ownership across child consumers [0.38ms]
(pass) child close releases its attempts while a child-first root remains pending [0.19ms]
(pass) completed child and retired proxies cannot borrow another attempt closing permission for root reads [0.19ms]
(pass) pending source permission survives a ready projection when routing late roots [0.20ms]
(pass) family retirement removes cross-owner incoming edges but preserves outgoing rollback dependencies [0.17ms]
(pass) retired transient ancestry does not block a retained proxy from retrying its binding [0.16ms]
(pass) token roots retain family ownership through a transient token consumer and independent override [0.20ms]
(pass) pending source permission survives failed projection rollback for late root reads [0.21ms]

tests/selected-scope-runtime.test.ts:
(pass) selected service borrows parent configuration and ownership while child config is overridden [0.34ms]
(pass) scoped sharing selects the immediate parent and must be selected again by grandchildren [0.14ms]
(pass) child-defined roots anchor their graph while inherited roots construct in the original graph [0.28ms]
(pass) shared pending promises deduplicate and failed acquisitions retry at the owner [0.19ms]
(pass) closing a borrower leaves the pending owner context and finalizer intact [0.20ms]
(pass) pending child sources discover shared parent dependencies during tree close [0.25ms]
(pass) strict child roots reject shared scoped dependencies before reading a cached owner [0.12ms]
(pass) shared dependency edges detect cycles through retained owner proxies [0.15ms]
(pass) shared module bindings preserve lexical private dependencies despite child public replacements [0.18ms]
(pass) synchronous shared owner reentry detects a cycle across acquisition owners [0.16ms]
(pass) a ready projection retains source permission for late shared reads [0.21ms]
(pass) a failed projection retains source permission for late shared reads [0.08ms]
(pass) completed and retired child proxies cannot borrow another source closing permission for shared reads [0.19ms]

tests/wbs-scope.test.ts:
(pass) WBS scopes borrow infrastructure and recreate stores, collectors and services [0.86ms]
(pass) an explicitly shared WBS service keeps its original stores and broadcaster [0.29ms]
(pass) closing the root disposes its resources but leaves the startup-owned source usable [0.20ms]
(pass) startup cleans every owner and discards held announcements when batch work fails [0.31ms]
(pass) startup still closes later bags and its source when multiple disposers fail [0.45ms]
(pass) a factory cleans partial acquisition before throwing; the bag does not dispose it twice [0.22ms]
(pass) the runnable example reports published work and complete shutdown [0.31ms]

tests/boundaries.test.ts:
(pass) fork changes only the selected key hidden behind a narrowed override map [0.12ms]
(pass) unselected override values and getters never participate [0.05ms]
(pass) hidden duplicate additions throw atomically and leave builders reusable [0.13ms]
(pass) hidden new keys cannot later silently replace visible registrations [0.06ms]
(pass) add snapshots every own entry and validates before producing a builder [0.11ms]
(pass) replacement writes its explicit key and preserves earlier builders [0.12ms]
(pass) fork requires selected own entries before reading any selected getter [0.16ms]
(pass) fork snapshots selection before an override getter mutates the caller tuple [0.06ms]
(pass) fork selects indexed tuple entries even when its iterator omits a key [0.06ms]
(pass) fork batches selected replacements without using the single-binding graph path [0.10ms]
(pass) empty forks reuse the graph without reading unselected values and retain fresh ownership [0.20ms]
(pass) selected overrides can depend on richer capabilities of other selected services [0.14ms]
(pass) runtime registration validation rejects cloned and forged owned handles [0.09ms]
(pass) normalization does not expose mutable ownership registry metadata [0.10ms]
(pass) unchecked source Bag construction is not exported
(pass) plain registration maps from another realm retain their own factories [0.29ms]

tests/modules.test.ts:
(pass) a module private retry keeps the caught failed attempt separate [0.29ms]
(pass) module private dependencies follow exported replacements and fresh forks [0.41ms]
(pass) renamed repeated installations isolate private instances and cleanup [0.23ms]
(pass) rename preserves original parameter names even when an export takes a private name [0.22ms]
(pass) invalid installations and export views fail atomically and reject forged modules [0.39ms]
(pass) exports use indexed tuple snapshots and preserve hidden local registrations [0.22ms]
(pass) module promise identity, retry and post-await cycle diagnostics use the host runtime [0.28ms]
(pass) renaming an export leaves an unrelated external requirement at its original slot [0.15ms]
(pass) module providers can be replaced before sealing without mutating earlier views [0.15ms]
(pass) close drains module acquisitions that discover private and host dependencies after await [0.26ms]

tests/tokens.test.ts:
(pass) token symbols participate in the same acquisition graph [0.31ms]
(pass) handles authenticate identity and capture a receiver-free symbol [0.11ms]
(pass) indexed snapshots ignore iterators and caller mutations [0.21ms]
(pass) invalid selections fail before callbacks and binding transforms [0.08ms]
(pass) same actual symbols and repeated token reads reuse one cache slot [0.20ms]
(pass) distinct symbols with the same description resolve independent slots [0.17ms]
(pass) symbol dependencies follow lexical private and public references [0.26ms]
(pass) token and named cycles report symbol labels in both entry orders [0.27ms]
(pass) rejected token acquisitions retry without awaiting callback arguments [0.19ms]
(pass) late named reads from a token-bound source retain close permission and disposal order [0.24ms]
(pass) undeclared well-known symbol reads remain undefined [0.10ms]
(pass) binding views and transformations retain frozen source selection without mutating inputs [0.20ms]

tests/token-modules.test.ts:
(pass) exported tokens retarget private module consumers in forks [0.34ms]
(pass) private tokens get independent installations and dependency ordered cleanup [0.26ms]
(pass) token bindings preserve source reuse, promise identity and public replacement [0.25ms]
(pass) fork snapshots mixed selection indices and reads only selected own overrides [0.18ms]
(pass) duplicate mixed overrides keep getter order and route final values through private consumers [0.38ms]
(pass) invalid token selections preflight before any selected override getter [0.13ms]
(pass) runtime duplicate symbols reject atomically and leave builders reusable [0.16ms]

tests/contributions.test.ts:
(pass) contributions preserve order, empty reads and array immutability [0.17ms]
(pass) host and repeated exportless modules append distinct lexical bindings [0.43ms]
(pass) all adapters select frozen arrays and retain module export renames [0.50ms]
(pass) root scoped and transient contributions retain individual ownership [0.23ms]
(pass) shared aggregate borrows the parent graph while a lazy registry reads its local graph [0.29ms]
(pass) partial failure retains accepted ownership and retries only failed contributors [0.18ms]
(pass) pending native and raw promises preserve identity and disposal payloads [0.18ms]
(pass) self collections participate in ordinary cycle detection [0.12ms]
(pass) inspection is immutable nonresolving and does not freeze application values [0.16ms]
(pass) forged tokens references and providers reject before provider effects [0.35ms]
(pass) cooperative lazy registries admit late collection reads only for their in-flight source [0.34ms]
(pass) observed strict roots reject cached scoped contributions before owner routing [0.19ms]
(pass) startup failure rolls back accepted contribution ownership [0.17ms]

tests/projections.test.ts:
(pass) a projected service does not replace its source disposer argument [0.16ms]
(pass) an ownership operation on a metadata provider retains earlier ownership [0.13ms]
(pass) mapSync receives and returns exact Promise identities [0.10ms]
(pass) mapAsync rejects source and projector throws with their original values [0.16ms]
(pass) mapAsync awaits recursive projector thenables and source fulfillment [0.11ms]
(pass) a failed sync projection releases late source ownership [0.12ms]
(pass) a synchronous status projection stays cached after its raw Promise rejects [0.13ms]
(pass) ready outer ownership closes before a raw stage accepted later [0.11ms]
(pass) failed projections clean only their stages and preserve cached dependencies [0.15ms]
(pass) sync failure starts asynchronous cleanup without waiting and close drains it [0.16ms]
(pass) late old ownership cannot evict or dispose a successful retry [0.16ms]
(pass) retired cleanup errors keep invocation order and original attempt identities [0.24ms]
(pass) a pending source can read dependencies in close after an outer projection is ready [0.19ms]
(pass) a pending source can finish dependencies after its outer projection failed [0.16ms]
(pass) completed source proxies cannot borrow a pending projection or retry permission [0.14ms]
(pass) mapped dependencies still reject genuine acquisition cycles [0.10ms]
(pass) asynchronous mappings preserve post-await cycle detection [0.15ms]
(pass) a completed source cannot use its still pending asynchronous projector permission [0.11ms]
(pass) mapping and added finalizers run receiver-free across metadata operations [0.18ms]
(pass) failed outer projections retain owned values until a pending projector finishes using them [0.27ms]
(pass) failed exposed acquisition abandons incoming edges while its owned source can acquire the recovered parent [0.23ms]

tests/disposal.test.ts:
(pass) disposal callbacks receive the owned value without a receiver [0.13ms]
(pass) withDisposal exposes the value and closes each resolved instance once [0.11ms]
(pass) ordinary values are borrowed even when they expose disposal methods [0.09ms]
(pass) unresolved and failed factories have no disposal [0.10ms]
(pass) throwing then inspection rejects each acquisition until a synchronous retry succeeds [0.20ms]
(pass) a PromiseLike with a throwing then getter never reaches the fulfilled-value disposer [0.17ms]
(pass) native Promise observer setup failures allow retry and preserve accepted Promise identity [0.20ms]
(pass) native Promise ownership observation ignores an own then override [0.11ms]
(pass) native Promise subclass ownership ignores an own then override [0.15ms]
(pass) native constructor TypeError preserves the original failure and permits retry [0.23ms]
(pass) native species TypeError preserves the original failure and permits retry [0.05ms]
(pass) pending close observes native settlement without assimilating its species result [0.20ms]
(pass) direct structural thenables reject without invoking then or accepting ownership [0.12ms]
(pass) explicit structural conversion accepts fulfillment before a subsequent throw [0.12ms]
(pass) explicit structural conversion retries rejection and disposes only the fulfilled retry [0.14ms]
(pass) cleanup runs in reverse acquisition order through unmanaged intermediates [0.15ms]
(pass) async disposers are awaited sequentially and receive fulfilled values [0.19ms]
(pass) dependency ordering wins over async completion order [0.13ms]
(pass) close drains pending factories and dependencies discovered after await [0.19ms]
(pass) pending acquisition failure does not stop cleanup of other resources [0.11ms]
(pass) every disposer runs and close aggregates the original cleanup failures [0.21ms]
(pass) throwing undefined still rejects close and does not skip other disposers [0.18ms]
(pass) reentrant close observes the same barrier even when its disposer rejects [0.14ms]
(pass) parent and forks own independent instances and borrowed overrides stay borrowed [0.14ms]
(pass) an owned override can replace an ordinary factory [0.09ms]
(pass) pending factories can create a chain of synchronous dependencies during close [0.13ms]

tests/persistent-graph.test.ts:
(pass) replacement removes obsolete public IDs while earlier versions retain their own values [10.71ms]
(pass) replacement counts all public slots and contribution references to a binding [0.20ms]
(pass) private aliases protect replaced IDs but public aliases follow current slots [0.22ms]
(pass) constructor keeps unused private registrations for explicit preflight and dangling refs for inspection [0.10ms]
(pass) shared lexical input maps are snapshotted once per installation [3.08ms]
(pass) string collisions, special own keys and same-description symbols stay distinct across updates [11.26ms]
(pass) materialized contributions retain order through append and installation without changing old arrays [4.60ms]
(pass) root lifetime stays parent-owned after a child overrides one shared public slot [0.28ms]
(pass) former public targets are pruned when the last user of a shared lexical snapshot is replaced [0.12ms]
(pass) pruning cascades iteratively through displaced lexical targets [42.48ms]
(pass) contribution protection uses the once-read input snapshot through public replacement [0.46ms]

tests/runtime.test.ts:
(pass) sync diamond dependencies are created once and stay synchronous [0.25ms]
(pass) undefined is memoized [0.08ms]
(pass) a creating undefined-valued factory cannot be returned through reentrant resolution [0.17ms]
(pass) forward registration and forks use independent memoization [0.15ms]
(pass) synchronous factory failure can be retried [0.07ms]
(pass) ending one builder twice and forking create fresh owned roots [0.19ms]
(pass) async dependencies remain explicit and concurrent resolutions share a promise [0.23ms]
(pass) synchronous cycles include their dependency path [0.14ms]
(pass) prototype properties are not factories [0.04ms]
(pass) async factory rejections can be retried [0.11ms]
(pass) synchronous failure discards abandoned edges before retrying another token [0.08ms]
(pass) async failure discards abandoned edges before retrying another token [0.15ms]
(pass) then inspection failure discards outgoing edges before another token retries [0.17ms]
(pass) cycles discovered after await reject instead of hanging [0.21ms]

tests/aliases.test.ts:
(pass) named aliases preserve exact canonical object and immutable history [0.22ms]
(pass) all token and name combinations and forward token requirements route identically [0.17ms]
(pass) aliases preserve explicit raw and native promises without classification [0.19ms]
(pass) transient aliases add no ownership and record actual target disposal edges [0.27ms]
(pass) module aliases retain private targets and export renames under host collisions [0.29ms]
(pass) selected sharing routes alias through parent graph while independent overrides follow child graph [0.23ms]
(pass) runtime rejects transient sharing and root captures through aliases before invoking target [0.25ms]
(pass) alias inspection reports direct target and canonical attempts without stale target metadata [0.15ms]
(pass) alias cycles retain a useful lexical path [0.15ms]
(pass) runtime rejects invalid alias selections without changing the builder [0.13ms]
(pass) startup through an alias waits for final readiness and retries failed canonical acquisitions [0.33ms]
(pass) shared alias inspection identifies its parent target despite a child override [0.18ms]
(pass) aliases of root targets retain the root graph under child overrides [0.16ms]
(pass) in-flight sources may read aliases while closing and retained reads close with the canonical owner [0.35ms]
(pass) module token aliases preserve private identity and external host requirements [0.23ms]
(pass) exported target replacements and renames remain visible through module aliases [0.20ms]
(pass) re-sharing aliases keeps parent policy while fresh grandchildren and forks use local targets [0.28ms]
(pass) strict roots use the effective shared alias policy in both lifetime directions [0.57ms]
(pass) raw aliases do not inspect then getters or add cancellation contexts [0.24ms]

tests/providers.test.ts:
(pass) metadata is a snapshot and inspection never starts a factory [0.33ms]
(pass) metadata preflight sees hidden collisions before reading any getters [0.14ms]
(pass) metadata additions preserve symbol keys and snapshot accessors once [0.09ms]
(pass) runtime rejects copied and forged provider registrations [0.08ms]
(pass) inspection follows pending retries without retaining failed attempts or changing disposal [0.23ms]
(pass) module rename and fork keep metadata with the actual binding [0.26ms]
(pass) plain registrations expose empty metadata and frames, including creating snapshots [0.14ms]
(pass) metadata preserves synchronous ownership and borrowed cleanup methods [0.14ms]
(pass) adapter execution captures projected values and acquisition frames [0.13ms]

tests/scopes.test.ts:
(pass) children own fresh acquisitions while independent forks outlive their source [0.40ms]
(pass) parent close synchronously closes every descendant admission gate and waits for descendants [0.41ms]
(pass) pending child sources may acquire dependencies after parent close starts [0.20ms]
(pass) pending acquisition promises deduplicate only within one scope [0.14ms]
(pass) nested cleanup failures flatten by registration order despite reversed completion [0.41ms]
(pass) independently settled children detach on success and failure without replay [0.27ms]
(pass) parent close includes a child already closing until its failure settles [0.21ms]
(pass) unexpected child close rejection is retained after parent cleanup [0.22ms]
(pass) scope preserves native shadowed-then and raw Promise ownership in configured core [0.25ms]
(pass) child projection rollback finishes before a parent-owned finalizer [0.23ms]
(pass) scopes retain module-private identities and unchanged public binding metadata [0.28ms]
(pass) unchecked scope arguments reject before creating or acquiring a child [0.31ms]

tests/acquisition.test.ts:
(pass) a retry does not inherit the identity of a caught failed attempt [0.17ms]
(pass) a caught rejected attempt does not retarget its incoming edge to the retry [0.29ms]
(pass) shutdown preserves every cleanup cause and its acquisition identity [0.36ms]
(pass) cleanup diagnostics snapshot caller records without cloning the original cause [0.06ms]
(pass) a failed attempt cannot borrow its pending retry permission to acquire during close [0.18ms]
(pass) a completed factory cannot start late acquisitions while another factory drains [0.15ms]
(pass) a retained failed proxy follows live dependencies without traversing removed attempts [0.12ms]

tests/runtime-scale.test.ts:
(pass) closing a deep graph disposes every dependent before its dependency exactly once [169.43ms]
(pass) retiring an acquisition touches only its actual incoming consumers [1.89ms]
(pass) repeated reads of an existing edge do not traverse the downstream graph again [0.51ms]
(pass) late edges across a deep ready graph find cycles without overflowing the stack [11.90ms]
(pass) one module lexical map is snapshotted once while external mutations stay isolated [0.51ms]
(pass) releasing a consumer removes its reverse incoming entries without retiring live peers [0.13ms]
(pass) a branching late cycle reports the first dependency-order path and leaves its rejected edge absent [0.10ms]

tests/persistent-map.test.ts:
(pass) collision replacement and deletion preserve other keys and earlier versions [0.23ms]
(pass) mixed insert/delete operations agree with an independent native map [8.89ms]

tests/enterprise-integration.test.ts:
(pass) overlapping requests isolate private dependencies and release scopes before the shared root [0.89ms]
(pass) owned-scope fixture preserves handler and cleanup failures without closing twice [0.26ms]
(pass) test substitutions retain private module contracts and fresh transient instances [0.29ms]
(pass) a dynamically imported module starts private providers and unloads contributions exactly once [1.32ms]
(pass) owned-scope fixture preserves a thrown undefined value and cleanup-only failure [0.18ms]
(pass) owned-scope work result types follow explicit awaiting of structural thenables [0.08ms]
(pass) a fixture whose startup fails releases acquired resources without admitting work [0.21ms]

tests/binding-graph.test.ts:
(pass) private bindings with the same label have distinct memoized identities [0.33ms]
(pass) an owned private dependency closes after its public dependent [0.18ms]
(pass) private Promise-valued bindings preserve their original exposed identity [0.12ms]
(pass) graph snapshots preserve lexical private refs while forks use replaced public slots [0.22ms]
(pass) batch public bindings preserve ordered duplicates and retained private identities [0.18ms]
(pass) an empty public binding batch preserves immutable graph identity [0.01ms]
(pass) mutating graph input maps cannot change public lookup or binding descriptions [0.10ms]
(pass) cycles through private aliases discovered after await show binding labels [0.20ms]

tests/composition-adapters.test.ts:
(pass) class adapters construct lazily with private fields, inherited prototypes and new.target [0.24ms]
(pass) constructor validation invokes neither the constructor nor its prototype getter [0.14ms]
(pass) function adapters pass positional values exactly and support explicitly bound receivers [0.21ms]
(pass) optional and rest function and constructor arguments follow selected positions [0.25ms]
(pass) function adapters snapshot indexed tokens and ignore custom iterators [0.19ms]
(pass) function adapters reject invalid declaration inputs before user effects [0.17ms]
(pass) function acquisition failures retry and disposal is explicit [0.20ms]
(pass) class adapters snapshot indexed tokens and ignore custom iterators [0.11ms]
(pass) class adapters reject invalid declaration inputs before user effects [0.07ms]
(pass) class acquisition failures retry and disposal is explicit [0.08ms]
(pass) raw and native adapters retain Promise identity and select the disposal value [0.20ms]
(pass) raw class adapters preserve thenables and auto rejects them without assimilation [0.20ms]
(pass) automatic adapters require runtime classification before acquisition [0.07ms]
(pass) module token graphs and selected sharing keep ownership and parent dependencies [0.32ms]
(pass) strict root class adapters retain root dependencies through child overrides [0.14ms]
(pass) native class acquisition preserves constructed promises and disposes their fulfilled value [0.20ms]
(pass) rejected function acquisitions retry with the original Promise return [0.13ms]
(pass) constructor proxies retain their acquisition trap and original new.target [0.13ms]

tests/box-adapters.test.ts:
(pass) mixed factory, owned and provider registrations map and unbox every valid branch [0.61ms]
(pass) sas modes select capabilities, preserve receiver and cache once per acquisition [0.31ms]
(pass) sas sync preserves a raw promise while asynchronous routes return native promises [0.15ms]
(pass) sas callback throws preserve error identity and clean only the owned raw box [0.17ms]
(pass) val metadata captures presence and alias without owning payload, and separates outer ownership [0.21ms]
(pass) val presence distinguishes absence and present undefined and preserves empty aliases [0.20ms]
(pass) val copies snapshots once and retains nested frames through other transforms [0.19ms]
(pass) val frames exist as absent inside the source factory and remain snapshot-isolated while pending [0.18ms]
(pass) val absence and throwing snapshot/getters retire ownership with the original error [0.23ms]
(pass) unchecked val snapshots validate every structural field without inspecting payloads [0.36ms]
(pass) val preserves raw promise payloads synchronously and awaits only the explicit async boundary [0.17ms]
(pass) val propagates snapshot-field getter errors and never reads erased payload properties [0.25ms]
(pass) failed val unboxing abandons the caller edge while pending source ownership finishes [0.25ms]

tests/persistent-module.test.ts:
(pass) one module update does not revisit its existing registration table [1.67ms]
(pass) module updates preserve declaration positions, earlier builders and renamed lexical exports [0.41ms]

tests/plugins.test.ts:
(pass) plugin validation retains raw source ownership on success and failure [0.28ms]
(pass) plugin descriptor requires own protocol fields before factory effects [0.14ms]
(pass) plugin preflight validates dependencies and options before descriptor reads [0.06ms]
(pass) plugin descriptor preflight preserves accessor errors and ignores extra getters [0.10ms]
(pass) plugin snapshots dependencies, options and callbacks before later mutation [0.20ms]
(pass) plugin routes required optional lazy and all dependency references positionally [0.26ms]
(pass) raw plugin validation does not assimilate values or validator results [0.46ms]
(pass) native plugin validates fulfilled values, caches final output and releases source ownership [0.18ms]
(pass) native plugin rejection and output validation preserve causes and ownership [0.22ms]
(pass) native plugins require a genuine Promise source [0.12ms]
(pass) startup rollback releases an accepted plugin source once [0.22ms]
(pass) plugin callbacks use no receiver and preserve factory and validator failures [0.20ms]
(pass) plugin composition retains module privacy, aliases, contributions and selected sharing [0.48ms]
(pass) plugin observers retain the canonical acquisition and cleanup events [0.26ms]
(pass) native plugin readiness waits for source validation [0.16ms]
(pass) plugin close waits for accepted disposer cleanup exactly once [0.21ms]
(pass) plugin validation errors survive one failed retirement cleanup [0.20ms]
(pass) plugin observer lifecycle events identify its canonical acquisition [0.24ms]

tests/dependency-references.test.ts:
(pass) optional absence is distinct from a present undefined acquisition [0.33ms]
(pass) optional factory failures and native rejections propagate and retry [0.25ms]
(pass) lazy scoped dependencies defer construction and retain invocation ownership [0.25ms]
(pass) lazy root dependencies defer construction and retain invocation ownership [0.07ms]
(pass) lazy transient dependencies defer construction and retain invocation ownership [0.05ms]
(pass) all adapters snapshot mixed references by index and authenticate every handle [0.58ms]
(pass) lazy reads preserve lexical private tokens, export renames and external optional absence [0.29ms]
(pass) lazy closures use shared/root owner context and independent fork overrides [0.31ms]
(pass) raw and native references preserve Promise identity and disposal values [0.25ms]
(pass) optional synchronous and post-await cycles propagate [0.27ms]
(pass) lazy synchronous and post-await cycles propagate [0.13ms]
(pass) lazy closure shutdown admission belongs to the capturing source attempt [0.33ms]
(pass) observed reference reads retain strict root checks before routing [0.11ms]
(pass) lazy reads detect a cycle between already ready consumers [0.12ms]
(pass) a pending projection does not extend a lazy source shutdown admission [0.16ms]
(pass) root explicit capture and optional reads retain the root lexical context [0.22ms]

tests/selected-scopes.test.ts:
(pass) selected sharing keeps parent dependencies while child overrides stay local [0.25ms]
(pass) mixed token selections retain exact borrowed pending values and override bindings [0.17ms]
(pass) scope snapshots selections and ignores unselected override getters and tuple iterators [0.20ms]
(pass) invalid selections reject before override values or provider effects [0.23ms]
(pass) empty selections are lazy and duplicates read each override once [0.22ms]
(pass) inherited strict roots keep their graph when a child overrides a dependency as scoped [0.14ms]

 396 pass
 0 fail
 15079 expect() calls
Ran 396 tests across 30 files. [572.00ms]
