✔ discarded raw transient arrays are collectible after resolve (6.864124ms)
✔ discarded raw transient arrays are collectible after alias (2.763604ms)
✔ discarded raw transient arrays are collectible after dependency (2.988591ms)
✔ discarded raw transient arrays are collectible after collection (2.626681ms)
✔ discarded raw transient arrays are collectible after startup (4.409504ms)
✔ discarded native transient promises and source arrays are collectible (3.349561ms)
✔ discarded native transient promises and mapped arrays are collectible (3.168905ms)
✔ borrowed mapped payloads are collectible while independent inspection frames survive (3.65409ms)
✔ transient owned source and mapped identities survive GC until reverse stage cleanup (4.921338ms)
✔ closing releases compacted frame payloads even when a dependency proxy is retained (5.147372ms)
✔ a ready borrowed projection drops its payload while pending source ownership and close admission survive (3.716622ms)
✔ current graph releases replaced factories, payloads, IDs and warmed ancestor wrappers (3.960506ms)
✔ contribution append and installation release earlier cached arrays and graph wrappers (4.365152ms)
✔ a private lexical reference intentionally retains an overridden factory (2.278996ms)
✔ symbol lookup remains functional on hosts that reject weak symbol keys (2.664576ms)
✔ removing the last lexical consumer releases displaced private targets and snapshots (2.517387ms)
✔ Node disposes a deep ready graph in dependency order and only once (193.259801ms)
✔ Node admits a late acyclic edge and rejects a late cycle across a deep graph (154.287441ms)
✔ Node cold-resolves 1,000 raw named factories exactly once without increasing its stack (61.736832ms)
✔ Node cold-resolves 1,000 auto named factories exactly once without increasing its stack (60.665004ms)
✔ raw fast acquisition preserves unobserved thenable and promise identity and factory receiver (5.997929ms)
✔ raw scoped public reentrant creating cycles invoke the factory once (0.381136ms)
✔ raw transient public reentrant creating cycles invoke the factory once (0.265133ms)
✔ native transient ancestry rejects after-await cycles with the original label order (0.413826ms)
✔ ready borrowed transient proxies keep late cycle and root capture checks (0.844518ms)
✔ failed direct raw sources cannot use retained proxies during close (0.280181ms)
✔ failed direct auto sources cannot use retained proxies during close (0.132444ms)
✔ Node numeric startup 1 bounds selected readiness without awaiting raw outputs (0.824681ms)
✔ Node numeric startup 2 bounds selected readiness without awaiting raw outputs (0.391884ms)
✔ Node observer burst drains in transition and registration order while external callback gates remain pending (1.592655ms)
✔ Node application wait deadlines preserve memoized pending source and disposer cleanup (0.457237ms)
ℹ tests 31
ℹ suites 0
ℹ pass 31
ℹ fail 0
ℹ cancelled 0
ℹ skipped 0
ℹ todo 0
ℹ duration_ms 562.396973
