✔ discarded raw transient arrays are collectible after resolve (6.852822ms)
✔ discarded raw transient arrays are collectible after alias (2.594951ms)
✔ discarded raw transient arrays are collectible after dependency (2.674912ms)
✔ discarded raw transient arrays are collectible after collection (2.518091ms)
✔ discarded raw transient arrays are collectible after startup (4.242802ms)
✔ discarded native transient promises and source arrays are collectible (3.141695ms)
✔ discarded native transient promises and mapped arrays are collectible (2.920929ms)
✔ borrowed mapped payloads are collectible while independent inspection frames survive (4.002998ms)
✔ transient owned source and mapped identities survive GC until reverse stage cleanup (4.738506ms)
✔ closing releases compacted frame payloads even when a dependency proxy is retained (5.77978ms)
✔ a ready borrowed projection drops its payload while pending source ownership and close admission survive (2.741159ms)
✔ current graph releases replaced factories, payloads, IDs and warmed ancestor wrappers (3.606212ms)
✔ contribution append and installation release earlier cached arrays and graph wrappers (3.779711ms)
✔ a private lexical reference intentionally retains an overridden factory (2.106889ms)
✔ symbol lookup remains functional on hosts that reject weak symbol keys (2.58666ms)
✔ removing the last lexical consumer releases displaced private targets and snapshots (2.322393ms)
✔ Node disposes a deep ready graph in dependency order and only once (194.536272ms)
✔ Node admits a late acyclic edge and rejects a late cycle across a deep graph (155.250761ms)
✔ Node cold-resolves 1,000 raw named factories exactly once without increasing its stack (57.5328ms)
✔ Node cold-resolves 1,000 auto named factories exactly once without increasing its stack (60.082728ms)
✔ raw fast acquisition preserves unobserved thenable and promise identity and factory receiver (5.374675ms)
✔ raw scoped public reentrant creating cycles invoke the factory once (0.400101ms)
✔ raw transient public reentrant creating cycles invoke the factory once (0.255768ms)
✔ native transient ancestry rejects after-await cycles with the original label order (0.408318ms)
✔ ready borrowed transient proxies keep late cycle and root capture checks (0.733963ms)
✔ failed direct raw sources cannot use retained proxies during close (0.276005ms)
✔ failed direct auto sources cannot use retained proxies during close (0.132554ms)
✔ Node numeric startup 1 bounds selected readiness without awaiting raw outputs (0.836206ms)
✔ Node numeric startup 2 bounds selected readiness without awaiting raw outputs (0.370801ms)
✔ Node observer burst drains in transition and registration order while external callback gates remain pending (1.570356ms)
✔ Node application wait deadlines preserve memoized pending source and disposer cleanup (0.430735ms)
ℹ tests 31
ℹ suites 0
ℹ pass 31
ℹ fail 0
ℹ cancelled 0
ℹ skipped 0
ℹ todo 0
ℹ duration_ms 558.671172
