bun test v1.4.2 (744846f84)

tests/package.test.ts:
(pass) feature library inferred token exports survive declaration emission [1764.34ms]
(pass) classic installed commonjs archive returns the full adversarial oracle [65.93ms]
(pass) Node commonjs consumers can resolve and dispose through the public package [87.50ms]
(pass) Node commonjs observes local and foreign native subclass state directly [41.77ms]
(pass) TypeScript commonjs consumers can use the emitted declarations [923.51ms]
(pass) TypeScript commonjs emitted provider contracts: plugins.ts [664.80ms]
(pass) TypeScript commonjs emitted provider contracts: negative/plugins.ts [609.61ms]
(pass) TypeScript commonjs emitted provider contracts: observers.ts [619.31ms]
(pass) TypeScript commonjs emitted provider contracts: negative/observers.ts [548.19ms]
(pass) TypeScript commonjs emitted provider contracts: contributions.ts [815.43ms]
(pass) TypeScript commonjs emitted provider contracts: negative/contributions.ts [929.84ms]
(pass) TypeScript commonjs emitted provider contracts: aliases.ts [810.37ms]
(pass) TypeScript commonjs emitted provider contracts: negative/aliases.ts [958.74ms]
(pass) TypeScript commonjs emitted provider contracts: dependency-references.ts [654.22ms]
(pass) TypeScript commonjs emitted provider contracts: negative/dependency-references.ts [821.83ms]
(pass) TypeScript commonjs emitted provider contracts: composition-adapters.ts [609.81ms]
(pass) TypeScript commonjs emitted provider contracts: negative/composition-adapters.ts [594.50ms]
(pass) TypeScript commonjs emitted provider contracts: selected-scopes.ts [646.97ms]
(pass) TypeScript commonjs emitted provider contracts: negative/selected-scopes.ts [783.46ms]
(pass) TypeScript commonjs emitted provider contracts: acquisition-mode.ts [591.98ms]
(pass) TypeScript commonjs emitted provider contracts: negative/acquisition-mode.ts [590.62ms]
(pass) TypeScript commonjs emitted provider contracts: scopes.ts [579.09ms]
(pass) TypeScript commonjs emitted provider contracts: negative/scopes.ts [618.09ms]
(pass) TypeScript commonjs emitted provider contracts: lifetimes.ts [692.20ms]
(pass) TypeScript commonjs emitted provider contracts: negative/lifetimes.ts [913.14ms]
(pass) TypeScript commonjs emitted provider contracts: tokens.ts [653.38ms]
(pass) TypeScript commonjs emitted provider contracts: negative/tokens.ts [773.36ms]
(pass) TypeScript commonjs emitted provider contracts: negative/token-modules.ts [654.81ms]
(pass) TypeScript commonjs emitted provider contracts: token-contracts.ts [571.81ms]
(pass) TypeScript commonjs emitted provider contracts: negative/token-contracts.ts [624.90ms]
(pass) TypeScript commonjs emitted provider contracts: providers.ts [685.35ms]
(pass) TypeScript commonjs emitted provider contracts: replacement-context.ts [627.22ms]
(pass) TypeScript commonjs emitted provider contracts: negative/replacement-context.ts [681.69ms]
(pass) TypeScript commonjs emitted provider contracts: negative/provider-boundaries.ts [639.74ms]
(pass) TypeScript commonjs emitted provider contracts: negative/provider-module-metadata.ts [610.01ms]
(pass) TypeScript commonjs emitted provider contracts: negative/provider-projections.ts [618.99ms]
(pass) classic installed module archive returns the full adversarial oracle [61.69ms]
(pass) Node module consumers can resolve and dispose through the public package [104.00ms]
(pass) Node module observes local and foreign native subclass state directly [45.01ms]
(pass) TypeScript module consumers can use the emitted declarations [743.38ms]
(pass) TypeScript module emitted provider contracts: plugins.ts [594.07ms]
(pass) TypeScript module emitted provider contracts: negative/plugins.ts [580.07ms]
(pass) TypeScript module emitted provider contracts: observers.ts [566.61ms]
(pass) TypeScript module emitted provider contracts: negative/observers.ts [558.12ms]
(pass) TypeScript module emitted provider contracts: contributions.ts [735.73ms]
(pass) TypeScript module emitted provider contracts: negative/contributions.ts [929.44ms]
(pass) TypeScript module emitted provider contracts: aliases.ts [788.31ms]
(pass) TypeScript module emitted provider contracts: negative/aliases.ts [909.11ms]
(pass) TypeScript module emitted provider contracts: dependency-references.ts [659.29ms]
(pass) TypeScript module emitted provider contracts: negative/dependency-references.ts [756.18ms]
(pass) TypeScript module emitted provider contracts: composition-adapters.ts [587.65ms]
(pass) TypeScript module emitted provider contracts: negative/composition-adapters.ts [600.40ms]
(pass) TypeScript module emitted provider contracts: selected-scopes.ts [616.28ms]
(pass) TypeScript module emitted provider contracts: negative/selected-scopes.ts [774.89ms]
(pass) TypeScript module emitted provider contracts: acquisition-mode.ts [566.71ms]
(pass) TypeScript module emitted provider contracts: negative/acquisition-mode.ts [570.92ms]
(pass) TypeScript module emitted provider contracts: scopes.ts [580.31ms]
(pass) TypeScript module emitted provider contracts: negative/scopes.ts [599.96ms]
(pass) TypeScript module emitted provider contracts: lifetimes.ts [669.64ms]
(pass) TypeScript module emitted provider contracts: negative/lifetimes.ts [888.61ms]
(pass) TypeScript module emitted provider contracts: tokens.ts [657.99ms]
(pass) TypeScript module emitted provider contracts: negative/tokens.ts [697.81ms]
(pass) TypeScript module emitted provider contracts: negative/token-modules.ts [595.97ms]
(pass) TypeScript module emitted provider contracts: token-contracts.ts [541.18ms]
(pass) TypeScript module emitted provider contracts: negative/token-contracts.ts [609.62ms]
(pass) TypeScript module emitted provider contracts: providers.ts [659.30ms]
(pass) TypeScript module emitted provider contracts: replacement-context.ts [624.19ms]
(pass) TypeScript module emitted provider contracts: negative/replacement-context.ts [648.74ms]
(pass) TypeScript module emitted provider contracts: negative/provider-boundaries.ts [592.86ms]
(pass) TypeScript module emitted provider contracts: negative/provider-module-metadata.ts [597.20ms]
(pass) TypeScript module emitted provider contracts: negative/provider-projections.ts [593.87ms]
(pass) unchecked Bag construction is rejected through di-bag [545.59ms]
(pass) unchecked Bag construction is rejected through ../src/di-bag [853.10ms]
(pass) unchecked Module construction is rejected through di-bag [547.31ms]
(pass) unchecked Module construction is rejected through ../src/module [791.70ms]
(pass) unchecked Provider construction is rejected through di-bag [572.22ms]
(pass) unchecked Provider construction is rejected through ../src/provider [483.78ms]
(pass) unchecked Token construction is rejected through di-bag [562.26ms]
(pass) unchecked Token construction is rejected through ../src/tokens [482.11ms]

tests/native-package.test.ts:
(pass) native installed contracts and physical downstream declarations from classic6 [53284.99ms]
(pass) native installed contracts and physical downstream declarations from native7 [41516.35ms]

 81 pass
 0 fail
 1731 expect() calls
Ran 81 tests across 2 files. [146.75s]
