<ref *1> Error: spawnSync git EPERM
    at Object.spawnSync (node:internal/child_process:1160:20)
    at spawnSync (node:child_process:928:24)
    at execFileSync (node:child_process:971:15)
    at captureProvenance (file:///tmp/di-bag-replacement-spike/scripts/compiler-case.ts:91:19)
    at runCompilerCase (file:///tmp/di-bag-replacement-spike/scripts/compiler-case.ts:194:18)
    at main (file:///tmp/di-bag-replacement-spike/scripts/check-compiler-case.ts:5:21)
    at file:///tmp/di-bag-replacement-spike/scripts/check-compiler-case.ts:10:1
    at ModuleJob.run (node:internal/modules/esm/module_job:561:25)
    at process.processTicksAndRejections (node:internal/process/task_queues:104:5)
    at async node:internal/modules/esm/loader:647:26 {
  errno: -1,
  code: 'EPERM',
  syscall: 'spawnSync git',
  path: 'git',
  spawnargs: [ 'rev-parse', 'HEAD' ],
  error: [Circular *1],
  status: 0,
  signal: null,
  output: [ null, '892fe0889204e5b2bf10ba1c7a84ae619c870165\n', '' ],
  pid: 42,
  stdout: '892fe0889204e5b2bf10ba1c7a84ae619c870165\n',
  stderr: ''
}
