✔ Node disposes a deep ready graph in dependency order and only once (201.474294ms)
✔ Node admits a late acyclic edge and rejects a late cycle across a deep graph (120.08676ms)
✔ Node cold-resolves 1,000 raw named factories exactly once without increasing its stack (52.102802ms)
✖ Node cold-resolves 1,000 auto named factories exactly once without increasing its stack (56.56089ms)
✔ raw fast acquisition preserves unobserved thenable and promise identity and factory receiver (0.558967ms)
✔ raw scoped public reentrant creating cycles invoke the factory once (0.584046ms)
✔ raw transient public reentrant creating cycles invoke the factory once (0.436862ms)
✔ native transient ancestry rejects after-await cycles with the original label order (0.701364ms)
✔ ready borrowed transient proxies keep late cycle and root capture checks (0.894917ms)
✖ failed direct raw sources cannot use retained proxies during close (0.548461ms)
✔ failed direct auto sources cannot use retained proxies during close (0.282812ms)
ℹ tests 11
ℹ suites 0
ℹ pass 9
ℹ fail 2
ℹ cancelled 0
ℹ skipped 0
ℹ todo 0
ℹ duration_ms 451.492561

✖ failing tests:

test at tests/runtime-scale.node.mjs:49:37
✖ Node cold-resolves 1,000 auto named factories exactly once without increasing its stack (56.56089ms)
  AssertionError [ERR_ASSERTION]: /tmp/di-bag-performance-integration/dist/acquisition.js:272
              this.family.leave();
                          ^

  RangeError: Maximum call stack size exceeded
      at Acquisitions.resolveBinding (/tmp/di-bag-performance-integration/dist/acquisition.js:272:25)
      at read (/tmp/di-bag-performance-integration/dist/acquisition.js:231:77)
      at Object.get (/tmp/di-bag-performance-integration/dist/acquisition.js:242:24)
      at create (file:///tmp/di-bag-performance-integration/[eval1]:9:38)
      at /tmp/di-bag-performance-integration/dist/provider-execution.js:72:15
      at ProviderExecution.capture (/tmp/di-bag-performance-integration/dist/provider-execution.js:137:29)
      at ProviderExecution.evaluate (/tmp/di-bag-performance-integration/dist/provider-execution.js:70:28)
      at Acquisitions.resolveBinding (/tmp/di-bag-performance-integration/dist/acquisition.js:255:35)
      at read (/tmp/di-bag-performance-integration/dist/acquisition.js:231:77)
      at Object.get (/tmp/di-bag-performance-integration/dist/acquisition.js:242:24)

  Node.js v24.20.0


  1 !== 0

      at TestContext.<anonymous> (file:///tmp/di-bag-performance-integration/tests/runtime-scale.node.mjs:72:10)
      at Test.runInAsyncScope (node:async_hooks:227:14)
      at Test.run (node:internal/test_runner/test:1397:25)
      at Test.processPendingSubtests (node:internal/test_runner/test:969:18)
      at Test.postRun (node:internal/test_runner/test:1537:19)
      at Test.run (node:internal/test_runner/test:1462:12)
      at async Test.processPendingSubtests (node:internal/test_runner/test:969:7) {
    generatedMessage: false,
    code: 'ERR_ASSERTION',
    actual: 1,
    expected: 0,
    operator: 'strictEqual',
    diff: 'simple'
  }

test at tests/runtime-scale.node.mjs:133:37
✖ failed direct raw sources cannot use retained proxies during close (0.548461ms)
  AssertionError [ERR_ASSERTION]: Missing expected exception.
      at TestContext.<anonymous> (file:///tmp/di-bag-performance-integration/tests/runtime-scale.node.mjs:144:10)
      at Test.runInAsyncScope (node:async_hooks:227:14)
      at Test.run (node:internal/test_runner/test:1397:25)
      at Test.processPendingSubtests (node:internal/test_runner/test:969:18)
      at Test.postRun (node:internal/test_runner/test:1537:19)
      at Test.run (node:internal/test_runner/test:1462:12)
      at async Test.processPendingSubtests (node:internal/test_runner/test:969:7) {
    generatedMessage: false,
    code: 'ERR_ASSERTION',
    actual: undefined,
    expected: /bag is closing/,
    operator: 'throws',
    diff: 'simple'
  }
