✖ Node cold-resolves 1,000 raw named factories exactly once without increasing its stack (59.819891ms)
ℹ tests 1
ℹ suites 0
ℹ pass 0
ℹ fail 1
ℹ cancelled 0
ℹ skipped 0
ℹ todo 0
ℹ duration_ms 78.964727

✖ failing tests:

test at tests/runtime-scale.node.mjs:48:1
✖ Node cold-resolves 1,000 raw named factories exactly once without increasing its stack (59.819891ms)
  RangeError: Maximum call stack size exceeded
      at Acquisitions.retire (/tmp/di-bag-performance-first-fixes-baseline/dist/acquisition.js:285:32)
      at Acquisitions.resolveBinding (/tmp/di-bag-performance-first-fixes-baseline/dist/acquisition.js:244:18)
      at read (/tmp/di-bag-performance-first-fixes-baseline/dist/acquisition.js:218:60)
      at Object.get (/tmp/di-bag-performance-first-fixes-baseline/dist/acquisition.js:229:24)
      at DiBag.factory.acquisition (file:///tmp/di-bag-performance-integration/tests/runtime-scale.node.mjs:53:36)
      at /tmp/di-bag-performance-first-fixes-baseline/dist/provider-execution.js:42:15
      at ProviderExecution.capture (/tmp/di-bag-performance-first-fixes-baseline/dist/provider-execution.js:95:29)
      at ProviderExecution.evaluate (/tmp/di-bag-performance-first-fixes-baseline/dist/provider-execution.js:40:28)
      at Acquisitions.resolveBinding (/tmp/di-bag-performance-first-fixes-baseline/dist/acquisition.js:235:45)
      at read (/tmp/di-bag-performance-first-fixes-baseline/dist/acquisition.js:218:60)
