bun test v1.4.2 (744846f84)

tests/observers.test.ts:
(pass) observers preserve raw identity and explicit ownership [2.97ms]
(pass) ready follows the final native stage while retaining exposed identity [0.40ms]
(pass) observer failure monitoring handles throws, rejection and throwing then without gating shutdown [0.37ms]
(pass) configuration snapshots callbacks, appends in order and retains classification [0.56ms]
(pass) reentrant observer resolution runs outside factory ancestry and respects published close [0.20ms]
(pass) canonical owners distinguish shared roots, independent forks, contributions and transients [1.27ms]
(pass) failed final projections retire accepted ownership once and preserve cleanup errors [0.69ms]
(pass) intermediate native failure bypassed by raw projection is not final failure [0.19ms]
(pass) private module frames are immutable snapshots without freezing application metadata [1.09ms]
(pass) startup rollback observes accepted cleanup while preserving the startup cause [0.88ms]
(pass) cancellation observes late accepted resources and final failure without awaiting telemetry [0.61ms]
(pass) throwing-then error sink results are consumed and appending duplicates keeps every callback [0.14ms]
(pass) delivery keeps emission order across immutable appended facade configurations [0.19ms]

tests/acquisition-mode.test.ts:
(pass) close waits for a native acquisition with shadowed then at source [0.29ms]
(pass) close waits for a native acquisition with shadowed then at projection [0.11ms]
(pass) close waits for a native acquisition with shadowed then at val-box [0.10ms]
(pass) unconfigured core preflights every stage and private module before any factory effects [0.24ms]
(pass) facades snapshot and isolate their predicate, carrying it through builders and forks [0.54ms]
(pass) invalid configuration, modes and classifier results fail explicitly [0.23ms]
(pass) automatic ordinary values preserve the then-presence guard [0.12ms]
(pass) raw Promise and then-getter values retain exact ownership without observation or waiting [0.21ms]
(pass) explicit native and async projections work without a classifier and preserve previous owners [0.33ms]
(pass) auto observes local native state with non-callable then [0.18ms]
(pass) native observes local native state with non-callable then [0.10ms]
(pass) auto observes foreign native state with non-callable then [0.43ms]
(pass) native observes foreign native state with non-callable then [0.28ms]
(pass) presence frames default to raw while required frames and sync capabilities select output mode [0.32ms]
(pass) async adapters retain their native output contract without reading hidden acquisition options [0.28ms]
(pass) val-box options preserve invalid value rejection and require a selection when supplied [0.06ms]

tests/startup.test.ts:
(pass) contexts follow acquisition owners through child-first roots and independent forks [0.41ms]
(pass) abort listeners cannot reenter any closing scope admission gate [0.24ms]
(pass) startup waits for selected native acquisition while leaving unrelated providers lazy [0.26ms]
(pass) startup uses native observation with shadowed then and treats raw promises as ready [0.26ms]
(pass) a ready native projection starts while its source remains pending until shutdown [0.32ms]
(pass) failed native projection aborts a cooperative pending source before cleanup [0.28ms]
(pass) sequential startup waits before invoking the next selection [0.24ms]
(pass) startup selects genuine tokens and keeps separate owned transient attempts [0.28ms]
(pass) late contextual dependencies receive an already aborted owner signal [0.21ms]
(pass) startup removes its abort listener on success [0.22ms]
(pass) startup removes its abort listener on failure [0.09ms]
(pass) startup removes its abort listener on aborted [0.07ms]
(pass) startup removes its abort listener on timeout [5.31ms]
(pass) startup snapshots option getters once after snapshotting all selected keys [0.19ms]
(pass) sequential startup stops after failure and waits for cleanup with original causes [0.39ms]
(pass) parallel startup starts later selections after synchronous failure and cleans pending ownership [0.22ms]
(pass) aborted rejects before late ownership and exposes eventual cleanup failure [0.39ms]
(pass) timeout rejects before late ownership and exposes eventual cleanup failure [5.50ms]
(pass) already aborted startup does not invoke any factories [0.19ms]
(pass) cancellation can interrupt cleanup after ordinary startup failure [0.27ms]
(pass) successful startup removes external cancellation and snapshots indexed selections [0.20ms]
(pass) invalid startup inputs reject before factory or unsupported option getter effects [0.34ms]

tests/lifetimes.test.ts:
(pass) root, scoped and transient identity have distinct ownership [0.35ms]
(pass) child-first roots capture dependencies in the root owner through grandchildren and forks [0.41ms]
(pass) same-object transients own separate attempts and preserve every cleanup cause [0.27ms]
(pass) raw and native lifetimes retain original pending promises and classification [0.36ms]
(pass) failed root cache entries retry across children with new acquisition identities [0.21ms]
(pass) public synchronous transient reentrancy is rejected before a second factory invocation [0.14ms]
(pass) pure transient post-await ancestry rejects repeated construction [0.21ms]
(pass) mixed cached and transient post-await cycles preserve acquisition graph detection [0.24ms]
(pass) independent pending transient calls are distinct nonrecursive acquisitions [0.15ms]
(pass) a ready transient proxy may create a fresh instance on each later method call [0.14ms]
(pass) pending child work acquires roots during parent close and root cleanup follows child cleanup [0.24ms]
(pass) strict roots reject new scoped reads directly [0.18ms]
(pass) strict roots reject new scoped reads through a transient [0.08ms]
(pass) strict roots reject cached scoped reads directly [0.05ms]
(pass) strict roots reject cached scoped reads through a transient [0.06ms]
(pass) strict capture boundaries survive await and ready transient methods [0.31ms]
(pass) strict roots can consume capturing roots without inheriting their permission [0.22ms]
(pass) token captive reads reject at the observed edge before scoped creation [0.33ms]
(pass) renamed module exports retain private root and transient ownership despite public collisions [0.36ms]
(pass) private module scoped capture rejects despite an identically named public root [0.23ms]
(pass) failed root rollback and retry retain distinct ownership across child consumers [0.48ms]
(pass) child close releases its attempts while a child-first root remains pending [0.24ms]
(pass) completed child and retired proxies cannot borrow another attempt closing permission for root reads [0.22ms]
(pass) pending source permission survives a ready projection when routing late roots [0.23ms]
(pass) family retirement removes cross-owner incoming edges but preserves outgoing rollback dependencies [0.19ms]
(pass) retired transient ancestry does not block a retained proxy from retrying its binding [0.17ms]
(pass) token roots retain family ownership through a transient token consumer and independent override [0.30ms]
(pass) pending source permission survives failed projection rollback for late root reads [0.28ms]

tests/projections.test.ts:
(pass) a projected service does not replace its source disposer argument [0.19ms]
(pass) an ownership operation on a metadata provider retains earlier ownership [0.16ms]
(pass) mapSync receives and returns exact Promise identities [0.12ms]
(pass) mapAsync rejects source and projector throws with their original values [0.17ms]
(pass) mapAsync awaits recursive projector thenables and source fulfillment [0.12ms]
(pass) a failed sync projection releases late source ownership [0.15ms]
(pass) a synchronous status projection stays cached after its raw Promise rejects [0.13ms]
(pass) ready outer ownership closes before a raw stage accepted later [0.14ms]
(pass) failed projections clean only their stages and preserve cached dependencies [0.21ms]
(pass) sync failure starts asynchronous cleanup without waiting and close drains it [0.19ms]
(pass) late old ownership cannot evict or dispose a successful retry [0.19ms]
(pass) retired cleanup errors keep invocation order and original attempt identities [0.27ms]
(pass) a pending source can read dependencies in close after an outer projection is ready [0.18ms]
(pass) a pending source can finish dependencies after its outer projection failed [0.19ms]
(pass) completed source proxies cannot borrow a pending projection or retry permission [0.15ms]
(pass) mapped dependencies still reject genuine acquisition cycles [0.13ms]
(pass) asynchronous mappings preserve post-await cycle detection [0.23ms]
(pass) a completed source cannot use its still pending asynchronous projector permission [0.12ms]
(pass) mapping and added finalizers run receiver-free across metadata operations [0.22ms]
(pass) failed outer projections retain owned values until a pending projector finishes using them [0.28ms]
(pass) failed exposed acquisition abandons incoming edges while its owned source can acquire the recovered parent [0.31ms]

tests/disposal.test.ts:
(pass) disposal callbacks receive the owned value without a receiver [0.14ms]
(pass) withDisposal exposes the value and closes each resolved instance once [0.11ms]
(pass) ordinary values are borrowed even when they expose disposal methods [0.09ms]
(pass) unresolved and failed factories have no disposal [0.11ms]
(pass) throwing then inspection rejects each acquisition until a synchronous retry succeeds [0.24ms]
(pass) a PromiseLike with a throwing then getter never reaches the fulfilled-value disposer [0.20ms]
(pass) native Promise observer setup failures allow retry and preserve accepted Promise identity [0.25ms]
(pass) native Promise ownership observation ignores an own then override [0.17ms]
(pass) native Promise subclass ownership ignores an own then override [0.18ms]
(pass) native constructor TypeError preserves the original failure and permits retry [0.24ms]
(pass) native species TypeError preserves the original failure and permits retry [0.07ms]
(pass) pending close observes native settlement without assimilating its species result [0.23ms]
(pass) direct structural thenables reject without invoking then or accepting ownership [0.15ms]
(pass) explicit structural conversion accepts fulfillment before a subsequent throw [0.13ms]
(pass) explicit structural conversion retries rejection and disposes only the fulfilled retry [0.15ms]
(pass) cleanup runs in reverse acquisition order through unmanaged intermediates [0.18ms]
(pass) async disposers are awaited sequentially and receive fulfilled values [0.17ms]
(pass) dependency ordering wins over async completion order [0.13ms]
(pass) close drains pending factories and dependencies discovered after await [0.20ms]
(pass) pending acquisition failure does not stop cleanup of other resources [0.15ms]
(pass) every disposer runs and close aggregates the original cleanup failures [0.27ms]
(pass) throwing undefined still rejects close and does not skip other disposers [0.20ms]
(pass) reentrant close observes the same barrier even when its disposer rejects [0.15ms]
(pass) parent and forks own independent instances and borrowed overrides stay borrowed [0.19ms]
(pass) an owned override can replace an ordinary factory [0.12ms]
(pass) pending factories can create a chain of synchronous dependencies during close [0.14ms]

tests/aliases.test.ts:
(pass) named aliases preserve exact canonical object and immutable history [0.18ms]
(pass) all token and name combinations and forward token requirements route identically [0.14ms]
(pass) aliases preserve explicit raw and native promises without classification [0.18ms]
(pass) transient aliases add no ownership and record actual target disposal edges [0.26ms]
(pass) module aliases retain private targets and export renames under host collisions [0.29ms]
(pass) selected sharing routes alias through parent graph while independent overrides follow child graph [0.23ms]
(pass) runtime rejects transient sharing and root captures through aliases before invoking target [0.25ms]
(pass) alias inspection reports direct target and canonical attempts without stale target metadata [0.21ms]
(pass) alias cycles retain a useful lexical path [0.17ms]
(pass) runtime rejects invalid alias selections without changing the builder [0.15ms]
(pass) startup through an alias waits for final readiness and retries failed canonical acquisitions [0.29ms]
(pass) shared alias inspection identifies its parent target despite a child override [0.18ms]
(pass) aliases of root targets retain the root graph under child overrides [0.14ms]
(pass) in-flight sources may read aliases while closing and retained reads close with the canonical owner [0.23ms]
(pass) module token aliases preserve private identity and external host requirements [0.19ms]
(pass) exported target replacements and renames remain visible through module aliases [0.18ms]
(pass) re-sharing aliases keeps parent policy while fresh grandchildren and forks use local targets [0.30ms]
(pass) strict roots use the effective shared alias policy in both lifetime directions [0.45ms]
(pass) raw aliases do not inspect then getters or add cancellation contexts [0.15ms]

tests/acquisition.test.ts:
(pass) a retry does not inherit the identity of a caught failed attempt [0.13ms]
(pass) a caught rejected attempt does not retarget its incoming edge to the retry [0.25ms]
(pass) shutdown preserves every cleanup cause and its acquisition identity [0.35ms]
(pass) cleanup diagnostics snapshot caller records without cloning the original cause [0.06ms]
(pass) a failed attempt cannot borrow its pending retry permission to acquire during close [0.19ms]
(pass) a completed factory cannot start late acquisitions while another factory drains [0.13ms]
(pass) a retained failed proxy follows live dependencies without traversing removed attempts [0.11ms]

tests/runtime-scale.test.ts:
(pass) closing a deep graph disposes every dependent before its dependency exactly once [95.51ms]
(pass) retiring an acquisition touches only its actual incoming consumers [1.19ms]
(pass) repeated reads of an existing edge do not traverse the downstream graph again [0.56ms]
(pass) late edges across a deep ready graph find cycles without overflowing the stack [15.33ms]
(pass) one module lexical map is snapshotted once while external mutations stay isolated [0.60ms]

tests/box-adapters.test.ts:
(pass) mixed factory, owned and provider registrations map and unbox every valid branch [1.44ms]
(pass) sas modes select capabilities, preserve receiver and cache once per acquisition [0.45ms]
(pass) sas sync preserves a raw promise while asynchronous routes return native promises [0.31ms]
(pass) sas callback throws preserve error identity and clean only the owned raw box [0.33ms]
(pass) val metadata captures presence and alias without owning payload, and separates outer ownership [0.34ms]
(pass) val presence distinguishes absence and present undefined and preserves empty aliases [0.33ms]
(pass) val copies snapshots once and retains nested frames through other transforms [0.28ms]
(pass) val frames exist as absent inside the source factory and remain snapshot-isolated while pending [0.31ms]
(pass) val absence and throwing snapshot/getters retire ownership with the original error [0.42ms]
(pass) unchecked val snapshots validate every structural field without inspecting payloads [0.62ms]
(pass) val preserves raw promise payloads synchronously and awaits only the explicit async boundary [0.30ms]
(pass) val propagates snapshot-field getter errors and never reads erased payload properties [0.46ms]
(pass) failed val unboxing abandons the caller edge while pending source ownership finishes [0.44ms]

tests/dependency-references.test.ts:
(pass) optional absence is distinct from a present undefined acquisition [0.54ms]
(pass) optional factory failures and native rejections propagate and retry [0.33ms]
(pass) lazy scoped dependencies defer construction and retain invocation ownership [0.31ms]
(pass) lazy root dependencies defer construction and retain invocation ownership [0.11ms]
(pass) lazy transient dependencies defer construction and retain invocation ownership [0.09ms]
(pass) all adapters snapshot mixed references by index and authenticate every handle [1.16ms]
(pass) lazy reads preserve lexical private tokens, export renames and external optional absence [0.43ms]
(pass) lazy closures use shared/root owner context and independent fork overrides [0.80ms]
(pass) raw and native references preserve Promise identity and disposal values [0.52ms]
(pass) optional synchronous and post-await cycles propagate [0.59ms]
(pass) lazy synchronous and post-await cycles propagate [0.36ms]
(pass) lazy closure shutdown admission belongs to the capturing source attempt [0.70ms]
(pass) observed reference reads retain strict root checks before routing [0.40ms]
(pass) lazy reads detect a cycle between already ready consumers [0.15ms]
(pass) a pending projection does not extend a lazy source shutdown admission [0.20ms]
(pass) root explicit capture and optional reads retain the root lexical context [0.33ms]

 186 pass
 0 fail
 1002 expect() calls
Ran 186 tests across 11 files. [196.00ms]
