✔ discarded raw transient arrays are collectible after resolve (7.221965ms)
✔ discarded raw transient arrays are collectible after alias (3.370299ms)
✔ discarded raw transient arrays are collectible after dependency (2.861328ms)
✔ discarded raw transient arrays are collectible after collection (2.783763ms)
✔ discarded raw transient arrays are collectible after startup (4.476546ms)
✔ discarded native transient promises and source arrays are collectible (3.854009ms)
✔ discarded native transient promises and mapped arrays are collectible (5.199413ms)
✔ borrowed mapped payloads are collectible while independent inspection frames survive (5.531302ms)
✔ transient owned source and mapped identities survive GC until reverse stage cleanup (6.086097ms)
✔ Node disposes a deep ready graph in dependency order and only once (200.226979ms)
✔ Node admits a late acyclic edge and rejects a late cycle across a deep graph (91.185615ms)
✔ Node cold-resolves 1,000 raw named factories exactly once without increasing its stack (59.644621ms)
✔ raw fast acquisition preserves unobserved thenable and promise identity and factory receiver (0.444489ms)
✔ raw scoped public reentrant creating cycles invoke the factory once (0.411459ms)
✔ raw transient public reentrant creating cycles invoke the factory once (0.293902ms)
✔ native transient ancestry rejects after-await cycles with the original label order (0.472856ms)
✔ ready borrowed transient proxies keep late cycle and root capture checks (0.74533ms)
ℹ tests 17
ℹ suites 0
ℹ pass 17
ℹ fail 0
ℹ cancelled 0
ℹ skipped 0
ℹ todo 0
ℹ duration_ms 436.058441
