✔ discarded raw transient arrays are collectible after resolve (9.999042ms)
✔ discarded raw transient arrays are collectible after alias (3.023987ms)
✔ discarded raw transient arrays are collectible after dependency (3.436899ms)
✔ discarded raw transient arrays are collectible after collection (3.424182ms)
✔ discarded raw transient arrays are collectible after startup (4.782765ms)
✔ discarded native transient promises and source arrays are collectible (2.876525ms)
✔ discarded native transient promises and mapped arrays are collectible (2.828715ms)
✔ borrowed mapped payloads are collectible while independent inspection frames survive (3.874865ms)
✔ transient owned source and mapped identities survive GC until reverse stage cleanup (5.044805ms)
✔ closing releases compacted frame payloads even when a dependency proxy is retained (5.523333ms)
✔ a ready borrowed projection drops its payload while pending source ownership and close admission survive (2.676595ms)
✔ Node disposes a deep ready graph in dependency order and only once (184.331855ms)
✔ Node admits a late acyclic edge and rejects a late cycle across a deep graph (100.799731ms)
✔ Node cold-resolves 1,000 raw named factories exactly once without increasing its stack (53.250551ms)
✔ Node cold-resolves 1,000 auto named factories exactly once without increasing its stack (52.655ms)
✔ raw fast acquisition preserves unobserved thenable and promise identity and factory receiver (0.571406ms)
✔ raw scoped public reentrant creating cycles invoke the factory once (0.414715ms)
✔ raw transient public reentrant creating cycles invoke the factory once (0.298785ms)
✔ native transient ancestry rejects after-await cycles with the original label order (0.506423ms)
✔ ready borrowed transient proxies keep late cycle and root capture checks (0.762998ms)
✔ failed direct raw sources cannot use retained proxies during close (0.369392ms)
✔ failed direct auto sources cannot use retained proxies during close (0.214145ms)
ℹ tests 22
ℹ suites 0
ℹ pass 22
ℹ fail 0
ℹ cancelled 0
ℹ skipped 0
ℹ todo 0
ℹ duration_ms 482.909435
