✔ discarded raw transient arrays are collectible after resolve (6.371735ms)
✔ discarded raw transient arrays are collectible after alias (2.742733ms)
✔ discarded raw transient arrays are collectible after dependency (3.284125ms)
✔ discarded raw transient arrays are collectible after collection (2.808818ms)
✔ discarded raw transient arrays are collectible after startup (4.303932ms)
✔ discarded native transient promises and source arrays are collectible (2.941506ms)
✔ discarded native transient promises and mapped arrays are collectible (2.84089ms)
✔ borrowed mapped payloads are collectible while independent inspection frames survive (4.011354ms)
✔ transient owned source and mapped identities survive GC until reverse stage cleanup (6.065142ms)
✔ Node disposes a deep ready graph in dependency order and only once (197.159951ms)
✔ Node admits a late acyclic edge and rejects a late cycle across a deep graph (87.321841ms)
✔ Node cold-resolves 1,000 raw named factories exactly once without increasing its stack (55.478978ms)
✔ Node cold-resolves 1,000 auto named factories exactly once without increasing its stack (58.585042ms)
✔ raw fast acquisition preserves unobserved thenable and promise identity and factory receiver (0.829843ms)
✔ raw scoped public reentrant creating cycles invoke the factory once (0.714712ms)
✔ raw transient public reentrant creating cycles invoke the factory once (0.576904ms)
✔ native transient ancestry rejects after-await cycles with the original label order (0.560881ms)
✔ ready borrowed transient proxies keep late cycle and root capture checks (0.759153ms)
✔ failed direct raw sources cannot use retained proxies during close (0.420268ms)
✔ failed direct auto sources cannot use retained proxies during close (0.187274ms)
ℹ tests 20
ℹ suites 0
ℹ pass 20
ℹ fail 0
ℹ cancelled 0
ℹ skipped 0
ℹ todo 0
ℹ duration_ms 477.662036
