✔ discarded raw transient arrays are collectible after resolve (7.649429ms)
✔ discarded raw transient arrays are collectible after alias (3.070861ms)
✔ discarded raw transient arrays are collectible after dependency (3.705483ms)
✔ discarded raw transient arrays are collectible after collection (3.502326ms)
✔ discarded raw transient arrays are collectible after startup (5.037652ms)
✔ discarded native transient promises and source arrays are collectible (3.500589ms)
✔ discarded native transient promises and mapped arrays are collectible (3.296469ms)
✔ borrowed mapped payloads are collectible while independent inspection frames survive (4.404003ms)
✔ transient owned source and mapped identities survive GC until reverse stage cleanup (5.114317ms)
✔ closing releases compacted frame payloads even when a dependency proxy is retained (5.584695ms)
✔ a ready borrowed projection drops its payload while pending source ownership and close admission survive (4.167755ms)
✔ Node disposes a deep ready graph in dependency order and only once (191.841955ms)
✔ Node admits a late acyclic edge and rejects a late cycle across a deep graph (93.928114ms)
✔ Node cold-resolves 1,000 raw named factories exactly once without increasing its stack (53.631726ms)
✔ Node cold-resolves 1,000 auto named factories exactly once without increasing its stack (53.58715ms)
✔ raw fast acquisition preserves unobserved thenable and promise identity and factory receiver (0.50525ms)
✔ raw scoped public reentrant creating cycles invoke the factory once (0.446077ms)
✔ raw transient public reentrant creating cycles invoke the factory once (0.336521ms)
✔ native transient ancestry rejects after-await cycles with the original label order (0.461314ms)
✔ ready borrowed transient proxies keep late cycle and root capture checks (0.709416ms)
✔ failed direct raw sources cannot use retained proxies during close (0.367986ms)
✔ failed direct auto sources cannot use retained proxies during close (0.171708ms)
ℹ tests 22
ℹ suites 0
ℹ pass 22
ℹ fail 0
ℹ cancelled 0
ℹ skipped 0
ℹ todo 0
ℹ duration_ms 487.270351
