bun test v1.4.2 (744846f84)

tests/observers.test.ts:
(pass) observers preserve raw identity and explicit ownership [3.10ms]
(pass) ready follows the final native stage while retaining exposed identity [0.40ms]
(pass) observer failure monitoring handles throws, rejection and throwing then without gating shutdown [0.37ms]
(pass) configuration snapshots callbacks, appends in order and retains classification [0.59ms]
(pass) reentrant observer resolution runs outside factory ancestry and respects published close [0.21ms]
(pass) canonical owners distinguish shared roots, independent forks, contributions and transients [1.39ms]
(pass) failed final projections retire accepted ownership once and preserve cleanup errors [0.80ms]
(pass) intermediate native failure bypassed by raw projection is not final failure [0.25ms]
(pass) private module frames are immutable snapshots without freezing application metadata [1.61ms]
(pass) startup rollback observes accepted cleanup while preserving the startup cause [1.20ms]
(pass) cancellation observes late accepted resources and final failure without awaiting telemetry [0.68ms]
(pass) throwing-then error sink results are consumed and appending duplicates keeps every callback [0.17ms]
(pass) delivery keeps emission order across immutable appended facade configurations [0.21ms]

tests/acquisition-mode.test.ts:
(pass) close waits for a native acquisition with shadowed then at source [0.33ms]
(pass) close waits for a native acquisition with shadowed then at projection [0.12ms]
(pass) close waits for a native acquisition with shadowed then at val-box [0.11ms]
(pass) unconfigured core preflights every stage and private module before any factory effects [0.27ms]
(pass) facades snapshot and isolate their predicate, carrying it through builders and forks [0.61ms]
(pass) invalid configuration, modes and classifier results fail explicitly [0.26ms]
(pass) automatic ordinary values preserve the then-presence guard [0.14ms]
(pass) raw Promise and then-getter values retain exact ownership without observation or waiting [0.28ms]
(pass) explicit native and async projections work without a classifier and preserve previous owners [0.32ms]
(pass) auto observes local native state with non-callable then [0.20ms]
(pass) native observes local native state with non-callable then [0.12ms]
(pass) auto observes foreign native state with non-callable then [0.49ms]
(pass) native observes foreign native state with non-callable then [0.29ms]
(pass) presence frames default to raw while required frames and sync capabilities select output mode [0.37ms]
(pass) async adapters retain their native output contract without reading hidden acquisition options [0.29ms]
(pass) val-box options preserve invalid value rejection and require a selection when supplied [0.07ms]

tests/startup.test.ts:
(pass) contexts follow acquisition owners through child-first roots and independent forks [0.48ms]
(pass) abort listeners cannot reenter any closing scope admission gate [0.28ms]
(pass) startup waits for selected native acquisition while leaving unrelated providers lazy [0.29ms]
(pass) startup uses native observation with shadowed then and treats raw promises as ready [0.28ms]
(pass) a ready native projection starts while its source remains pending until shutdown [0.33ms]
(pass) failed native projection aborts a cooperative pending source before cleanup [0.29ms]
(pass) sequential startup waits before invoking the next selection [0.26ms]
(pass) startup selects genuine tokens and keeps separate owned transient attempts [0.29ms]
(pass) late contextual dependencies receive an already aborted owner signal [0.21ms]
(pass) startup removes its abort listener on success [0.23ms]
(pass) startup removes its abort listener on failure [0.09ms]
(pass) startup removes its abort listener on aborted [0.08ms]
(pass) startup removes its abort listener on timeout [5.24ms]
(pass) startup snapshots option getters once after snapshotting all selected keys [0.24ms]
(pass) sequential startup stops after failure and waits for cleanup with original causes [0.48ms]
(pass) parallel startup starts later selections after synchronous failure and cleans pending ownership [0.27ms]
(pass) aborted rejects before late ownership and exposes eventual cleanup failure [0.46ms]
(pass) timeout rejects before late ownership and exposes eventual cleanup failure [5.34ms]
(pass) already aborted startup does not invoke any factories [0.23ms]
(pass) cancellation can interrupt cleanup after ordinary startup failure [0.29ms]
(pass) successful startup removes external cancellation and snapshots indexed selections [0.22ms]
(pass) invalid startup inputs reject before factory or unsupported option getter effects [0.40ms]

tests/final-adversarial-integration.test.ts:
(pass) I1 preserves its deterministic adversarial source oracle [14.02ms]
(pass) I2 preserves its deterministic adversarial source oracle [8.37ms]
(pass) I3 preserves its deterministic adversarial source oracle [7.86ms]
(pass) I4 preserves its deterministic adversarial source oracle [7.50ms]
(pass) I5 preserves its deterministic adversarial source oracle [7.33ms]
(pass) I6 preserves its deterministic adversarial source oracle [11.33ms]
(pass) I7 preserves its deterministic adversarial source oracle [9.58ms]
(pass) I8 preserves its deterministic adversarial source oracle [8.59ms]
(pass) I9 preserves its deterministic adversarial source oracle [8.52ms]
(pass) I10 preserves its deterministic adversarial source oracle [8.00ms]
(pass) I11 preserves its deterministic adversarial source oracle [6.97ms]
(pass) I13 preserves its deterministic adversarial source oracle [7.43ms]
(pass) I12 disposes accepted late ownership before independent immediate ownership [8.63ms]

tests/lifetimes.test.ts:
(pass) root, scoped and transient identity have distinct ownership [0.47ms]
(pass) child-first roots capture dependencies in the root owner through grandchildren and forks [0.51ms]
(pass) same-object transients own separate attempts and preserve every cleanup cause [0.39ms]
(pass) raw and native lifetimes retain original pending promises and classification [0.43ms]
(pass) failed root cache entries retry across children with new acquisition identities [0.34ms]
(pass) public synchronous transient reentrancy is rejected before a second factory invocation [0.29ms]
(pass) pure transient post-await ancestry rejects repeated construction [0.35ms]
(pass) mixed cached and transient post-await cycles preserve acquisition graph detection [0.48ms]
(pass) independent pending transient calls are distinct nonrecursive acquisitions [0.17ms]
(pass) a ready transient proxy may create a fresh instance on each later method call [0.20ms]
(pass) pending child work acquires roots during parent close and root cleanup follows child cleanup [0.39ms]
(pass) strict roots reject new scoped reads directly [0.19ms]
(pass) strict roots reject new scoped reads through a transient [0.07ms]
(pass) strict roots reject cached scoped reads directly [0.05ms]
(pass) strict roots reject cached scoped reads through a transient [0.04ms]
(pass) strict capture boundaries survive await and ready transient methods [0.29ms]
(pass) strict roots can consume capturing roots without inheriting their permission [0.21ms]
(pass) token captive reads reject at the observed edge before scoped creation [0.16ms]
(pass) renamed module exports retain private root and transient ownership despite public collisions [0.34ms]
(pass) private module scoped capture rejects despite an identically named public root [0.19ms]
(pass) failed root rollback and retry retain distinct ownership across child consumers [0.42ms]
(pass) child close releases its attempts while a child-first root remains pending [0.27ms]
(pass) completed child and retired proxies cannot borrow another attempt closing permission for root reads [0.31ms]
(pass) pending source permission survives a ready projection when routing late roots [0.37ms]
(pass) family retirement removes cross-owner incoming edges but preserves outgoing rollback dependencies [0.23ms]
(pass) retired transient ancestry does not block a retained proxy from retrying its binding [0.18ms]
(pass) token roots retain family ownership through a transient token consumer and independent override [0.24ms]
(pass) pending source permission survives failed projection rollback for late root reads [0.25ms]

tests/selected-scope-runtime.test.ts:
(pass) selected service borrows parent configuration and ownership while child config is overridden [0.40ms]
(pass) scoped sharing selects the immediate parent and must be selected again by grandchildren [0.16ms]
(pass) child-defined roots anchor their graph while inherited roots construct in the original graph [0.28ms]
(pass) shared pending promises deduplicate and failed acquisitions retry at the owner [0.21ms]
(pass) closing a borrower leaves the pending owner context and finalizer intact [0.37ms]
(pass) pending child sources discover shared parent dependencies during tree close [0.31ms]
(pass) strict child roots reject shared scoped dependencies before reading a cached owner [0.21ms]
(pass) shared dependency edges detect cycles through retained owner proxies [0.21ms]
(pass) shared module bindings preserve lexical private dependencies despite child public replacements [0.26ms]
(pass) synchronous shared owner reentry detects a cycle across acquisition owners [0.20ms]
(pass) a ready projection retains source permission for late shared reads [0.33ms]
(pass) a failed projection retains source permission for late shared reads [0.16ms]
(pass) completed and retired child proxies cannot borrow another source closing permission for shared reads [0.33ms]

tests/wbs-scope.test.ts:
(pass) WBS scopes borrow infrastructure and recreate stores, collectors and services [1.14ms]
(pass) an explicitly shared WBS service keeps its original stores and broadcaster [0.32ms]
(pass) closing the root disposes its resources but leaves the startup-owned source usable [2.04ms]
(pass) startup cleans every owner and discards held announcements when batch work fails [0.34ms]
(pass) startup still closes later bags and its source when multiple disposers fail [0.50ms]
(pass) a factory cleans partial acquisition before throwing; the bag does not dispose it twice [0.32ms]
(pass) the runnable example reports published work and complete shutdown [0.31ms]

tests/boundaries.test.ts:
(pass) fork changes only the selected key hidden behind a narrowed override map [0.10ms]
(pass) unselected override values and getters never participate [0.06ms]
(pass) hidden duplicate additions throw atomically and leave builders reusable [0.13ms]
(pass) hidden new keys cannot later silently replace visible registrations [0.07ms]
(pass) add snapshots every own entry and validates before producing a builder [0.14ms]
(pass) replacement writes its explicit key and preserves earlier builders [0.13ms]
(pass) fork requires selected own entries before reading any selected getter [0.16ms]
(pass) fork snapshots selection before an override getter mutates the caller tuple [0.07ms]
(pass) fork selects indexed tuple entries even when its iterator omits a key [0.05ms]
(pass) fork batches selected replacements without using the single-binding graph path [0.10ms]
(pass) empty forks reuse the graph without reading unselected values and retain fresh ownership [0.21ms]
(pass) selected overrides can depend on richer capabilities of other selected services [0.16ms]
(pass) runtime registration validation rejects cloned and forged owned handles [0.10ms]
(pass) normalization does not expose mutable ownership registry metadata [0.11ms]
(pass) unchecked source Bag construction is not exported [0.01ms]
(pass) plain registration maps from another realm retain their own factories [0.31ms]

tests/modules.test.ts:
(pass) a module private retry keeps the caught failed attempt separate [0.27ms]
(pass) module private dependencies follow exported replacements and fresh forks [0.37ms]
(pass) renamed repeated installations isolate private instances and cleanup [0.22ms]
(pass) rename preserves original parameter names even when an export takes a private name [0.20ms]
(pass) invalid installations and export views fail atomically and reject forged modules [0.33ms]
(pass) exports use indexed tuple snapshots and preserve hidden local registrations [0.18ms]
(pass) module promise identity, retry and post-await cycle diagnostics use the host runtime [0.26ms]
(pass) renaming an export leaves an unrelated external requirement at its original slot [0.14ms]
(pass) module providers can be replaced before sealing without mutating earlier views [0.13ms]
(pass) close drains module acquisitions that discover private and host dependencies after await [0.24ms]

tests/tokens.test.ts:
(pass) token symbols participate in the same acquisition graph [0.35ms]
(pass) handles authenticate identity and capture a receiver-free symbol [0.12ms]
(pass) indexed snapshots ignore iterators and caller mutations [0.22ms]
(pass) invalid selections fail before callbacks and binding transforms [0.08ms]
(pass) same actual symbols and repeated token reads reuse one cache slot [0.17ms]
(pass) distinct symbols with the same description resolve independent slots [0.15ms]
(pass) symbol dependencies follow lexical private and public references [0.26ms]
(pass) token and named cycles report symbol labels in both entry orders [0.30ms]
(pass) rejected token acquisitions retry without awaiting callback arguments [0.20ms]
(pass) late named reads from a token-bound source retain close permission and disposal order [0.22ms]
(pass) undeclared well-known symbol reads remain undefined [0.09ms]
(pass) binding views and transformations retain frozen source selection without mutating inputs [0.21ms]

tests/token-modules.test.ts:
(pass) exported tokens retarget private module consumers in forks [0.31ms]
(pass) private tokens get independent installations and dependency ordered cleanup [0.24ms]
(pass) token bindings preserve source reuse, promise identity and public replacement [0.22ms]
(pass) fork snapshots mixed selection indices and reads only selected own overrides [0.15ms]
(pass) duplicate mixed overrides keep getter order and route final values through private consumers [0.35ms]
(pass) invalid token selections preflight before any selected override getter [0.14ms]
(pass) runtime duplicate symbols reject atomically and leave builders reusable [0.15ms]

tests/contributions.test.ts:
(pass) contributions preserve order, empty reads and array immutability [0.15ms]
(pass) host and repeated exportless modules append distinct lexical bindings [0.37ms]
(pass) all adapters select frozen arrays and retain module export renames [0.50ms]
(pass) root scoped and transient contributions retain individual ownership [0.25ms]
(pass) shared aggregate borrows the parent graph while a lazy registry reads its local graph [0.27ms]
(pass) partial failure retains accepted ownership and retries only failed contributors [0.19ms]
(pass) pending native and raw promises preserve identity and disposal payloads [0.19ms]
(pass) self collections participate in ordinary cycle detection [0.13ms]
(pass) inspection is immutable nonresolving and does not freeze application values [0.16ms]
(pass) forged tokens references and providers reject before provider effects [0.38ms]
(pass) cooperative lazy registries admit late collection reads only for their in-flight source [0.39ms]
(pass) observed strict roots reject cached scoped contributions before owner routing [0.23ms]
(pass) startup failure rolls back accepted contribution ownership [0.19ms]

tests/projections.test.ts:
(pass) a projected service does not replace its source disposer argument [0.16ms]
(pass) an ownership operation on a metadata provider retains earlier ownership [0.15ms]
(pass) mapSync receives and returns exact Promise identities [0.12ms]
(pass) mapAsync rejects source and projector throws with their original values [0.17ms]
(pass) mapAsync awaits recursive projector thenables and source fulfillment [0.11ms]
(pass) a failed sync projection releases late source ownership [0.16ms]
(pass) a synchronous status projection stays cached after its raw Promise rejects [0.13ms]
(pass) ready outer ownership closes before a raw stage accepted later [0.11ms]
(pass) failed projections clean only their stages and preserve cached dependencies [0.16ms]
(pass) sync failure starts asynchronous cleanup without waiting and close drains it [0.15ms]
(pass) late old ownership cannot evict or dispose a successful retry [0.15ms]
(pass) retired cleanup errors keep invocation order and original attempt identities [0.22ms]
(pass) a pending source can read dependencies in close after an outer projection is ready [0.16ms]
(pass) a pending source can finish dependencies after its outer projection failed [0.15ms]
(pass) completed source proxies cannot borrow a pending projection or retry permission [0.13ms]
(pass) mapped dependencies still reject genuine acquisition cycles [0.09ms]
(pass) asynchronous mappings preserve post-await cycle detection [0.15ms]
(pass) a completed source cannot use its still pending asynchronous projector permission [0.09ms]
(pass) mapping and added finalizers run receiver-free across metadata operations [0.18ms]
(pass) failed outer projections retain owned values until a pending projector finishes using them [0.22ms]
(pass) failed exposed acquisition abandons incoming edges while its owned source can acquire the recovered parent [0.21ms]

tests/disposal.test.ts:
(pass) disposal callbacks receive the owned value without a receiver [0.13ms]
(pass) withDisposal exposes the value and closes each resolved instance once [0.11ms]
(pass) ordinary values are borrowed even when they expose disposal methods [0.07ms]
(pass) unresolved and failed factories have no disposal [0.09ms]
(pass) throwing then inspection rejects each acquisition until a synchronous retry succeeds [0.21ms]
(pass) a PromiseLike with a throwing then getter never reaches the fulfilled-value disposer [0.16ms]
(pass) native Promise observer setup failures allow retry and preserve accepted Promise identity [0.18ms]
(pass) native Promise ownership observation ignores an own then override [0.11ms]
(pass) native Promise subclass ownership ignores an own then override [0.15ms]
(pass) native constructor TypeError preserves the original failure and permits retry [0.22ms]
(pass) native species TypeError preserves the original failure and permits retry [0.04ms]
(pass) pending close observes native settlement without assimilating its species result [0.19ms]
(pass) direct structural thenables reject without invoking then or accepting ownership [0.12ms]
(pass) explicit structural conversion accepts fulfillment before a subsequent throw [0.12ms]
(pass) explicit structural conversion retries rejection and disposes only the fulfilled retry [0.14ms]
(pass) cleanup runs in reverse acquisition order through unmanaged intermediates [0.14ms]
(pass) async disposers are awaited sequentially and receive fulfilled values [0.18ms]
(pass) dependency ordering wins over async completion order [0.12ms]
(pass) close drains pending factories and dependencies discovered after await [0.17ms]
(pass) pending acquisition failure does not stop cleanup of other resources [0.11ms]
(pass) every disposer runs and close aggregates the original cleanup failures [0.22ms]
(pass) throwing undefined still rejects close and does not skip other disposers [0.17ms]
(pass) reentrant close observes the same barrier even when its disposer rejects [0.13ms]
(pass) parent and forks own independent instances and borrowed overrides stay borrowed [0.14ms]
(pass) an owned override can replace an ordinary factory [0.09ms]
(pass) pending factories can create a chain of synchronous dependencies during close [0.12ms]

tests/runtime.test.ts:
(pass) sync diamond dependencies are created once and stay synchronous [0.10ms]
(pass) undefined is memoized [0.04ms]
(pass) a creating undefined-valued factory cannot be returned through reentrant resolution [0.10ms]
(pass) forward registration and forks use independent memoization [0.07ms]
(pass) synchronous factory failure can be retried [0.04ms]
(pass) ending one builder twice and forking create fresh owned roots [0.13ms]
(pass) async dependencies remain explicit and concurrent resolutions share a promise [0.12ms]
(pass) synchronous cycles include their dependency path [0.10ms]
(pass) prototype properties are not factories [0.03ms]
(pass) async factory rejections can be retried [0.09ms]
(pass) synchronous failure discards abandoned edges before retrying another token [0.06ms]
(pass) async failure discards abandoned edges before retrying another token [0.13ms]
(pass) then inspection failure discards outgoing edges before another token retries [0.15ms]
(pass) cycles discovered after await reject instead of hanging [0.18ms]

tests/aliases.test.ts:
(pass) named aliases preserve exact canonical object and immutable history [0.14ms]
(pass) all token and name combinations and forward token requirements route identically [0.13ms]
(pass) aliases preserve explicit raw and native promises without classification [0.14ms]
(pass) transient aliases add no ownership and record actual target disposal edges [0.20ms]
(pass) module aliases retain private targets and export renames under host collisions [0.17ms]
(pass) selected sharing routes alias through parent graph while independent overrides follow child graph [0.18ms]
(pass) runtime rejects transient sharing and root captures through aliases before invoking target [0.16ms]
(pass) alias inspection reports direct target and canonical attempts without stale target metadata [0.12ms]
(pass) alias cycles retain a useful lexical path [0.12ms]
(pass) runtime rejects invalid alias selections without changing the builder [0.11ms]
(pass) startup through an alias waits for final readiness and retries failed canonical acquisitions [0.27ms]
(pass) shared alias inspection identifies its parent target despite a child override [0.13ms]
(pass) aliases of root targets retain the root graph under child overrides [0.11ms]
(pass) in-flight sources may read aliases while closing and retained reads close with the canonical owner [0.19ms]
(pass) module token aliases preserve private identity and external host requirements [0.16ms]
(pass) exported target replacements and renames remain visible through module aliases [0.16ms]
(pass) re-sharing aliases keeps parent policy while fresh grandchildren and forks use local targets [0.23ms]
(pass) strict roots use the effective shared alias policy in both lifetime directions [0.43ms]
(pass) raw aliases do not inspect then getters or add cancellation contexts [0.16ms]

tests/providers.test.ts:
(pass) metadata is a snapshot and inspection never starts a factory [0.26ms]
(pass) metadata preflight sees hidden collisions before reading any getters [0.12ms]
(pass) metadata additions preserve symbol keys and snapshot accessors once [0.08ms]
(pass) runtime rejects copied and forged provider registrations [0.05ms]
(pass) inspection follows pending retries without retaining failed attempts or changing disposal [0.22ms]
(pass) module rename and fork keep metadata with the actual binding [0.18ms]
(pass) plain registrations expose empty metadata and frames, including creating snapshots [0.08ms]
(pass) metadata preserves synchronous ownership and borrowed cleanup methods [0.12ms]
(pass) adapter execution captures projected values and acquisition frames [0.12ms]

tests/scopes.test.ts:
(pass) children own fresh acquisitions while independent forks outlive their source [0.22ms]
(pass) parent close synchronously closes every descendant admission gate and waits for descendants [0.33ms]
(pass) pending child sources may acquire dependencies after parent close starts [0.20ms]
(pass) pending acquisition promises deduplicate only within one scope [0.11ms]
(pass) nested cleanup failures flatten by registration order despite reversed completion [0.35ms]
(pass) independently settled children detach on success and failure without replay [0.25ms]
(pass) parent close includes a child already closing until its failure settles [0.19ms]
(pass) unexpected child close rejection is retained after parent cleanup [0.17ms]
(pass) scope preserves native shadowed-then and raw Promise ownership in configured core [0.22ms]
(pass) child projection rollback finishes before a parent-owned finalizer [0.18ms]
(pass) scopes retain module-private identities and unchanged public binding metadata [0.21ms]
(pass) unchecked scope arguments reject before creating or acquiring a child [0.28ms]

tests/acquisition.test.ts:
(pass) a retry does not inherit the identity of a caught failed attempt [0.14ms]
(pass) a caught rejected attempt does not retarget its incoming edge to the retry [0.25ms]
(pass) shutdown preserves every cleanup cause and its acquisition identity [0.34ms]
(pass) cleanup diagnostics snapshot caller records without cloning the original cause [0.05ms]
(pass) a failed attempt cannot borrow its pending retry permission to acquire during close [0.17ms]
(pass) a completed factory cannot start late acquisitions while another factory drains [0.15ms]
(pass) a retained failed proxy follows live dependencies without traversing removed attempts [0.11ms]

tests/incremental-scale.test.ts:
14 |     const child = spawnSync('node', [
15 |       '--max-old-space-size=3072', '--disable-warning=MODULE_TYPELESS_PACKAGE_JSON', ...item.args,
16 |     ], { cwd: resolve(__dirname, '..'), encoding: 'utf8', timeout: 60_000, maxBuffer: 1024 * 1024 });
17 |     expect({ status: child.status, signal: child.signal, error: child.error?.message, stderr: child.stderr })
18 |       .toEqual({ status: 0, signal: null, error: undefined, stderr: '' });
19 |     expect(child.stdout.trim().length).toBeGreaterThan(0);
                                            ^
error: expect(received).toBeGreaterThan(expected)

Expected: > 0
Received: 0

      at <anonymous> (/tmp/di-bag-performance-integration/tests/incremental-scale.test.ts:19:40)
(fail) incremental compiler work: 100 named additions [1942.34ms]
14 |     const child = spawnSync('node', [
15 |       '--max-old-space-size=3072', '--disable-warning=MODULE_TYPELESS_PACKAGE_JSON', ...item.args,
16 |     ], { cwd: resolve(__dirname, '..'), encoding: 'utf8', timeout: 60_000, maxBuffer: 1024 * 1024 });
17 |     expect({ status: child.status, signal: child.signal, error: child.error?.message, stderr: child.stderr })
18 |       .toEqual({ status: 0, signal: null, error: undefined, stderr: '' });
19 |     expect(child.stdout.trim().length).toBeGreaterThan(0);
                                            ^
error: expect(received).toBeGreaterThan(expected)

Expected: > 0
Received: 0

      at <anonymous> (/tmp/di-bag-performance-integration/tests/incremental-scale.test.ts:19:40)
(fail) incremental compiler work: 100 named replacements [2287.12ms]
14 |     const child = spawnSync('node', [
15 |       '--max-old-space-size=3072', '--disable-warning=MODULE_TYPELESS_PACKAGE_JSON', ...item.args,
16 |     ], { cwd: resolve(__dirname, '..'), encoding: 'utf8', timeout: 60_000, maxBuffer: 1024 * 1024 });
17 |     expect({ status: child.status, signal: child.signal, error: child.error?.message, stderr: child.stderr })
18 |       .toEqual({ status: 0, signal: null, error: undefined, stderr: '' });
19 |     expect(child.stdout.trim().length).toBeGreaterThan(0);
                                            ^
error: expect(received).toBeGreaterThan(expected)

Expected: > 0
Received: 0

      at <anonymous> (/tmp/di-bag-performance-integration/tests/incremental-scale.test.ts:19:40)
(fail) incremental compiler work: 100 token bindings [2545.64ms]

tests/runtime-scale.test.ts:
(pass) closing a deep graph disposes every dependent before its dependency exactly once [100.16ms]
(pass) retiring an acquisition touches only its actual incoming consumers [1.22ms]
(pass) repeated reads of an existing edge do not traverse the downstream graph again [0.60ms]
(pass) late edges across a deep ready graph find cycles without overflowing the stack [14.47ms]
(pass) one module lexical map is snapshotted once while external mutations stay isolated [0.77ms]

tests/enterprise-integration.test.ts:
(pass) overlapping requests isolate private dependencies and release scopes before the shared root [1.07ms]
(pass) owned-scope fixture preserves handler and cleanup failures without closing twice [0.52ms]
(pass) test substitutions retain private module contracts and fresh transient instances [0.29ms]
(pass) a dynamically imported module starts private providers and unloads contributions exactly once [1.30ms]
(pass) owned-scope fixture preserves a thrown undefined value and cleanup-only failure [0.23ms]
(pass) owned-scope work result types follow explicit awaiting of structural thenables [0.09ms]
(pass) a fixture whose startup fails releases acquired resources without admitting work [0.25ms]

tests/binding-graph.test.ts:
(pass) private bindings with the same label have distinct memoized identities [0.47ms]
(pass) an owned private dependency closes after its public dependent [0.17ms]
(pass) private Promise-valued bindings preserve their original exposed identity [0.12ms]
(pass) graph snapshots preserve lexical private refs while forks use replaced public slots [0.26ms]
(pass) batch public bindings preserve ordered duplicates and retained private identities [0.17ms]
(pass) an empty public binding batch preserves immutable graph identity [0.01ms]
(pass) mutating graph input maps cannot change public lookup or binding descriptions [0.10ms]
(pass) cycles through private aliases discovered after await show binding labels [0.20ms]

tests/composition-adapters.test.ts:
(pass) class adapters construct lazily with private fields, inherited prototypes and new.target [0.26ms]
(pass) constructor validation invokes neither the constructor nor its prototype getter [0.15ms]
(pass) function adapters pass positional values exactly and support explicitly bound receivers [0.23ms]
(pass) optional and rest function and constructor arguments follow selected positions [0.23ms]
(pass) function adapters snapshot indexed tokens and ignore custom iterators [0.21ms]
(pass) function adapters reject invalid declaration inputs before user effects [0.22ms]
(pass) function acquisition failures retry and disposal is explicit [0.23ms]
(pass) class adapters snapshot indexed tokens and ignore custom iterators [0.10ms]
(pass) class adapters reject invalid declaration inputs before user effects [0.08ms]
(pass) class acquisition failures retry and disposal is explicit [0.13ms]
(pass) raw and native adapters retain Promise identity and select the disposal value [0.20ms]
(pass) raw class adapters preserve thenables and auto rejects them without assimilation [0.21ms]
(pass) automatic adapters require runtime classification before acquisition [0.08ms]
(pass) module token graphs and selected sharing keep ownership and parent dependencies [0.33ms]
(pass) strict root class adapters retain root dependencies through child overrides [0.16ms]
(pass) native class acquisition preserves constructed promises and disposes their fulfilled value [0.23ms]
(pass) rejected function acquisitions retry with the original Promise return [0.15ms]
(pass) constructor proxies retain their acquisition trap and original new.target [0.15ms]

tests/box-adapters.test.ts:
(pass) mixed factory, owned and provider registrations map and unbox every valid branch [0.79ms]
(pass) sas modes select capabilities, preserve receiver and cache once per acquisition [0.32ms]
(pass) sas sync preserves a raw promise while asynchronous routes return native promises [0.17ms]
(pass) sas callback throws preserve error identity and clean only the owned raw box [0.21ms]
(pass) val metadata captures presence and alias without owning payload, and separates outer ownership [0.27ms]
(pass) val presence distinguishes absence and present undefined and preserves empty aliases [0.21ms]
(pass) val copies snapshots once and retains nested frames through other transforms [0.18ms]
(pass) val frames exist as absent inside the source factory and remain snapshot-isolated while pending [0.18ms]
(pass) val absence and throwing snapshot/getters retire ownership with the original error [0.26ms]
(pass) unchecked val snapshots validate every structural field without inspecting payloads [0.42ms]
(pass) val preserves raw promise payloads synchronously and awaits only the explicit async boundary [0.20ms]
(pass) val propagates snapshot-field getter errors and never reads erased payload properties [0.26ms]
(pass) failed val unboxing abandons the caller edge while pending source ownership finishes [0.26ms]

tests/types.test.ts:
(pass) observers retain exact inferred cross-file contracts [1173.01ms]
(pass) plugins retain exact inferred cross-file contracts [774.29ms]
(pass) final adversarial integration retains exact inferred cross-file contracts [674.63ms]
(pass) contributions retain exact inferred cross-file contracts [854.29ms]
(pass) aliases retain exact inferred cross-file contracts [906.17ms]
(pass) dependency references retain exact inferred cross-file contracts [723.42ms]
(pass) composition adapters retain exact inferred cross-file contracts [589.28ms]
(pass) selected scopes retain exact inferred cross-file contracts [641.49ms]
(pass) startup and contextual providers retain exact inferred cross-file contracts [576.23ms]
(pass) lifetime declarations retain exact inferred cross-file contracts [705.97ms]
(pass) lifetimes inferred exports survive declaration consumption [1567.00ms]
(pass) composition-adapters inferred exports survive declaration consumption [1471.69ms]
(pass) dependency-references inferred exports survive declaration consumption [1461.32ms]
(pass) aliases inferred exports survive declaration consumption [1780.13ms]
(pass) contributions inferred exports survive declaration consumption [1758.13ms]
(pass) observers inferred exports survive declaration consumption [1415.87ms]
(pass) plugins inferred exports survive declaration consumption [1348.50ms]
(pass) final-adversarial-integration inferred exports survive declaration consumption [1350.15ms]
(pass) acquisition modes retain exact acquired values across inferred exports [632.82ms]
(pass) token modules preserve exact cross-file contracts [642.19ms]
(pass) public token composition preserves exact outputs and frames [693.09ms]
(pass) token contracts preserve exact identities and provider graphs [640.85ms]
(pass) replacement context preserves exact contracts from surviving consumers [719.08ms]
(pass) incremental checks preserve forward, replacement and frame contracts [660.24ms]
(pass) incremental projection candidates preserve replacement and resolved contracts [666.10ms]
(pass) incremental module installation preserves private, forward, and token contracts [582.35ms]
(pass) incremental module declarations retain exact results and token outputs [584.97ms]
(pass) builder views preserve exact accepted registration histories [587.50ms]
(pass) supported replacement wrappers and reflected methods stay exact and non-any [605.28ms]
(pass) replacement reflection preserves utility soundness and module history [596.72ms]
(pass) modern inline inference retains exact contracts [634.83ms]
(pass) box adapters preserve exact modes, requirements and frames [687.66ms]
(pass) typed provider metadata survives checked composition and inspection [698.90ms]
(pass) named modules preserve contracts across a file boundary [692.95ms]
(pass) valid composition preserves inferred values and explicit promise edges [607.80ms]
(pass) registration boundaries preserve selected keys and exact factory types [654.77ms]
(pass) scope preserves exact inferred contracts across a source boundary [586.79ms]
(pass) inline method-returning factories preserve exact types: add [599.39ms]
(pass) inline method-returning factories preserve exact types: fork [623.44ms]
(pass) inline method-returning factories preserve exact types: disposal [597.06ms]
(pass) type rejection: provider-boundaries.ts [678.77ms]
(pass) type rejection: acquisition-mode.ts [653.21ms]
(pass) type rejection: object-registrations.ts [592.71ms]
(pass) type rejection: fork-dependency-shape.ts [622.94ms]
(pass) type rejection: inline-wrong-shape.ts [621.61ms]
(pass) type rejection: observers.ts [581.23ms]
(pass) type rejection: wrong-shape.ts [553.89ms]
(pass) type rejection: tokens.ts [797.55ms]
(pass) type rejection: primitive-parameter.ts [583.95ms]
(pass) type rejection: union-replace.ts [617.73ms]
(pass) type rejection: replacement-wrong-shape.ts [575.45ms]
(pass) type rejection: missing.ts [579.52ms]
(pass) type rejection: module-private.ts [616.58ms]
(pass) type rejection: module-narrowing.ts [718.45ms]
(pass) type rejection: forward-wrong-shape.ts [574.65ms]
(pass) type rejection: fork-explicit-generics.ts [595.14ms]
(pass) type rejection: callable-parameter.ts [577.89ms]
(pass) type rejection: indexed-registrations.ts [586.71ms]
(pass) type rejection: incremental.ts [767.33ms]
(pass) type rejection: aliases.ts [1170.36ms]
(pass) type rejection: incremental-modules.ts [716.48ms]
(pass) type rejection: selected-scopes.ts [789.78ms]
(pass) type rejection: object-overrides.ts [580.80ms]
(pass) type rejection: token-modules.ts [603.84ms]
(pass) type rejection: provider-unions.ts [610.51ms]
(pass) type rejection: inline-replacement-wrong-shape.ts [553.28ms]
(pass) type rejection: prototype-registrations.ts [557.21ms]
(pass) type rejection: modern-inline.ts [574.40ms]
(pass) type rejection: fork-missing.ts [581.25ms]
(pass) type rejection: inline-fork-wrong-shape.ts [590.16ms]
(pass) type rejection: final-adversarial-integration.ts [609.35ms]
(pass) type rejection: module-rename.ts [613.30ms]
(pass) type rejection: token-contracts.ts [645.57ms]
(pass) type rejection: module-missing.ts [549.71ms]
(pass) type rejection: module-hidden-private-needs.ts [564.49ms]
(pass) type rejection: duplicate-add.ts [562.83ms]
(pass) type rejection: module-exports.ts [583.00ms]
(pass) type rejection: fork-selection.ts [674.25ms]
(pass) type rejection: inline-fork-missing.ts [580.46ms]
(pass) type rejection: optional-parameter.ts [563.81ms]
(pass) type rejection: plugins.ts [620.29ms]
(pass) type rejection: incremental-projections.ts [639.16ms]
(pass) type rejection: replacement-context.ts [707.07ms]
(pass) type rejection: module-wrong-shape.ts [607.63ms]
(pass) type rejection: spread-disposal.ts [580.14ms]
(pass) type rejection: symbol-dependency.ts [614.09ms]
(pass) type rejection: template-dependencies.ts [564.60ms]
(pass) type rejection: lifetimes.ts [1068.49ms]
(pass) type rejection: replacement-views.ts [682.14ms]
(pass) type rejection: boolean-registrations.ts [621.52ms]
(pass) type rejection: fork-wrong-shape.ts [613.26ms]
(pass) type rejection: replacement-reflection.ts [638.14ms]
(pass) type rejection: disposable-missing.ts [592.69ms]
(pass) type rejection: template-registrations.ts [578.28ms]
(pass) type rejection: required-this.ts [611.56ms]
(pass) type rejection: inline-fork-dependency-shape.ts [611.73ms]
(pass) type rejection: disposer-wrong-shape.ts [586.14ms]
(pass) type rejection: async-resolve.ts [577.98ms]
(pass) type rejection: box-adapters.ts [637.32ms]
(pass) type rejection: provider-projections.ts [655.18ms]
(pass) type rejection: composition-adapters.ts [701.45ms]
(pass) type rejection: inline-fork-extra.ts [571.74ms]
(pass) type rejection: async-dependency.ts [557.28ms]
(pass) type rejection: scopes.ts [633.79ms]
(pass) type rejection: disposer-promise.ts [591.89ms]
(pass) type rejection: inline-forward-wrong-shape.ts [631.69ms]
(pass) type rejection: union-parameter.ts [569.88ms]
(pass) type rejection: dependency-references.ts [847.46ms]
(pass) type rejection: startup.ts [696.11ms]
(pass) type rejection: invalid-registration.ts [601.38ms]
(pass) type rejection: provider-module-metadata.ts [633.96ms]
(pass) type rejection: fork-extra.ts [602.95ms]
(pass) type rejection: inline-missing.ts [573.27ms]
(pass) type rejection: builder-views.ts [646.45ms]
(pass) type rejection: contributions.ts [1062.66ms]

tests/plugins.test.ts:
(pass) plugin validation retains raw source ownership on success and failure [3.29ms]
(pass) plugin descriptor requires own protocol fields before factory effects [0.31ms]
(pass) plugin preflight validates dependencies and options before descriptor reads [0.35ms]
(pass) plugin descriptor preflight preserves accessor errors and ignores extra getters [0.30ms]
(pass) plugin snapshots dependencies, options and callbacks before later mutation [0.73ms]
(pass) plugin routes required optional lazy and all dependency references positionally [0.82ms]
(pass) raw plugin validation does not assimilate values or validator results [7.98ms]
(pass) native plugin validates fulfilled values, caches final output and releases source ownership [0.74ms]
(pass) native plugin rejection and output validation preserve causes and ownership [0.48ms]
(pass) native plugins require a genuine Promise source [0.28ms]
(pass) startup rollback releases an accepted plugin source once [1.11ms]
(pass) plugin callbacks use no receiver and preserve factory and validator failures [0.70ms]
(pass) plugin composition retains module privacy, aliases, contributions and selected sharing [1.21ms]
(pass) plugin observers retain the canonical acquisition and cleanup events [0.50ms]
(pass) native plugin readiness waits for source validation [0.35ms]
(pass) plugin close waits for accepted disposer cleanup exactly once [0.27ms]
(pass) plugin validation errors survive one failed retirement cleanup [0.62ms]
(pass) plugin observer lifecycle events identify its canonical acquisition [0.91ms]

tests/dependency-references.test.ts:
(pass) optional absence is distinct from a present undefined acquisition [0.94ms]
(pass) optional factory failures and native rejections propagate and retry [0.52ms]
(pass) lazy scoped dependencies defer construction and retain invocation ownership [0.44ms]
(pass) lazy root dependencies defer construction and retain invocation ownership [0.16ms]
(pass) lazy transient dependencies defer construction and retain invocation ownership [0.10ms]
(pass) all adapters snapshot mixed references by index and authenticate every handle [1.13ms]
(pass) lazy reads preserve lexical private tokens, export renames and external optional absence [0.48ms]
(pass) lazy closures use shared/root owner context and independent fork overrides [0.66ms]
(pass) raw and native references preserve Promise identity and disposal values [0.50ms]
(pass) optional synchronous and post-await cycles propagate [0.52ms]
(pass) lazy synchronous and post-await cycles propagate [0.26ms]
(pass) lazy closure shutdown admission belongs to the capturing source attempt [0.49ms]
(pass) observed reference reads retain strict root checks before routing [0.18ms]
(pass) lazy reads detect a cycle between already ready consumers [0.17ms]
(pass) a pending projection does not extend a lazy source shutdown admission [0.30ms]
(pass) root explicit capture and optional reads retain the root lexical context [0.38ms]

tests/token-scale.test.ts:
22 |       const child = spawnSync('node', [
23 |         '--disable-warning=MODULE_TYPELESS_PACKAGE_JSON', worker, form, scenario,
24 |       ], { encoding: 'utf8', timeout: 60_000, maxBuffer: 1024 * 1024 });
25 |       expect({ status: child.status, signal: child.signal, error: child.error?.message, stderr: child.stderr })
26 |         .toEqual({ status: 0, signal: null, error: undefined, stderr: '' });
27 |       const result = JSON.parse(child.stdout.toString()) as WorkerResult;
                               ^
SyntaxError: JSON Parse error: Unexpected EOF
      at <anonymous> (/tmp/di-bag-performance-integration/tests/token-scale.test.ts:27:27)
(fail) token scale: 100 bindings valid [2348.66ms]
22 |       const child = spawnSync('node', [
23 |         '--disable-warning=MODULE_TYPELESS_PACKAGE_JSON', worker, form, scenario,
24 |       ], { encoding: 'utf8', timeout: 60_000, maxBuffer: 1024 * 1024 });
25 |       expect({ status: child.status, signal: child.signal, error: child.error?.message, stderr: child.stderr })
26 |         .toEqual({ status: 0, signal: null, error: undefined, stderr: '' });
27 |       const result = JSON.parse(child.stdout.toString()) as WorkerResult;
                               ^
SyntaxError: JSON Parse error: Unexpected EOF
      at <anonymous> (/tmp/di-bag-performance-integration/tests/token-scale.test.ts:27:27)
(fail) token scale: 100 bindings missing-final-token [2353.51ms]
22 |       const child = spawnSync('node', [
23 |         '--disable-warning=MODULE_TYPELESS_PACKAGE_JSON', worker, form, scenario,
24 |       ], { encoding: 'utf8', timeout: 60_000, maxBuffer: 1024 * 1024 });
25 |       expect({ status: child.status, signal: child.signal, error: child.error?.message, stderr: child.stderr })
26 |         .toEqual({ status: 0, signal: null, error: undefined, stderr: '' });
27 |       const result = JSON.parse(child.stdout.toString()) as WorkerResult;
                               ^
SyntaxError: JSON Parse error: Unexpected EOF
      at <anonymous> (/tmp/di-bag-performance-integration/tests/token-scale.test.ts:27:27)
(fail) token scale: 100 bindings mismatched-invariant-service [2279.27ms]
22 |       const child = spawnSync('node', [
23 |         '--disable-warning=MODULE_TYPELESS_PACKAGE_JSON', worker, form, scenario,
24 |       ], { encoding: 'utf8', timeout: 60_000, maxBuffer: 1024 * 1024 });
25 |       expect({ status: child.status, signal: child.signal, error: child.error?.message, stderr: child.stderr })
26 |         .toEqual({ status: 0, signal: null, error: undefined, stderr: '' });
27 |       const result = JSON.parse(child.stdout.toString()) as WorkerResult;
                               ^
SyntaxError: JSON Parse error: Unexpected EOF
      at <anonymous> (/tmp/di-bag-performance-integration/tests/token-scale.test.ts:27:27)
(fail) token scale: 100 modules valid [2965.92ms]
22 |       const child = spawnSync('node', [
23 |         '--disable-warning=MODULE_TYPELESS_PACKAGE_JSON', worker, form, scenario,
24 |       ], { encoding: 'utf8', timeout: 60_000, maxBuffer: 1024 * 1024 });
25 |       expect({ status: child.status, signal: child.signal, error: child.error?.message, stderr: child.stderr })
26 |         .toEqual({ status: 0, signal: null, error: undefined, stderr: '' });
27 |       const result = JSON.parse(child.stdout.toString()) as WorkerResult;
                               ^
SyntaxError: JSON Parse error: Unexpected EOF
      at <anonymous> (/tmp/di-bag-performance-integration/tests/token-scale.test.ts:27:27)
(fail) token scale: 100 modules missing-final-token [3007.05ms]
22 |       const child = spawnSync('node', [
23 |         '--disable-warning=MODULE_TYPELESS_PACKAGE_JSON', worker, form, scenario,
24 |       ], { encoding: 'utf8', timeout: 60_000, maxBuffer: 1024 * 1024 });
25 |       expect({ status: child.status, signal: child.signal, error: child.error?.message, stderr: child.stderr })
26 |         .toEqual({ status: 0, signal: null, error: undefined, stderr: '' });
27 |       const result = JSON.parse(child.stdout.toString()) as WorkerResult;
                               ^
SyntaxError: JSON Parse error: Unexpected EOF
      at <anonymous> (/tmp/di-bag-performance-integration/tests/token-scale.test.ts:27:27)
(fail) token scale: 100 modules mismatched-invariant-service [2997.67ms]

tests/selected-scopes.test.ts:
(pass) selected sharing keeps parent dependencies while child overrides stay local [3.04ms]
(pass) mixed token selections retain exact borrowed pending values and override bindings [0.96ms]
(pass) scope snapshots selections and ignores unselected override getters and tuple iterators [0.86ms]
(pass) invalid selections reject before override values or provider effects [0.73ms]
(pass) empty selections are lazy and duplicates read each override once [0.57ms]
(pass) inherited strict roots keep their graph when a child overrides a dependency as scoped [0.39ms]

9 tests failed:
(fail) incremental compiler work: 100 named additions [1942.34ms]
(fail) incremental compiler work: 100 named replacements [2287.12ms]
(fail) incremental compiler work: 100 token bindings [2545.64ms]
(fail) token scale: 100 bindings valid [2348.66ms]
(fail) token scale: 100 bindings missing-final-token [2353.51ms]
(fail) token scale: 100 bindings mismatched-invariant-service [2279.27ms]
(fail) token scale: 100 modules valid [2965.92ms]
(fail) token scale: 100 modules missing-final-token [3007.05ms]
(fail) token scale: 100 modules mismatched-invariant-service [2997.67ms]

 484 pass
 9 fail
 2266 expect() calls
Ran 493 tests across 30 files. [104.94s]
