/tmp/di-bag-performance-integration/node_modules/@typescript/old/lib/typescript.js:81652
      return resolveUntypedCall(node);
             ^

RangeError: Maximum call stack size exceeded
    at resolveCallExpression (/tmp/di-bag-performance-integration/node_modules/@typescript/old/lib/typescript.js:81652:14)
    at resolveSignature (/tmp/di-bag-performance-integration/node_modules/@typescript/old/lib/typescript.js:82110:16)
    at getResolvedSignature (/tmp/di-bag-performance-integration/node_modules/@typescript/old/lib/typescript.js:82137:20)
    at checkCallExpression (/tmp/di-bag-performance-integration/node_modules/@typescript/old/lib/typescript.js:82245:23)
    at checkExpressionWorker (/tmp/di-bag-performance-integration/node_modules/@typescript/old/lib/typescript.js:85703:16)
    at checkExpression (/tmp/di-bag-performance-integration/node_modules/@typescript/old/lib/typescript.js:85601:32)
    at checkNonNullExpression (/tmp/di-bag-performance-integration/node_modules/@typescript/old/lib/typescript.js:79626:29)
    at checkPropertyAccessExpression (/tmp/di-bag-performance-integration/node_modules/@typescript/old/lib/typescript.js:79705:162)
    at checkExpressionWorker (/tmp/di-bag-performance-integration/node_modules/@typescript/old/lib/typescript.js:85692:16)
    at checkExpression (/tmp/di-bag-performance-integration/node_modules/@typescript/old/lib/typescript.js:85601:32)
    at resolveCallExpression (/tmp/di-bag-performance-integration/node_modules/@typescript/old/lib/typescript.js:81626:20)
    ... collapsed 9990 duplicate lines matching above 10 lines 999 times...
    at resolveSignature (/tmp/di-bag-performance-integration/node_modules/@typescript/old/lib/typescript.js:82110:16)
    at getResolvedSignature (/tmp/di-bag-performance-integration/node_modules/@typescript/old/lib/typescript.js:82137:20)
    at checkCallExpression (/tmp/di-bag-performance-integration/node_modules/@typescript/old/lib/typescript.js:82245:23)
    at checkExpressionWorker (/tmp/di-bag-performance-integration/node_modules/@typescript/old/lib/typescript.js:85703:16)
    at checkExpression (/tmp/di-bag-performance-integration/node_modules/@typescript/old/lib/typescript.js:85601:32)
    at checkNonNullExpression (/tmp/di-bag-performance-integration/node_modules/@typescript/old/lib/typescript.js:79626:29)
    at checkPropertyAccessExpression (/tmp/di-bag-performance-integration/node_modules/@typescript/old/lib/typescript.js:79705:162)
    at checkExpressionWorker (/tmp/di-bag-performance-integration/node_modules/@typescript/old/lib/typescript.js:85692:16)
    at checkExpression (/tmp/di-bag-performance-integration/node_modules/@typescript/old/lib/typescript.js:85601:32)
    at checkNonNullExpression (/tmp/di-bag-performance-integration/node_modules/@typescript/old/lib/typescript.js:79626:29)
    at getQuickTypeOfExpression (/tmp/di-bag-performance-integration/node_modules/@typescript/old/lib/typescript.js:85572:139)
    at checkDeclarationInitializer (/tmp/di-bag-performance-integration/node_modules/@typescript/old/lib/typescript.js:85247:18)
    at getTypeForVariableLikeDeclaration (/tmp/di-bag-performance-integration/node_modules/@typescript/old/lib/typescript.js:60739:66)
    at getWidenedTypeForVariableLikeDeclaration (/tmp/di-bag-performance-integration/node_modules/@typescript/old/lib/typescript.js:61188:48)
    at getTypeOfVariableOrParameterOrPropertyWorker (/tmp/di-bag-performance-integration/node_modules/@typescript/old/lib/typescript.js:61333:14)
    at getTypeOfVariableOrParameterOrProperty (/tmp/di-bag-performance-integration/node_modules/@typescript/old/lib/typescript.js:61269:20)
    at getTypeOfSymbol (/tmp/di-bag-performance-integration/node_modules/@typescript/old/lib/typescript.js:61595:14)
    at checkVariableLikeDeclaration (/tmp/di-bag-performance-integration/node_modules/@typescript/old/lib/typescript.js:88137:35)
    at checkVariableDeclaration (/tmp/di-bag-performance-integration/node_modules/@typescript/old/lib/typescript.js:88239:5)
    at checkSourceElementWorker (/tmp/di-bag-performance-integration/node_modules/@typescript/old/lib/typescript.js:91367:16)
    at checkSourceElement (/tmp/di-bag-performance-integration/node_modules/@typescript/old/lib/typescript.js:91187:7)
    at forEach (/tmp/di-bag-performance-integration/node_modules/@typescript/old/lib/typescript.js:2309:22)
    at checkVariableDeclarationList (/tmp/di-bag-performance-integration/node_modules/@typescript/old/lib/typescript.js:88251:5)
    at checkVariableStatement (/tmp/di-bag-performance-integration/node_modules/@typescript/old/lib/typescript.js:88255:5)
    at checkSourceElementWorker (/tmp/di-bag-performance-integration/node_modules/@typescript/old/lib/typescript.js:91336:16)
    at checkSourceElement (/tmp/di-bag-performance-integration/node_modules/@typescript/old/lib/typescript.js:91187:7)
    at forEach (/tmp/di-bag-performance-integration/node_modules/@typescript/old/lib/typescript.js:2309:22)
    at checkSourceFileWorker (/tmp/di-bag-performance-integration/node_modules/@typescript/old/lib/typescript.js:91657:7)
    at checkSourceFile (/tmp/di-bag-performance-integration/node_modules/@typescript/old/lib/typescript.js:91616:69)
    at checkSourceFileWithEagerDiagnostics (/tmp/di-bag-performance-integration/node_modules/@typescript/old/lib/typescript.js:91743:5)
    at getDiagnosticsWorker (/tmp/di-bag-performance-integration/node_modules/@typescript/old/lib/typescript.js:91751:7)
    at Object.getDiagnostics2 [as getDiagnostics] (/tmp/di-bag-performance-integration/node_modules/@typescript/old/lib/typescript.js:91728:14)
    at /tmp/di-bag-performance-integration/node_modules/@typescript/old/lib/typescript.js:128600:43
    at runWithCancellationToken (/tmp/di-bag-performance-integration/node_modules/@typescript/old/lib/typescript.js:128562:14)
    at getBindAndCheckDiagnosticsForFileNoCache (/tmp/di-bag-performance-integration/node_modules/@typescript/old/lib/typescript.js:128590:12)
    at getBindAndCheckDiagnosticsForFile (/tmp/di-bag-performance-integration/node_modules/@typescript/old/lib/typescript.js:128584:18)
    at getSemanticDiagnosticsForFile (/tmp/di-bag-performance-integration/node_modules/@typescript/old/lib/typescript.js:128572:33)
    at /tmp/di-bag-performance-integration/node_modules/@typescript/old/lib/typescript.js:128522:44
    at /tmp/di-bag-performance-integration/node_modules/@typescript/old/lib/typescript.js:128513:14
    at flatMap (/tmp/di-bag-performance-integration/node_modules/@typescript/old/lib/typescript.js:2540:17)
    at getDiagnosticsHelper (/tmp/di-bag-performance-integration/node_modules/@typescript/old/lib/typescript.js:128509:42)
    at Object.getSemanticDiagnostics (/tmp/di-bag-performance-integration/node_modules/@typescript/old/lib/typescript.js:128520:12)
    at Object.getPreEmitDiagnostics (/tmp/di-bag-performance-integration/node_modules/@typescript/old/lib/typescript.js:126967:47)
    at file:///tmp/di-bag-classic-depth-probe/classic-worker.mjs:15:22
    at ModuleJob.run (node:internal/modules/esm/module_job:561:25)
    at process.processTicksAndRejections (node:internal/process/task_queues:104:5)
    at async node:internal/modules/esm/loader:647:26
    at async asyncRunEntryPointWithESMLoader (node:internal/modules/run_main:101:5)

Node.js v24.20.0
