
tests/box-package.test.ts:
(pass) installed replacement module support compiles through the public archive [975.93ms]
(pass) real fixtures retain the verified archive hashes [8.05ms]
(pass) embedded CJS and ESM adversarial consumers use every public subpath without repository imports [7.54ms]
(pass) installed import graph tracing includes ESM side effects, exports, dynamic imports, and CJS requires [9.53ms]
(pass) packed core root runs in CJS and ESM under Node and Bun without boxes or Node runtime imports [149.57ms]
(pass) installed real box commonjs archive runs the full adversarial oracle in Node and Bun [109.68ms]
(pass) installed real boxes compose in Node commonjs and share cross-loader descriptors [53.48ms]
(pass) installed commonjs modern inline declarations survive emission and unchanged consumption [1456.61ms]
(pass) installed commonjs declaration contracts: final-adversarial-integration.ts [722.11ms]
(pass) installed commonjs declaration contracts: negative/final-adversarial-integration.ts [699.44ms]
(pass) installed commonjs declaration contracts: plugins.ts [680.85ms]
(pass) installed commonjs declaration contracts: negative/plugins.ts [658.16ms]
(pass) installed commonjs declaration contracts: observers.ts [653.50ms]
(pass) installed commonjs declaration contracts: negative/observers.ts [624.46ms]
(pass) installed commonjs declaration contracts: contributions.ts [830.71ms]
(pass) installed commonjs declaration contracts: negative/contributions.ts [1031.49ms]
(pass) installed commonjs declaration contracts: aliases.ts [847.23ms]
(pass) installed commonjs declaration contracts: negative/aliases.ts [966.98ms]
(pass) installed commonjs declaration contracts: dependency-references.ts [694.78ms]
(pass) installed commonjs declaration contracts: negative/dependency-references.ts [855.44ms]
(pass) installed commonjs declaration contracts: composition-adapters.ts [635.16ms]
(pass) installed commonjs declaration contracts: negative/composition-adapters.ts [640.22ms]
(pass) installed commonjs declaration contracts: selected-scopes.ts [677.85ms]
(pass) installed commonjs declaration contracts: negative/selected-scopes.ts [806.31ms]
(pass) installed commonjs declaration contracts: startup.ts [662.93ms]
(pass) installed commonjs declaration contracts: negative/startup.ts [689.79ms]
(pass) installed commonjs declaration contracts: acquisition-mode.ts [635.81ms]
(pass) installed commonjs declaration contracts: negative/acquisition-mode.ts [616.42ms]
(pass) installed commonjs declaration contracts: scopes.ts [609.21ms]
(pass) installed commonjs declaration contracts: negative/scopes.ts [651.24ms]
(pass) installed commonjs declaration contracts: lifetimes.ts [725.58ms]
(pass) installed commonjs declaration contracts: negative/lifetimes.ts [927.49ms]
(pass) installed commonjs declaration contracts: tokens.ts [672.56ms]
(pass) installed commonjs declaration contracts: negative/tokens.ts [791.91ms]
(pass) installed commonjs declaration contracts: negative/token-modules.ts [836.60ms]
(pass) installed commonjs declaration contracts: token-contracts.ts [618.60ms]
(pass) installed commonjs declaration contracts: negative/token-contracts.ts [656.47ms]
(pass) installed commonjs declaration contracts: box-adapters.ts [660.20ms]
(pass) installed commonjs declaration contracts: negative/box-adapters.ts [622.90ms]
(pass) installed commonjs declaration contracts: negative/provider-unions.ts [631.09ms]
(pass) installed commonjs declaration contracts: incremental.ts [826.65ms]
(pass) installed commonjs declaration contracts: negative/incremental.ts [694.96ms]
(pass) installed commonjs declaration contracts: incremental-modules.ts [616.74ms]
(pass) installed commonjs declaration contracts: negative/incremental-modules.ts [617.94ms]
(pass) installed commonjs declaration contracts: builder-views.ts [619.47ms]
(pass) installed commonjs declaration contracts: negative/builder-views.ts [706.80ms]
(pass) installed commonjs declaration contracts: modern-inline.ts [606.28ms]
(pass) installed commonjs declaration contracts: negative/modern-inline.ts [611.62ms]
(pass) installed commonjs declaration contracts: real [628.95ms]
(pass) installed commonjs declaration contracts: replacement-supported.ts [700.88ms]
(pass) installed commonjs declaration contracts: negative/replacement-views.ts [689.71ms]
(pass) installed commonjs declaration contracts: replacement-context.ts [893.92ms]
(pass) installed commonjs declaration contracts: replacement-reflection.ts [827.97ms]
(pass) installed commonjs declaration contracts: negative/replacement-reflection.ts [671.94ms]
(pass) installed commonjs declaration contracts: negative/inline-replacement-wrong-shape.ts [589.44ms]
(pass) installed commonjs declaration contracts: negative/module-hidden-private-needs.ts [594.06ms]
(pass) installed commonjs declaration contracts: negative/module-narrowing.ts [773.18ms]
(pass) installed commonjs declaration contracts: negative/module-rename.ts [623.65ms]
(pass) installed commonjs declaration contracts: negative/provider-boundaries.ts [667.78ms]
(pass) installed commonjs declaration contracts: negative/replacement-context.ts [697.80ms]
(pass) installed commonjs declaration contracts: negative/replacement-wrong-shape.ts [581.95ms]
(pass) installed commonjs declaration contracts: negative/required-this.ts [622.88ms]
(pass) installed commonjs declaration contracts: negative/union-replace.ts [595.95ms]
(pass) installed real box module archive runs the full adversarial oracle in Node and Bun [125.04ms]
(pass) installed real boxes compose in Node module and share cross-loader descriptors [62.15ms]
(pass) installed module modern inline declarations survive emission and unchanged consumption [1200.18ms]
(pass) installed module declaration contracts: final-adversarial-integration.ts [619.12ms]
(pass) installed module declaration contracts: negative/final-adversarial-integration.ts [588.66ms]
(pass) installed module declaration contracts: plugins.ts [584.69ms]
(pass) installed module declaration contracts: negative/plugins.ts [585.62ms]
(pass) installed module declaration contracts: observers.ts [592.75ms]
(pass) installed module declaration contracts: negative/observers.ts [571.09ms]
(pass) installed module declaration contracts: contributions.ts [764.93ms]
(pass) installed module declaration contracts: negative/contributions.ts [947.78ms]
(pass) installed module declaration contracts: aliases.ts [781.29ms]
(pass) installed module declaration contracts: negative/aliases.ts [921.85ms]
(pass) installed module declaration contracts: dependency-references.ts [656.62ms]
(pass) installed module declaration contracts: negative/dependency-references.ts [801.79ms]
(pass) installed module declaration contracts: composition-adapters.ts [602.23ms]
(pass) installed module declaration contracts: negative/composition-adapters.ts [614.99ms]
(pass) installed module declaration contracts: selected-scopes.ts [652.40ms]
(pass) installed module declaration contracts: negative/selected-scopes.ts [786.52ms]
(pass) installed module declaration contracts: startup.ts [633.27ms]
(pass) installed module declaration contracts: negative/startup.ts [634.93ms]
(pass) installed module declaration contracts: acquisition-mode.ts [591.05ms]
(pass) installed module declaration contracts: negative/acquisition-mode.ts [585.04ms]
(pass) installed module declaration contracts: scopes.ts [596.57ms]
(pass) installed module declaration contracts: negative/scopes.ts [635.15ms]
(pass) installed module declaration contracts: lifetimes.ts [713.80ms]
(pass) installed module declaration contracts: negative/lifetimes.ts [910.55ms]
(pass) installed module declaration contracts: tokens.ts [639.47ms]
(pass) installed module declaration contracts: negative/tokens.ts [749.24ms]
(pass) installed module declaration contracts: negative/token-modules.ts [618.68ms]
(pass) installed module declaration contracts: token-contracts.ts [596.95ms]
(pass) installed module declaration contracts: negative/token-contracts.ts [631.22ms]
(pass) installed module declaration contracts: box-adapters.ts [679.60ms]
(pass) installed module declaration contracts: negative/box-adapters.ts [617.86ms]
(pass) installed module declaration contracts: negative/provider-unions.ts [602.15ms]
(pass) installed module declaration contracts: incremental.ts [612.30ms]
(pass) installed module declaration contracts: negative/incremental.ts [665.23ms]
(pass) installed module declaration contracts: incremental-modules.ts [591.09ms]
(pass) installed module declaration contracts: negative/incremental-modules.ts [588.50ms]
(pass) installed module declaration contracts: builder-views.ts [723.61ms]
(pass) installed module declaration contracts: negative/builder-views.ts [664.21ms]
(pass) installed module declaration contracts: modern-inline.ts [579.84ms]
(pass) installed module declaration contracts: negative/modern-inline.ts [586.89ms]
(pass) installed module declaration contracts: real [612.16ms]
(pass) installed module declaration contracts: replacement-supported.ts [672.96ms]
(pass) installed module declaration contracts: negative/replacement-views.ts [627.20ms]
(pass) installed module declaration contracts: replacement-context.ts [654.77ms]
(pass) installed module declaration contracts: replacement-reflection.ts [660.96ms]
(pass) installed module declaration contracts: negative/replacement-reflection.ts [653.62ms]
(pass) installed module declaration contracts: negative/inline-replacement-wrong-shape.ts [584.27ms]
(pass) installed module declaration contracts: negative/module-hidden-private-needs.ts [609.76ms]
(pass) installed module declaration contracts: negative/module-narrowing.ts [782.21ms]
(pass) installed module declaration contracts: negative/module-rename.ts [594.88ms]
(pass) installed module declaration contracts: negative/provider-boundaries.ts [634.78ms]
(pass) installed module declaration contracts: negative/replacement-context.ts [670.24ms]
(pass) installed module declaration contracts: negative/replacement-wrong-shape.ts [567.44ms]
(pass) installed module declaration contracts: negative/required-this.ts [581.90ms]
(pass) installed module declaration contracts: negative/union-replace.ts [571.50ms]

tests/package.test.ts:
(pass) feature library inferred token exports survive declaration emission [1174.26ms]
(pass) classic installed commonjs archive returns the full adversarial oracle [59.14ms]
(pass) Node commonjs consumers can resolve and dispose through the public package [84.41ms]
(pass) Node commonjs observes local and foreign native subclass state directly [53.45ms]
(pass) TypeScript commonjs consumers can use the emitted declarations [754.88ms]
(pass) TypeScript commonjs emitted provider contracts: plugins.ts [598.22ms]
(pass) TypeScript commonjs emitted provider contracts: negative/plugins.ts [635.54ms]
(pass) TypeScript commonjs emitted provider contracts: observers.ts [583.53ms]
(pass) TypeScript commonjs emitted provider contracts: negative/observers.ts [562.47ms]
(pass) TypeScript commonjs emitted provider contracts: contributions.ts [777.88ms]
(pass) TypeScript commonjs emitted provider contracts: negative/contributions.ts [922.16ms]
(pass) TypeScript commonjs emitted provider contracts: aliases.ts [808.84ms]
(pass) TypeScript commonjs emitted provider contracts: negative/aliases.ts [964.71ms]
(pass) TypeScript commonjs emitted provider contracts: dependency-references.ts [638.84ms]
(pass) TypeScript commonjs emitted provider contracts: negative/dependency-references.ts [787.10ms]
(pass) TypeScript commonjs emitted provider contracts: composition-adapters.ts [599.62ms]
(pass) TypeScript commonjs emitted provider contracts: negative/composition-adapters.ts [600.61ms]
(pass) TypeScript commonjs emitted provider contracts: selected-scopes.ts [653.35ms]
(pass) TypeScript commonjs emitted provider contracts: negative/selected-scopes.ts [798.59ms]
(pass) TypeScript commonjs emitted provider contracts: acquisition-mode.ts [573.36ms]
(pass) TypeScript commonjs emitted provider contracts: negative/acquisition-mode.ts [574.51ms]
(pass) TypeScript commonjs emitted provider contracts: scopes.ts [595.82ms]
(pass) TypeScript commonjs emitted provider contracts: negative/scopes.ts [618.38ms]
(pass) TypeScript commonjs emitted provider contracts: lifetimes.ts [713.76ms]
(pass) TypeScript commonjs emitted provider contracts: negative/lifetimes.ts [915.70ms]
(pass) TypeScript commonjs emitted provider contracts: tokens.ts [664.84ms]
(pass) TypeScript commonjs emitted provider contracts: negative/tokens.ts [768.75ms]
(pass) TypeScript commonjs emitted provider contracts: negative/token-modules.ts [628.10ms]
(pass) TypeScript commonjs emitted provider contracts: token-contracts.ts [615.07ms]
(pass) TypeScript commonjs emitted provider contracts: negative/token-contracts.ts [610.40ms]
(pass) TypeScript commonjs emitted provider contracts: providers.ts [675.13ms]
(pass) TypeScript commonjs emitted provider contracts: replacement-context.ts [662.32ms]
(pass) TypeScript commonjs emitted provider contracts: negative/replacement-context.ts [670.05ms]
(pass) TypeScript commonjs emitted provider contracts: negative/provider-boundaries.ts [615.28ms]
(pass) TypeScript commonjs emitted provider contracts: negative/provider-module-metadata.ts [591.15ms]
(pass) TypeScript commonjs emitted provider contracts: negative/provider-projections.ts [616.51ms]
(pass) classic installed module archive returns the full adversarial oracle [76.52ms]
(pass) Node module consumers can resolve and dispose through the public package [90.71ms]
(pass) Node module observes local and foreign native subclass state directly [36.05ms]
(pass) TypeScript module consumers can use the emitted declarations [736.37ms]
(pass) TypeScript module emitted provider contracts: plugins.ts [578.69ms]
(pass) TypeScript module emitted provider contracts: negative/plugins.ts [585.29ms]
(pass) TypeScript module emitted provider contracts: observers.ts [579.41ms]
(pass) TypeScript module emitted provider contracts: negative/observers.ts [541.95ms]
(pass) TypeScript module emitted provider contracts: contributions.ts [728.62ms]
(pass) TypeScript module emitted provider contracts: negative/contributions.ts [950.58ms]
(pass) TypeScript module emitted provider contracts: aliases.ts [799.24ms]
(pass) TypeScript module emitted provider contracts: negative/aliases.ts [870.61ms]
(pass) TypeScript module emitted provider contracts: dependency-references.ts [632.71ms]
(pass) TypeScript module emitted provider contracts: negative/dependency-references.ts [753.70ms]
(pass) TypeScript module emitted provider contracts: composition-adapters.ts [585.92ms]
(pass) TypeScript module emitted provider contracts: negative/composition-adapters.ts [588.92ms]
(pass) TypeScript module emitted provider contracts: selected-scopes.ts [636.34ms]
(pass) TypeScript module emitted provider contracts: negative/selected-scopes.ts [763.55ms]
(pass) TypeScript module emitted provider contracts: acquisition-mode.ts [580.25ms]
(pass) TypeScript module emitted provider contracts: negative/acquisition-mode.ts [561.98ms]
(pass) TypeScript module emitted provider contracts: scopes.ts [572.98ms]
(pass) TypeScript module emitted provider contracts: negative/scopes.ts [627.30ms]
(pass) TypeScript module emitted provider contracts: lifetimes.ts [692.11ms]
(pass) TypeScript module emitted provider contracts: negative/lifetimes.ts [902.40ms]
(pass) TypeScript module emitted provider contracts: tokens.ts [627.56ms]
(pass) TypeScript module emitted provider contracts: negative/tokens.ts [758.24ms]
(pass) TypeScript module emitted provider contracts: negative/token-modules.ts [611.41ms]
(pass) TypeScript module emitted provider contracts: token-contracts.ts [598.76ms]
(pass) TypeScript module emitted provider contracts: negative/token-contracts.ts [619.75ms]
(pass) TypeScript module emitted provider contracts: providers.ts [687.48ms]
(pass) TypeScript module emitted provider contracts: replacement-context.ts [640.57ms]
(pass) TypeScript module emitted provider contracts: negative/replacement-context.ts [651.36ms]
(pass) TypeScript module emitted provider contracts: negative/provider-boundaries.ts [620.76ms]
(pass) TypeScript module emitted provider contracts: negative/provider-module-metadata.ts [596.97ms]
(pass) TypeScript module emitted provider contracts: negative/provider-projections.ts [616.82ms]
(pass) unchecked Bag construction is rejected through di-bag [516.80ms]
(pass) unchecked Bag construction is rejected through ../src/di-bag [838.16ms]
(pass) unchecked Module construction is rejected through di-bag [569.75ms]
(pass) unchecked Module construction is rejected through ../src/module [818.18ms]
(pass) unchecked Provider construction is rejected through di-bag [575.85ms]
(pass) unchecked Provider construction is rejected through ../src/provider [487.30ms]
(pass) unchecked Token construction is rejected through di-bag [574.49ms]
(pass) unchecked Token construction is rejected through ../src/tokens [486.50ms]

tests/native-package.test.ts:
(pass) native installed contracts and physical downstream declarations from classic6 [53264.33ms]
(pass) native installed contracts and physical downstream declarations from native7 [41704.60ms]

tests/token-package.test.ts:
(pass) installed node cjs facade shares core tokens, modes and adapters [34.38ms]
(pass) installed node mjs facade shares core tokens, modes and adapters [37.61ms]
(pass) installed bun cjs facade shares core tokens, modes and adapters [29.67ms]
(pass) installed bun mjs facade shares core tokens, modes and adapters [20.64ms]
(pass) installed token composition crosses Node commonjs and the other loader [48.12ms]
(pass) installed commonjs token-modules declaration survives emission and unchanged consumption [1253.98ms]
(pass) installed commonjs incremental-modules declaration survives emission and unchanged consumption [1184.37ms]
(pass) installed commonjs replacement-reflection declaration survives emission and unchanged consumption [1244.09ms]
(pass) installed token composition crosses Node module and the other loader [43.19ms]
(pass) installed module token-modules declaration survives emission and unchanged consumption [1153.84ms]
(pass) installed module incremental-modules declaration survives emission and unchanged consumption [1136.56ms]
(pass) installed module replacement-reflection declaration survives emission and unchanged consumption [1234.16ms]

tests/lifetime-declarations.test.ts:
(pass) lifetime replacement preserves the source and owned stages [2.00ms]
(pass) invalid lifetime declarations fail before evaluating factories or option getters [0.20ms]
(pass) options are read once and snapshotted, and replacement clears capture [0.09ms]
(pass) all provider transformations retain the immutable policy [0.50ms]

 218 pass
 0 fail
 2179 expect() calls
Ran 218 tests across 5 files. [235.56s]
