
tests/type-scale.test.ts:
(pass) type scale: 100 bulk providers preserve consumer types [1007.89ms]
(pass) type scale: 100 chained providers preserve consumer types [1373.44ms]
(pass) type scale: 100 replacement providers preserve consumer types [1442.37ms]
(pass) type scale: 1000 grouped providers preserve consumer types [3233.47ms]
(pass) type scale: bulk rejects missing at the graph boundary [606.55ms]
(pass) type scale: bulk rejects wrong-shape at the graph boundary [566.91ms]
(pass) type scale: chained rejects missing at the graph boundary [1219.97ms]
(pass) type scale: chained rejects wrong-shape at the graph boundary [1130.32ms]
(pass) type scale: grouped rejects missing at the graph boundary [3274.61ms]
(pass) type scale: grouped rejects wrong-shape at the graph boundary [3466.95ms]
(pass) type scale: replacement rejects missing at the graph boundary [1508.71ms]
(pass) type scale: replacement rejects wrong-shape at the graph boundary [1465.32ms]
(pass) type scale: 1000 providers from reusable named modules: valid [16267.64ms]
(pass) type scale: 1000 providers from reusable named modules: missing [16550.53ms]
(pass) type scale: 1000 providers from reusable named modules: wrong-shape [16405.28ms]

tests/incremental-scale.test.ts:
(pass) incremental compiler work: 100 named additions [1750.15ms]
(pass) incremental compiler work: 100 named replacements [1813.11ms]
(pass) incremental compiler work: 100 token bindings [2137.81ms]

tests/token-scale.test.ts:
(pass) token scale: 100 bindings valid [2157.96ms]
(pass) token scale: 100 bindings missing-final-token [2126.96ms]
(pass) token scale: 100 bindings mismatched-invariant-service [2148.09ms]
(pass) token scale: 100 modules valid [2743.63ms]
(pass) token scale: 100 modules missing-final-token [2749.87ms]
(pass) token scale: 100 modules mismatched-invariant-service [2737.27ms]

 24 pass
 0 fail
 111 expect() calls
Ran 24 tests across 3 files. [90.04s]
