✔ discarded raw transient arrays are collectible after resolve (6.765354ms)
✔ discarded raw transient arrays are collectible after alias (2.871811ms)
✔ discarded raw transient arrays are collectible after dependency (2.895199ms)
✔ discarded raw transient arrays are collectible after collection (2.539693ms)
✔ discarded raw transient arrays are collectible after startup (4.703286ms)
✔ discarded native transient promises and source arrays are collectible (3.173465ms)
✔ discarded native transient promises and mapped arrays are collectible (3.171405ms)
✔ borrowed mapped payloads are collectible while independent inspection frames survive (3.94008ms)
✔ transient owned source and mapped identities survive GC until reverse stage cleanup (4.8616ms)
✔ closing releases compacted frame payloads even when a dependency proxy is retained (5.837518ms)
✔ a ready borrowed projection drops its payload while pending source ownership and close admission survive (3.197782ms)
✔ current graph releases replaced factories, payloads, IDs and warmed ancestor wrappers (3.207796ms)
✔ contribution append and installation release earlier cached arrays and graph wrappers (3.870209ms)
✔ a private lexical reference intentionally retains an overridden factory (2.461973ms)
✔ symbol lookup remains functional on hosts that reject weak symbol keys (2.615414ms)
✔ removing the last lexical consumer releases displaced private targets and snapshots (2.306114ms)
✔ Node disposes a deep ready graph in dependency order and only once (197.825495ms)
✔ Node admits a late acyclic edge and rejects a late cycle across a deep graph (160.363039ms)
✔ Node cold-resolves 1,000 raw named factories exactly once without increasing its stack (58.138834ms)
✔ Node cold-resolves 1,000 auto named factories exactly once without increasing its stack (60.723094ms)
✔ raw fast acquisition preserves unobserved thenable and promise identity and factory receiver (5.40956ms)
✔ raw scoped public reentrant creating cycles invoke the factory once (0.370145ms)
✔ raw transient public reentrant creating cycles invoke the factory once (0.24099ms)
✔ native transient ancestry rejects after-await cycles with the original label order (0.414669ms)
✔ ready borrowed transient proxies keep late cycle and root capture checks (0.731614ms)
✔ failed direct raw sources cannot use retained proxies during close (0.271182ms)
✔ failed direct auto sources cannot use retained proxies during close (0.133082ms)
ℹ tests 27
ℹ suites 0
ℹ pass 27
ℹ fail 0
ℹ cancelled 0
ℹ skipped 0
ℹ todo 0
ℹ duration_ms 563.665687
