
tests/observers.test.ts:
(pass) observers preserve raw identity and explicit ownership [3.42ms]
(pass) ready follows the final native stage while retaining exposed identity [0.49ms]
(pass) observer failure monitoring handles throws, rejection and throwing then without gating shutdown [0.41ms]
(pass) configuration snapshots callbacks, appends in order and retains classification [0.52ms]
(pass) reentrant observer resolution runs outside factory ancestry and respects published close [0.25ms]
(pass) canonical owners distinguish shared roots, independent forks, contributions and transients [1.37ms]
(pass) failed final projections retire accepted ownership once and preserve cleanup errors [0.75ms]
(pass) intermediate native failure bypassed by raw projection is not final failure [0.21ms]
(pass) private module frames are immutable snapshots without freezing application metadata [1.21ms]
(pass) startup rollback observes accepted cleanup while preserving the startup cause [0.94ms]
(pass) cancellation observes late accepted resources and final failure without awaiting telemetry [0.67ms]
(pass) throwing-then error sink results are consumed and appending duplicates keeps every callback [0.15ms]
(pass) delivery keeps emission order across immutable appended facade configurations [0.21ms]

tests/acquisition-mode.test.ts:
(pass) close waits for a native acquisition with shadowed then at source [0.31ms]
(pass) close waits for a native acquisition with shadowed then at projection [0.13ms]
(pass) close waits for a native acquisition with shadowed then at val-box [0.10ms]
(pass) unconfigured core preflights every stage and private module before any factory effects [0.29ms]
(pass) facades snapshot and isolate their predicate, carrying it through builders and forks [0.63ms]
(pass) invalid configuration, modes and classifier results fail explicitly [0.24ms]
(pass) automatic ordinary values preserve the then-presence guard [0.13ms]
(pass) raw Promise and then-getter values retain exact ownership without observation or waiting [0.24ms]
(pass) explicit native and async projections work without a classifier and preserve previous owners [0.36ms]
(pass) auto observes local native state with non-callable then [0.19ms]
(pass) native observes local native state with non-callable then [0.10ms]
(pass) auto observes foreign native state with non-callable then [0.44ms]
(pass) native observes foreign native state with non-callable then [0.28ms]
(pass) presence frames default to raw while required frames and sync capabilities select output mode [0.36ms]
(pass) async adapters retain their native output contract without reading hidden acquisition options [0.29ms]
(pass) val-box options preserve invalid value rejection and require a selection when supplied [0.06ms]

tests/release-artifacts.test.ts:
(pass) release documentation contract > adversarial release gates are four separately supervised file commands [0.37ms]
(pass) release documentation contract > release documents match the frozen package and gate every online command [0.26ms]
(pass) release documentation contract > the publication boundary rejects stale, missing, duplicated, and misplaced commands [0.37ms]
(pass) release documentation contract > public docs state entry-point, adapter, acquisition, ownership, and release limits [0.54ms]
(pass) release artifact scripts > reject unsafe and unsupported manifest arguments [0.16ms]
(pass) release artifact scripts > expose guarded parsers and archive inspection [0.02ms]
(pass) archive verifier TDD boundary > exports a read-only verifier and strict CLI parser
(pass) safe npm archive parser > returns sorted regular entries and exact package metadata bytes [3.53ms]
(pass) safe npm archive parser > rejects absolute name [0.40ms]
(pass) safe npm archive parser > rejects traversal [0.43ms]
(pass) safe npm archive parser > rejects backslash [0.28ms]
(pass) safe npm archive parser > rejects outside package [0.26ms]
(pass) safe npm archive parser > rejects duplicate [0.43ms]
(pass) safe npm archive parser > rejects prefix collision [0.63ms]
(pass) safe npm archive parser > rejects symlink [0.27ms]
(pass) safe npm archive parser > rejects hardlink [0.27ms]
(pass) safe npm archive parser > rejects fifo [0.27ms]
(pass) safe npm archive parser > rejects device [0.26ms]
(pass) safe npm archive parser > rejects unknown type [0.23ms]
(pass) safe npm archive parser > rejects NUL ambiguity [0.31ms]
(pass) safe npm archive parser > rejects entry size ceiling [0.28ms]
(pass) safe npm archive parser > rejects checksum [0.25ms]
(pass) safe npm archive parser > rejects magic [0.22ms]
(pass) safe npm archive parser > rejects numeric NUL suffix [0.25ms]
(pass) safe npm archive parser > rejects nonzero padding [0.41ms]
(pass) safe npm archive parser > rejects terminator [0.31ms]
(pass) safe npm archive parser > rejects trailing junk [0.27ms]
(pass) safe npm archive parser > rejects truncated entry [0.23ms]
(pass) safe npm archive parser > rejects missing metadata [0.23ms]
(pass) safe npm archive parser > rejects invalid and empty gzip bytes [0.86ms]
(pass) command evidence runner > parses canonical sorted inputs and preserves argv spaces [0.56ms]
(pass) command evidence runner > rejects unsafe argv: bash -c echo hi [0.03ms]
(pass) command evidence runner > rejects unsafe argv: npm view di-bag [0.02ms]
(pass) command evidence runner > rejects unsafe argv: npm login
(pass) command evidence runner > rejects unsafe argv: npm publish a.tgz
(pass) command evidence runner > rejects unsafe argv: npm dist-tag add
(pass) command evidence runner > rejects unsafe argv: git push
(pass) command evidence runner > rejects unsafe argv: git tag v1
(pass) command evidence runner > rejects unsafe argv: node --registry x
(pass) command evidence runner > rejects unsafe argv: node https://registry.npmjs.org
(pass) command evidence runner > rejects unsafe argv: node &&
(pass) command evidence runner > rejects unsafe argv: node -e thing
(pass) command evidence runner > rejects unsafe argv: env npm publish x.tgz
(pass) command evidence runner > rejects unsafe argv: env git push
(pass) command evidence runner > rejects unsafe argv: npx npm view di-bag
(pass) command evidence runner > rejects unsafe argv: bunx tool
(pass) command evidence runner > rejects unsafe argv: corepack npm login
(pass) command evidence runner > rejects relative, escaping, symlinked, duplicate, and unsupported arguments [0.10ms]
(pass) command evidence runner > records stdout, stderr, input hashes, normalized success and record-last evidence [10.01ms]
(pass) command evidence runner > rejects timeout, output overflow, nonzero status, and spawn failure without publishing a record [54.88ms]
(pass) command evidence runner > rejects injected memory, monitor, signal and spawn outcomes [0.95ms]
(pass) command evidence runner > failed reruns and thrown supervisors erase stale success evidence [36.51ms]
(pass) command evidence runner > hashes inputs before execution and rolls back orphan logs if record publication fails [32.12ms]
(pass) native gap inventory > freezes the exact current zero-gap source authority [1.11ms]
(pass) native gap inventory > accepts empty and reviewed fresh inventory while an empty authority rejects a new gap [0.85ms]
(pass) native gap inventory > parses the documented relative reviewed root and exact absolute outputs [1.04ms]
(pass) release tree hashing > hashes sorted regular paths deterministically [0.42ms]
(pass) release tree hashing > rejects empty, symlink, special and unsafe argument layouts [1.97ms]
(pass) release tree hashing > detects byte mutations through changed digest [0.14ms]
(pass) manifest validation and deterministic projection > manifest fixtures leave root candidate archive existence and bytes unchanged [1.98ms]
(pass) manifest validation and deterministic projection > derives immutable archive facts and is deterministic across caller ordering [7.44ms]
(pass) manifest validation and deterministic projection > public evidence has no absolute paths and is invariant to final commit and approved observed diff [6.82ms]
(pass) manifest validation and deterministic projection > allows canonical SHA-512 SRI only in package integrity fields [4.18ms]
(pass) manifest validation and deterministic projection > rejects duplicate/missing packages, bad versions, metadata, pack facts and handoff paths [20.20ms]
(pass) manifest validation and deterministic projection > accepts zero reviewed and fresh native gaps and rejects every unexpected fresh occurrence [6.29ms]
(pass) manifest validation and deterministic projection > retains nonempty-authority manifest validation for historical candidates [4.35ms]
(pass) manifest validation and deterministic projection > rejects failed, malformed-time, duplicate-input and mutated-log command evidence [11.70ms]
(pass) manifest validation and deterministic projection > rejects archive containment, symlink escape, absence and replacement facts [1.69ms]
(pass) manifest validation and deterministic projection > manifest CLI rejects every non-fixed public target form [0.23ms]
(pass) manifest validation and deterministic projection > public projection rejects absolute argv and input paths outside known roots [12.18ms]
(pass) archive verifier > independently accepts exact archive, pack, metadata, export, dependency, and public facts [24.58ms]
(pass) archive verifier > rejects every archive digest and file-list mismatch [117.70ms]
(pass) archive verifier > rejects altered, duplicate, stale, divergent, extra-field, and filename pack JSON [161.44ms]
(pass) archive verifier > enforces exact DI and box package metadata, exports, entry counts, and empty dependencies [485.97ms]
(pass) archive verifier > rejects malformed dependency, files, and bundled dependency metadata shapes [226.06ms]
(pass) archive verifier > rejects forbidden source, test, fixture, dependency, credential, and tarball content [572.54ms]
(pass) archive verifier > rejects missing DI export pairs and extra box entries from archive bytes [140.16ms]
(pass) archive verifier > requires byte-identical stable public evidence and rejects missing, stale, malformed, and extra bytes [89.27ms]
(pass) archive verifier > rejects malicious archives before creating or running a consumer workdir [54.22ms]
(pass) archive verifier > uses one fixed explicit offline install argv with no fallback [0.07ms]
(pass) archive verifier > core import tracing rejects bare, self, node builtin, and unresolved relative specifiers [3.62ms]
(pass) archive verifier > CLI accepts only canonical contained manifest and empty work directory paths [501.05ms]
(pass) archive verifier > direct verifier API rejects outside, relative, aliased, and nonempty work paths before mutation [0.86ms]
(pass) archive verifier > binds both declaration compilers to the exact manifest versions before emitting [975.57ms]
(pass) archive verifier > matches both I14 diagnostics to their marked regions and expected message fragments [0.67ms]
(pass) archive verifier > installs owned verified bytes and passes real Node/Bun, CJS/ESM, core-only, and declaration oracles [13397.60ms]
(pass) final release audit > validates exactly five roles and produces deterministic non-self-attestation [2.43ms]
(pass) final release audit > rejects missing, duplicate, failed, mutated, stale-input and wrong-Git evidence [2.81ms]
(pass) final release audit > rejects every invalid retained command field and fixed limit violation [48.98ms]
(pass) final release audit > audit CLI rejects wrong output, public location, OIDs, duplicate and extra options [0.34ms]

tests/startup.test.ts:
(pass) contexts follow acquisition owners through child-first roots and independent forks [0.63ms]
(pass) abort listeners cannot reenter any closing scope admission gate [0.28ms]
(pass) startup waits for selected native acquisition while leaving unrelated providers lazy [0.31ms]
(pass) startup uses native observation with shadowed then and treats raw promises as ready [0.31ms]
(pass) a ready native projection starts while its source remains pending until shutdown [0.27ms]
(pass) failed native projection aborts a cooperative pending source before cleanup [0.32ms]
(pass) sequential startup waits before invoking the next selection [0.42ms]
(pass) startup selects genuine tokens and keeps separate owned transient attempts [0.30ms]
(pass) late contextual dependencies receive an already aborted owner signal [0.24ms]
(pass) startup removes its abort listener on success [0.22ms]
(pass) startup removes its abort listener on failure [0.11ms]
(pass) startup removes its abort listener on aborted [0.09ms]
(pass) startup removes its abort listener on timeout [5.66ms]
(pass) startup snapshots option getters once after snapshotting all selected keys [0.22ms]
(pass) sequential startup stops after failure and waits for cleanup with original causes [0.41ms]
(pass) parallel startup starts later selections after synchronous failure and cleans pending ownership [0.25ms]
(pass) aborted rejects before late ownership and exposes eventual cleanup failure [0.44ms]
(pass) timeout rejects before late ownership and exposes eventual cleanup failure [5.69ms]
(pass) already aborted startup does not invoke any factories [0.32ms]
(pass) cancellation can interrupt cleanup after ordinary startup failure [0.31ms]
(pass) successful startup removes external cancellation and snapshots indexed selections [0.27ms]
(pass) invalid startup inputs reject before factory or unsupported option getter effects [0.38ms]
(pass) numeric startup 1 bounds selected readiness and preserves promise identity [0.42ms]
(pass) numeric startup 2 bounds selected readiness and preserves promise identity [0.19ms]
(pass) numeric startup 20 bounds selected readiness and preserves promise identity [0.17ms]
(pass) numeric startup 1 snapshots options and retains duplicate selected lifetimes [0.33ms]
(pass) numeric startup 2 snapshots options and retains duplicate selected lifetimes [0.11ms]
(pass) numeric startup uses final raw readiness while owned sources remain pending [0.33ms]
(pass) bounded startup stops dequeuing after failure and cleans started work [0.45ms]
(pass) bounded startup stops dequeuing after aborted and cleans started work [0.16ms]
(pass) bounded startup stops dequeuing after timeout and cleans started work [5.68ms]
(pass) numeric startup rejects invalid bounds before factories [0.27ms]
(pass) numeric startup stops initial worker admission when a factory aborts synchronously [0.29ms]

tests/platform-deno.test.ts:
(pass) portable root contract has host-independent semantics [0.76ms]
(pass) portable inspection proof rejects nonobjects and inexact or unfrozen metadata [0.10ms]
(pass) Deno child validation requires canonical output from the local installed archive [0.80ms]
(pass) Deno child validation fails closed when the expected installation is absent [0.16ms]
(pass) an unprovisioned Deno pin yields an explicit unavailable row without touching the archive [8.78ms]

tests/final-adversarial-integration.test.ts:
(pass) I1 preserves its deterministic adversarial source oracle [22.20ms]
(pass) I2 preserves its deterministic adversarial source oracle [10.37ms]
(pass) I3 preserves its deterministic adversarial source oracle [9.79ms]
(pass) I4 preserves its deterministic adversarial source oracle [9.55ms]
(pass) I5 preserves its deterministic adversarial source oracle [8.74ms]
(pass) I6 preserves its deterministic adversarial source oracle [10.24ms]
(pass) I7 preserves its deterministic adversarial source oracle [9.50ms]
(pass) I8 preserves its deterministic adversarial source oracle [12.67ms]
(pass) I9 preserves its deterministic adversarial source oracle [8.82ms]
(pass) I10 preserves its deterministic adversarial source oracle [8.65ms]
(pass) I11 preserves its deterministic adversarial source oracle [8.93ms]
(pass) I13 preserves its deterministic adversarial source oracle [9.22ms]
(pass) I12 disposes accepted late ownership before independent immediate ownership [10.25ms]

tests/compiler-case.test.ts:
(pass) selected compiler case admits only original matrix identities [0.32ms]
(pass) a claimed accepted result cannot hide an original-boundary failure [0.66ms]
(pass) direct selected-case calls reject invalid lane and matrix identities before dispatch [0.58ms]
(pass) recomputed boundary rejects self-consistent worker evidence at the wrong boundary [0.29ms]
(pass) selected evidence rejects sourceCommit drift while compilation runs [0.14ms]
(pass) selected evidence rejects sourceStatus drift while compilation runs [0.01ms]
(pass) selected evidence rejects sourceSha256 drift while compilation runs
(pass) selected evidence rejects generatedSha256 drift while compilation runs
(pass) native selected evidence preserves the hash of the compiled snapshot [0.08ms]
(pass) compiler CLI deterministically selects exit status from simulated evidence [0.06ms]
(pass) classic process failures retain compiler identity and complete provenance [0.06ms]
(pass) classic selected 100 bulk valid returns verified evidence [1181.90ms]
(pass) classic selected 100 bulk missing returns verified evidence [1167.19ms]
(pass) native selected 100 bulk valid returns verified evidence [196.68ms]
(pass) native selected 100 bulk missing returns verified evidence [185.92ms]
(pass) selected compiler CLI rejects an invalid identity without JSON success [243.31ms]

tests/lifetimes.test.ts:
(pass) root, scoped and transient identity have distinct ownership [0.47ms]
(pass) child-first roots capture dependencies in the root owner through grandchildren and forks [0.35ms]
(pass) same-object transients own separate attempts and preserve every cleanup cause [0.31ms]
(pass) raw and native lifetimes retain original pending promises and classification [0.27ms]
(pass) failed root cache entries retry across children with new acquisition identities [0.22ms]
(pass) public synchronous transient reentrancy is rejected before a second factory invocation [0.16ms]
(pass) pure transient post-await ancestry rejects repeated construction [0.23ms]
(pass) mixed cached and transient post-await cycles preserve acquisition graph detection [0.24ms]
(pass) independent pending transient calls are distinct nonrecursive acquisitions [0.14ms]
(pass) a ready transient proxy may create a fresh instance on each later method call [0.12ms]
(pass) pending child work acquires roots during parent close and root cleanup follows child cleanup [0.29ms]
(pass) strict roots reject new scoped reads directly [0.21ms]
(pass) strict roots reject new scoped reads through a transient [0.07ms]
(pass) strict roots reject cached scoped reads directly [0.05ms]
(pass) strict roots reject cached scoped reads through a transient [0.03ms]
(pass) strict capture boundaries survive await and ready transient methods [0.25ms]
(pass) strict roots can consume capturing roots without inheriting their permission [0.22ms]
(pass) token captive reads reject at the observed edge before scoped creation [0.16ms]
(pass) renamed module exports retain private root and transient ownership despite public collisions [0.32ms]
(pass) private module scoped capture rejects despite an identically named public root [0.21ms]
(pass) failed root rollback and retry retain distinct ownership across child consumers [0.46ms]
(pass) child close releases its attempts while a child-first root remains pending [0.21ms]
(pass) completed child and retired proxies cannot borrow another attempt closing permission for root reads [0.21ms]
(pass) pending source permission survives a ready projection when routing late roots [0.25ms]
(pass) family retirement removes cross-owner incoming edges but preserves outgoing rollback dependencies [0.22ms]
(pass) retired transient ancestry does not block a retained proxy from retrying its binding [0.16ms]
(pass) token roots retain family ownership through a transient token consumer and independent override [0.25ms]
(pass) pending source permission survives failed projection rollback for late root reads [0.27ms]

tests/selected-scope-runtime.test.ts:
(pass) selected service borrows parent configuration and ownership while child config is overridden [0.34ms]
(pass) scoped sharing selects the immediate parent and must be selected again by grandchildren [0.14ms]
(pass) child-defined roots anchor their graph while inherited roots construct in the original graph [0.29ms]
(pass) shared pending promises deduplicate and failed acquisitions retry at the owner [0.21ms]
(pass) closing a borrower leaves the pending owner context and finalizer intact [0.24ms]
(pass) pending child sources discover shared parent dependencies during tree close [0.28ms]
(pass) strict child roots reject shared scoped dependencies before reading a cached owner [0.16ms]
(pass) shared dependency edges detect cycles through retained owner proxies [0.17ms]
(pass) shared module bindings preserve lexical private dependencies despite child public replacements [0.23ms]
(pass) synchronous shared owner reentry detects a cycle across acquisition owners [0.20ms]
(pass) a ready projection retains source permission for late shared reads [0.22ms]
(pass) a failed projection retains source permission for late shared reads [0.09ms]
(pass) completed and retired child proxies cannot borrow another source closing permission for shared reads [0.23ms]

tests/platform-tools.test.ts:
(pass) tool capture binds the actual artifact and exact observed version output [9.31ms]
(pass) tool capture rejects wrong versions, substring matches and unsuccessful probes [95.13ms]

tests/wbs-scope.test.ts:
(pass) WBS scopes borrow infrastructure and recreate stores, collectors and services [2.35ms]
(pass) an explicitly shared WBS service keeps its original stores and broadcaster [0.70ms]
(pass) closing the root disposes its resources but leaves the startup-owned source usable [0.46ms]
(pass) startup cleans every owner and discards held announcements when batch work fails [0.61ms]
(pass) startup still closes later bags and its source when multiple disposers fail [1.02ms]
(pass) a factory cleans partial acquisition before throwing; the bag does not dispose it twice [0.52ms]
(pass) the runnable example reports published work and complete shutdown [0.72ms]

tests/native-process.test.ts:
(pass) supervisor terminates and reaps a live child on monitor EIO [1.04ms]
(pass) supervisor terminates and reaps a live child on monitor ENOENT [0.58ms]
(pass) supervisor terminates and reaps a live child on monitor ESRCH [0.42ms]
(pass) supervisor terminates and reaps a live child on monitor missing VmRSS [21.13ms]
(pass) supervisor drains and reaps a zombie when status reports ENOENT before the exit callback [81.71ms]
(pass) supervisor drains and reaps a zombie when status reports ESRCH before the exit callback [90.50ms]
(pass) supervisor confirms ESRCH process disappearance before its exit callback runs [88.13ms]
(pass) supervisor drains streams and awaits pending sample cleanup for missing VmRSS during exit [101.00ms]
(pass) supervisor drains streams and awaits pending sample cleanup for ENOENT after exit [100.50ms]
(pass) supervisor drains streams and awaits pending sample cleanup for ESRCH after exit [105.56ms]
(pass) monitor termination waits for inherited stdout and stderr to close [76.00ms]
(pass) supervisor retains clean child streams and exit status [81.18ms]
(pass) failed spawn is explicit evidence [0.62ms]
(pass) supervisor terminates and reaps timeout child [20.98ms]
(pass) supervisor terminates and reaps memory child [21.44ms]
(pass) supervisor terminates and reaps output child [34.36ms]
(pass) invalid limits and unsupported platforms fail before spawning [0.23ms]
(pass) output overflow remains byte bounded when UTF8 is cut within a character [30.54ms]

tests/box-package.test.ts:
(pass) installed replacement module support compiles through the public archive [961.86ms]
(pass) real fixtures retain the verified archive hashes [9.18ms]
(pass) embedded CJS and ESM adversarial consumers use every public subpath without repository imports [8.47ms]
(pass) installed import graph tracing includes ESM side effects, exports, dynamic imports, and CJS requires [10.20ms]
(pass) packed core root runs in CJS and ESM under Node and Bun without boxes or Node runtime imports [146.63ms]
(pass) installed real box commonjs archive runs the full adversarial oracle in Node and Bun [104.40ms]
(pass) installed real boxes compose in Node commonjs and share cross-loader descriptors [53.64ms]
(pass) installed commonjs modern inline declarations survive emission and unchanged consumption [1521.52ms]
(pass) installed commonjs declaration contracts: final-adversarial-integration.ts [773.55ms]
(pass) installed commonjs declaration contracts: negative/final-adversarial-integration.ts [727.02ms]
(pass) installed commonjs declaration contracts: plugins.ts [695.74ms]
(pass) installed commonjs declaration contracts: negative/plugins.ts [676.08ms]
(pass) installed commonjs declaration contracts: observers.ts [685.50ms]
(pass) installed commonjs declaration contracts: negative/observers.ts [656.48ms]
(pass) installed commonjs declaration contracts: contributions.ts [869.44ms]
(pass) installed commonjs declaration contracts: negative/contributions.ts [1080.81ms]
(pass) installed commonjs declaration contracts: aliases.ts [858.63ms]
(pass) installed commonjs declaration contracts: negative/aliases.ts [998.41ms]
(pass) installed commonjs declaration contracts: dependency-references.ts [692.00ms]
(pass) installed commonjs declaration contracts: negative/dependency-references.ts [843.36ms]
(pass) installed commonjs declaration contracts: composition-adapters.ts [627.74ms]
(pass) installed commonjs declaration contracts: negative/composition-adapters.ts [635.78ms]
(pass) installed commonjs declaration contracts: selected-scopes.ts [658.71ms]
(pass) installed commonjs declaration contracts: negative/selected-scopes.ts [817.79ms]
(pass) installed commonjs declaration contracts: startup.ts [651.65ms]
(pass) installed commonjs declaration contracts: negative/startup.ts [664.91ms]
(pass) installed commonjs declaration contracts: acquisition-mode.ts [607.71ms]
(pass) installed commonjs declaration contracts: negative/acquisition-mode.ts [593.54ms]
(pass) installed commonjs declaration contracts: scopes.ts [616.66ms]
(pass) installed commonjs declaration contracts: negative/scopes.ts [647.84ms]
(pass) installed commonjs declaration contracts: lifetimes.ts [732.98ms]
(pass) installed commonjs declaration contracts: negative/lifetimes.ts [925.59ms]
(pass) installed commonjs declaration contracts: tokens.ts [669.09ms]
(pass) installed commonjs declaration contracts: negative/tokens.ts [766.95ms]
(pass) installed commonjs declaration contracts: negative/token-modules.ts [664.29ms]
(pass) installed commonjs declaration contracts: token-contracts.ts [622.25ms]
(pass) installed commonjs declaration contracts: negative/token-contracts.ts [765.11ms]
(pass) installed commonjs declaration contracts: box-adapters.ts [666.28ms]
(pass) installed commonjs declaration contracts: negative/box-adapters.ts [623.22ms]
(pass) installed commonjs declaration contracts: negative/provider-unions.ts [718.50ms]
(pass) installed commonjs declaration contracts: incremental.ts [697.25ms]
(pass) installed commonjs declaration contracts: negative/incremental.ts [829.34ms]
(pass) installed commonjs declaration contracts: incremental-modules.ts [612.06ms]
(pass) installed commonjs declaration contracts: negative/incremental-modules.ts [622.18ms]
(pass) installed commonjs declaration contracts: builder-views.ts [831.33ms]
(pass) installed commonjs declaration contracts: negative/builder-views.ts [694.97ms]
(pass) installed commonjs declaration contracts: modern-inline.ts [602.51ms]
(pass) installed commonjs declaration contracts: negative/modern-inline.ts [617.52ms]
(pass) installed commonjs declaration contracts: real [807.62ms]
(pass) installed commonjs declaration contracts: replacement-supported.ts [819.36ms]
(pass) installed commonjs declaration contracts: negative/replacement-views.ts [679.07ms]
(pass) installed commonjs declaration contracts: replacement-context.ts [680.82ms]
(pass) installed commonjs declaration contracts: replacement-reflection.ts [636.70ms]
(pass) installed commonjs declaration contracts: negative/replacement-reflection.ts [654.55ms]
(pass) installed commonjs declaration contracts: negative/inline-replacement-wrong-shape.ts [574.46ms]
(pass) installed commonjs declaration contracts: negative/module-hidden-private-needs.ts [591.92ms]
(pass) installed commonjs declaration contracts: negative/module-narrowing.ts [776.80ms]
(pass) installed commonjs declaration contracts: negative/module-rename.ts [604.63ms]
(pass) installed commonjs declaration contracts: negative/provider-boundaries.ts [637.72ms]
(pass) installed commonjs declaration contracts: negative/replacement-context.ts [686.40ms]
(pass) installed commonjs declaration contracts: negative/replacement-wrong-shape.ts [570.28ms]
(pass) installed commonjs declaration contracts: negative/required-this.ts [589.49ms]
(pass) installed commonjs declaration contracts: negative/union-replace.ts [605.93ms]
(pass) installed real box module archive runs the full adversarial oracle in Node and Bun [120.75ms]
(pass) installed real boxes compose in Node module and share cross-loader descriptors [62.72ms]
(pass) installed module modern inline declarations survive emission and unchanged consumption [1215.56ms]
(pass) installed module declaration contracts: final-adversarial-integration.ts [654.81ms]
(pass) installed module declaration contracts: negative/final-adversarial-integration.ts [640.56ms]
(pass) installed module declaration contracts: plugins.ts [620.79ms]
(pass) installed module declaration contracts: negative/plugins.ts [643.79ms]
(pass) installed module declaration contracts: observers.ts [826.40ms]
(pass) installed module declaration contracts: negative/observers.ts [618.51ms]
(pass) installed module declaration contracts: contributions.ts [794.96ms]
(pass) installed module declaration contracts: negative/contributions.ts [986.25ms]
(pass) installed module declaration contracts: aliases.ts [905.99ms]
(pass) installed module declaration contracts: negative/aliases.ts [1101.78ms]
(pass) installed module declaration contracts: dependency-references.ts [742.40ms]
(pass) installed module declaration contracts: negative/dependency-references.ts [869.77ms]
(pass) installed module declaration contracts: composition-adapters.ts [777.69ms]
(pass) installed module declaration contracts: negative/composition-adapters.ts [683.83ms]
(pass) installed module declaration contracts: selected-scopes.ts [680.35ms]
(pass) installed module declaration contracts: negative/selected-scopes.ts [824.93ms]
(pass) installed module declaration contracts: startup.ts [668.87ms]
(pass) installed module declaration contracts: negative/startup.ts [658.21ms]
(pass) installed module declaration contracts: acquisition-mode.ts [663.04ms]
(pass) installed module declaration contracts: negative/acquisition-mode.ts [657.68ms]
(pass) installed module declaration contracts: scopes.ts [627.23ms]
(pass) installed module declaration contracts: negative/scopes.ts [656.04ms]
(pass) installed module declaration contracts: lifetimes.ts [741.51ms]
(pass) installed module declaration contracts: negative/lifetimes.ts [948.76ms]
(pass) installed module declaration contracts: tokens.ts [705.77ms]
(pass) installed module declaration contracts: negative/tokens.ts [777.19ms]
(pass) installed module declaration contracts: negative/token-modules.ts [662.32ms]
(pass) installed module declaration contracts: token-contracts.ts [634.78ms]
(pass) installed module declaration contracts: negative/token-contracts.ts [701.24ms]
(pass) installed module declaration contracts: box-adapters.ts [653.32ms]
(pass) installed module declaration contracts: negative/box-adapters.ts [643.06ms]
(pass) installed module declaration contracts: negative/provider-unions.ts [620.41ms]
(pass) installed module declaration contracts: incremental.ts [641.74ms]
(pass) installed module declaration contracts: negative/incremental.ts [783.17ms]
(pass) installed module declaration contracts: incremental-modules.ts [614.83ms]
(pass) installed module declaration contracts: negative/incremental-modules.ts [630.00ms]
(pass) installed module declaration contracts: builder-views.ts [657.95ms]
(pass) installed module declaration contracts: negative/builder-views.ts [721.58ms]
(pass) installed module declaration contracts: modern-inline.ts [620.44ms]
(pass) installed module declaration contracts: negative/modern-inline.ts [617.75ms]
(pass) installed module declaration contracts: real [622.74ms]
(pass) installed module declaration contracts: replacement-supported.ts [708.58ms]
(pass) installed module declaration contracts: negative/replacement-views.ts [689.03ms]
(pass) installed module declaration contracts: replacement-context.ts [700.12ms]
(pass) installed module declaration contracts: replacement-reflection.ts [673.04ms]
(pass) installed module declaration contracts: negative/replacement-reflection.ts [678.02ms]
(pass) installed module declaration contracts: negative/inline-replacement-wrong-shape.ts [615.49ms]
(pass) installed module declaration contracts: negative/module-hidden-private-needs.ts [609.45ms]
(pass) installed module declaration contracts: negative/module-narrowing.ts [793.09ms]
(pass) installed module declaration contracts: negative/module-rename.ts [608.12ms]
(pass) installed module declaration contracts: negative/provider-boundaries.ts [675.32ms]
(pass) installed module declaration contracts: negative/replacement-context.ts [711.07ms]
(pass) installed module declaration contracts: negative/replacement-wrong-shape.ts [606.03ms]
(pass) installed module declaration contracts: negative/required-this.ts [621.05ms]
(pass) installed module declaration contracts: negative/union-replace.ts [610.91ms]

tests/package.test.ts:
(pass) feature library inferred token exports survive declaration emission [1214.52ms]
(pass) classic installed commonjs archive returns the full adversarial oracle [64.16ms]
(pass) Node commonjs consumers can resolve and dispose through the public package [78.18ms]
(pass) Node commonjs observes local and foreign native subclass state directly [50.19ms]
(pass) TypeScript commonjs consumers can use the emitted declarations [786.36ms]
(pass) TypeScript commonjs emitted provider contracts: plugins.ts [606.60ms]
(pass) TypeScript commonjs emitted provider contracts: negative/plugins.ts [613.34ms]
(pass) TypeScript commonjs emitted provider contracts: observers.ts [613.05ms]
(pass) TypeScript commonjs emitted provider contracts: negative/observers.ts [583.57ms]
(pass) TypeScript commonjs emitted provider contracts: contributions.ts [778.39ms]
(pass) TypeScript commonjs emitted provider contracts: negative/contributions.ts [974.57ms]
(pass) TypeScript commonjs emitted provider contracts: aliases.ts [804.12ms]
(pass) TypeScript commonjs emitted provider contracts: negative/aliases.ts [958.12ms]
(pass) TypeScript commonjs emitted provider contracts: dependency-references.ts [665.35ms]
(pass) TypeScript commonjs emitted provider contracts: negative/dependency-references.ts [804.86ms]
(pass) TypeScript commonjs emitted provider contracts: composition-adapters.ts [615.56ms]
(pass) TypeScript commonjs emitted provider contracts: negative/composition-adapters.ts [637.73ms]
(pass) TypeScript commonjs emitted provider contracts: selected-scopes.ts [666.48ms]
(pass) TypeScript commonjs emitted provider contracts: negative/selected-scopes.ts [804.04ms]
(pass) TypeScript commonjs emitted provider contracts: acquisition-mode.ts [601.99ms]
(pass) TypeScript commonjs emitted provider contracts: negative/acquisition-mode.ts [583.51ms]
(pass) TypeScript commonjs emitted provider contracts: scopes.ts [604.43ms]
(pass) TypeScript commonjs emitted provider contracts: negative/scopes.ts [658.50ms]
(pass) TypeScript commonjs emitted provider contracts: lifetimes.ts [739.58ms]
(pass) TypeScript commonjs emitted provider contracts: negative/lifetimes.ts [893.50ms]
(pass) TypeScript commonjs emitted provider contracts: tokens.ts [674.09ms]
(pass) TypeScript commonjs emitted provider contracts: negative/tokens.ts [783.58ms]
(pass) TypeScript commonjs emitted provider contracts: negative/token-modules.ts [639.99ms]
(pass) TypeScript commonjs emitted provider contracts: token-contracts.ts [645.36ms]
(pass) TypeScript commonjs emitted provider contracts: negative/token-contracts.ts [670.76ms]
(pass) TypeScript commonjs emitted provider contracts: providers.ts [667.74ms]
(pass) TypeScript commonjs emitted provider contracts: replacement-context.ts [657.75ms]
(pass) TypeScript commonjs emitted provider contracts: negative/replacement-context.ts [694.72ms]
(pass) TypeScript commonjs emitted provider contracts: negative/provider-boundaries.ts [657.41ms]
(pass) TypeScript commonjs emitted provider contracts: negative/provider-module-metadata.ts [628.03ms]
(pass) TypeScript commonjs emitted provider contracts: negative/provider-projections.ts [631.30ms]
(pass) classic installed module archive returns the full adversarial oracle [71.20ms]
(pass) Node module consumers can resolve and dispose through the public package [74.47ms]
(pass) Node module observes local and foreign native subclass state directly [37.81ms]
(pass) TypeScript module consumers can use the emitted declarations [764.55ms]
(pass) TypeScript module emitted provider contracts: plugins.ts [600.38ms]
(pass) TypeScript module emitted provider contracts: negative/plugins.ts [627.43ms]
(pass) TypeScript module emitted provider contracts: observers.ts [614.12ms]
(pass) TypeScript module emitted provider contracts: negative/observers.ts [594.20ms]
(pass) TypeScript module emitted provider contracts: contributions.ts [755.27ms]
(pass) TypeScript module emitted provider contracts: negative/contributions.ts [974.62ms]
(pass) TypeScript module emitted provider contracts: aliases.ts [799.14ms]
(pass) TypeScript module emitted provider contracts: negative/aliases.ts [942.50ms]
(pass) TypeScript module emitted provider contracts: dependency-references.ts [691.74ms]
(pass) TypeScript module emitted provider contracts: negative/dependency-references.ts [828.07ms]
(pass) TypeScript module emitted provider contracts: composition-adapters.ts [604.22ms]
(pass) TypeScript module emitted provider contracts: negative/composition-adapters.ts [623.03ms]
(pass) TypeScript module emitted provider contracts: selected-scopes.ts [655.62ms]
(pass) TypeScript module emitted provider contracts: negative/selected-scopes.ts [812.01ms]
(pass) TypeScript module emitted provider contracts: acquisition-mode.ts [595.39ms]
(pass) TypeScript module emitted provider contracts: negative/acquisition-mode.ts [612.81ms]
(pass) TypeScript module emitted provider contracts: scopes.ts [593.64ms]
(pass) TypeScript module emitted provider contracts: negative/scopes.ts [647.15ms]
(pass) TypeScript module emitted provider contracts: lifetimes.ts [703.15ms]
(pass) TypeScript module emitted provider contracts: negative/lifetimes.ts [909.82ms]
(pass) TypeScript module emitted provider contracts: tokens.ts [712.92ms]
(pass) TypeScript module emitted provider contracts: negative/tokens.ts [726.02ms]
(pass) TypeScript module emitted provider contracts: negative/token-modules.ts [629.38ms]
(pass) TypeScript module emitted provider contracts: token-contracts.ts [615.02ms]
(pass) TypeScript module emitted provider contracts: negative/token-contracts.ts [626.59ms]
(pass) TypeScript module emitted provider contracts: providers.ts [697.70ms]
(pass) TypeScript module emitted provider contracts: replacement-context.ts [691.35ms]
(pass) TypeScript module emitted provider contracts: negative/replacement-context.ts [703.03ms]
(pass) TypeScript module emitted provider contracts: negative/provider-boundaries.ts [629.99ms]
(pass) TypeScript module emitted provider contracts: negative/provider-module-metadata.ts [618.86ms]
(pass) TypeScript module emitted provider contracts: negative/provider-projections.ts [624.94ms]
(pass) unchecked Bag construction is rejected through di-bag [593.94ms]
(pass) unchecked Bag construction is rejected through ../src/di-bag [897.45ms]
(pass) unchecked Module construction is rejected through di-bag [585.48ms]
(pass) unchecked Module construction is rejected through ../src/module [841.48ms]
(pass) unchecked Provider construction is rejected through di-bag [607.75ms]
(pass) unchecked Provider construction is rejected through ../src/provider [511.42ms]
(pass) unchecked Token construction is rejected through di-bag [604.19ms]
(pass) unchecked Token construction is rejected through ../src/tokens [513.56ms]

tests/native-package.test.ts:
(pass) native installed contracts and physical downstream declarations from classic6 [54604.55ms]
(pass) native installed contracts and physical downstream declarations from native7 [42154.57ms]

tests/native-diagnostic-markers.test.ts:
(pass) known native overload rejection retains its unmet useful requirement separately [0.49ms]
(pass) native gap rejects unknown declaration [0.09ms]
(pass) native gap rejects malformed declaration [0.03ms]
(pass) native gap rejects duplicate declaration [0.07ms]
(pass) native gap rejects misplaced declaration [0.02ms]
(pass) native gap rejects not adjacent [0.01ms]
(pass) native gap rejects stale declaration [0.01ms]
(pass) native gap rejects wrong code [0.02ms]
(pass) native gap rejects wrong full message [0.02ms]
(pass) native gap rejects wrong file [0.01ms]
(pass) native gap rejects wrong region [0.02ms]
(pass) native gap rejects absent error [0.02ms]
(pass) native gap rejects TS2589
(pass) native gap rejects duplicate error [0.01ms]
(pass) native gap rejects unrelated extra [0.02ms]
(pass) native gap rejects no declaration
(pass) native gap cannot replace a supplemental expectation [0.07ms]
(pass) union and open-template fingerprints require their own exact declarations [0.18ms]
(pass) native gap cannot satisfy a different primary even when that primary matches its fingerprint [0.10ms]

tests/boundaries.test.ts:
(pass) fork changes only the selected key hidden behind a narrowed override map [2.97ms]
(pass) unselected override values and getters never participate [0.22ms]
(pass) hidden duplicate additions throw atomically and leave builders reusable [0.29ms]
(pass) hidden new keys cannot later silently replace visible registrations [0.15ms]
(pass) add snapshots every own entry and validates before producing a builder [0.28ms]
(pass) replacement writes its explicit key and preserves earlier builders [0.28ms]
(pass) fork requires selected own entries before reading any selected getter [0.26ms]
(pass) fork snapshots selection before an override getter mutates the caller tuple [0.14ms]
(pass) fork selects indexed tuple entries even when its iterator omits a key [0.13ms]
(pass) fork batches selected replacements without using the single-binding graph path [0.25ms]
(pass) empty forks reuse the graph without reading unselected values and retain fresh ownership [1.18ms]
(pass) selected overrides can depend on richer capabilities of other selected services [0.43ms]
(pass) runtime registration validation rejects cloned and forged owned handles [0.17ms]
(pass) normalization does not expose mutable ownership registry metadata [0.17ms]
(pass) unchecked source Bag construction is not exported [0.01ms]
(pass) plain registration maps from another realm retain their own factories [0.46ms]

tests/modules.test.ts:
(pass) a module private retry keeps the caught failed attempt separate [1.17ms]
(pass) module private dependencies follow exported replacements and fresh forks [0.87ms]
(pass) renamed repeated installations isolate private instances and cleanup [0.44ms]
(pass) rename preserves original parameter names even when an export takes a private name [0.40ms]
(pass) invalid installations and export views fail atomically and reject forged modules [0.67ms]
(pass) exports use indexed tuple snapshots and preserve hidden local registrations [0.31ms]
(pass) module promise identity, retry and post-await cycle diagnostics use the host runtime [0.65ms]
(pass) renaming an export leaves an unrelated external requirement at its original slot [0.28ms]
(pass) module providers can be replaced before sealing without mutating earlier views [0.24ms]
(pass) close drains module acquisitions that discover private and host dependencies after await [0.39ms]

tests/native-replacement-diagnostics.test.ts:
(pass) native replacement diagnostics retain every useful primary and supplemental message [1393.34ms]
(pass) strict replacement audit requires useful primary text at its own region [0.20ms]
(pass) strict replacement audit requires exact supplemental code and text [0.17ms]
(pass) replacement audit keeps its ten source fixtures independent of native gap comments [0.07ms]
(pass) replacement audit rejects a fixture when its marker and invalid expression both disappear [0.09ms]

tests/tokens.test.ts:
(pass) token symbols participate in the same acquisition graph [0.97ms]
(pass) handles authenticate identity and capture a receiver-free symbol [0.14ms]
(pass) indexed snapshots ignore iterators and caller mutations [0.35ms]
(pass) invalid selections fail before callbacks and binding transforms [0.16ms]
(pass) same actual symbols and repeated token reads reuse one cache slot [0.31ms]
(pass) distinct symbols with the same description resolve independent slots [0.31ms]
(pass) symbol dependencies follow lexical private and public references [0.49ms]
(pass) token and named cycles report symbol labels in both entry orders [0.52ms]
(pass) rejected token acquisitions retry without awaiting callback arguments [0.38ms]
(pass) late named reads from a token-bound source retain close permission and disposal order [0.49ms]
(pass) undeclared well-known symbol reads remain undefined [0.17ms]
(pass) binding views and transformations retain frozen source selection without mutating inputs [0.79ms]

tests/token-modules.test.ts:
(pass) exported tokens retarget private module consumers in forks [0.66ms]
(pass) private tokens get independent installations and dependency ordered cleanup [0.59ms]
(pass) token bindings preserve source reuse, promise identity and public replacement [0.80ms]
(pass) fork snapshots mixed selection indices and reads only selected own overrides [0.41ms]
(pass) duplicate mixed overrides keep getter order and route final values through private consumers [0.98ms]
(pass) invalid token selections preflight before any selected override getter [0.33ms]
(pass) runtime duplicate symbols reject atomically and leave builders reusable [0.41ms]

tests/contributions.test.ts:
(pass) contributions preserve order, empty reads and array immutability [0.50ms]
(pass) host and repeated exportless modules append distinct lexical bindings [0.94ms]
(pass) all adapters select frozen arrays and retain module export renames [0.96ms]
(pass) root scoped and transient contributions retain individual ownership [0.79ms]
(pass) shared aggregate borrows the parent graph while a lazy registry reads its local graph [0.58ms]
(pass) partial failure retains accepted ownership and retries only failed contributors [0.27ms]
(pass) pending native and raw promises preserve identity and disposal payloads [0.35ms]
(pass) self collections participate in ordinary cycle detection [0.20ms]
(pass) inspection is immutable nonresolving and does not freeze application values [0.20ms]
(pass) forged tokens references and providers reject before provider effects [0.46ms]
(pass) cooperative lazy registries admit late collection reads only for their in-flight source [0.44ms]
(pass) observed strict roots reject cached scoped contributions before owner routing [0.30ms]
(pass) startup failure rolls back accepted contribution ownership [0.78ms]

tests/projections.test.ts:
(pass) a projected service does not replace its source disposer argument [0.22ms]
(pass) an ownership operation on a metadata provider retains earlier ownership [0.19ms]
(pass) mapSync receives and returns exact Promise identities [0.15ms]
(pass) mapAsync rejects source and projector throws with their original values [0.26ms]
(pass) mapAsync awaits recursive projector thenables and source fulfillment [0.14ms]
(pass) a failed sync projection releases late source ownership [0.20ms]
(pass) a synchronous status projection stays cached after its raw Promise rejects [0.16ms]
(pass) ready outer ownership closes before a raw stage accepted later [0.16ms]
(pass) failed projections clean only their stages and preserve cached dependencies [0.22ms]
(pass) sync failure starts asynchronous cleanup without waiting and close drains it [0.22ms]
(pass) late old ownership cannot evict or dispose a successful retry [0.22ms]
(pass) retired cleanup errors keep invocation order and original attempt identities [0.48ms]
(pass) a pending source can read dependencies in close after an outer projection is ready [0.26ms]
(pass) a pending source can finish dependencies after its outer projection failed [0.22ms]
(pass) completed source proxies cannot borrow a pending projection or retry permission [0.24ms]
(pass) mapped dependencies still reject genuine acquisition cycles [0.15ms]
(pass) asynchronous mappings preserve post-await cycle detection [0.24ms]
(pass) a completed source cannot use its still pending asynchronous projector permission [0.16ms]
(pass) mapping and added finalizers run receiver-free across metadata operations [0.24ms]
(pass) failed outer projections retain owned values until a pending projector finishes using them [0.28ms]
(pass) failed exposed acquisition abandons incoming edges while its owned source can acquire the recovered parent [0.28ms]

tests/disposal.test.ts:
(pass) disposal callbacks receive the owned value without a receiver [0.14ms]
(pass) withDisposal exposes the value and closes each resolved instance once [0.13ms]
(pass) ordinary values are borrowed even when they expose disposal methods [0.11ms]
(pass) unresolved and failed factories have no disposal [0.12ms]
(pass) throwing then inspection rejects each acquisition until a synchronous retry succeeds [0.26ms]
(pass) a PromiseLike with a throwing then getter never reaches the fulfilled-value disposer [0.21ms]
(pass) native Promise observer setup failures allow retry and preserve accepted Promise identity [0.25ms]
(pass) native Promise ownership observation ignores an own then override [0.17ms]
(pass) native Promise subclass ownership ignores an own then override [0.24ms]
(pass) native constructor TypeError preserves the original failure and permits retry [0.26ms]
(pass) native species TypeError preserves the original failure and permits retry [0.07ms]
(pass) pending close observes native settlement without assimilating its species result [0.24ms]
(pass) direct structural thenables reject without invoking then or accepting ownership [0.16ms]
(pass) explicit structural conversion accepts fulfillment before a subsequent throw [0.14ms]
(pass) explicit structural conversion retries rejection and disposes only the fulfilled retry [0.17ms]
(pass) cleanup runs in reverse acquisition order through unmanaged intermediates [0.19ms]
(pass) async disposers are awaited sequentially and receive fulfilled values [0.21ms]
(pass) dependency ordering wins over async completion order [0.15ms]
(pass) close drains pending factories and dependencies discovered after await [0.22ms]
(pass) pending acquisition failure does not stop cleanup of other resources [0.18ms]
(pass) every disposer runs and close aggregates the original cleanup failures [0.30ms]
(pass) throwing undefined still rejects close and does not skip other disposers [0.22ms]
(pass) reentrant close observes the same barrier even when its disposer rejects [0.19ms]
(pass) parent and forks own independent instances and borrowed overrides stay borrowed [0.21ms]
(pass) an owned override can replace an ordinary factory [0.13ms]
(pass) pending factories can create a chain of synchronous dependencies during close [0.17ms]

tests/persistent-graph.test.ts:
(pass) replacement removes obsolete public IDs while earlier versions retain their own values [8.74ms]
(pass) replacement counts all public slots and contribution references to a binding [0.21ms]
(pass) private aliases protect replaced IDs but public aliases follow current slots [0.33ms]
(pass) constructor keeps unused private registrations for explicit preflight and dangling refs for inspection [0.17ms]
(pass) shared lexical input maps are snapshotted once per installation [4.18ms]
(pass) string collisions, special own keys and same-description symbols stay distinct across updates [9.15ms]
(pass) materialized contributions retain order through append and installation without changing old arrays [5.15ms]
(pass) root lifetime stays parent-owned after a child overrides one shared public slot [0.30ms]
(pass) former public targets are pruned when the last user of a shared lexical snapshot is replaced [0.13ms]
(pass) pruning cascades iteratively through displaced lexical targets [27.91ms]
(pass) contribution protection uses the once-read input snapshot through public replacement [0.39ms]

tests/runtime.test.ts:
(pass) sync diamond dependencies are created once and stay synchronous [0.19ms]
(pass) undefined is memoized [0.06ms]
(pass) a creating undefined-valued factory cannot be returned through reentrant resolution [0.18ms]
(pass) forward registration and forks use independent memoization [0.13ms]
(pass) synchronous factory failure can be retried [0.08ms]
(pass) ending one builder twice and forking create fresh owned roots [0.22ms]
(pass) async dependencies remain explicit and concurrent resolutions share a promise [0.17ms]
(pass) synchronous cycles include their dependency path [0.13ms]
(pass) prototype properties are not factories [0.04ms]
(pass) async factory rejections can be retried [0.12ms]
(pass) synchronous failure discards abandoned edges before retrying another token [0.08ms]
(pass) async failure discards abandoned edges before retrying another token [0.16ms]
(pass) then inspection failure discards outgoing edges before another token retries [0.18ms]
(pass) cycles discovered after await reject instead of hanging [0.21ms]

tests/aliases.test.ts:
(pass) named aliases preserve exact canonical object and immutable history [0.38ms]
(pass) all token and name combinations and forward token requirements route identically [0.24ms]
(pass) aliases preserve explicit raw and native promises without classification [0.21ms]
(pass) transient aliases add no ownership and record actual target disposal edges [0.26ms]
(pass) module aliases retain private targets and export renames under host collisions [0.30ms]
(pass) selected sharing routes alias through parent graph while independent overrides follow child graph [0.26ms]
(pass) runtime rejects transient sharing and root captures through aliases before invoking target [0.22ms]
(pass) alias inspection reports direct target and canonical attempts without stale target metadata [0.18ms]
(pass) alias cycles retain a useful lexical path [0.15ms]
(pass) runtime rejects invalid alias selections without changing the builder [0.12ms]
(pass) startup through an alias waits for final readiness and retries failed canonical acquisitions [0.37ms]
(pass) shared alias inspection identifies its parent target despite a child override [0.20ms]
(pass) aliases of root targets retain the root graph under child overrides [0.17ms]
(pass) in-flight sources may read aliases while closing and retained reads close with the canonical owner [0.27ms]
(pass) module token aliases preserve private identity and external host requirements [0.25ms]
(pass) exported target replacements and renames remain visible through module aliases [0.20ms]
(pass) re-sharing aliases keeps parent policy while fresh grandchildren and forks use local targets [0.31ms]
(pass) strict roots use the effective shared alias policy in both lifetime directions [0.52ms]
(pass) raw aliases do not inspect then getters or add cancellation contexts [0.25ms]

tests/diagnostic-markers.test.ts:
(pass) strict matcher accounts for explicit supplemental diagnostics without splitting regions [0.07ms]
(pass) supplement cannot replace a missing primary [0.02ms]
(pass) supplement rejects {"code":2345} [0.03ms]
(pass) supplement rejects {"file":"/other.ts"}
(pass) supplement rejects {"line":5} [0.01ms]
(pass) supplement rejects {"code":2589}
(pass) supplement rejects {"message":"unrelated"} [0.02ms]
(pass) unrelated cascades and TS2589 remain unexpected [0.03ms]

tests/providers.test.ts:
(pass) metadata is a snapshot and inspection never starts a factory [0.31ms]
(pass) metadata preflight sees hidden collisions before reading any getters [0.15ms]
(pass) metadata additions preserve symbol keys and snapshot accessors once [0.09ms]
(pass) runtime rejects copied and forged provider registrations [0.09ms]
(pass) inspection follows pending retries without retaining failed attempts or changing disposal [0.28ms]
(pass) module rename and fork keep metadata with the actual binding [0.29ms]
(pass) plain registrations expose empty metadata and frames, including creating snapshots [0.13ms]
(pass) metadata preserves synchronous ownership and borrowed cleanup methods [0.18ms]
(pass) adapter execution captures projected values and acquisition frames [0.19ms]

tests/scopes.test.ts:
(pass) children own fresh acquisitions while independent forks outlive their source [0.30ms]
(pass) parent close synchronously closes every descendant admission gate and waits for descendants [0.38ms]
(pass) pending child sources may acquire dependencies after parent close starts [0.20ms]
(pass) pending acquisition promises deduplicate only within one scope [0.14ms]
(pass) nested cleanup failures flatten by registration order despite reversed completion [0.44ms]
(pass) independently settled children detach on success and failure without replay [0.29ms]
(pass) parent close includes a child already closing until its failure settles [0.22ms]
(pass) unexpected child close rejection is retained after parent cleanup [0.20ms]
(pass) scope preserves native shadowed-then and raw Promise ownership in configured core [0.30ms]
(pass) child projection rollback finishes before a parent-owned finalizer [0.26ms]
(pass) scopes retain module-private identities and unchanged public binding metadata [0.26ms]
(pass) unchecked scope arguments reject before creating or acquiring a child [0.33ms]

tests/runtime-benchmark-child.test.ts:
(pass) build-close constructs 10 registrations without acquiring them [0.56ms]
(pass) cold-linear-resolve acquires each of 10 factories once [0.19ms]
(pass) warm-root-resolve excludes priming and observes one cached terminal value at 10 [0.23ms]
(pass) scope-resolve-close verifies child work after its timed operation at 10 [0.44ms]
(pass) transient-resolve-close verifies 10 distinct owned values in reverse cleanup order [0.33ms]
(pass) raw-promise-identity retains the exact raw Promise through resolution and disposal at 10 [0.18ms]
(pass) node-native-promise awaits the native Promise and disposes its fulfillment at 10 [0.17ms]
(pass) build-close constructs 100 registrations without acquiring them [0.34ms]
(pass) cold-linear-resolve acquires each of 100 factories once [0.69ms]
(pass) warm-root-resolve excludes priming and observes one cached terminal value at 100 [0.63ms]
(pass) scope-resolve-close verifies child work after its timed operation at 100 [0.74ms]
(pass) transient-resolve-close verifies 100 distinct owned values in reverse cleanup order [0.80ms]
(pass) raw-promise-identity retains the exact raw Promise through resolution and disposal at 100 [0.29ms]
(pass) node-native-promise awaits the native Promise and disposes its fulfillment at 100 [0.30ms]
(pass) scenario preparation rejects unsupported provider counts [0.13ms]
(pass) parent expectations cover the complete fixed scenario matrix [0.08ms]
(pass) verification rejects a timed result from another preparation [0.28ms]
(pass) child argument parser accepts one exact request and rejects malformed or extra input [0.13ms]

tests/type-scale.test.ts:
(pass) type scale: 100 bulk providers preserve consumer types [590.23ms]
(pass) type scale: 100 chained providers preserve consumer types [1220.45ms]
(pass) type scale: 100 replacement providers preserve consumer types [1458.00ms]
(pass) type scale: 1000 grouped providers preserve consumer types [3725.01ms]
(pass) type scale: bulk rejects missing at the graph boundary [573.89ms]
(pass) type scale: bulk rejects wrong-shape at the graph boundary [588.90ms]
(pass) type scale: chained rejects missing at the graph boundary [1258.22ms]
(pass) type scale: chained rejects wrong-shape at the graph boundary [1333.23ms]
(pass) type scale: grouped rejects missing at the graph boundary [3521.22ms]
(pass) type scale: grouped rejects wrong-shape at the graph boundary [3586.36ms]
(pass) type scale: replacement rejects missing at the graph boundary [1486.65ms]
(pass) type scale: replacement rejects wrong-shape at the graph boundary [1574.01ms]
(pass) type scale: 1000 providers from reusable named modules: valid [17298.66ms]
(pass) type scale: 1000 providers from reusable named modules: missing [16855.72ms]
(pass) type scale: 1000 providers from reusable named modules: wrong-shape [17109.74ms]

tests/native-compiler.test.ts:
(pass) parser retains real native multiline diagnostics, positions and metrics [0.82ms]
(pass) parser exposes configuration errors, TS2589 and unknown output [0.12ms]
(pass) source marker gate rejects wrong file, region, message, TS2589 and unmatched cascades [0.47ms]
(pass) verified native executable checks real nonempty valid and invalid projects [787.82ms]
(pass) native small control bulk valid [146.77ms]
(pass) native small control bulk missing [149.84ms]
(pass) native small control bindings valid [568.17ms]
(pass) native small control bindings missing-final-token [582.20ms]

tests/acquisition.test.ts:
(pass) a retry does not inherit the identity of a caught failed attempt [0.46ms]
(pass) a caught rejected attempt does not retarget its incoming edge to the retry [0.49ms]
(pass) shutdown preserves every cleanup cause and its acquisition identity [0.65ms]
(pass) cleanup diagnostics snapshot caller records without cloning the original cause [0.09ms]
(pass) a failed attempt cannot borrow its pending retry permission to acquire during close [0.31ms]
(pass) a completed factory cannot start late acquisitions while another factory drains [0.26ms]
(pass) a retained failed proxy follows live dependencies without traversing removed attempts [0.16ms]

tests/performance-evidence.test.ts:
(pass) validates one canonical runtime sample and preserves its provenance [0.87ms]
(pass) rejects a correct duration with an incorrect workload checksum [0.28ms]
(pass) rejects every semantic control mismatch [0.44ms]
(pass) rejects invalid request provenance rather than attaching it to a valid child result [0.40ms]
(pass) rejects invalid duration arithmetic and malformed result fields [0.38ms]
(pass) requires the resolved public entry to stay inside the real installed package [0.49ms]
(pass) rejects noncanonical package and entry paths even when they resolve inside the archive [0.23ms]
(pass) parses only one canonical JSON object from a clean successful child [0.42ms]
(pass) rejects child timeout, signal, status, stderr and unexpected schema keys [0.39ms]
(pass) runtime runner validates the execution returned for the exact request [0.61ms]
(pass) computes summary from every raw nanosecond without mutating input [0.25ms]
(pass) summary rejects absent, nonpositive and unsafe samples instead of producing invalid arithmetic [0.08ms]
(pass) paired bootstrap is seeded, paired and sensitive to seed mutations [21.81ms]
(pass) paired bootstrap rejects length, seed, count and denominator errors [0.13ms]
(pass) scenario execution awaits only runTimed between clock reads and verifies afterwards [0.35ms]
(pass) scenario execution rejects a backwards or zero clock before accepting evidence [0.12ms]
(pass) child protocol prepares before timing and emits request identity with verified work [0.57ms]
(pass) current-only collection runs five warmups then retains 31 validated samples serially [1.21ms]
(pass) collection journals every execution before validation so a late failure retains prior and rejected output [0.42ms]
(pass) current evidence validation requires reproducible environment, tools, fixture and source identities [0.34ms]
(pass) runtime journals use exclusive per-invocation paths and never truncate prior evidence [0.71ms]
(pass) actual child printer writes one canonical newline-terminated object accepted by the parent [0.66ms]

tests/incremental-scale.test.ts:
(pass) incremental compiler work: 100 named additions [1672.73ms]
(pass) incremental compiler work: 100 named replacements [1818.40ms]
(pass) incremental compiler work: 100 token bindings [2143.90ms]

tests/runtime-scale.test.ts:
(pass) closing a deep graph disposes every dependent before its dependency exactly once [111.89ms]
(pass) retiring an acquisition touches only its actual incoming consumers [1.58ms]
(pass) repeated reads of an existing edge do not traverse the downstream graph again [0.56ms]
(pass) late edges across a deep ready graph find cycles without overflowing the stack [15.14ms]
(pass) one module lexical map is snapshotted once while external mutations stay isolated [0.61ms]
(pass) releasing a consumer removes its reverse incoming entries without retiring live peers [0.26ms]
(pass) a branching late cycle reports the first dependency-order path and leaves its rejected edge absent [0.18ms]

tests/platform-evidence.test.ts:
(pass) required platform evidence rejects incomplete or unavailable matrices [1.08ms]
(pass) local platform identity takes precedence and invalid local identity never falls back [0.91ms]
(pass) child evidence rejects noncanonical output, stderr, process failures and the wrong lane [0.39ms]
(pass) tool verification rejects explicit unavailability, version drift and hash drift [27.54ms]
(pass) tool verification rejects malformed pins and unavailable executables before a lane starts [0.50ms]
(pass) pack output requires exactly one archive and empty stderr [1.13ms]
(pass) pack output rejects every missing declared export and package document [3.06ms]
(pass) packed archive validation catches a missing archive, changed bytes and stale file inventory [8.59ms]
(pass) archive inventory is an exact allowlist and package documents match isolated inputs byte-for-byte [14.03ms]
(pass) repository manifest verifies every provisioned identity and retains absent tools as unavailable [638.40ms]
(pass) isolated classic pack contains only freshly built declared exports and rechecks its hash [1427.34ms]
(pass) evidence writer appends stable sorted JSONL under the source/date directory [1.66ms]
(pass) platform command writes one sorted matrix and executes every provisioned lane [3956.38ms]
(pass) platform evidence module imports under the pinned Node ESM loader [201.93ms]
(pass) platform command retains archive failure rows and makes required failures nonzero [645.12ms]
(pass) browser metafile parser rejects malformed shapes before resolving inputs [0.19ms]

tests/token-package.test.ts:
(pass) installed node cjs facade shares core tokens, modes and adapters [39.14ms]
(pass) installed node mjs facade shares core tokens, modes and adapters [34.44ms]
(pass) installed bun cjs facade shares core tokens, modes and adapters [18.00ms]
(pass) installed bun mjs facade shares core tokens, modes and adapters [18.69ms]
(pass) installed token composition crosses Node commonjs and the other loader [32.36ms]
(pass) installed commonjs token-modules declaration survives emission and unchanged consumption [1432.59ms]
(pass) installed commonjs incremental-modules declaration survives emission and unchanged consumption [1256.85ms]
(pass) installed commonjs replacement-reflection declaration survives emission and unchanged consumption [1357.04ms]
(pass) installed token composition crosses Node module and the other loader [40.65ms]
(pass) installed module token-modules declaration survives emission and unchanged consumption [1328.20ms]
(pass) installed module incremental-modules declaration survives emission and unchanged consumption [1217.22ms]
(pass) installed module replacement-reflection declaration survives emission and unchanged consumption [1338.46ms]

tests/performance-baseline.test.ts:
(pass) review requires median, p95 and paired interval regression predicates together [74.85ms]
(pass) ordinary hosts remain informational even when every review threshold is met [9.85ms]
(pass) paired verdict validates the exact 31-sample protocol and unsigned seed [0.15ms]
(pass) seeded execution order is reproducible, balanced and alternates pair orientation [0.20ms]
(pass) paired collection runs serial warmups and retains samples in pair index order [1.20ms]
(pass) paired collection journals a rejected execution before validation stops the run [0.20ms]
(pass) comparison command accepts an exact pinned baseline and unsigned seed only [1.44ms]
(pass) comparison row validation rejects incomplete, unsafe and unpaired evidence [43.39ms]
(pass) journaling retains unavailable and failed terminal rows as well as validated summaries [0.15ms]
(pass) baseline archive is built from the exact commit with retained source and tool identities [1576.97ms]

tests/persistent-map.test.ts:
(pass) collision replacement and deletion preserve other keys and earlier versions [0.60ms]
(pass) mixed insert/delete operations agree with an independent native map [30.86ms]

tests/enterprise-integration.test.ts:
(pass) overlapping requests isolate private dependencies and release scopes before the shared root [1.71ms]
(pass) owned-scope fixture preserves handler and cleanup failures without closing twice [0.35ms]
(pass) test substitutions retain private module contracts and fresh transient instances [0.57ms]
(pass) a dynamically imported module starts private providers and unloads contributions exactly once [1.97ms]
(pass) owned-scope fixture preserves a thrown undefined value and cleanup-only failure [0.29ms]
(pass) owned-scope work result types follow explicit awaiting of structural thenables [0.09ms]
(pass) a fixture whose startup fails releases acquired resources without admitting work [0.37ms]

tests/lifetime-declarations.test.ts:
(pass) lifetime replacement preserves the source and owned stages [0.12ms]
(pass) invalid lifetime declarations fail before evaluating factories or option getters [0.22ms]
(pass) options are read once and snapshotted, and replacement clears capture [0.07ms]
(pass) all provider transformations retain the immutable policy [0.24ms]

tests/binding-graph.test.ts:
(pass) private bindings with the same label have distinct memoized identities [0.35ms]
(pass) an owned private dependency closes after its public dependent [0.20ms]
(pass) private Promise-valued bindings preserve their original exposed identity [0.14ms]
(pass) graph snapshots preserve lexical private refs while forks use replaced public slots [0.27ms]
(pass) batch public bindings preserve ordered duplicates and retained private identities [0.21ms]
(pass) an empty public binding batch preserves immutable graph identity [0.02ms]
(pass) mutating graph input maps cannot change public lookup or binding descriptions [0.09ms]
(pass) cycles through private aliases discovered after await show binding labels [0.23ms]

tests/composition-adapters.test.ts:
(pass) class adapters construct lazily with private fields, inherited prototypes and new.target [0.28ms]
(pass) constructor validation invokes neither the constructor nor its prototype getter [0.17ms]
(pass) function adapters pass positional values exactly and support explicitly bound receivers [0.27ms]
(pass) optional and rest function and constructor arguments follow selected positions [0.30ms]
(pass) function adapters snapshot indexed tokens and ignore custom iterators [0.22ms]
(pass) function adapters reject invalid declaration inputs before user effects [0.20ms]
(pass) function acquisition failures retry and disposal is explicit [0.25ms]
(pass) class adapters snapshot indexed tokens and ignore custom iterators [0.10ms]
(pass) class adapters reject invalid declaration inputs before user effects [0.08ms]
(pass) class acquisition failures retry and disposal is explicit [0.07ms]
(pass) raw and native adapters retain Promise identity and select the disposal value [0.25ms]
(pass) raw class adapters preserve thenables and auto rejects them without assimilation [0.18ms]
(pass) automatic adapters require runtime classification before acquisition [0.09ms]
(pass) module token graphs and selected sharing keep ownership and parent dependencies [0.40ms]
(pass) strict root class adapters retain root dependencies through child overrides [0.18ms]
(pass) native class acquisition preserves constructed promises and disposes their fulfilled value [0.26ms]
(pass) rejected function acquisitions retry with the original Promise return [0.16ms]
(pass) constructor proxies retain their acquisition trap and original new.target [0.15ms]

tests/comparator-contract.test.ts:
(pass) admits only a synchronous named graph with singleton, transient and explicit lifecycle semantics [0.57ms]
(pass) comparator cannot enter the table with incomplete or forged metadata [0.13ms]
(pass) rejects asynchronous construction or resolution from the synchronous common subset [0.10ms]
(pass) forbidden rejected async results are consumed before the child exits [43.70ms]
(pass) rejects a changed named workload, singleton caching or transient freshness [0.28ms]
(pass) rejects missing, partial and failing explicit disposal [0.24ms]
(pass) reports absent optional packages as unavailable without inventing adapter rows [0.55ms]
(pass) distinguishes unavailable installation from an unreviewed or semantically invalid adapter [0.57ms]
(pass) rejects package and adapter identity drift before semantic admission [0.39ms]
(pass) comparator CLI mode emits only truthful optional status rows and creates no timing evidence [0.48ms]

tests/benchmark-compiler-controls.test.ts:
(pass) negative controls reject a fast compile that lost its marker [0.16ms]
(pass) negative controls require exactly one marker at the generated boundary [0.14ms]
(pass) valid controls reject diagnostics and case identity substitution [0.05ms]
(pass) controls reject invalid work metrics and source provenance drift [0.10ms]
(pass) normalizer validates classic work and canonicalizes diagnostic paths [0.34ms]
(pass) normalizer extracts native extended metrics without substituting process time [0.06ms]
(pass) summary preserves every ordered sample and derives literal statistics [0.31ms]
(pass) collector performs five warm-ups then 31 retained samples serially [0.50ms]
(pass) catalog contains only the exact nine supported controls [0.04ms]
(pass) failed child evidence is journaled before normalization rejects it [0.31ms]
(pass) spawn failures are journaled even when no child row exists [0.11ms]

tests/box-adapters.test.ts:
(pass) mixed factory, owned and provider registrations map and unbox every valid branch [1.14ms]
(pass) sas modes select capabilities, preserve receiver and cache once per acquisition [0.32ms]
(pass) sas sync preserves a raw promise while asynchronous routes return native promises [0.18ms]
(pass) sas callback throws preserve error identity and clean only the owned raw box [0.25ms]
(pass) val metadata captures presence and alias without owning payload, and separates outer ownership [0.28ms]
(pass) val presence distinguishes absence and present undefined and preserves empty aliases [0.24ms]
(pass) val copies snapshots once and retains nested frames through other transforms [0.21ms]
(pass) val frames exist as absent inside the source factory and remain snapshot-isolated while pending [0.24ms]
(pass) val absence and throwing snapshot/getters retire ownership with the original error [0.29ms]
(pass) unchecked val snapshots validate every structural field without inspecting payloads [0.45ms]
(pass) val preserves raw promise payloads synchronously and awaits only the explicit async boundary [0.21ms]
(pass) val propagates snapshot-field getter errors and never reads erased payload properties [0.25ms]
(pass) failed val unboxing abandons the caller edge while pending source ownership finishes [0.26ms]

tests/types.test.ts:
(pass) observers retain exact inferred cross-file contracts [543.22ms]
(pass) plugins retain exact inferred cross-file contracts [569.43ms]
(pass) final adversarial integration retains exact inferred cross-file contracts [552.04ms]
(pass) contributions retain exact inferred cross-file contracts [717.20ms]
(pass) aliases retain exact inferred cross-file contracts [808.59ms]
(pass) dependency references retain exact inferred cross-file contracts [595.36ms]
(pass) composition adapters retain exact inferred cross-file contracts [534.33ms]
(pass) selected scopes retain exact inferred cross-file contracts [544.65ms]
(pass) startup and contextual providers retain exact inferred cross-file contracts [529.74ms]
(pass) lifetime declarations retain exact inferred cross-file contracts [634.20ms]
(pass) lifetimes inferred exports survive declaration consumption [1474.43ms]
(pass) composition-adapters inferred exports survive declaration consumption [1473.79ms]
(pass) dependency-references inferred exports survive declaration consumption [1451.57ms]
(pass) aliases inferred exports survive declaration consumption [1606.23ms]
(pass) contributions inferred exports survive declaration consumption [1562.52ms]
(pass) observers inferred exports survive declaration consumption [1319.17ms]
(pass) plugins inferred exports survive declaration consumption [1288.79ms]
(pass) final-adversarial-integration inferred exports survive declaration consumption [1352.45ms]
(pass) acquisition modes retain exact acquired values across inferred exports [618.11ms]
(pass) token modules preserve exact cross-file contracts [650.03ms]
(pass) public token composition preserves exact outputs and frames [685.07ms]
(pass) token contracts preserve exact identities and provider graphs [633.95ms]
(pass) replacement context preserves exact contracts from surviving consumers [695.59ms]
(pass) incremental checks preserve forward, replacement and frame contracts [655.07ms]
(pass) incremental projection candidates preserve replacement and resolved contracts [630.28ms]
(pass) incremental module installation preserves private, forward, and token contracts [622.76ms]
(pass) incremental module declarations retain exact results and token outputs [615.50ms]
(pass) builder views preserve exact accepted registration histories [597.79ms]
(pass) supported replacement wrappers and reflected methods stay exact and non-any [640.19ms]
(pass) replacement reflection preserves utility soundness and module history [610.47ms]
(pass) modern inline inference retains exact contracts [622.70ms]
(pass) box adapters preserve exact modes, requirements and frames [666.89ms]
(pass) typed provider metadata survives checked composition and inspection [720.80ms]
(pass) named modules preserve contracts across a file boundary [660.78ms]
(pass) valid composition preserves inferred values and explicit promise edges [609.45ms]
(pass) registration boundaries preserve selected keys and exact factory types [650.96ms]
(pass) scope preserves exact inferred contracts across a source boundary [610.93ms]
(pass) inline method-returning factories preserve exact types: add [594.72ms]
(pass) inline method-returning factories preserve exact types: fork [613.66ms]
(pass) inline method-returning factories preserve exact types: disposal [606.19ms]
(pass) type rejection: provider-boundaries.ts [655.04ms]
(pass) type rejection: acquisition-mode.ts [619.65ms]
(pass) type rejection: object-registrations.ts [598.75ms]
(pass) type rejection: fork-dependency-shape.ts [595.42ms]
(pass) type rejection: inline-wrong-shape.ts [601.82ms]
(pass) type rejection: observers.ts [585.92ms]
(pass) type rejection: wrong-shape.ts [591.86ms]
(pass) type rejection: tokens.ts [803.94ms]
(pass) type rejection: primitive-parameter.ts [565.60ms]
(pass) type rejection: union-replace.ts [579.51ms]
(pass) type rejection: replacement-wrong-shape.ts [591.71ms]
(pass) type rejection: missing.ts [578.05ms]
(pass) type rejection: module-private.ts [591.25ms]
(pass) type rejection: module-narrowing.ts [728.39ms]
(pass) type rejection: forward-wrong-shape.ts [563.93ms]
(pass) type rejection: fork-explicit-generics.ts [592.58ms]
(pass) type rejection: callable-parameter.ts [579.47ms]
(pass) type rejection: indexed-registrations.ts [605.70ms]
(pass) type rejection: incremental.ts [723.37ms]
(pass) type rejection: aliases.ts [912.93ms]
(pass) type rejection: incremental-modules.ts [625.26ms]
(pass) type rejection: selected-scopes.ts [932.27ms]
(pass) type rejection: object-overrides.ts [786.81ms]
(pass) type rejection: token-modules.ts [678.72ms]
(pass) type rejection: provider-unions.ts [641.11ms]
(pass) type rejection: inline-replacement-wrong-shape.ts [589.95ms]
(pass) type rejection: prototype-registrations.ts [605.30ms]
(pass) type rejection: modern-inline.ts [611.92ms]
(pass) type rejection: fork-missing.ts [624.57ms]
(pass) type rejection: inline-fork-wrong-shape.ts [619.05ms]
(pass) type rejection: final-adversarial-integration.ts [614.15ms]
(pass) type rejection: module-rename.ts [606.12ms]
(pass) type rejection: token-contracts.ts [639.98ms]
(pass) type rejection: module-missing.ts [586.09ms]
(pass) type rejection: module-hidden-private-needs.ts [607.68ms]
(pass) type rejection: duplicate-add.ts [597.84ms]
(pass) type rejection: module-exports.ts [598.90ms]
(pass) type rejection: fork-selection.ts [692.65ms]
(pass) type rejection: inline-fork-missing.ts [620.67ms]
(pass) type rejection: optional-parameter.ts [597.78ms]
(pass) type rejection: plugins.ts [619.10ms]
(pass) type rejection: incremental-projections.ts [641.47ms]
(pass) type rejection: replacement-context.ts [719.81ms]
(pass) type rejection: module-wrong-shape.ts [599.23ms]
(pass) type rejection: spread-disposal.ts [580.78ms]
(pass) type rejection: symbol-dependency.ts [582.91ms]
(pass) type rejection: template-dependencies.ts [602.25ms]
(pass) type rejection: lifetimes.ts [943.93ms]
(pass) type rejection: replacement-views.ts [584.35ms]
(pass) type rejection: boolean-registrations.ts [586.33ms]
(pass) type rejection: fork-wrong-shape.ts [580.80ms]
(pass) type rejection: replacement-reflection.ts [608.97ms]
(pass) type rejection: disposable-missing.ts [574.50ms]
(pass) type rejection: template-registrations.ts [553.10ms]
(pass) type rejection: required-this.ts [617.77ms]
(pass) type rejection: inline-fork-dependency-shape.ts [607.91ms]
(pass) type rejection: disposer-wrong-shape.ts [564.65ms]
(pass) type rejection: async-resolve.ts [577.19ms]
(pass) type rejection: box-adapters.ts [610.45ms]
(pass) type rejection: provider-projections.ts [614.89ms]
(pass) type rejection: composition-adapters.ts [649.61ms]
(pass) type rejection: inline-fork-extra.ts [594.43ms]
(pass) type rejection: async-dependency.ts [549.90ms]
(pass) type rejection: scopes.ts [638.30ms]
(pass) type rejection: disposer-promise.ts [557.90ms]
(pass) type rejection: inline-forward-wrong-shape.ts [579.27ms]
(pass) type rejection: union-parameter.ts [578.52ms]
(pass) type rejection: dependency-references.ts [819.56ms]
(pass) type rejection: startup.ts [618.62ms]
(pass) type rejection: invalid-registration.ts [591.79ms]
(pass) type rejection: provider-module-metadata.ts [638.19ms]
(pass) type rejection: fork-extra.ts [563.38ms]
(pass) type rejection: inline-missing.ts [578.23ms]
(pass) type rejection: builder-views.ts [630.13ms]
(pass) type rejection: contributions.ts [924.95ms]

tests/persistent-module.test.ts:
(pass) one module update does not revisit its existing registration table [3.75ms]
(pass) module updates preserve declaration positions, earlier builders and renamed lexical exports [21.61ms]

tests/plugins.test.ts:
(pass) plugin validation retains raw source ownership on success and failure [1.14ms]
(pass) plugin descriptor requires own protocol fields before factory effects [0.22ms]
(pass) plugin preflight validates dependencies and options before descriptor reads [0.12ms]
(pass) plugin descriptor preflight preserves accessor errors and ignores extra getters [0.16ms]
(pass) plugin snapshots dependencies, options and callbacks before later mutation [0.54ms]
(pass) plugin routes required optional lazy and all dependency references positionally [0.64ms]
(pass) raw plugin validation does not assimilate values or validator results [1.21ms]
(pass) native plugin validates fulfilled values, caches final output and releases source ownership [0.46ms]
(pass) native plugin rejection and output validation preserve causes and ownership [0.34ms]
(pass) native plugins require a genuine Promise source [0.19ms]
(pass) startup rollback releases an accepted plugin source once [0.52ms]
(pass) plugin callbacks use no receiver and preserve factory and validator failures [0.28ms]
(pass) plugin composition retains module privacy, aliases, contributions and selected sharing [0.89ms]
(pass) plugin observers retain the canonical acquisition and cleanup events [0.60ms]
(pass) native plugin readiness waits for source validation [0.25ms]
(pass) plugin close waits for accepted disposer cleanup exactly once [0.26ms]
(pass) plugin validation errors survive one failed retirement cleanup [0.38ms]
(pass) plugin observer lifecycle events identify its canonical acquisition [0.40ms]

tests/dependency-references.test.ts:
(pass) optional absence is distinct from a present undefined acquisition [0.57ms]
(pass) optional factory failures and native rejections propagate and retry [0.36ms]
(pass) lazy scoped dependencies defer construction and retain invocation ownership [0.28ms]
(pass) lazy root dependencies defer construction and retain invocation ownership [0.11ms]
(pass) lazy transient dependencies defer construction and retain invocation ownership [0.08ms]
(pass) all adapters snapshot mixed references by index and authenticate every handle [0.78ms]
(pass) lazy reads preserve lexical private tokens, export renames and external optional absence [0.42ms]
(pass) lazy closures use shared/root owner context and independent fork overrides [0.48ms]
(pass) raw and native references preserve Promise identity and disposal values [0.54ms]
(pass) optional synchronous and post-await cycles propagate [0.39ms]
(pass) lazy synchronous and post-await cycles propagate [0.18ms]
(pass) lazy closure shutdown admission belongs to the capturing source attempt [0.41ms]
(pass) observed reference reads retain strict root checks before routing [0.12ms]
(pass) lazy reads detect a cycle between already ready consumers [0.14ms]
(pass) a pending projection does not extend a lazy source shutdown admission [0.23ms]
(pass) root explicit capture and optional reads retain the root lexical context [0.31ms]

tests/token-scale.test.ts:
(pass) token scale: 100 bindings valid [2121.03ms]
(pass) token scale: 100 bindings missing-final-token [2125.61ms]
(pass) token scale: 100 bindings mismatched-invariant-service [2140.13ms]
(pass) token scale: 100 modules valid [2746.14ms]
(pass) token scale: 100 modules missing-final-token [2722.54ms]
(pass) token scale: 100 modules mismatched-invariant-service [2738.41ms]

tests/selected-scopes.test.ts:
(pass) selected sharing keeps parent dependencies while child overrides stay local [2.44ms]
(pass) mixed token selections retain exact borrowed pending values and override bindings [0.35ms]
(pass) scope snapshots selections and ignores unselected override getters and tuple iterators [0.37ms]
(pass) invalid selections reject before override values or provider effects [0.35ms]
(pass) empty selections are lazy and duplicates read each override once [0.27ms]
(pass) inherited strict roots keep their graph when a child overrides a dependency as scoped [0.23ms]

tests/benchmark-types.test.ts:
(pass) parent evaluator validates untrusted worker evidence and preserves requested identities [0.59ms]
(pass) benchmark rejects unsupported flags: --native --native [241.19ms]
(pass) benchmark rejects unsupported flags: --tokens --tokens [237.35ms]
(pass) benchmark rejects unsupported flags: --unknown [229.02ms]
(pass) benchmark rejects unsupported flags: --native --tokens --unknown [237.75ms]
(pass) named benchmark boundary: 100 bulk valid [668.70ms]
(pass) named benchmark boundary: 100 bulk missing [697.56ms]
(pass) named benchmark boundary: 100 bulk wrong-shape [667.04ms]
(pass) named benchmark boundary: 100 chained valid [1318.71ms]
(pass) named benchmark boundary: 100 chained missing [1328.18ms]
(pass) named benchmark boundary: 100 chained wrong-shape [1311.30ms]
(pass) named benchmark boundary: 100 grouped valid [670.71ms]
(pass) named benchmark boundary: 100 grouped missing [659.96ms]
(pass) named benchmark boundary: 100 grouped wrong-shape [657.46ms]
(pass) named benchmark boundary: 100 replacement valid [1593.05ms]
(pass) named benchmark boundary: 100 replacement missing [1796.28ms]
(pass) named benchmark boundary: 100 replacement wrong-shape [1750.80ms]
(pass) named benchmark worker retains complete boundary diagnostics [1671.40ms]
(pass) token worker defaults a valid invocation to 100 services [2149.41ms]
(pass) token worker accepts an explicit supported count [2173.30ms]
(pass) token worker rejects an extra argument before compilation [228.27ms]
(pass) token worker rejects count zero before compilation [230.16ms]
(pass) token worker rejects an unsupported count before compilation [225.32ms]
(pass) token worker rejects an invalid form before compilation [221.49ms]
(pass) token worker rejects an invalid scenario before compilation [227.58ms]

tests/platform/browser-worker.test.ts:
(pass) browser metafile accepts only the installed root export and package-local dependencies [2.84ms]
(pass) browser bundle validation rejects stale bytes, sizes, gzip size, metafile and root identity [8.20ms]
(pass) Worker protocol accepts exactly one structured portable result and rejects hostile transcripts [0.45ms]
(pass) browser Worker lane rechecks the artifact before execution and maps protocol failures [130.59ms]
(pass) explicitly unprovisioned browser tools stay unavailable without archive or bundle fallback [46.42ms]
(pass) provisioned browser tools execute the real packed archive lane [7293.93ms]

 1043 pass
 0 fail
 19236 expect() calls
Ran 1043 tests across 56 files. [478.10s]
