	Command being timed: "npm run check"
	User time (seconds): 800.90
	System time (seconds): 62.44
	Percent of CPU this job got: 177%
	Elapsed (wall clock) time (h:mm:ss or m:ss): 8:05.77
	Average shared text size (kbytes): 0
	Average unshared data size (kbytes): 0
	Average stack size (kbytes): 0
	Average total size (kbytes): 0
	Maximum resident set size (kbytes): 11308268
	Average resident set size (kbytes): 0
	Major (requiring I/O) page faults: 381
	Minor (reclaiming a frame) page faults: 23985599
	Voluntary context switches: 1731465
	Involuntary context switches: 34926
	Swaps: 0
	File system inputs: 288
	File system outputs: 228296
	Socket messages sent: 0
	Socket messages received: 0
	Signals delivered: 0
	Page size (bytes): 4096
	Exit status: 0
