
> di-bag@0.1.0 docs:check
> node --test --test-isolation=none tools/docs/test/*.test.mjs && node tools/docs/generate.mjs --check && node tools/docs/site.mjs check

[info] Loaded plugin typedoc-plugin-markdown
[info] Loaded plugin typedoc-vitepress-theme
[info] Loaded plugin typedoc-plugin-markdown
[info] Loaded plugin typedoc-vitepress-theme
[info] markdown generated at /tmp/di-bag-exact-rendering-s10EFl/reference
✔ coverage includes standalone adapter overloads and type-only callables (154.050416ms)
✔ coverage rejects a generator that silently drops a public export (154.223685ms)
✔ coverage rejects missing overloads even when the exported name survives (183.760669ms)
✔ compiler declarations retain syntax that TypeDoc reflections cannot represent (0.42872ms)
✔ canonical signatures are followed by comment-only parameter details (0.126673ms)
✔ source declarations preserve aliases and property modifiers exactly (0.175671ms)
✔ type-only function exports are described without inventing a type alias (0.163919ms)
✔ hosted Markdown links stay local, while repository files link to GitHub (0.907408ms)
✔ generated reference drift detects new, modified, and obsolete files (8.788753ms)
✔ rendered-site checks catch broken fragments and incorrect Pages asset paths (2.105578ms)
✔ rendered declarations accept members and reject malformed type syntax (2.521552ms)
ℹ tests 11
ℹ suites 0
ℹ pass 11
ℹ fail 0
ℹ cancelled 0
ℹ skipped 0
ℹ todo 0
ℹ duration_ms 2741.840507
[info] Loaded plugin typedoc-plugin-markdown
[info] Loaded plugin typedoc-vitepress-theme
[info] markdown generated at /tmp/di-bag-api-qqeR2S/reference
Generated API Markdown is current; all entry points and callable overloads are covered.
Prepared 115 Markdown pages; repository-only links point to GitHub.
