Command exited with non-zero status 1
	Command being timed: "npm run check"
	User time (seconds): 799.38
	System time (seconds): 67.13
	Percent of CPU this job got: 177%
	Elapsed (wall clock) time (h:mm:ss or m:ss): 8:07.56
	Average shared text size (kbytes): 0
	Average unshared data size (kbytes): 0
	Average stack size (kbytes): 0
	Average total size (kbytes): 0
	Maximum resident set size (kbytes): 13326060
	Average resident set size (kbytes): 0
	Major (requiring I/O) page faults: 717
	Minor (reclaiming a frame) page faults: 27338783
	Voluntary context switches: 1636967
	Involuntary context switches: 35464
	Swaps: 0
	File system inputs: 698752
	File system outputs: 221312
	Socket messages sent: 0
	Socket messages received: 0
	Signals delivered: 0
	Page size (bytes): 4096
	Exit status: 1
