
tests/observers.test.ts:
(pass) observers preserve raw identity and explicit ownership [6.10ms]
(pass) ready follows the final native stage while retaining exposed identity [0.92ms]
(pass) observer failure monitoring handles throws, rejection and throwing then without gating shutdown [0.79ms]
(pass) configuration snapshots callbacks, appends in order and retains classification [1.03ms]
(pass) reentrant observer resolution runs outside factory ancestry and respects published close [0.69ms]
(pass) canonical owners distinguish shared roots, independent forks, contributions and transients [3.06ms]
(pass) failed final projections retire accepted ownership once and preserve cleanup errors [1.66ms]
(pass) intermediate native failure bypassed by raw projection is not final failure [0.49ms]
(pass) private module frames are immutable snapshots without freezing application metadata [2.72ms]
(pass) startup rollback observes accepted cleanup while preserving the startup cause [1.91ms]
(pass) cancellation observes late accepted resources and final failure without awaiting telemetry [1.11ms]
(pass) throwing-then error sink results are consumed and appending duplicates keeps every callback [0.28ms]
(pass) delivery keeps emission order across immutable appended facade configurations [0.29ms]

tests/acquisition-mode.test.ts:
(pass) close waits for a native acquisition with shadowed then at source [0.36ms]
(pass) close waits for a native acquisition with shadowed then at projection [0.14ms]
(pass) close waits for a native acquisition with shadowed then at val-box [0.12ms]
(pass) unconfigured core preflights every stage and private module before any factory effects [0.34ms]
(pass) facades snapshot and isolate their predicate, carrying it through builders and forks [0.64ms]
(pass) invalid configuration, modes and classifier results fail explicitly [0.24ms]
(pass) automatic ordinary values preserve the then-presence guard [0.13ms]
(pass) raw Promise and then-getter values retain exact ownership without observation or waiting [0.27ms]
(pass) explicit native and async projections work without a classifier and preserve previous owners [0.36ms]
(pass) auto observes local native state with non-callable then [0.18ms]
(pass) native observes local native state with non-callable then [0.10ms]
(pass) auto observes foreign native state with non-callable then [0.43ms]
(pass) native observes foreign native state with non-callable then [0.27ms]
(pass) presence frames default to raw while required frames and sync capabilities select output mode [0.37ms]
(pass) async adapters retain their native output contract without reading hidden acquisition options [0.29ms]
(pass) val-box options preserve invalid value rejection and require a selection when supplied [0.06ms]

tests/release-artifacts.test.ts:
(pass) release documentation contract > adversarial release gates are four separately supervised file commands [1.33ms]
(pass) release documentation contract > release documents match the frozen package and gate every online command [0.37ms]
(pass) release documentation contract > the publication boundary rejects stale, missing, duplicated, and misplaced commands [0.33ms]
(pass) release documentation contract > public docs state entry-point, adapter, acquisition, ownership, and release limits [0.91ms]
(pass) release artifact scripts > reject unsafe and unsupported manifest arguments [0.19ms]
(pass) release artifact scripts > expose guarded parsers and archive inspection [0.02ms]
(pass) archive verifier TDD boundary > exports a read-only verifier and strict CLI parser
(pass) safe npm archive parser > returns sorted regular entries and exact package metadata bytes [3.08ms]
(pass) safe npm archive parser > rejects absolute name [0.35ms]
(pass) safe npm archive parser > rejects traversal [0.36ms]
(pass) safe npm archive parser > rejects backslash [0.22ms]
(pass) safe npm archive parser > rejects outside package [0.21ms]
(pass) safe npm archive parser > rejects duplicate [0.30ms]
(pass) safe npm archive parser > rejects prefix collision [0.48ms]
(pass) safe npm archive parser > rejects symlink [0.23ms]
(pass) safe npm archive parser > rejects hardlink [0.24ms]
(pass) safe npm archive parser > rejects fifo [0.23ms]
(pass) safe npm archive parser > rejects device [0.21ms]
(pass) safe npm archive parser > rejects unknown type [0.20ms]
(pass) safe npm archive parser > rejects NUL ambiguity [0.26ms]
(pass) safe npm archive parser > rejects entry size ceiling [0.20ms]
(pass) safe npm archive parser > rejects checksum [0.21ms]
(pass) safe npm archive parser > rejects magic [0.21ms]
(pass) safe npm archive parser > rejects numeric NUL suffix [0.23ms]
(pass) safe npm archive parser > rejects nonzero padding [0.33ms]
(pass) safe npm archive parser > rejects terminator [0.31ms]
(pass) safe npm archive parser > rejects trailing junk [0.31ms]
(pass) safe npm archive parser > rejects truncated entry [0.24ms]
(pass) safe npm archive parser > rejects missing metadata [0.25ms]
(pass) safe npm archive parser > rejects invalid and empty gzip bytes [0.76ms]
(pass) command evidence runner > parses canonical sorted inputs and preserves argv spaces [0.51ms]
(pass) command evidence runner > rejects unsafe argv: bash -c echo hi [0.02ms]
(pass) command evidence runner > rejects unsafe argv: npm view di-bag [0.02ms]
(pass) command evidence runner > rejects unsafe argv: npm login
(pass) command evidence runner > rejects unsafe argv: npm publish a.tgz
(pass) command evidence runner > rejects unsafe argv: npm dist-tag add
(pass) command evidence runner > rejects unsafe argv: git push
(pass) command evidence runner > rejects unsafe argv: git tag v1
(pass) command evidence runner > rejects unsafe argv: node --registry x
(pass) command evidence runner > rejects unsafe argv: node https://registry.npmjs.org
(pass) command evidence runner > rejects unsafe argv: node &&
(pass) command evidence runner > rejects unsafe argv: node -e thing
(pass) command evidence runner > rejects unsafe argv: env npm publish x.tgz
(pass) command evidence runner > rejects unsafe argv: env git push
(pass) command evidence runner > rejects unsafe argv: npx npm view di-bag
(pass) command evidence runner > rejects unsafe argv: bunx tool
(pass) command evidence runner > rejects unsafe argv: corepack npm login
(pass) command evidence runner > rejects relative, escaping, symlinked, duplicate, and unsupported arguments [0.09ms]
(pass) command evidence runner > records stdout, stderr, input hashes, normalized success and record-last evidence [10.29ms]
(pass) command evidence runner > rejects timeout, output overflow, nonzero status, and spawn failure without publishing a record [53.11ms]
(pass) command evidence runner > rejects injected memory, monitor, signal and spawn outcomes [0.97ms]
(pass) command evidence runner > failed reruns and thrown supervisors erase stale success evidence [31.32ms]
(pass) command evidence runner > hashes inputs before execution and rolls back orphan logs if record publication fails [34.09ms]
(pass) native gap inventory > freezes the exact current zero-gap source authority [1.08ms]
(pass) native gap inventory > accepts empty and reviewed fresh inventory while an empty authority rejects a new gap [0.91ms]
(pass) native gap inventory > parses the documented relative reviewed root and exact absolute outputs [1.28ms]
(pass) release tree hashing > hashes sorted regular paths deterministically [0.56ms]
(pass) release tree hashing > rejects empty, symlink, special and unsafe argument layouts [17.65ms]
(pass) release tree hashing > detects byte mutations through changed digest [0.75ms]
(pass) manifest validation and deterministic projection > manifest fixtures leave root candidate archive existence and bytes unchanged [5.27ms]
(pass) manifest validation and deterministic projection > derives immutable archive facts and is deterministic across caller ordering [7.87ms]
(pass) manifest validation and deterministic projection > public evidence has no absolute paths and is invariant to final commit and approved observed diff [6.42ms]
(pass) manifest validation and deterministic projection > allows canonical SHA-512 SRI only in package integrity fields [4.07ms]
(pass) manifest validation and deterministic projection > rejects duplicate/missing packages, bad versions, metadata, pack facts and handoff paths [20.33ms]
(pass) manifest validation and deterministic projection > accepts zero reviewed and fresh native gaps and rejects every unexpected fresh occurrence [7.32ms]
(pass) manifest validation and deterministic projection > retains nonempty-authority manifest validation for historical candidates [4.36ms]
(pass) manifest validation and deterministic projection > rejects failed, malformed-time, duplicate-input and mutated-log command evidence [11.78ms]
(pass) manifest validation and deterministic projection > rejects archive containment, symlink escape, absence and replacement facts [1.70ms]
(pass) manifest validation and deterministic projection > manifest CLI rejects every non-fixed public target form [0.25ms]
(pass) manifest validation and deterministic projection > public projection rejects absolute argv and input paths outside known roots [12.31ms]
(pass) archive verifier > independently accepts exact archive, pack, metadata, export, dependency, and public facts [24.52ms]
(pass) archive verifier > rejects every archive digest and file-list mismatch [117.43ms]
(pass) archive verifier > rejects altered, duplicate, stale, divergent, extra-field, and filename pack JSON [161.82ms]
(pass) archive verifier > enforces exact DI and box package metadata, exports, entry counts, and empty dependencies [485.23ms]
(pass) archive verifier > rejects malformed dependency, files, and bundled dependency metadata shapes [226.07ms]
(pass) archive verifier > rejects forbidden source, test, fixture, dependency, credential, and tarball content [576.82ms]
(pass) archive verifier > rejects missing DI export pairs and extra box entries from archive bytes [140.89ms]
(pass) archive verifier > requires byte-identical stable public evidence and rejects missing, stale, malformed, and extra bytes [89.82ms]
(pass) archive verifier > rejects malicious archives before creating or running a consumer workdir [54.04ms]
(pass) archive verifier > uses one fixed explicit offline install argv with no fallback [0.08ms]
(pass) archive verifier > core import tracing rejects bare, self, node builtin, and unresolved relative specifiers [3.88ms]
(pass) archive verifier > CLI accepts only canonical contained manifest and empty work directory paths [501.11ms]
(pass) archive verifier > direct verifier API rejects outside, relative, aliased, and nonempty work paths before mutation [0.86ms]
(pass) archive verifier > binds both declaration compilers to the exact manifest versions before emitting [995.08ms]
(pass) archive verifier > matches both I14 diagnostics to their marked regions and expected message fragments [0.72ms]
(pass) archive verifier > installs owned verified bytes and passes real Node/Bun, CJS/ESM, core-only, and declaration oracles [13380.44ms]
(pass) final release audit > validates exactly five roles and produces deterministic non-self-attestation [3.81ms]
(pass) final release audit > rejects missing, duplicate, failed, mutated, stale-input and wrong-Git evidence [3.81ms]
(pass) final release audit > rejects every invalid retained command field and fixed limit violation [63.08ms]
(pass) final release audit > audit CLI rejects wrong output, public location, OIDs, duplicate and extra options [0.36ms]

tests/startup.test.ts:
(pass) contexts follow acquisition owners through child-first roots and independent forks [0.65ms]
(pass) abort listeners cannot reenter any closing scope admission gate [0.29ms]
(pass) startup waits for selected native acquisition while leaving unrelated providers lazy [0.30ms]
(pass) startup uses native observation with shadowed then and treats raw promises as ready [0.33ms]
(pass) a ready native projection starts while its source remains pending until shutdown [0.31ms]
(pass) failed native projection aborts a cooperative pending source before cleanup [0.31ms]
(pass) sequential startup waits before invoking the next selection [0.42ms]
(pass) startup selects genuine tokens and keeps separate owned transient attempts [0.29ms]
(pass) late contextual dependencies receive an already aborted owner signal [0.24ms]
(pass) startup removes its abort listener on success [0.25ms]
(pass) startup removes its abort listener on failure [0.11ms]
(pass) startup removes its abort listener on aborted [0.08ms]
(pass) startup removes its abort listener on timeout [5.32ms]
(pass) startup snapshots option getters once after snapshotting all selected keys [0.21ms]
(pass) sequential startup stops after failure and waits for cleanup with original causes [0.50ms]
(pass) parallel startup starts later selections after synchronous failure and cleans pending ownership [0.26ms]
(pass) aborted rejects before late ownership and exposes eventual cleanup failure [0.43ms]
(pass) timeout rejects before late ownership and exposes eventual cleanup failure [6.39ms]
(pass) already aborted startup does not invoke any factories [0.27ms]
(pass) cancellation can interrupt cleanup after ordinary startup failure [0.31ms]
(pass) successful startup removes external cancellation and snapshots indexed selections [0.25ms]
(pass) invalid startup inputs reject before factory or unsupported option getter effects [0.37ms]
(pass) numeric startup 1 bounds selected readiness and preserves promise identity [0.40ms]
(pass) numeric startup 2 bounds selected readiness and preserves promise identity [0.20ms]
(pass) numeric startup 20 bounds selected readiness and preserves promise identity [0.15ms]
(pass) numeric startup 1 snapshots options and retains duplicate selected lifetimes [0.32ms]
(pass) numeric startup 2 snapshots options and retains duplicate selected lifetimes [0.12ms]
(pass) numeric startup uses final raw readiness while owned sources remain pending [0.34ms]
(pass) bounded startup stops dequeuing after failure and cleans started work [0.47ms]
(pass) bounded startup stops dequeuing after aborted and cleans started work [0.16ms]
(pass) bounded startup stops dequeuing after timeout and cleans started work [6.31ms]
(pass) numeric startup rejects invalid bounds before factories [0.30ms]
(pass) numeric startup stops initial worker admission when a factory aborts synchronously [0.31ms]

tests/platform-deno.test.ts:
(pass) portable root contract has host-independent semantics [0.95ms]
(pass) portable inspection proof rejects nonobjects and inexact or unfrozen metadata [0.10ms]
(pass) Deno child validation requires canonical output from the local installed archive [0.78ms]
(pass) Deno child validation fails closed when the expected installation is absent [0.17ms]
(pass) an unprovisioned Deno pin yields an explicit unavailable row without touching the archive [8.57ms]

tests/final-adversarial-integration.test.ts:
(pass) I1 preserves its deterministic adversarial source oracle [13.99ms]
(pass) I2 preserves its deterministic adversarial source oracle [8.01ms]
(pass) I3 preserves its deterministic adversarial source oracle [7.90ms]
(pass) I4 preserves its deterministic adversarial source oracle [7.89ms]
(pass) I5 preserves its deterministic adversarial source oracle [7.89ms]
(pass) I6 preserves its deterministic adversarial source oracle [7.53ms]
(pass) I7 preserves its deterministic adversarial source oracle [8.14ms]
(pass) I8 preserves its deterministic adversarial source oracle [8.93ms]
(pass) I9 preserves its deterministic adversarial source oracle [9.50ms]
(pass) I10 preserves its deterministic adversarial source oracle [9.48ms]
(pass) I11 preserves its deterministic adversarial source oracle [9.32ms]
(pass) I13 preserves its deterministic adversarial source oracle [9.12ms]
(pass) I12 disposes accepted late ownership before independent immediate ownership [9.51ms]

tests/compiler-case.test.ts:
(pass) selected compiler case admits only original matrix identities [0.35ms]
(pass) a claimed accepted result cannot hide an original-boundary failure [0.68ms]
(pass) direct selected-case calls reject invalid lane and matrix identities before dispatch [0.54ms]
(pass) recomputed boundary rejects self-consistent worker evidence at the wrong boundary [0.29ms]
(pass) selected evidence rejects sourceCommit drift while compilation runs [0.11ms]
(pass) selected evidence rejects sourceStatus drift while compilation runs [0.02ms]
(pass) selected evidence rejects sourceSha256 drift while compilation runs
(pass) selected evidence rejects generatedSha256 drift while compilation runs
(pass) native selected evidence preserves the hash of the compiled snapshot [0.10ms]
(pass) compiler CLI deterministically selects exit status from simulated evidence [0.06ms]
(pass) classic process failures retain compiler identity and complete provenance [0.07ms]
(pass) classic selected 100 bulk valid returns verified evidence [1192.25ms]
(pass) classic selected 100 bulk missing returns verified evidence [1169.43ms]
(pass) native selected 100 bulk valid returns verified evidence [167.40ms]
(pass) native selected 100 bulk missing returns verified evidence [162.68ms]
(pass) selected compiler CLI rejects an invalid identity without JSON success [248.87ms]

tests/lifetimes.test.ts:
(pass) root, scoped and transient identity have distinct ownership [0.47ms]
(pass) child-first roots capture dependencies in the root owner through grandchildren and forks [0.31ms]
(pass) same-object transients own separate attempts and preserve every cleanup cause [0.31ms]
(pass) raw and native lifetimes retain original pending promises and classification [0.27ms]
(pass) failed root cache entries retry across children with new acquisition identities [0.19ms]
(pass) public synchronous transient reentrancy is rejected before a second factory invocation [0.14ms]
(pass) pure transient post-await ancestry rejects repeated construction [0.20ms]
(pass) mixed cached and transient post-await cycles preserve acquisition graph detection [0.21ms]
(pass) independent pending transient calls are distinct nonrecursive acquisitions [0.12ms]
(pass) a ready transient proxy may create a fresh instance on each later method call [0.10ms]
(pass) pending child work acquires roots during parent close and root cleanup follows child cleanup [0.23ms]
(pass) strict roots reject new scoped reads directly [0.16ms]
(pass) strict roots reject new scoped reads through a transient [0.06ms]
(pass) strict roots reject cached scoped reads directly [0.05ms]
(pass) strict roots reject cached scoped reads through a transient [0.03ms]
(pass) strict capture boundaries survive await and ready transient methods [0.24ms]
(pass) strict roots can consume capturing roots without inheriting their permission [0.18ms]
(pass) token captive reads reject at the observed edge before scoped creation [0.14ms]
(pass) renamed module exports retain private root and transient ownership despite public collisions [0.30ms]
(pass) private module scoped capture rejects despite an identically named public root [0.19ms]
(pass) failed root rollback and retry retain distinct ownership across child consumers [0.41ms]
(pass) child close releases its attempts while a child-first root remains pending [0.20ms]
(pass) completed child and retired proxies cannot borrow another attempt closing permission for root reads [0.19ms]
(pass) pending source permission survives a ready projection when routing late roots [0.21ms]
(pass) family retirement removes cross-owner incoming edges but preserves outgoing rollback dependencies [0.18ms]
(pass) retired transient ancestry does not block a retained proxy from retrying its binding [0.14ms]
(pass) token roots retain family ownership through a transient token consumer and independent override [0.24ms]
(pass) pending source permission survives failed projection rollback for late root reads [0.23ms]

tests/selected-scope-runtime.test.ts:
(pass) selected service borrows parent configuration and ownership while child config is overridden [0.34ms]
(pass) scoped sharing selects the immediate parent and must be selected again by grandchildren [0.15ms]
(pass) child-defined roots anchor their graph while inherited roots construct in the original graph [0.29ms]
(pass) shared pending promises deduplicate and failed acquisitions retry at the owner [0.18ms]
(pass) closing a borrower leaves the pending owner context and finalizer intact [0.22ms]
(pass) pending child sources discover shared parent dependencies during tree close [0.31ms]
(pass) strict child roots reject shared scoped dependencies before reading a cached owner [0.15ms]
(pass) shared dependency edges detect cycles through retained owner proxies [0.12ms]
(pass) shared module bindings preserve lexical private dependencies despite child public replacements [0.20ms]
(pass) synchronous shared owner reentry detects a cycle across acquisition owners [0.22ms]
(pass) a ready projection retains source permission for late shared reads [0.35ms]
(pass) a failed projection retains source permission for late shared reads [0.08ms]
(pass) completed and retired child proxies cannot borrow another source closing permission for shared reads [0.19ms]

tests/platform-tools.test.ts:
(pass) tool capture binds the actual artifact and exact observed version output [13.98ms]
(pass) tool capture rejects wrong versions, substring matches and unsuccessful probes [84.36ms]

tests/wbs-scope.test.ts:
(pass) WBS scopes borrow infrastructure and recreate stores, collectors and services [1.18ms]
(pass) an explicitly shared WBS service keeps its original stores and broadcaster [0.43ms]
(pass) closing the root disposes its resources but leaves the startup-owned source usable [0.27ms]
(pass) startup cleans every owner and discards held announcements when batch work fails [0.36ms]
(pass) startup still closes later bags and its source when multiple disposers fail [0.55ms]
(pass) a factory cleans partial acquisition before throwing; the bag does not dispose it twice [0.29ms]
(pass) the runnable example reports published work and complete shutdown [0.34ms]

tests/native-process.test.ts:
(pass) supervisor terminates and reaps a live child on monitor EIO [1.38ms]
(pass) supervisor terminates and reaps a live child on monitor ENOENT [0.62ms]
(pass) supervisor terminates and reaps a live child on monitor ESRCH [0.51ms]
(pass) supervisor terminates and reaps a live child on monitor missing VmRSS [21.18ms]
(pass) supervisor drains and reaps a zombie when status reports ENOENT before the exit callback [83.06ms]
(pass) supervisor drains and reaps a zombie when status reports ESRCH before the exit callback [88.37ms]
(pass) supervisor confirms ESRCH process disappearance before its exit callback runs [95.85ms]
(pass) supervisor drains streams and awaits pending sample cleanup for missing VmRSS during exit [104.56ms]
(pass) supervisor drains streams and awaits pending sample cleanup for ENOENT after exit [104.57ms]
(pass) supervisor drains streams and awaits pending sample cleanup for ESRCH after exit [106.22ms]
(pass) monitor termination waits for inherited stdout and stderr to close [65.20ms]
(pass) supervisor retains clean child streams and exit status [68.98ms]
(pass) failed spawn is explicit evidence [0.66ms]
(pass) supervisor terminates and reaps timeout child [21.36ms]
(pass) supervisor terminates and reaps memory child [21.17ms]
(pass) supervisor terminates and reaps output child [24.31ms]
(pass) invalid limits and unsupported platforms fail before spawning [0.19ms]
(pass) output overflow remains byte bounded when UTF8 is cut within a character [22.23ms]

tests/box-package.test.ts:
(pass) installed replacement module support compiles through the public archive [983.71ms]
(pass) real fixtures retain the verified archive hashes [9.77ms]
(pass) embedded CJS and ESM adversarial consumers use every public subpath without repository imports [9.21ms]
(pass) installed import graph tracing includes ESM side effects, exports, dynamic imports, and CJS requires [10.87ms]
(pass) packed core root runs in CJS and ESM under Node and Bun without boxes or Node runtime imports [137.70ms]
(pass) installed real box commonjs archive runs the full adversarial oracle in Node and Bun [102.92ms]
(pass) installed real boxes compose in Node commonjs and share cross-loader descriptors [66.15ms]
(pass) installed commonjs modern inline declarations survive emission and unchanged consumption [1501.07ms]
(pass) installed commonjs declaration contracts: final-adversarial-integration.ts [737.69ms]
(pass) installed commonjs declaration contracts: negative/final-adversarial-integration.ts [713.35ms]
(pass) installed commonjs declaration contracts: plugins.ts [697.59ms]
(pass) installed commonjs declaration contracts: negative/plugins.ts [671.22ms]
(pass) installed commonjs declaration contracts: observers.ts [660.00ms]
(pass) installed commonjs declaration contracts: negative/observers.ts [635.03ms]
(pass) installed commonjs declaration contracts: contributions.ts [834.73ms]
(pass) installed commonjs declaration contracts: negative/contributions.ts [1051.90ms]
(pass) installed commonjs declaration contracts: aliases.ts [850.01ms]
(pass) installed commonjs declaration contracts: negative/aliases.ts [977.13ms]
(pass) installed commonjs declaration contracts: dependency-references.ts [728.14ms]
(pass) installed commonjs declaration contracts: negative/dependency-references.ts [890.94ms]
(pass) installed commonjs declaration contracts: composition-adapters.ts [683.58ms]
(pass) installed commonjs declaration contracts: negative/composition-adapters.ts [678.44ms]
(pass) installed commonjs declaration contracts: selected-scopes.ts [742.89ms]
(pass) installed commonjs declaration contracts: negative/selected-scopes.ts [830.16ms]
(pass) installed commonjs declaration contracts: startup.ts [681.76ms]
(pass) installed commonjs declaration contracts: negative/startup.ts [702.04ms]
(pass) installed commonjs declaration contracts: acquisition-mode.ts [655.82ms]
(pass) installed commonjs declaration contracts: negative/acquisition-mode.ts [645.25ms]
(pass) installed commonjs declaration contracts: scopes.ts [627.30ms]
(pass) installed commonjs declaration contracts: negative/scopes.ts [674.95ms]
(pass) installed commonjs declaration contracts: lifetimes.ts [762.43ms]
(pass) installed commonjs declaration contracts: negative/lifetimes.ts [950.17ms]
(pass) installed commonjs declaration contracts: tokens.ts [689.99ms]
(pass) installed commonjs declaration contracts: negative/tokens.ts [807.13ms]
(pass) installed commonjs declaration contracts: negative/token-modules.ts [672.46ms]
(pass) installed commonjs declaration contracts: token-contracts.ts [638.11ms]
(pass) installed commonjs declaration contracts: negative/token-contracts.ts [838.49ms]
(pass) installed commonjs declaration contracts: box-adapters.ts [696.78ms]
(pass) installed commonjs declaration contracts: negative/box-adapters.ts [663.08ms]
(pass) installed commonjs declaration contracts: negative/provider-unions.ts [655.92ms]
(pass) installed commonjs declaration contracts: incremental.ts [667.52ms]
(pass) installed commonjs declaration contracts: negative/incremental.ts [749.45ms]
(pass) installed commonjs declaration contracts: incremental-modules.ts [641.08ms]
(pass) installed commonjs declaration contracts: negative/incremental-modules.ts [648.92ms]
(pass) installed commonjs declaration contracts: builder-views.ts [647.79ms]
(pass) installed commonjs declaration contracts: negative/builder-views.ts [745.13ms]
(pass) installed commonjs declaration contracts: modern-inline.ts [643.26ms]
(pass) installed commonjs declaration contracts: negative/modern-inline.ts [651.69ms]
(pass) installed commonjs declaration contracts: real [707.16ms]
(pass) installed commonjs declaration contracts: replacement-supported.ts [877.82ms]
(pass) installed commonjs declaration contracts: negative/replacement-views.ts [847.21ms]
(pass) installed commonjs declaration contracts: replacement-context.ts [707.37ms]
(pass) installed commonjs declaration contracts: replacement-reflection.ts [679.81ms]
(pass) installed commonjs declaration contracts: negative/replacement-reflection.ts [712.00ms]
(pass) installed commonjs declaration contracts: negative/inline-replacement-wrong-shape.ts [813.02ms]
(pass) installed commonjs declaration contracts: negative/module-hidden-private-needs.ts [626.52ms]
(pass) installed commonjs declaration contracts: negative/module-narrowing.ts [805.79ms]
(pass) installed commonjs declaration contracts: negative/module-rename.ts [781.76ms]
(pass) installed commonjs declaration contracts: negative/provider-boundaries.ts [678.20ms]
(pass) installed commonjs declaration contracts: negative/replacement-context.ts [729.71ms]
(pass) installed commonjs declaration contracts: negative/replacement-wrong-shape.ts [609.82ms]
(pass) installed commonjs declaration contracts: negative/required-this.ts [633.61ms]
(pass) installed commonjs declaration contracts: negative/union-replace.ts [619.47ms]
(pass) installed real box module archive runs the full adversarial oracle in Node and Bun [130.94ms]
(pass) installed real boxes compose in Node module and share cross-loader descriptors [65.94ms]
(pass) installed module modern inline declarations survive emission and unchanged consumption [1344.26ms]
(pass) installed module declaration contracts: final-adversarial-integration.ts [655.86ms]
(pass) installed module declaration contracts: negative/final-adversarial-integration.ts [644.54ms]
(pass) installed module declaration contracts: plugins.ts [637.35ms]
(pass) installed module declaration contracts: negative/plugins.ts [658.70ms]
(pass) installed module declaration contracts: observers.ts [625.25ms]
(pass) installed module declaration contracts: negative/observers.ts [610.86ms]
(pass) installed module declaration contracts: contributions.ts [782.26ms]
(pass) installed module declaration contracts: negative/contributions.ts [980.44ms]
(pass) installed module declaration contracts: aliases.ts [833.69ms]
(pass) installed module declaration contracts: negative/aliases.ts [976.06ms]
(pass) installed module declaration contracts: dependency-references.ts [704.67ms]
(pass) installed module declaration contracts: negative/dependency-references.ts [833.17ms]
(pass) installed module declaration contracts: composition-adapters.ts [644.37ms]
(pass) installed module declaration contracts: negative/composition-adapters.ts [676.70ms]
(pass) installed module declaration contracts: selected-scopes.ts [676.84ms]
(pass) installed module declaration contracts: negative/selected-scopes.ts [835.20ms]
(pass) installed module declaration contracts: startup.ts [675.83ms]
(pass) installed module declaration contracts: negative/startup.ts [688.59ms]
(pass) installed module declaration contracts: acquisition-mode.ts [636.14ms]
(pass) installed module declaration contracts: negative/acquisition-mode.ts [622.97ms]
(pass) installed module declaration contracts: scopes.ts [643.39ms]
(pass) installed module declaration contracts: negative/scopes.ts [670.52ms]
(pass) installed module declaration contracts: lifetimes.ts [766.48ms]
(pass) installed module declaration contracts: negative/lifetimes.ts [937.67ms]
(pass) installed module declaration contracts: tokens.ts [691.16ms]
(pass) installed module declaration contracts: negative/tokens.ts [819.63ms]
(pass) installed module declaration contracts: negative/token-modules.ts [666.75ms]
(pass) installed module declaration contracts: token-contracts.ts [643.15ms]
(pass) installed module declaration contracts: negative/token-contracts.ts [670.15ms]
(pass) installed module declaration contracts: box-adapters.ts [678.70ms]
(pass) installed module declaration contracts: negative/box-adapters.ts [648.42ms]
(pass) installed module declaration contracts: negative/provider-unions.ts [655.99ms]
(pass) installed module declaration contracts: incremental.ts [708.18ms]
(pass) installed module declaration contracts: negative/incremental.ts [718.61ms]
(pass) installed module declaration contracts: incremental-modules.ts [658.02ms]
(pass) installed module declaration contracts: negative/incremental-modules.ts [654.85ms]
(pass) installed module declaration contracts: builder-views.ts [683.22ms]
(pass) installed module declaration contracts: negative/builder-views.ts [706.77ms]
(pass) installed module declaration contracts: modern-inline.ts [623.16ms]
(pass) installed module declaration contracts: negative/modern-inline.ts [662.60ms]
(pass) installed module declaration contracts: real [818.36ms]
(pass) installed module declaration contracts: replacement-supported.ts [726.49ms]
(pass) installed module declaration contracts: negative/replacement-views.ts [676.91ms]
(pass) installed module declaration contracts: replacement-context.ts [698.71ms]
(pass) installed module declaration contracts: replacement-reflection.ts [668.54ms]
(pass) installed module declaration contracts: negative/replacement-reflection.ts [701.43ms]
(pass) installed module declaration contracts: negative/inline-replacement-wrong-shape.ts [625.09ms]
(pass) installed module declaration contracts: negative/module-hidden-private-needs.ts [623.50ms]
(pass) installed module declaration contracts: negative/module-narrowing.ts [807.72ms]
(pass) installed module declaration contracts: negative/module-rename.ts [655.88ms]
(pass) installed module declaration contracts: negative/provider-boundaries.ts [670.74ms]
(pass) installed module declaration contracts: negative/replacement-context.ts [715.17ms]
(pass) installed module declaration contracts: negative/replacement-wrong-shape.ts [608.55ms]
(pass) installed module declaration contracts: negative/required-this.ts [632.80ms]
(pass) installed module declaration contracts: negative/union-replace.ts [616.58ms]

tests/package.test.ts:
(pass) feature library inferred token exports survive declaration emission [1283.23ms]
(pass) classic installed commonjs archive returns the full adversarial oracle [61.44ms]
(pass) Node commonjs consumers can resolve and dispose through the public package [82.39ms]
(pass) Node commonjs observes local and foreign native subclass state directly [38.12ms]
(pass) TypeScript commonjs consumers can use the emitted declarations [767.31ms]
(pass) TypeScript commonjs emitted provider contracts: plugins.ts [637.06ms]
(pass) TypeScript commonjs emitted provider contracts: negative/plugins.ts [620.35ms]
(pass) TypeScript commonjs emitted provider contracts: observers.ts [615.12ms]
(pass) TypeScript commonjs emitted provider contracts: negative/observers.ts [576.67ms]
(pass) TypeScript commonjs emitted provider contracts: contributions.ts [782.61ms]
(pass) TypeScript commonjs emitted provider contracts: negative/contributions.ts [962.71ms]
(pass) TypeScript commonjs emitted provider contracts: aliases.ts [776.65ms]
(pass) TypeScript commonjs emitted provider contracts: negative/aliases.ts [928.79ms]
(pass) TypeScript commonjs emitted provider contracts: dependency-references.ts [692.62ms]
(pass) TypeScript commonjs emitted provider contracts: negative/dependency-references.ts [834.15ms]
(pass) TypeScript commonjs emitted provider contracts: composition-adapters.ts [640.99ms]
(pass) TypeScript commonjs emitted provider contracts: negative/composition-adapters.ts [590.57ms]
(pass) TypeScript commonjs emitted provider contracts: selected-scopes.ts [629.11ms]
(pass) TypeScript commonjs emitted provider contracts: negative/selected-scopes.ts [786.46ms]
(pass) TypeScript commonjs emitted provider contracts: acquisition-mode.ts [604.54ms]
(pass) TypeScript commonjs emitted provider contracts: negative/acquisition-mode.ts [593.31ms]
(pass) TypeScript commonjs emitted provider contracts: scopes.ts [610.34ms]
(pass) TypeScript commonjs emitted provider contracts: negative/scopes.ts [674.38ms]
(pass) TypeScript commonjs emitted provider contracts: lifetimes.ts [724.90ms]
(pass) TypeScript commonjs emitted provider contracts: negative/lifetimes.ts [914.40ms]
(pass) TypeScript commonjs emitted provider contracts: tokens.ts [684.63ms]
(pass) TypeScript commonjs emitted provider contracts: negative/tokens.ts [793.72ms]
(pass) TypeScript commonjs emitted provider contracts: negative/token-modules.ts [664.50ms]
(pass) TypeScript commonjs emitted provider contracts: token-contracts.ts [639.16ms]
(pass) TypeScript commonjs emitted provider contracts: negative/token-contracts.ts [666.24ms]
(pass) TypeScript commonjs emitted provider contracts: providers.ts [943.07ms]
(pass) TypeScript commonjs emitted provider contracts: replacement-context.ts [925.67ms]
(pass) TypeScript commonjs emitted provider contracts: negative/replacement-context.ts [715.93ms]
(pass) TypeScript commonjs emitted provider contracts: negative/provider-boundaries.ts [659.44ms]
(pass) TypeScript commonjs emitted provider contracts: negative/provider-module-metadata.ts [618.75ms]
(pass) TypeScript commonjs emitted provider contracts: negative/provider-projections.ts [613.84ms]
(pass) classic installed module archive returns the full adversarial oracle [61.91ms]
(pass) Node module consumers can resolve and dispose through the public package [79.08ms]
(pass) Node module observes local and foreign native subclass state directly [44.83ms]
(pass) TypeScript module consumers can use the emitted declarations [760.50ms]
(pass) TypeScript module emitted provider contracts: plugins.ts [604.35ms]
(pass) TypeScript module emitted provider contracts: negative/plugins.ts [641.15ms]
(pass) TypeScript module emitted provider contracts: observers.ts [599.92ms]
(pass) TypeScript module emitted provider contracts: negative/observers.ts [600.06ms]
(pass) TypeScript module emitted provider contracts: contributions.ts [793.44ms]
(pass) TypeScript module emitted provider contracts: negative/contributions.ts [940.42ms]
(pass) TypeScript module emitted provider contracts: aliases.ts [817.18ms]
(pass) TypeScript module emitted provider contracts: negative/aliases.ts [968.99ms]
(pass) TypeScript module emitted provider contracts: dependency-references.ts [642.35ms]
(pass) TypeScript module emitted provider contracts: negative/dependency-references.ts [786.29ms]
(pass) TypeScript module emitted provider contracts: composition-adapters.ts [610.61ms]
(pass) TypeScript module emitted provider contracts: negative/composition-adapters.ts [621.84ms]
(pass) TypeScript module emitted provider contracts: selected-scopes.ts [647.92ms]
(pass) TypeScript module emitted provider contracts: negative/selected-scopes.ts [808.77ms]
(pass) TypeScript module emitted provider contracts: acquisition-mode.ts [618.38ms]
(pass) TypeScript module emitted provider contracts: negative/acquisition-mode.ts [606.58ms]
(pass) TypeScript module emitted provider contracts: scopes.ts [606.10ms]
(pass) TypeScript module emitted provider contracts: negative/scopes.ts [670.02ms]
(pass) TypeScript module emitted provider contracts: lifetimes.ts [729.42ms]
(pass) TypeScript module emitted provider contracts: negative/lifetimes.ts [925.59ms]
(pass) TypeScript module emitted provider contracts: tokens.ts [661.29ms]
(pass) TypeScript module emitted provider contracts: negative/tokens.ts [791.58ms]
(pass) TypeScript module emitted provider contracts: negative/token-modules.ts [665.43ms]
(pass) TypeScript module emitted provider contracts: token-contracts.ts [610.32ms]
(pass) TypeScript module emitted provider contracts: negative/token-contracts.ts [645.88ms]
(pass) TypeScript module emitted provider contracts: providers.ts [722.69ms]
(pass) TypeScript module emitted provider contracts: replacement-context.ts [695.19ms]
(pass) TypeScript module emitted provider contracts: negative/replacement-context.ts [716.12ms]
(pass) TypeScript module emitted provider contracts: negative/provider-boundaries.ts [683.62ms]
(pass) TypeScript module emitted provider contracts: negative/provider-module-metadata.ts [643.87ms]
(pass) TypeScript module emitted provider contracts: negative/provider-projections.ts [594.03ms]
(pass) unchecked Bag construction is rejected through di-bag [563.95ms]
(pass) unchecked Bag construction is rejected through ../src/di-bag [904.69ms]
(pass) unchecked Module construction is rejected through di-bag [608.67ms]
(pass) unchecked Module construction is rejected through ../src/module [843.42ms]
(pass) unchecked Provider construction is rejected through di-bag [616.64ms]
(pass) unchecked Provider construction is rejected through ../src/provider [515.74ms]
(pass) unchecked Token construction is rejected through di-bag [616.65ms]
(pass) unchecked Token construction is rejected through ../src/tokens [481.40ms]

tests/native-package.test.ts:
(pass) native installed contracts and physical downstream declarations from classic6 [54393.87ms]
(pass) native installed contracts and physical downstream declarations from native7 [41726.43ms]

tests/native-diagnostic-markers.test.ts:
(pass) known native overload rejection retains its unmet useful requirement separately [0.35ms]
(pass) native gap rejects unknown declaration [0.05ms]
(pass) native gap rejects malformed declaration [0.01ms]
(pass) native gap rejects duplicate declaration [0.02ms]
(pass) native gap rejects misplaced declaration [0.01ms]
(pass) native gap rejects not adjacent
(pass) native gap rejects stale declaration
(pass) native gap rejects wrong code
(pass) native gap rejects wrong full message
(pass) native gap rejects wrong file
(pass) native gap rejects wrong region [0.01ms]
(pass) native gap rejects absent error
(pass) native gap rejects TS2589
(pass) native gap rejects duplicate error
(pass) native gap rejects unrelated extra [0.01ms]
(pass) native gap rejects no declaration
(pass) native gap cannot replace a supplemental expectation [0.04ms]
(pass) union and open-template fingerprints require their own exact declarations [0.10ms]
(pass) native gap cannot satisfy a different primary even when that primary matches its fingerprint [0.04ms]

tests/boundaries.test.ts:
(pass) fork changes only the selected key hidden behind a narrowed override map [4.28ms]
(pass) unselected override values and getters never participate [0.19ms]
(pass) hidden duplicate additions throw atomically and leave builders reusable [0.24ms]
(pass) hidden new keys cannot later silently replace visible registrations [0.12ms]
(pass) add snapshots every own entry and validates before producing a builder [0.24ms]
(pass) replacement writes its explicit key and preserves earlier builders [0.25ms]
(pass) fork requires selected own entries before reading any selected getter [0.23ms]
(pass) fork snapshots selection before an override getter mutates the caller tuple [0.13ms]
(pass) fork selects indexed tuple entries even when its iterator omits a key [0.12ms]
(pass) fork batches selected replacements without using the single-binding graph path [0.17ms]
(pass) empty forks reuse the graph without reading unselected values and retain fresh ownership [1.15ms]
(pass) selected overrides can depend on richer capabilities of other selected services [0.43ms]
(pass) runtime registration validation rejects cloned and forged owned handles [0.15ms]
(pass) normalization does not expose mutable ownership registry metadata [0.16ms]
(pass) unchecked source Bag construction is not exported [0.01ms]
(pass) plain registration maps from another realm retain their own factories [0.47ms]

tests/modules.test.ts:
(pass) a module private retry keeps the caught failed attempt separate [1.17ms]
(pass) module private dependencies follow exported replacements and fresh forks [0.85ms]
(pass) renamed repeated installations isolate private instances and cleanup [0.42ms]
(pass) rename preserves original parameter names even when an export takes a private name [0.41ms]
(pass) invalid installations and export views fail atomically and reject forged modules [0.51ms]
(pass) exports use indexed tuple snapshots and preserve hidden local registrations [0.30ms]
(pass) module promise identity, retry and post-await cycle diagnostics use the host runtime [0.58ms]
(pass) renaming an export leaves an unrelated external requirement at its original slot [0.25ms]
(pass) module providers can be replaced before sealing without mutating earlier views [0.23ms]
(pass) close drains module acquisitions that discover private and host dependencies after await [0.37ms]

tests/native-replacement-diagnostics.test.ts:
18 |   message: 'a dependency has the wrong shape',
19 | };
20 | 
21 | test('native replacement diagnostics retain every useful primary and supplemental message', async () => {
22 |   const result = await auditReplacementDiagnostics(process.cwd());
23 |   expect(result).toMatchObject({
                      ^
error: expect(received).toMatchObject(expected)

  {
-   "accepted": true,
+   "accepted": false,
+   "compiler": {
+     "executable": "/tmp/di-bag-performance-integration/node_modules/@typescript/typescript-linux-x64/lib/tsc",
+     "platformPackage": "/tmp/di-bag-performance-integration/node_modules/@typescript/typescript-linux-x64/package.json",
+     "version": "7.0.2",
+     "wrapperVersion": "7.0.2",
+   },
    "missingPrimary": 0,
    "primaryExpected": 103,
-   "primaryMatched": 103,
+   "primaryMatched": 106,
+   "rows": [
+     {
+       "accepted": false,
+       "checked": true,
+       "expected": 22,
+       "fixture": "negative/incremental.ts",
+       "inventory": {
+         "accepted": false,
+         "primaryActual": 22,
+         "primaryExpected": 19,
+         "supplementalActual": 0,
+         "supplementalExpected": 0,
+       },
+       "matched": 22,
+       "missing": [],
+       "primaryExpected": 22,
+       "primaryMatched": 22,
+       "supplementalExpected": 0,
+       "supplementalMatched": 0,
+       "unexpected": [],
+     },
+     {
+       "accepted": true,
+       "checked": true,
+       "expected": 1,
+       "fixture": "negative/inline-replacement-wrong-shape.ts",
+       "inventory": {
+         "accepted": true,
+         "primaryActual": 1,
+         "primaryExpected": 1,
+         "supplementalActual": 0,
+         "supplementalExpected": 0,
+       },
+       "matched": 1,
+       "missing": [],
+       "primaryExpected": 1,
+       "primaryMatched": 1,
+       "supplementalExpected": 0,
+       "supplementalMatched": 0,
+       "unexpected": [],
+     },
+     {
+       "accepted": true,
+       "checked": true,
+       "expected": 4,
+       "fixture": "negative/module-hidden-private-needs.ts",
+       "inventory": {
+         "accepted": true,
+         "primaryActual": 4,
+         "primaryExpected": 4,
+         "supplementalActual": 0,
+         "supplementalExpected": 0,
+       },
+       "matched": 4,
+       "missing": [],
+       "primaryExpected": 4,
+       "primaryMatched": 4,
+       "supplementalExpected": 0,
+       "supplementalMatched": 0,
+       "unexpected": [],
+     },
+     {
+       "accepted": true,
+       "checked": true,
+       "expected": 11,
+       "fixture": "negative/module-narrowing.ts",
+       "inventory": {
+         "accepted": true,
+         "primaryActual": 11,
+         "primaryExpected": 11,
+         "supplementalActual": 0,
+         "supplementalExpected": 0,
+       },
+       "matched": 11,
+       "missing": [],
+       "primaryExpected": 11,
+       "primaryMatched": 11,
+       "supplementalExpected": 0,
+       "supplementalMatched": 0,
+       "unexpected": [],
+     },
+     {
+       "accepted": true,
+       "checked": true,
+       "expected": 7,
+       "fixture": "negative/module-rename.ts",
+       "inventory": {
+         "accepted": true,
+         "primaryActual": 7,
+         "primaryExpected": 7,
+         "supplementalActual": 0,
+         "supplementalExpected": 0,
+       },
+       "matched": 7,
+       "missing": [],
+       "primaryExpected": 7,
+       "primaryMatched": 7,
+       "supplementalExpected": 0,
+       "supplementalMatched": 0,
+       "unexpected": [],
+     },
+     {
+       "accepted": true,
+       "checked": true,
+       "expected": 25,
+       "fixture": "negative/provider-boundaries.ts",
+       "inventory": {
+         "accepted": true,
+         "primaryActual": 24,
+         "primaryExpected": 24,
+         "supplementalActual": 1,
+         "supplementalExpected": 1,
+       },
+       "matched": 25,
+       "missing": [],
+       "primaryExpected": 24,
+       "primaryMatched": 24,
+       "supplementalExpected": 1,
+       "supplementalMatched": 1,
+       "unexpected": [],
+     },
+     {
+       "accepted": true,
+       "checked": true,
+       "expected": 28,
+       "fixture": "negative/replacement-context.ts",
+       "inventory": {
+         "accepted": true,
+         "primaryActual": 28,
+         "primaryExpected": 28,
+         "supplementalActual": 0,
+         "supplementalExpected": 0,
+       },
+       "matched": 28,
+       "missing": [],
+       "primaryExpected": 28,
+       "primaryMatched": 28,
+       "supplementalExpected": 0,
+       "supplementalMatched": 0,
+       "unexpected": [],
+     },
+     {
+       "accepted": true,
+       "checked": true,
+       "expected": 1,
+       "fixture": "negative/replacement-wrong-shape.ts",
+       "inventory": {
+         "accepted": true,
+         "primaryActual": 1,
+         "primaryExpected": 1,
+         "supplementalActual": 0,
+         "supplementalExpected": 0,
+       },
+       "matched": 1,
+       "missing": [],
+       "primaryExpected": 1,
+       "primaryMatched": 1,
+       "supplementalExpected": 0,
+       "supplementalMatched": 0,
+       "unexpected": [],
+     },
+     {
+       "accepted": true,
+       "checked": true,
+       "expected": 4,
+       "fixture": "negative/required-this.ts",
+       "inventory": {
+         "accepted": true,
+         "primaryActual": 4,
+         "primaryExpected": 4,
+         "supplementalActual": 0,
+         "supplementalExpected": 0,
+       },
+       "matched": 4,
+       "missing": [],
+       "primaryExpected": 4,
+       "primaryMatched": 4,
+       "supplementalExpected": 0,
+       "supplementalMatched": 0,
+       "unexpected": [],
+     },
+     {
+       "accepted": true,
+       "checked": true,
+       "expected": 4,
+       "fixture": "negative/union-replace.ts",
+       "inventory": {
+         "accepted": true,
+         "primaryActual": 4,
+         "primaryExpected": 4,
+         "supplementalActual": 0,
+         "supplementalExpected": 0,
+       },
+       "matched": 4,
+       "missing": [],
+       "primaryExpected": 4,
+       "primaryMatched": 4,
+       "supplementalExpected": 0,
+       "supplementalMatched": 0,
+       "unexpected": [],
+     },
+   ],
    "supplementalExpected": 1,
    "supplementalMatched": 1,
    "unexpected": 0,
  }

- Expected  - 2
+ Received  + 210

      at <anonymous> (/tmp/di-bag-performance-integration/tests/native-replacement-diagnostics.test.ts:23:18)
(fail) native replacement diagnostics retain every useful primary and supplemental message [1384.77ms]
(pass) strict replacement audit requires useful primary text at its own region [0.23ms]
(pass) strict replacement audit requires exact supplemental code and text [0.16ms]
(pass) replacement audit keeps its ten source fixtures independent of native gap comments [0.07ms]
(pass) replacement audit rejects a fixture when its marker and invalid expression both disappear [0.10ms]

tests/tokens.test.ts:
(pass) token symbols participate in the same acquisition graph [1.17ms]
(pass) handles authenticate identity and capture a receiver-free symbol [0.15ms]
(pass) indexed snapshots ignore iterators and caller mutations [0.42ms]
(pass) invalid selections fail before callbacks and binding transforms [0.15ms]
(pass) same actual symbols and repeated token reads reuse one cache slot [0.35ms]
(pass) distinct symbols with the same description resolve independent slots [0.33ms]
(pass) symbol dependencies follow lexical private and public references [0.50ms]
(pass) token and named cycles report symbol labels in both entry orders [0.46ms]
(pass) rejected token acquisitions retry without awaiting callback arguments [0.30ms]
(pass) late named reads from a token-bound source retain close permission and disposal order [0.39ms]
(pass) undeclared well-known symbol reads remain undefined [0.14ms]
(pass) binding views and transformations retain frozen source selection without mutating inputs [0.43ms]

tests/token-modules.test.ts:
(pass) exported tokens retarget private module consumers in forks [0.46ms]
(pass) private tokens get independent installations and dependency ordered cleanup [0.38ms]
(pass) token bindings preserve source reuse, promise identity and public replacement [0.51ms]
(pass) fork snapshots mixed selection indices and reads only selected own overrides [0.29ms]
(pass) duplicate mixed overrides keep getter order and route final values through private consumers [0.67ms]
(pass) invalid token selections preflight before any selected override getter [0.21ms]
(pass) runtime duplicate symbols reject atomically and leave builders reusable [0.27ms]

tests/contributions.test.ts:
(pass) contributions preserve order, empty reads and array immutability [0.35ms]
(pass) host and repeated exportless modules append distinct lexical bindings [0.65ms]
(pass) all adapters select frozen arrays and retain module export renames [0.70ms]
(pass) root scoped and transient contributions retain individual ownership [0.63ms]
(pass) shared aggregate borrows the parent graph while a lazy registry reads its local graph [0.55ms]
(pass) partial failure retains accepted ownership and retries only failed contributors [0.25ms]
(pass) pending native and raw promises preserve identity and disposal payloads [0.31ms]
(pass) self collections participate in ordinary cycle detection [0.18ms]
(pass) inspection is immutable nonresolving and does not freeze application values [0.20ms]
(pass) forged tokens references and providers reject before provider effects [0.38ms]
(pass) cooperative lazy registries admit late collection reads only for their in-flight source [0.43ms]
(pass) observed strict roots reject cached scoped contributions before owner routing [0.29ms]
(pass) startup failure rolls back accepted contribution ownership [0.77ms]

tests/projections.test.ts:
(pass) a projected service does not replace its source disposer argument [0.26ms]
(pass) an ownership operation on a metadata provider retains earlier ownership [0.19ms]
(pass) mapSync receives and returns exact Promise identities [0.18ms]
(pass) mapAsync rejects source and projector throws with their original values [0.27ms]
(pass) mapAsync awaits recursive projector thenables and source fulfillment [0.14ms]
(pass) a failed sync projection releases late source ownership [0.21ms]
(pass) a synchronous status projection stays cached after its raw Promise rejects [0.17ms]
(pass) ready outer ownership closes before a raw stage accepted later [0.17ms]
(pass) failed projections clean only their stages and preserve cached dependencies [0.22ms]
(pass) sync failure starts asynchronous cleanup without waiting and close drains it [0.22ms]
(pass) late old ownership cannot evict or dispose a successful retry [0.22ms]
(pass) retired cleanup errors keep invocation order and original attempt identities [0.53ms]
(pass) a pending source can read dependencies in close after an outer projection is ready [0.27ms]
(pass) a pending source can finish dependencies after its outer projection failed [0.24ms]
(pass) completed source proxies cannot borrow a pending projection or retry permission [0.21ms]
(pass) mapped dependencies still reject genuine acquisition cycles [0.17ms]
(pass) asynchronous mappings preserve post-await cycle detection [0.27ms]
(pass) a completed source cannot use its still pending asynchronous projector permission [0.18ms]
(pass) mapping and added finalizers run receiver-free across metadata operations [0.29ms]
(pass) failed outer projections retain owned values until a pending projector finishes using them [0.30ms]
(pass) failed exposed acquisition abandons incoming edges while its owned source can acquire the recovered parent [0.28ms]

tests/disposal.test.ts:
(pass) disposal callbacks receive the owned value without a receiver [0.15ms]
(pass) withDisposal exposes the value and closes each resolved instance once [0.14ms]
(pass) ordinary values are borrowed even when they expose disposal methods [0.09ms]
(pass) unresolved and failed factories have no disposal [0.12ms]
(pass) throwing then inspection rejects each acquisition until a synchronous retry succeeds [0.27ms]
(pass) a PromiseLike with a throwing then getter never reaches the fulfilled-value disposer [0.22ms]
(pass) native Promise observer setup failures allow retry and preserve accepted Promise identity [0.27ms]
(pass) native Promise ownership observation ignores an own then override [0.16ms]
(pass) native Promise subclass ownership ignores an own then override [0.23ms]
(pass) native constructor TypeError preserves the original failure and permits retry [0.27ms]
(pass) native species TypeError preserves the original failure and permits retry [0.09ms]
(pass) pending close observes native settlement without assimilating its species result [0.28ms]
(pass) direct structural thenables reject without invoking then or accepting ownership [0.17ms]
(pass) explicit structural conversion accepts fulfillment before a subsequent throw [0.15ms]
(pass) explicit structural conversion retries rejection and disposes only the fulfilled retry [0.18ms]
(pass) cleanup runs in reverse acquisition order through unmanaged intermediates [0.20ms]
(pass) async disposers are awaited sequentially and receive fulfilled values [0.20ms]
(pass) dependency ordering wins over async completion order [0.17ms]
(pass) close drains pending factories and dependencies discovered after await [0.23ms]
(pass) pending acquisition failure does not stop cleanup of other resources [0.19ms]
(pass) every disposer runs and close aggregates the original cleanup failures [0.33ms]
(pass) throwing undefined still rejects close and does not skip other disposers [0.22ms]
(pass) reentrant close observes the same barrier even when its disposer rejects [0.18ms]
(pass) parent and forks own independent instances and borrowed overrides stay borrowed [0.21ms]
(pass) an owned override can replace an ordinary factory [0.15ms]
(pass) pending factories can create a chain of synchronous dependencies during close [0.17ms]

tests/persistent-graph.test.ts:
(pass) replacement removes obsolete public IDs while earlier versions retain their own values [8.53ms]
(pass) replacement counts all public slots and contribution references to a binding [0.22ms]
(pass) private aliases protect replaced IDs but public aliases follow current slots [0.31ms]
(pass) constructor keeps unused private registrations for explicit preflight and dangling refs for inspection [0.18ms]
(pass) shared lexical input maps are snapshotted once per installation [4.43ms]
(pass) string collisions, special own keys and same-description symbols stay distinct across updates [8.92ms]
(pass) materialized contributions retain order through append and installation without changing old arrays [5.06ms]
(pass) root lifetime stays parent-owned after a child overrides one shared public slot [0.32ms]
(pass) former public targets are pruned when the last user of a shared lexical snapshot is replaced [0.12ms]
(pass) pruning cascades iteratively through displaced lexical targets [28.41ms]
(pass) contribution protection uses the once-read input snapshot through public replacement [0.39ms]

tests/runtime.test.ts:
(pass) sync diamond dependencies are created once and stay synchronous [0.21ms]
(pass) undefined is memoized [0.06ms]
(pass) a creating undefined-valued factory cannot be returned through reentrant resolution [0.20ms]
(pass) forward registration and forks use independent memoization [0.12ms]
(pass) synchronous factory failure can be retried [0.07ms]
(pass) ending one builder twice and forking create fresh owned roots [0.23ms]
(pass) async dependencies remain explicit and concurrent resolutions share a promise [0.32ms]
(pass) synchronous cycles include their dependency path [0.13ms]
(pass) prototype properties are not factories [0.04ms]
(pass) async factory rejections can be retried [0.11ms]
(pass) synchronous failure discards abandoned edges before retrying another token [0.08ms]
(pass) async failure discards abandoned edges before retrying another token [0.17ms]
(pass) then inspection failure discards outgoing edges before another token retries [0.17ms]
(pass) cycles discovered after await reject instead of hanging [0.21ms]

tests/aliases.test.ts:
(pass) named aliases preserve exact canonical object and immutable history [0.36ms]
(pass) all token and name combinations and forward token requirements route identically [0.21ms]
(pass) aliases preserve explicit raw and native promises without classification [0.21ms]
(pass) transient aliases add no ownership and record actual target disposal edges [0.27ms]
(pass) module aliases retain private targets and export renames under host collisions [0.31ms]
(pass) selected sharing routes alias through parent graph while independent overrides follow child graph [0.27ms]
(pass) runtime rejects transient sharing and root captures through aliases before invoking target [0.25ms]
(pass) alias inspection reports direct target and canonical attempts without stale target metadata [0.18ms]
(pass) alias cycles retain a useful lexical path [0.16ms]
(pass) runtime rejects invalid alias selections without changing the builder [0.12ms]
(pass) startup through an alias waits for final readiness and retries failed canonical acquisitions [0.36ms]
(pass) shared alias inspection identifies its parent target despite a child override [0.21ms]
(pass) aliases of root targets retain the root graph under child overrides [0.15ms]
(pass) in-flight sources may read aliases while closing and retained reads close with the canonical owner [0.24ms]
(pass) module token aliases preserve private identity and external host requirements [0.26ms]
(pass) exported target replacements and renames remain visible through module aliases [0.21ms]
(pass) re-sharing aliases keeps parent policy while fresh grandchildren and forks use local targets [0.30ms]
(pass) strict roots use the effective shared alias policy in both lifetime directions [0.50ms]
(pass) raw aliases do not inspect then getters or add cancellation contexts [0.25ms]

tests/diagnostic-markers.test.ts:
(pass) strict matcher accounts for explicit supplemental diagnostics without splitting regions [0.06ms]
(pass) supplement cannot replace a missing primary [0.02ms]
(pass) supplement rejects {"code":2345} [0.03ms]
(pass) supplement rejects {"file":"/other.ts"} [0.01ms]
(pass) supplement rejects {"line":5} [0.01ms]
(pass) supplement rejects {"code":2589}
(pass) supplement rejects {"message":"unrelated"} [0.02ms]
(pass) unrelated cascades and TS2589 remain unexpected [0.02ms]

tests/providers.test.ts:
(pass) metadata is a snapshot and inspection never starts a factory [0.32ms]
(pass) metadata preflight sees hidden collisions before reading any getters [0.15ms]
(pass) metadata additions preserve symbol keys and snapshot accessors once [0.12ms]
(pass) runtime rejects copied and forged provider registrations [0.08ms]
(pass) inspection follows pending retries without retaining failed attempts or changing disposal [0.27ms]
(pass) module rename and fork keep metadata with the actual binding [0.30ms]
(pass) plain registrations expose empty metadata and frames, including creating snapshots [0.13ms]
(pass) metadata preserves synchronous ownership and borrowed cleanup methods [0.16ms]
(pass) adapter execution captures projected values and acquisition frames [0.22ms]

tests/scopes.test.ts:
(pass) children own fresh acquisitions while independent forks outlive their source [0.26ms]
(pass) parent close synchronously closes every descendant admission gate and waits for descendants [0.37ms]
(pass) pending child sources may acquire dependencies after parent close starts [0.21ms]
(pass) pending acquisition promises deduplicate only within one scope [0.15ms]
(pass) nested cleanup failures flatten by registration order despite reversed completion [0.44ms]
(pass) independently settled children detach on success and failure without replay [0.26ms]
(pass) parent close includes a child already closing until its failure settles [0.21ms]
(pass) unexpected child close rejection is retained after parent cleanup [0.18ms]
(pass) scope preserves native shadowed-then and raw Promise ownership in configured core [0.32ms]
(pass) child projection rollback finishes before a parent-owned finalizer [0.26ms]
(pass) scopes retain module-private identities and unchanged public binding metadata [0.27ms]
(pass) unchecked scope arguments reject before creating or acquiring a child [0.33ms]

tests/runtime-benchmark-child.test.ts:
(pass) build-close constructs 10 registrations without acquiring them [0.69ms]
(pass) cold-linear-resolve acquires each of 10 factories once [0.24ms]
(pass) warm-root-resolve excludes priming and observes one cached terminal value at 10 [0.24ms]
(pass) scope-resolve-close verifies child work after its timed operation at 10 [0.54ms]
(pass) transient-resolve-close verifies 10 distinct owned values in reverse cleanup order [0.36ms]
(pass) raw-promise-identity retains the exact raw Promise through resolution and disposal at 10 [0.19ms]
(pass) node-native-promise awaits the native Promise and disposes its fulfillment at 10 [0.18ms]
(pass) build-close constructs 100 registrations without acquiring them [0.37ms]
(pass) cold-linear-resolve acquires each of 100 factories once [0.82ms]
(pass) warm-root-resolve excludes priming and observes one cached terminal value at 100 [0.74ms]
(pass) scope-resolve-close verifies child work after its timed operation at 100 [0.94ms]
(pass) transient-resolve-close verifies 100 distinct owned values in reverse cleanup order [1.11ms]
(pass) raw-promise-identity retains the exact raw Promise through resolution and disposal at 100 [0.51ms]
(pass) node-native-promise awaits the native Promise and disposes its fulfillment at 100 [0.38ms]
(pass) scenario preparation rejects unsupported provider counts [0.16ms]
(pass) parent expectations cover the complete fixed scenario matrix [0.12ms]
(pass) verification rejects a timed result from another preparation [0.33ms]
(pass) child argument parser accepts one exact request and rejects malformed or extra input [0.16ms]

tests/type-scale.test.ts:
(pass) type scale: 100 bulk providers preserve consumer types [580.39ms]
(pass) type scale: 100 chained providers preserve consumer types [1204.92ms]
(pass) type scale: 100 replacement providers preserve consumer types [1456.31ms]
(pass) type scale: 1000 grouped providers preserve consumer types [3661.30ms]
(pass) type scale: bulk rejects missing at the graph boundary [572.68ms]
(pass) type scale: bulk rejects wrong-shape at the graph boundary [557.77ms]
(pass) type scale: chained rejects missing at the graph boundary [1196.35ms]
(pass) type scale: chained rejects wrong-shape at the graph boundary [1229.46ms]
(pass) type scale: grouped rejects missing at the graph boundary [3815.05ms]
(pass) type scale: grouped rejects wrong-shape at the graph boundary [3835.54ms]
(pass) type scale: replacement rejects missing at the graph boundary [1561.53ms]
(pass) type scale: replacement rejects wrong-shape at the graph boundary [1550.65ms]
(pass) type scale: 1000 providers from reusable named modules: valid [17117.65ms]
(pass) type scale: 1000 providers from reusable named modules: missing [16665.47ms]
(pass) type scale: 1000 providers from reusable named modules: wrong-shape [16814.64ms]

tests/native-compiler.test.ts:
(pass) parser retains real native multiline diagnostics, positions and metrics [0.26ms]
(pass) parser exposes configuration errors, TS2589 and unknown output [0.07ms]
(pass) source marker gate rejects wrong file, region, message, TS2589 and unmatched cascades [0.47ms]
(pass) verified native executable checks real nonempty valid and invalid projects [719.15ms]
(pass) native small control bulk valid [149.65ms]
(pass) native small control bulk missing [172.90ms]
(pass) native small control bindings valid [589.43ms]
(pass) native small control bindings missing-final-token [569.35ms]

tests/acquisition.test.ts:
(pass) a retry does not inherit the identity of a caught failed attempt [0.82ms]
(pass) a caught rejected attempt does not retarget its incoming edge to the retry [0.79ms]
(pass) shutdown preserves every cleanup cause and its acquisition identity [0.73ms]
(pass) cleanup diagnostics snapshot caller records without cloning the original cause [0.07ms]
(pass) a failed attempt cannot borrow its pending retry permission to acquire during close [0.48ms]
(pass) a completed factory cannot start late acquisitions while another factory drains [0.39ms]
(pass) a retained failed proxy follows live dependencies without traversing removed attempts [0.25ms]

tests/performance-evidence.test.ts:
(pass) validates one canonical runtime sample and preserves its provenance [1.17ms]
(pass) rejects a correct duration with an incorrect workload checksum [0.45ms]
(pass) rejects every semantic control mismatch [0.47ms]
(pass) rejects invalid request provenance rather than attaching it to a valid child result [0.52ms]
(pass) rejects invalid duration arithmetic and malformed result fields [0.43ms]
(pass) requires the resolved public entry to stay inside the real installed package [0.59ms]
(pass) rejects noncanonical package and entry paths even when they resolve inside the archive [0.27ms]
(pass) parses only one canonical JSON object from a clean successful child [0.53ms]
(pass) rejects child timeout, signal, status, stderr and unexpected schema keys [0.45ms]
(pass) runtime runner validates the execution returned for the exact request [0.60ms]
(pass) computes summary from every raw nanosecond without mutating input [0.24ms]
(pass) summary rejects absent, nonpositive and unsafe samples instead of producing invalid arithmetic [0.24ms]
(pass) paired bootstrap is seeded, paired and sensitive to seed mutations [20.78ms]
(pass) paired bootstrap rejects length, seed, count and denominator errors [0.18ms]
(pass) scenario execution awaits only runTimed between clock reads and verifies afterwards [0.43ms]
(pass) scenario execution rejects a backwards or zero clock before accepting evidence [0.12ms]
(pass) child protocol prepares before timing and emits request identity with verified work [0.72ms]
(pass) current-only collection runs five warmups then retains 31 validated samples serially [1.26ms]
(pass) collection journals every execution before validation so a late failure retains prior and rejected output [1.81ms]
(pass) current evidence validation requires reproducible environment, tools, fixture and source identities [0.41ms]
(pass) runtime journals use exclusive per-invocation paths and never truncate prior evidence [0.78ms]
(pass) actual child printer writes one canonical newline-terminated object accepted by the parent [0.70ms]

tests/incremental-scale.test.ts:
(pass) incremental compiler work: 100 named additions [1669.93ms]
(pass) incremental compiler work: 100 named replacements [1814.41ms]
(pass) incremental compiler work: 100 token bindings [2182.63ms]

tests/runtime-scale.test.ts:
(pass) closing a deep graph disposes every dependent before its dependency exactly once [112.32ms]
(pass) retiring an acquisition touches only its actual incoming consumers [1.80ms]
(pass) repeated reads of an existing edge do not traverse the downstream graph again [0.72ms]
(pass) late edges across a deep ready graph find cycles without overflowing the stack [15.45ms]
(pass) one module lexical map is snapshotted once while external mutations stay isolated [0.63ms]
(pass) releasing a consumer removes its reverse incoming entries without retiring live peers [0.16ms]
(pass) a branching late cycle reports the first dependency-order path and leaves its rejected edge absent [0.15ms]

tests/platform-evidence.test.ts:
(pass) required platform evidence rejects incomplete or unavailable matrices [0.53ms]
(pass) local platform identity takes precedence and invalid local identity never falls back [1.62ms]
(pass) child evidence rejects noncanonical output, stderr, process failures and the wrong lane [22.58ms]
(pass) tool verification rejects explicit unavailability, version drift and hash drift [28.49ms]
(pass) tool verification rejects malformed pins and unavailable executables before a lane starts [1.02ms]
(pass) pack output requires exactly one archive and empty stderr [1.88ms]
(pass) pack output rejects every missing declared export and package document [5.68ms]
(pass) packed archive validation catches a missing archive, changed bytes and stale file inventory [8.51ms]
(pass) archive inventory is an exact allowlist and package documents match isolated inputs byte-for-byte [14.83ms]
(pass) repository manifest verifies every provisioned identity and retains absent tools as unavailable [666.76ms]
(pass) isolated classic pack contains only freshly built declared exports and rechecks its hash [1475.89ms]
(pass) evidence writer appends stable sorted JSONL under the source/date directory [3.94ms]
(pass) platform command writes one sorted matrix and executes every provisioned lane [3951.01ms]
(pass) platform evidence module imports under the pinned Node ESM loader [222.11ms]
(pass) platform command retains archive failure rows and makes required failures nonzero [680.60ms]
(pass) browser metafile parser rejects malformed shapes before resolving inputs [0.22ms]

tests/token-package.test.ts:
(pass) installed node cjs facade shares core tokens, modes and adapters [44.58ms]
(pass) installed node mjs facade shares core tokens, modes and adapters [36.49ms]
(pass) installed bun cjs facade shares core tokens, modes and adapters [17.56ms]
(pass) installed bun mjs facade shares core tokens, modes and adapters [21.10ms]
(pass) installed token composition crosses Node commonjs and the other loader [46.07ms]
(pass) installed commonjs token-modules declaration survives emission and unchanged consumption [1406.20ms]
(pass) installed commonjs incremental-modules declaration survives emission and unchanged consumption [1221.35ms]
(pass) installed commonjs replacement-reflection declaration survives emission and unchanged consumption [1342.80ms]
(pass) installed token composition crosses Node module and the other loader [46.45ms]
(pass) installed module token-modules declaration survives emission and unchanged consumption [1271.10ms]
(pass) installed module incremental-modules declaration survives emission and unchanged consumption [1258.84ms]
(pass) installed module replacement-reflection declaration survives emission and unchanged consumption [1309.71ms]

tests/performance-baseline.test.ts:
(pass) review requires median, p95 and paired interval regression predicates together [68.51ms]
(pass) ordinary hosts remain informational even when every review threshold is met [9.85ms]
(pass) paired verdict validates the exact 31-sample protocol and unsigned seed [0.14ms]
(pass) seeded execution order is reproducible, balanced and alternates pair orientation [0.22ms]
(pass) paired collection runs serial warmups and retains samples in pair index order [1.38ms]
(pass) paired collection journals a rejected execution before validation stops the run [0.20ms]
(pass) comparison command accepts an exact pinned baseline and unsigned seed only [0.33ms]
(pass) comparison row validation rejects incomplete, unsafe and unpaired evidence [20.52ms]
(pass) journaling retains unavailable and failed terminal rows as well as validated summaries [0.11ms]
(pass) baseline archive is built from the exact commit with retained source and tool identities [1621.92ms]

tests/persistent-map.test.ts:
(pass) collision replacement and deletion preserve other keys and earlier versions [0.38ms]
(pass) mixed insert/delete operations agree with an independent native map [9.15ms]

tests/enterprise-integration.test.ts:
(pass) overlapping requests isolate private dependencies and release scopes before the shared root [1.89ms]
(pass) owned-scope fixture preserves handler and cleanup failures without closing twice [0.43ms]
(pass) test substitutions retain private module contracts and fresh transient instances [0.46ms]
(pass) a dynamically imported module starts private providers and unloads contributions exactly once [1.55ms]
(pass) owned-scope fixture preserves a thrown undefined value and cleanup-only failure [0.18ms]
(pass) owned-scope work result types follow explicit awaiting of structural thenables [0.09ms]
(pass) a fixture whose startup fails releases acquired resources without admitting work [0.33ms]

tests/lifetime-declarations.test.ts:
(pass) lifetime replacement preserves the source and owned stages [0.12ms]
(pass) invalid lifetime declarations fail before evaluating factories or option getters [0.16ms]
(pass) options are read once and snapshotted, and replacement clears capture [0.07ms]
(pass) all provider transformations retain the immutable policy [0.25ms]

tests/binding-graph.test.ts:
(pass) private bindings with the same label have distinct memoized identities [0.39ms]
(pass) an owned private dependency closes after its public dependent [0.20ms]
(pass) private Promise-valued bindings preserve their original exposed identity [0.16ms]
(pass) graph snapshots preserve lexical private refs while forks use replaced public slots [0.27ms]
(pass) batch public bindings preserve ordered duplicates and retained private identities [0.24ms]
(pass) an empty public binding batch preserves immutable graph identity [0.02ms]
(pass) mutating graph input maps cannot change public lookup or binding descriptions [0.10ms]
(pass) cycles through private aliases discovered after await show binding labels [0.27ms]

tests/composition-adapters.test.ts:
(pass) class adapters construct lazily with private fields, inherited prototypes and new.target [0.28ms]
(pass) constructor validation invokes neither the constructor nor its prototype getter [0.15ms]
(pass) function adapters pass positional values exactly and support explicitly bound receivers [0.31ms]
(pass) optional and rest function and constructor arguments follow selected positions [0.27ms]
(pass) function adapters snapshot indexed tokens and ignore custom iterators [0.24ms]
(pass) function adapters reject invalid declaration inputs before user effects [0.20ms]
(pass) function acquisition failures retry and disposal is explicit [0.24ms]
(pass) class adapters snapshot indexed tokens and ignore custom iterators [0.09ms]
(pass) class adapters reject invalid declaration inputs before user effects [0.07ms]
(pass) class acquisition failures retry and disposal is explicit [0.09ms]
(pass) raw and native adapters retain Promise identity and select the disposal value [0.28ms]
(pass) raw class adapters preserve thenables and auto rejects them without assimilation [0.21ms]
(pass) automatic adapters require runtime classification before acquisition [0.08ms]
(pass) module token graphs and selected sharing keep ownership and parent dependencies [0.40ms]
(pass) strict root class adapters retain root dependencies through child overrides [0.20ms]
(pass) native class acquisition preserves constructed promises and disposes their fulfilled value [0.24ms]
(pass) rejected function acquisitions retry with the original Promise return [0.15ms]
(pass) constructor proxies retain their acquisition trap and original new.target [0.15ms]

tests/comparator-contract.test.ts:
(pass) admits only a synchronous named graph with singleton, transient and explicit lifecycle semantics [0.62ms]
(pass) comparator cannot enter the table with incomplete or forged metadata [0.14ms]
(pass) rejects asynchronous construction or resolution from the synchronous common subset [0.12ms]
(pass) forbidden rejected async results are consumed before the child exits [40.54ms]
(pass) rejects a changed named workload, singleton caching or transient freshness [0.32ms]
(pass) rejects missing, partial and failing explicit disposal [0.25ms]
(pass) reports absent optional packages as unavailable without inventing adapter rows [0.51ms]
(pass) distinguishes unavailable installation from an unreviewed or semantically invalid adapter [0.52ms]
(pass) rejects package and adapter identity drift before semantic admission [0.34ms]
(pass) comparator CLI mode emits only truthful optional status rows and creates no timing evidence [0.45ms]

tests/benchmark-compiler-controls.test.ts:
(pass) negative controls reject a fast compile that lost its marker [0.12ms]
(pass) negative controls require exactly one marker at the generated boundary [0.09ms]
(pass) valid controls reject diagnostics and case identity substitution [0.03ms]
(pass) controls reject invalid work metrics and source provenance drift [0.09ms]
(pass) normalizer validates classic work and canonicalizes diagnostic paths [0.24ms]
(pass) normalizer extracts native extended metrics without substituting process time [0.04ms]
(pass) summary preserves every ordered sample and derives literal statistics [0.24ms]
(pass) collector performs five warm-ups then 31 retained samples serially [0.40ms]
(pass) catalog contains only the exact nine supported controls [0.03ms]
(pass) failed child evidence is journaled before normalization rejects it [0.26ms]
(pass) spawn failures are journaled even when no child row exists [0.09ms]

tests/box-adapters.test.ts:
(pass) mixed factory, owned and provider registrations map and unbox every valid branch [1.20ms]
(pass) sas modes select capabilities, preserve receiver and cache once per acquisition [0.36ms]
(pass) sas sync preserves a raw promise while asynchronous routes return native promises [0.22ms]
(pass) sas callback throws preserve error identity and clean only the owned raw box [0.23ms]
(pass) val metadata captures presence and alias without owning payload, and separates outer ownership [0.28ms]
(pass) val presence distinguishes absence and present undefined and preserves empty aliases [0.27ms]
(pass) val copies snapshots once and retains nested frames through other transforms [0.26ms]
(pass) val frames exist as absent inside the source factory and remain snapshot-isolated while pending [0.34ms]
(pass) val absence and throwing snapshot/getters retire ownership with the original error [0.34ms]
(pass) unchecked val snapshots validate every structural field without inspecting payloads [0.47ms]
(pass) val preserves raw promise payloads synchronously and awaits only the explicit async boundary [0.23ms]
(pass) val propagates snapshot-field getter errors and never reads erased payload properties [0.28ms]
(pass) failed val unboxing abandons the caller edge while pending source ownership finishes [0.29ms]

tests/types.test.ts:
(pass) observers retain exact inferred cross-file contracts [543.01ms]
(pass) plugins retain exact inferred cross-file contracts [563.51ms]
(pass) final adversarial integration retains exact inferred cross-file contracts [554.53ms]
(pass) contributions retain exact inferred cross-file contracts [717.64ms]
(pass) aliases retain exact inferred cross-file contracts [806.94ms]
(pass) dependency references retain exact inferred cross-file contracts [614.19ms]
(pass) composition adapters retain exact inferred cross-file contracts [543.66ms]
(pass) selected scopes retain exact inferred cross-file contracts [557.07ms]
(pass) startup and contextual providers retain exact inferred cross-file contracts [542.23ms]
(pass) lifetime declarations retain exact inferred cross-file contracts [630.89ms]
(pass) lifetimes inferred exports survive declaration consumption [1507.37ms]
(pass) composition-adapters inferred exports survive declaration consumption [1431.44ms]
(pass) dependency-references inferred exports survive declaration consumption [1440.76ms]
(pass) aliases inferred exports survive declaration consumption [1635.31ms]
(pass) contributions inferred exports survive declaration consumption [1560.46ms]
(pass) observers inferred exports survive declaration consumption [1381.61ms]
(pass) plugins inferred exports survive declaration consumption [1310.50ms]
(pass) final-adversarial-integration inferred exports survive declaration consumption [1373.72ms]
(pass) acquisition modes retain exact acquired values across inferred exports [644.51ms]
(pass) token modules preserve exact cross-file contracts [642.48ms]
(pass) public token composition preserves exact outputs and frames [698.56ms]
(pass) token contracts preserve exact identities and provider graphs [663.57ms]
(pass) replacement context preserves exact contracts from surviving consumers [713.75ms]
(pass) incremental checks preserve forward, replacement and frame contracts [905.63ms]
(pass) incremental projection candidates preserve replacement and resolved contracts [867.82ms]
(pass) incremental module installation preserves private, forward, and token contracts [865.52ms]
(pass) incremental module declarations retain exact results and token outputs [878.03ms]
(pass) builder views preserve exact accepted registration histories [842.09ms]
(pass) supported replacement wrappers and reflected methods stay exact and non-any [829.04ms]
(pass) replacement reflection preserves utility soundness and module history [634.08ms]
(pass) modern inline inference retains exact contracts [608.72ms]
(pass) box adapters preserve exact modes, requirements and frames [647.99ms]
(pass) typed provider metadata survives checked composition and inspection [723.97ms]
(pass) named modules preserve contracts across a file boundary [697.68ms]
(pass) valid composition preserves inferred values and explicit promise edges [605.40ms]
(pass) registration boundaries preserve selected keys and exact factory types [651.80ms]
(pass) scope preserves exact inferred contracts across a source boundary [637.52ms]
(pass) inline method-returning factories preserve exact types: add [620.27ms]
(pass) inline method-returning factories preserve exact types: fork [626.10ms]
(pass) inline method-returning factories preserve exact types: disposal [603.68ms]
(pass) type rejection: provider-boundaries.ts [678.42ms]
(pass) type rejection: acquisition-mode.ts [632.51ms]
(pass) type rejection: object-registrations.ts [620.59ms]
(pass) type rejection: fork-dependency-shape.ts [607.79ms]
(pass) type rejection: inline-wrong-shape.ts [601.33ms]
(pass) type rejection: observers.ts [614.50ms]
(pass) type rejection: wrong-shape.ts [622.46ms]
(pass) type rejection: tokens.ts [764.05ms]
(pass) type rejection: primitive-parameter.ts [577.12ms]
(pass) type rejection: union-replace.ts [588.53ms]
(pass) type rejection: replacement-wrong-shape.ts [616.38ms]
(pass) type rejection: missing.ts [572.21ms]
(pass) type rejection: module-private.ts [599.37ms]
(pass) type rejection: module-narrowing.ts [701.69ms]
(pass) type rejection: forward-wrong-shape.ts [576.65ms]
(pass) type rejection: fork-explicit-generics.ts [581.99ms]
(pass) type rejection: callable-parameter.ts [583.59ms]
(pass) type rejection: indexed-registrations.ts [563.13ms]
(pass) type rejection: incremental.ts [707.33ms]
(pass) type rejection: aliases.ts [911.12ms]
(pass) type rejection: incremental-modules.ts [601.49ms]
(pass) type rejection: selected-scopes.ts [808.24ms]
(pass) type rejection: object-overrides.ts [574.00ms]
(pass) type rejection: token-modules.ts [664.49ms]
(pass) type rejection: provider-unions.ts [640.88ms]
(pass) type rejection: inline-replacement-wrong-shape.ts [598.39ms]
(pass) type rejection: prototype-registrations.ts [570.48ms]
(pass) type rejection: modern-inline.ts [623.95ms]
(pass) type rejection: fork-missing.ts [604.74ms]
(pass) type rejection: inline-fork-wrong-shape.ts [631.73ms]
(pass) type rejection: final-adversarial-integration.ts [618.55ms]
(pass) type rejection: module-rename.ts [615.69ms]
(pass) type rejection: token-contracts.ts [664.50ms]
(pass) type rejection: module-missing.ts [609.37ms]
(pass) type rejection: module-hidden-private-needs.ts [649.34ms]
(pass) type rejection: duplicate-add.ts [615.13ms]
(pass) type rejection: module-exports.ts [627.39ms]
(pass) type rejection: fork-selection.ts [667.49ms]
(pass) type rejection: inline-fork-missing.ts [622.24ms]
(pass) type rejection: optional-parameter.ts [593.19ms]
(pass) type rejection: plugins.ts [626.27ms]
(pass) type rejection: incremental-projections.ts [635.91ms]
(pass) type rejection: replacement-context.ts [715.41ms]
(pass) type rejection: module-wrong-shape.ts [622.60ms]
(pass) type rejection: spread-disposal.ts [585.73ms]
(pass) type rejection: symbol-dependency.ts [607.79ms]
(pass) type rejection: template-dependencies.ts [608.60ms]
(pass) type rejection: lifetimes.ts [939.77ms]
(pass) type rejection: replacement-views.ts [622.61ms]
(pass) type rejection: boolean-registrations.ts [605.46ms]
(pass) type rejection: fork-wrong-shape.ts [597.65ms]
(pass) type rejection: replacement-reflection.ts [621.70ms]
(pass) type rejection: disposable-missing.ts [594.39ms]
(pass) type rejection: template-registrations.ts [608.15ms]
(pass) type rejection: required-this.ts [607.72ms]
(pass) type rejection: inline-fork-dependency-shape.ts [599.27ms]
(pass) type rejection: disposer-wrong-shape.ts [578.87ms]
(pass) type rejection: async-resolve.ts [599.17ms]
(pass) type rejection: box-adapters.ts [647.38ms]
(pass) type rejection: provider-projections.ts [630.11ms]
(pass) type rejection: composition-adapters.ts [659.98ms]
(pass) type rejection: inline-fork-extra.ts [615.98ms]
(pass) type rejection: async-dependency.ts [592.46ms]
(pass) type rejection: scopes.ts [630.85ms]
(pass) type rejection: disposer-promise.ts [568.12ms]
(pass) type rejection: inline-forward-wrong-shape.ts [579.53ms]
(pass) type rejection: union-parameter.ts [592.63ms]
(pass) type rejection: dependency-references.ts [824.27ms]
(pass) type rejection: startup.ts [656.09ms]
(pass) type rejection: invalid-registration.ts [559.66ms]
(pass) type rejection: provider-module-metadata.ts [609.06ms]
(pass) type rejection: fork-extra.ts [551.51ms]
(pass) type rejection: inline-missing.ts [584.36ms]
(pass) type rejection: builder-views.ts [635.80ms]
(pass) type rejection: contributions.ts [920.92ms]

tests/persistent-module.test.ts:
(pass) one module update does not revisit its existing registration table [4.39ms]
(pass) module updates preserve declaration positions, earlier builders and renamed lexical exports [24.70ms]

tests/plugins.test.ts:
(pass) plugin validation retains raw source ownership on success and failure [1.08ms]
(pass) plugin descriptor requires own protocol fields before factory effects [0.20ms]
(pass) plugin preflight validates dependencies and options before descriptor reads [0.15ms]
(pass) plugin descriptor preflight preserves accessor errors and ignores extra getters [0.18ms]
(pass) plugin snapshots dependencies, options and callbacks before later mutation [0.57ms]
(pass) plugin routes required optional lazy and all dependency references positionally [0.61ms]
(pass) raw plugin validation does not assimilate values or validator results [0.96ms]
(pass) native plugin validates fulfilled values, caches final output and releases source ownership [0.45ms]
(pass) native plugin rejection and output validation preserve causes and ownership [0.43ms]
(pass) native plugins require a genuine Promise source [0.19ms]
(pass) startup rollback releases an accepted plugin source once [0.58ms]
(pass) plugin callbacks use no receiver and preserve factory and validator failures [0.40ms]
(pass) plugin composition retains module privacy, aliases, contributions and selected sharing [1.25ms]
(pass) plugin observers retain the canonical acquisition and cleanup events [0.69ms]
(pass) native plugin readiness waits for source validation [0.26ms]
(pass) plugin close waits for accepted disposer cleanup exactly once [0.24ms]
(pass) plugin validation errors survive one failed retirement cleanup [0.35ms]
(pass) plugin observer lifecycle events identify its canonical acquisition [0.68ms]

tests/dependency-references.test.ts:
(pass) optional absence is distinct from a present undefined acquisition [0.43ms]
(pass) optional factory failures and native rejections propagate and retry [0.58ms]
(pass) lazy scoped dependencies defer construction and retain invocation ownership [0.35ms]
(pass) lazy root dependencies defer construction and retain invocation ownership [0.13ms]
(pass) lazy transient dependencies defer construction and retain invocation ownership [0.10ms]
(pass) all adapters snapshot mixed references by index and authenticate every handle [0.77ms]
(pass) lazy reads preserve lexical private tokens, export renames and external optional absence [0.38ms]
(pass) lazy closures use shared/root owner context and independent fork overrides [0.67ms]
(pass) raw and native references preserve Promise identity and disposal values [0.33ms]
(pass) optional synchronous and post-await cycles propagate [0.40ms]
(pass) lazy synchronous and post-await cycles propagate [0.17ms]
(pass) lazy closure shutdown admission belongs to the capturing source attempt [0.42ms]
(pass) observed reference reads retain strict root checks before routing [0.25ms]
(pass) lazy reads detect a cycle between already ready consumers [0.16ms]
(pass) a pending projection does not extend a lazy source shutdown admission [0.21ms]
(pass) root explicit capture and optional reads retain the root lexical context [0.30ms]

tests/token-scale.test.ts:
(pass) token scale: 100 bindings valid [2137.06ms]
(pass) token scale: 100 bindings missing-final-token [2132.10ms]
(pass) token scale: 100 bindings mismatched-invariant-service [2201.23ms]
(pass) token scale: 100 modules valid [2763.32ms]
(pass) token scale: 100 modules missing-final-token [2731.57ms]
(pass) token scale: 100 modules mismatched-invariant-service [2741.15ms]

tests/selected-scopes.test.ts:
(pass) selected sharing keeps parent dependencies while child overrides stay local [2.47ms]
(pass) mixed token selections retain exact borrowed pending values and override bindings [0.37ms]
(pass) scope snapshots selections and ignores unselected override getters and tuple iterators [0.32ms]
(pass) invalid selections reject before override values or provider effects [0.37ms]
(pass) empty selections are lazy and duplicates read each override once [0.27ms]
(pass) inherited strict roots keep their graph when a child overrides a dependency as scoped [0.20ms]

tests/benchmark-types.test.ts:
(pass) parent evaluator validates untrusted worker evidence and preserves requested identities [0.58ms]
(pass) benchmark rejects unsupported flags: --native --native [239.46ms]
(pass) benchmark rejects unsupported flags: --tokens --tokens [235.72ms]
(pass) benchmark rejects unsupported flags: --unknown [243.62ms]
(pass) benchmark rejects unsupported flags: --native --tokens --unknown [238.12ms]
(pass) named benchmark boundary: 100 bulk valid [668.02ms]
(pass) named benchmark boundary: 100 bulk missing [708.88ms]
(pass) named benchmark boundary: 100 bulk wrong-shape [671.76ms]
(pass) named benchmark boundary: 100 chained valid [1308.62ms]
(pass) named benchmark boundary: 100 chained missing [1292.40ms]
(pass) named benchmark boundary: 100 chained wrong-shape [1296.21ms]
(pass) named benchmark boundary: 100 grouped valid [653.84ms]
(pass) named benchmark boundary: 100 grouped missing [658.02ms]
(pass) named benchmark boundary: 100 grouped wrong-shape [663.18ms]
(pass) named benchmark boundary: 100 replacement valid [1518.67ms]
(pass) named benchmark boundary: 100 replacement missing [1601.66ms]
(pass) named benchmark boundary: 100 replacement wrong-shape [1636.56ms]
(pass) named benchmark worker retains complete boundary diagnostics [1671.66ms]
(pass) token worker defaults a valid invocation to 100 services [2171.06ms]
(pass) token worker accepts an explicit supported count [2144.52ms]
(pass) token worker rejects an extra argument before compilation [219.79ms]
(pass) token worker rejects count zero before compilation [222.68ms]
(pass) token worker rejects an unsupported count before compilation [223.37ms]
(pass) token worker rejects an invalid form before compilation [218.89ms]
(pass) token worker rejects an invalid scenario before compilation [221.89ms]

tests/platform/browser-worker.test.ts:
(pass) browser metafile accepts only the installed root export and package-local dependencies [3.63ms]
(pass) browser bundle validation rejects stale bytes, sizes, gzip size, metafile and root identity [4.45ms]
(pass) Worker protocol accepts exactly one structured portable result and rejects hostile transcripts [1.60ms]
(pass) browser Worker lane rechecks the artifact before execution and maps protocol failures [132.69ms]
(pass) explicitly unprovisioned browser tools stay unavailable without archive or bundle fallback [48.77ms]
(pass) provisioned browser tools execute the real packed archive lane [7218.14ms]

1 tests failed:
(fail) native replacement diagnostics retain every useful primary and supplemental message [1384.77ms]

 1042 pass
 1 fail
 19237 expect() calls
Ran 1043 tests across 56 files. [481.06s]
