✔ discarded raw transient arrays are collectible after resolve (7.186007ms)
✔ discarded raw transient arrays are collectible after alias (2.465301ms)
✔ discarded raw transient arrays are collectible after dependency (2.784628ms)
✔ discarded raw transient arrays are collectible after collection (2.908647ms)
✔ discarded raw transient arrays are collectible after startup (4.446213ms)
✔ discarded native transient promises and source arrays are collectible (3.113652ms)
✔ discarded native transient promises and mapped arrays are collectible (2.846897ms)
✔ borrowed mapped payloads are collectible while independent inspection frames survive (3.766075ms)
✔ transient owned source and mapped identities survive GC until reverse stage cleanup (5.09163ms)
✔ closing releases compacted frame payloads even when a dependency proxy is retained (5.318995ms)
✔ a ready borrowed projection drops its payload while pending source ownership and close admission survive (2.727773ms)
✔ current graph releases replaced factories, payloads, IDs and warmed ancestor wrappers (3.98843ms)
✔ contribution append and installation release earlier cached arrays and graph wrappers (4.065434ms)
✔ a private lexical reference intentionally retains an overridden factory (2.247641ms)
✔ symbol lookup remains functional on hosts that reject weak symbol keys (2.675247ms)
✔ removing the last lexical consumer releases displaced private targets and snapshots (2.675899ms)
✔ Node disposes a deep ready graph in dependency order and only once (209.206069ms)
✔ Node admits a late acyclic edge and rejects a late cycle across a deep graph (143.678268ms)
✔ Node cold-resolves 1,000 raw named factories exactly once without increasing its stack (55.600625ms)
✔ Node cold-resolves 1,000 auto named factories exactly once without increasing its stack (64.21934ms)
✔ raw fast acquisition preserves unobserved thenable and promise identity and factory receiver (2.767673ms)
✔ raw scoped public reentrant creating cycles invoke the factory once (0.392047ms)
✔ raw transient public reentrant creating cycles invoke the factory once (0.270266ms)
✔ native transient ancestry rejects after-await cycles with the original label order (0.420656ms)
✔ ready borrowed transient proxies keep late cycle and root capture checks (0.719413ms)
✔ failed direct raw sources cannot use retained proxies during close (0.304366ms)
✔ failed direct auto sources cannot use retained proxies during close (0.143597ms)
✔ Node numeric startup 1 bounds selected readiness without awaiting raw outputs (9.78763ms)
✔ Node numeric startup 2 bounds selected readiness without awaiting raw outputs (0.441832ms)
✔ Node observer burst drains in transition and registration order while external callback gates remain pending (1.81535ms)
✔ Node application wait deadlines preserve memoized pending source and disposer cleanup (0.479715ms)
ℹ tests 31
ℹ suites 0
ℹ pass 31
ℹ fail 0
ℹ cancelled 0
ℹ skipped 0
ℹ todo 0
ℹ duration_ms 570.115278
