	Command being timed: "npm run check:platform"
	User time (seconds): 5.49
	System time (seconds): 1.30
	Percent of CPU this job got: 159%
	Elapsed (wall clock) time (h:mm:ss or m:ss): 0:04.25
	Average shared text size (kbytes): 0
	Average unshared data size (kbytes): 0
	Average stack size (kbytes): 0
	Average total size (kbytes): 0
	Maximum resident set size (kbytes): 389396
	Average resident set size (kbytes): 0
	Major (requiring I/O) page faults: 72
	Minor (reclaiming a frame) page faults: 469719
	Voluntary context switches: 21286
	Involuntary context switches: 326
	Swaps: 0
	File system inputs: 984
	File system outputs: 28536
	Socket messages sent: 0
	Socket messages received: 0
	Signals delivered: 0
	Page size (bytes): 4096
	Exit status: 0
