bun test v1.4.0 (34cbb9a40)

tests/native-process.test.ts:
(pass) supervisor terminates and reaps a live child on monitor EIO [6.18ms]
(pass) supervisor terminates and reaps a live child on monitor EACCES [0.85ms]
(pass) supervisor terminates and reaps a live child on monitor ENOENT [1.00ms]
(pass) supervisor terminates and reaps a live child on monitor ESRCH [0.75ms]
(pass) supervisor terminates and reaps a live child on monitor missing VmRSS [21.19ms]
(pass) supervisor terminates and reaps a live child on monitor malformed VmRSS [21.81ms]
(pass) supervisor drains and reaps a zombie when status reports ENOENT before the exit callback [78.11ms]
(pass) supervisor drains and reaps a zombie when status reports ESRCH before the exit callback [78.90ms]
(pass) supervisor confirms exit 0 after stale non-zombie status loses VmRSS [180.59ms]
(pass) supervisor confirms exit 2 after stale non-zombie status loses VmRSS [184.34ms]
(pass) supervisor preserves exit 0 with pre-zombie kernel exit evidence [23.30ms]
(pass) supervisor preserves exit 2 with pre-zombie kernel exit evidence [23.47ms]
(pass) supervisor fails closed when the thread leader exits but a worker still runs [44.53ms]
(pass) supervisor confirms ESRCH process disappearance before its exit callback runs [80.93ms]
(pass) supervisor drains streams and awaits pending sample cleanup for missing VmRSS during exit [84.16ms]
(pass) supervisor drains streams and awaits pending sample cleanup for ENOENT after exit [87.85ms]
(pass) supervisor drains streams and awaits pending sample cleanup for ESRCH after exit [95.79ms]
(pass) monitor termination waits for inherited stdout and stderr to close [66.37ms]
(pass) supervisor retains clean child streams and exit status [64.89ms]
(pass) failed spawn is explicit evidence [1.25ms]
(pass) supervisor terminates and reaps timeout child [21.09ms]
(pass) supervisor terminates and reaps memory child [21.49ms]
(pass) supervisor terminates and reaps output child [26.24ms]
(pass) invalid limits and unsupported platforms fail before spawning [0.19ms]
(pass) output overflow remains byte bounded when UTF8 is cut within a character [24.11ms]
(pass) kernel exit proof parses complete stat records with unescaped task names and strict flags [0.17ms]
(pass) supervisor checks empty initial group in task-group exit evidence [21.59ms]
(pass) supervisor checks empty final group in task-group exit evidence [21.57ms]
(pass) supervisor checks unproven final thread in task-group exit evidence [21.50ms]
(pass) supervisor checks permission failure in task-group exit evidence [21.40ms]
(pass) supervisor checks malformed stat in task-group exit evidence [21.40ms]
(pass) supervisor checks departed thread ENOENT in task-group exit evidence [83.87ms]
(pass) supervisor checks departed thread ESRCH in task-group exit evidence [77.11ms]

 33 pass
 0 fail
 176 expect() calls
Ran 33 tests across 1 file. [1.61s]
