
> di-bag@0.1.0 check
> npm run typecheck && npm test && npm run build


> di-bag@0.1.0 typecheck
> tsc6 -p tsconfig.json


> di-bag@0.1.0 test
> bun test tests

bun test v1.4.0 (34cbb9a40)

tests/observers.test.ts:
(pass) observers preserve raw identity and explicit ownership [3.01ms]
(pass) ready follows the final native stage while retaining exposed identity [0.38ms]
(pass) observer failure monitoring handles throws, rejection and throwing then without gating shutdown [0.40ms]
(pass) configuration snapshots callbacks, appends in order and retains classification [0.64ms]
(pass) reentrant observer resolution runs outside factory ancestry and respects published close [0.24ms]
(pass) canonical owners distinguish shared roots, independent forks, contributions and transients [1.60ms]
(pass) failed final projections retire accepted ownership once and preserve cleanup errors [0.96ms]
(pass) intermediate native failure bypassed by raw projection is not final failure [0.39ms]
(pass) private module frames are immutable snapshots without freezing application metadata [1.41ms]
(pass) startup rollback observes accepted cleanup while preserving the startup cause [1.36ms]
(pass) cancellation observes late accepted resources and final failure without awaiting telemetry [0.95ms]
(pass) throwing-then error sink results are consumed and appending duplicates keeps every callback [0.29ms]
(pass) delivery keeps emission order across immutable appended facade configurations [0.38ms]

tests/acquisition-mode.test.ts:
(pass) close waits for a native acquisition with shadowed then at source [0.31ms]
(pass) close waits for a native acquisition with shadowed then at projection [0.15ms]
(pass) close waits for a native acquisition with shadowed then at val-box [0.12ms]
(pass) unconfigured core preflights every stage and private module before any factory effects [0.23ms]
(pass) facades snapshot and isolate their predicate, carrying it through builders and forks [0.55ms]
(pass) invalid configuration, modes and classifier results fail explicitly [0.27ms]
(pass) automatic ordinary values preserve the then-presence guard [0.13ms]
(pass) raw Promise and then-getter values retain exact ownership without observation or waiting [0.26ms]
(pass) explicit native and async projections work without a classifier and preserve previous owners [0.34ms]
(pass) auto observes local native state with non-callable then [0.19ms]
(pass) native observes local native state with non-callable then [0.10ms]
(pass) auto observes foreign native state with non-callable then [0.47ms]
(pass) native observes foreign native state with non-callable then [0.30ms]
(pass) presence frames default to raw while required frames and sync capabilities select output mode [0.31ms]
(pass) async adapters retain their native output contract without reading hidden acquisition options [0.31ms]
(pass) val-box options preserve invalid value rejection and require a selection when supplied [0.08ms]

tests/startup.test.ts:
(pass) contexts follow acquisition owners through child-first roots and independent forks [0.44ms]
(pass) abort listeners cannot reenter any closing scope admission gate [0.25ms]
(pass) startup waits for selected native acquisition while leaving unrelated providers lazy [0.31ms]
(pass) startup uses native observation with shadowed then and treats raw promises as ready [0.28ms]
(pass) a ready native projection starts while its source remains pending until shutdown [0.28ms]
(pass) failed native projection aborts a cooperative pending source before cleanup [0.31ms]
(pass) sequential startup waits before invoking the next selection [0.26ms]
(pass) startup selects genuine tokens and keeps separate owned transient attempts [0.27ms]
(pass) late contextual dependencies receive an already aborted owner signal [0.22ms]
(pass) startup removes its abort listener on success [0.24ms]
(pass) startup removes its abort listener on failure [0.09ms]
(pass) startup removes its abort listener on aborted [0.07ms]
(pass) startup removes its abort listener on timeout [5.54ms]
(pass) startup snapshots option getters once after snapshotting all selected keys [0.21ms]
(pass) sequential startup stops after failure and waits for cleanup with original causes [0.43ms]
(pass) parallel startup starts later selections after synchronous failure and cleans pending ownership [0.25ms]
(pass) aborted rejects before late ownership and exposes eventual cleanup failure [0.41ms]
(pass) timeout rejects before late ownership and exposes eventual cleanup failure [5.62ms]
(pass) already aborted startup does not invoke any factories [0.22ms]
(pass) cancellation can interrupt cleanup after ordinary startup failure [0.33ms]
(pass) successful startup removes external cancellation and snapshots indexed selections [0.23ms]
(pass) invalid startup inputs reject before factory or unsupported option getter effects [0.40ms]

tests/compiler-case.test.ts:
(pass) selected compiler case admits only original matrix identities [0.14ms]
(pass) a claimed accepted result cannot hide an original-boundary failure [0.27ms]
(pass) direct selected-case calls reject invalid lane and matrix identities before dispatch [0.22ms]
(pass) recomputed boundary rejects self-consistent worker evidence at the wrong boundary [0.10ms]
(pass) selected evidence rejects sourceCommit drift while compilation runs [0.04ms]
(pass) selected evidence rejects sourceStatus drift while compilation runs
(pass) selected evidence rejects sourceSha256 drift while compilation runs
(pass) selected evidence rejects generatedSha256 drift while compilation runs
(pass) native selected evidence preserves the hash of the compiled snapshot [0.03ms]
(pass) compiler CLI deterministically selects exit status from simulated evidence [0.04ms]
(pass) classic selected 100 bulk valid returns verified evidence [1188.50ms]
(pass) classic selected 100 bulk missing returns verified evidence [1219.55ms]
(pass) native selected 100 bulk valid returns verified evidence [177.54ms]
(pass) native selected 100 bulk missing returns verified evidence [181.28ms]
(pass) selected compiler CLI rejects an invalid identity without JSON success [236.30ms]

tests/lifetimes.test.ts:
(pass) root, scoped and transient identity have distinct ownership [0.59ms]
(pass) child-first roots capture dependencies in the root owner through grandchildren and forks [0.52ms]
(pass) same-object transients own separate attempts and preserve every cleanup cause [0.31ms]
(pass) raw and native lifetimes retain original pending promises and classification [0.36ms]
(pass) failed root cache entries retry across children with new acquisition identities [0.24ms]
(pass) public synchronous transient reentrancy is rejected before a second factory invocation [0.15ms]
(pass) pure transient post-await ancestry rejects repeated construction [0.24ms]
(pass) mixed cached and transient post-await cycles preserve acquisition graph detection [0.24ms]
(pass) independent pending transient calls are distinct nonrecursive acquisitions [0.15ms]
(pass) a ready transient proxy may create a fresh instance on each later method call [0.15ms]
(pass) pending child work acquires roots during parent close and root cleanup follows child cleanup [0.28ms]
(pass) strict roots reject new scoped reads directly [0.30ms]
(pass) strict roots reject new scoped reads through a transient [0.16ms]
(pass) strict roots reject cached scoped reads directly [0.11ms]
(pass) strict roots reject cached scoped reads through a transient [0.13ms]
(pass) strict capture boundaries survive await and ready transient methods [0.55ms]
(pass) strict roots can consume capturing roots without inheriting their permission [0.36ms]
(pass) token captive reads reject at the observed edge before scoped creation [0.55ms]
(pass) renamed module exports retain private root and transient ownership despite public collisions [0.60ms]
(pass) private module scoped capture rejects despite an identically named public root [0.34ms]
(pass) failed root rollback and retry retain distinct ownership across child consumers [0.78ms]
(pass) child close releases its attempts while a child-first root remains pending [0.41ms]
(pass) completed child and retired proxies cannot borrow another attempt closing permission for root reads [0.39ms]
(pass) pending source permission survives a ready projection when routing late roots [0.46ms]
(pass) family retirement removes cross-owner incoming edges but preserves outgoing rollback dependencies [0.20ms]
(pass) retired transient ancestry does not block a retained proxy from retrying its binding [0.24ms]
(pass) token roots retain family ownership through a transient token consumer and independent override [0.46ms]
(pass) pending source permission survives failed projection rollback for late root reads [0.42ms]

tests/selected-scope-runtime.test.ts:
(pass) selected service borrows parent configuration and ownership while child config is overridden [0.55ms]
(pass) scoped sharing selects the immediate parent and must be selected again by grandchildren [0.31ms]
(pass) child-defined roots anchor their graph while inherited roots construct in the original graph [0.59ms]
(pass) shared pending promises deduplicate and failed acquisitions retry at the owner [0.37ms]
(pass) closing a borrower leaves the pending owner context and finalizer intact [0.36ms]
(pass) pending child sources discover shared parent dependencies during tree close [0.45ms]
(pass) strict child roots reject shared scoped dependencies before reading a cached owner [0.28ms]
(pass) shared dependency edges detect cycles through retained owner proxies [0.23ms]
(pass) shared module bindings preserve lexical private dependencies despite child public replacements [0.30ms]
(pass) synchronous shared owner reentry detects a cycle across acquisition owners [0.35ms]
(pass) a ready projection retains source permission for late shared reads [0.38ms]
(pass) a failed projection retains source permission for late shared reads [0.14ms]
(pass) completed and retired child proxies cannot borrow another source closing permission for shared reads [0.41ms]

tests/wbs-scope.test.ts:
(pass) WBS scopes borrow infrastructure and recreate stores, collectors and services [1.79ms]
(pass) an explicitly shared WBS service keeps its original stores and broadcaster [0.67ms]
(pass) closing the root disposes its resources but leaves the startup-owned source usable [0.28ms]
(pass) startup cleans every owner and discards held announcements when batch work fails [0.37ms]
(pass) startup still closes later bags and its source when multiple disposers fail [0.49ms]
(pass) a factory cleans partial acquisition before throwing; the bag does not dispose it twice [0.29ms]
(pass) the runnable example reports published work and complete shutdown [0.37ms]

tests/native-process.test.ts:
(pass) supervisor terminates and reaps a live child on monitor EIO [2.12ms]
(pass) supervisor terminates and reaps a live child on monitor ENOENT [1.07ms]
(pass) supervisor terminates and reaps a live child on monitor missing VmRSS [21.43ms]
(pass) supervisor drains streams and awaits pending sample cleanup for missing VmRSS during exit [99.16ms]
(pass) supervisor drains streams and awaits pending sample cleanup for ENOENT after exit [105.42ms]
(pass) monitor termination waits for inherited stdout and stderr to close [61.09ms]
(pass) supervisor retains clean child streams and exit status [63.50ms]
(pass) failed spawn is explicit evidence [0.86ms]
(pass) supervisor terminates and reaps timeout child [23.31ms]
(pass) supervisor terminates and reaps memory child [21.54ms]
(pass) supervisor terminates and reaps output child [22.20ms]
(pass) invalid limits and unsupported platforms fail before spawning [0.17ms]
(pass) output overflow remains byte bounded when UTF8 is cut within a character [23.36ms]

tests/box-package.test.ts:
(pass) real fixtures retain the verified archive hashes [0.20ms]
(pass) packed core runs with neither box installed and no runtime adapter import [39.93ms]
(pass) installed real boxes compose in Node commonjs and share cross-loader descriptors [40.71ms]
(pass) installed commonjs modern inline declarations survive emission and unchanged consumption [2080.14ms]
(pass) installed commonjs declaration contracts: plugins.ts [823.26ms]
(pass) installed commonjs declaration contracts: negative/plugins.ts [786.58ms]
(pass) installed commonjs declaration contracts: observers.ts [755.49ms]
(pass) installed commonjs declaration contracts: negative/observers.ts [623.59ms]
(pass) installed commonjs declaration contracts: contributions.ts [930.08ms]
(pass) installed commonjs declaration contracts: negative/contributions.ts [1146.23ms]
(pass) installed commonjs declaration contracts: aliases.ts [923.59ms]
(pass) installed commonjs declaration contracts: negative/aliases.ts [1122.84ms]
(pass) installed commonjs declaration contracts: dependency-references.ts [933.22ms]
(pass) installed commonjs declaration contracts: negative/dependency-references.ts [1066.55ms]
(pass) installed commonjs declaration contracts: composition-adapters.ts [789.28ms]
(pass) installed commonjs declaration contracts: negative/composition-adapters.ts [813.37ms]
(pass) installed commonjs declaration contracts: selected-scopes.ts [751.04ms]
(pass) installed commonjs declaration contracts: negative/selected-scopes.ts [907.45ms]
(pass) installed commonjs declaration contracts: startup.ts [753.29ms]
(pass) installed commonjs declaration contracts: negative/startup.ts [767.48ms]
(pass) installed commonjs declaration contracts: acquisition-mode.ts [658.00ms]
(pass) installed commonjs declaration contracts: negative/acquisition-mode.ts [639.59ms]
(pass) installed commonjs declaration contracts: scopes.ts [633.98ms]
(pass) installed commonjs declaration contracts: negative/scopes.ts [746.02ms]
(pass) installed commonjs declaration contracts: lifetimes.ts [787.41ms]
(pass) installed commonjs declaration contracts: negative/lifetimes.ts [989.39ms]
(pass) installed commonjs declaration contracts: tokens.ts [762.92ms]
(pass) installed commonjs declaration contracts: negative/tokens.ts [849.60ms]
(pass) installed commonjs declaration contracts: negative/token-modules.ts [686.17ms]
(pass) installed commonjs declaration contracts: token-contracts.ts [640.40ms]
(pass) installed commonjs declaration contracts: negative/token-contracts.ts [758.16ms]
(pass) installed commonjs declaration contracts: box-adapters.ts [705.13ms]
(pass) installed commonjs declaration contracts: negative/box-adapters.ts [669.96ms]
(pass) installed commonjs declaration contracts: negative/provider-unions.ts [663.80ms]
(pass) installed commonjs declaration contracts: incremental.ts [743.84ms]
(pass) installed commonjs declaration contracts: negative/incremental.ts [771.55ms]
(pass) installed commonjs declaration contracts: incremental-modules.ts [638.92ms]
(pass) installed commonjs declaration contracts: negative/incremental-modules.ts [666.20ms]
(pass) installed commonjs declaration contracts: builder-views.ts [703.52ms]
(pass) installed commonjs declaration contracts: negative/builder-views.ts [771.09ms]
(pass) installed commonjs declaration contracts: modern-inline.ts [632.96ms]
(pass) installed commonjs declaration contracts: negative/modern-inline.ts [651.40ms]
(pass) installed commonjs declaration contracts: real [649.74ms]
(pass) installed commonjs declaration contracts: replacement-supported.ts [767.57ms]
(pass) installed commonjs declaration contracts: negative/replacement-views.ts [684.03ms]
(pass) installed real boxes compose in Node module and share cross-loader descriptors [46.56ms]
(pass) installed module modern inline declarations survive emission and unchanged consumption [1670.92ms]
(pass) installed module declaration contracts: plugins.ts [821.43ms]
(pass) installed module declaration contracts: negative/plugins.ts [802.28ms]
(pass) installed module declaration contracts: observers.ts [732.74ms]
(pass) installed module declaration contracts: negative/observers.ts [652.48ms]
(pass) installed module declaration contracts: contributions.ts [942.98ms]
(pass) installed module declaration contracts: negative/contributions.ts [1114.32ms]
(pass) installed module declaration contracts: aliases.ts [952.65ms]
(pass) installed module declaration contracts: negative/aliases.ts [1106.74ms]
(pass) installed module declaration contracts: dependency-references.ts [781.38ms]
(pass) installed module declaration contracts: negative/dependency-references.ts [973.03ms]
(pass) installed module declaration contracts: composition-adapters.ts [694.69ms]
(pass) installed module declaration contracts: negative/composition-adapters.ts [739.34ms]
(pass) installed module declaration contracts: selected-scopes.ts [753.08ms]
(pass) installed module declaration contracts: negative/selected-scopes.ts [898.17ms]
(pass) installed module declaration contracts: startup.ts [778.17ms]
(pass) installed module declaration contracts: negative/startup.ts [727.21ms]
(pass) installed module declaration contracts: acquisition-mode.ts [716.16ms]
(pass) installed module declaration contracts: negative/acquisition-mode.ts [676.53ms]
(pass) installed module declaration contracts: scopes.ts [667.40ms]
(pass) installed module declaration contracts: negative/scopes.ts [763.86ms]
(pass) installed module declaration contracts: lifetimes.ts [1061.11ms]
(pass) installed module declaration contracts: negative/lifetimes.ts [1270.70ms]
(pass) installed module declaration contracts: tokens.ts [872.89ms]
(pass) installed module declaration contracts: negative/tokens.ts [1045.28ms]
(pass) installed module declaration contracts: negative/token-modules.ts [811.14ms]
(pass) installed module declaration contracts: token-contracts.ts [716.63ms]
(pass) installed module declaration contracts: negative/token-contracts.ts [788.73ms]
(pass) installed module declaration contracts: box-adapters.ts [773.89ms]
(pass) installed module declaration contracts: negative/box-adapters.ts [701.25ms]
(pass) installed module declaration contracts: negative/provider-unions.ts [746.38ms]
(pass) installed module declaration contracts: incremental.ts [745.11ms]
(pass) installed module declaration contracts: negative/incremental.ts [803.73ms]
(pass) installed module declaration contracts: incremental-modules.ts [722.40ms]
(pass) installed module declaration contracts: negative/incremental-modules.ts [702.50ms]
(pass) installed module declaration contracts: builder-views.ts [704.67ms]
(pass) installed module declaration contracts: negative/builder-views.ts [842.24ms]
(pass) installed module declaration contracts: modern-inline.ts [680.45ms]
(pass) installed module declaration contracts: negative/modern-inline.ts [700.22ms]
(pass) installed module declaration contracts: real [750.24ms]
(pass) installed module declaration contracts: replacement-supported.ts [781.09ms]
(pass) installed module declaration contracts: negative/replacement-views.ts [746.31ms]

tests/package.test.ts:
(pass) feature library inferred token exports survive declaration emission [1687.29ms]
(pass) Node commonjs consumers can resolve and dispose through the public package [91.73ms]
(pass) Node commonjs observes local and foreign native subclass state directly [35.86ms]
(pass) TypeScript commonjs consumers can use the emitted declarations [1007.63ms]
(pass) TypeScript commonjs emitted provider contracts: plugins.ts [801.04ms]
(pass) TypeScript commonjs emitted provider contracts: negative/plugins.ts [765.35ms]
(pass) TypeScript commonjs emitted provider contracts: observers.ts [723.68ms]
(pass) TypeScript commonjs emitted provider contracts: negative/observers.ts [695.23ms]
(pass) TypeScript commonjs emitted provider contracts: contributions.ts [956.26ms]
(pass) TypeScript commonjs emitted provider contracts: negative/contributions.ts [1235.17ms]
(pass) TypeScript commonjs emitted provider contracts: aliases.ts [932.58ms]
(pass) TypeScript commonjs emitted provider contracts: negative/aliases.ts [1127.76ms]
(pass) TypeScript commonjs emitted provider contracts: dependency-references.ts [809.31ms]
(pass) TypeScript commonjs emitted provider contracts: negative/dependency-references.ts [906.23ms]
(pass) TypeScript commonjs emitted provider contracts: composition-adapters.ts [700.97ms]
(pass) TypeScript commonjs emitted provider contracts: negative/composition-adapters.ts [774.98ms]
(pass) TypeScript commonjs emitted provider contracts: selected-scopes.ts [727.88ms]
(pass) TypeScript commonjs emitted provider contracts: negative/selected-scopes.ts [901.92ms]
(pass) TypeScript commonjs emitted provider contracts: acquisition-mode.ts [714.44ms]
(pass) TypeScript commonjs emitted provider contracts: negative/acquisition-mode.ts [702.61ms]
(pass) TypeScript commonjs emitted provider contracts: scopes.ts [670.15ms]
(pass) TypeScript commonjs emitted provider contracts: negative/scopes.ts [731.62ms]
(pass) TypeScript commonjs emitted provider contracts: lifetimes.ts [870.04ms]
(pass) TypeScript commonjs emitted provider contracts: negative/lifetimes.ts [1054.17ms]
(pass) TypeScript commonjs emitted provider contracts: tokens.ts [763.61ms]
(pass) TypeScript commonjs emitted provider contracts: negative/tokens.ts [922.77ms]
(pass) TypeScript commonjs emitted provider contracts: negative/token-modules.ts [728.88ms]
(pass) TypeScript commonjs emitted provider contracts: token-contracts.ts [693.11ms]
(pass) TypeScript commonjs emitted provider contracts: negative/token-contracts.ts [769.47ms]
(pass) TypeScript commonjs emitted provider contracts: providers.ts [812.13ms]
(pass) TypeScript commonjs emitted provider contracts: replacement-context.ts [780.16ms]
(pass) TypeScript commonjs emitted provider contracts: negative/replacement-context.ts [808.79ms]
(pass) TypeScript commonjs emitted provider contracts: negative/provider-boundaries.ts [772.52ms]
(pass) TypeScript commonjs emitted provider contracts: negative/provider-module-metadata.ts [685.52ms]
(pass) TypeScript commonjs emitted provider contracts: negative/provider-projections.ts [723.77ms]
(pass) Node module consumers can resolve and dispose through the public package [87.30ms]
(pass) Node module observes local and foreign native subclass state directly [41.48ms]
(pass) TypeScript module consumers can use the emitted declarations [1140.51ms]
(pass) TypeScript module emitted provider contracts: plugins.ts [829.71ms]
(pass) TypeScript module emitted provider contracts: negative/plugins.ts [806.14ms]
(pass) TypeScript module emitted provider contracts: observers.ts [762.34ms]
(pass) TypeScript module emitted provider contracts: negative/observers.ts [744.39ms]
(pass) TypeScript module emitted provider contracts: contributions.ts [998.77ms]
(pass) TypeScript module emitted provider contracts: negative/contributions.ts [1194.71ms]
(pass) TypeScript module emitted provider contracts: aliases.ts [966.28ms]
(pass) TypeScript module emitted provider contracts: negative/aliases.ts [1193.63ms]
(pass) TypeScript module emitted provider contracts: dependency-references.ts [840.56ms]
(pass) TypeScript module emitted provider contracts: negative/dependency-references.ts [1006.63ms]
(pass) TypeScript module emitted provider contracts: composition-adapters.ts [708.16ms]
(pass) TypeScript module emitted provider contracts: negative/composition-adapters.ts [744.04ms]
(pass) TypeScript module emitted provider contracts: selected-scopes.ts [775.95ms]
(pass) TypeScript module emitted provider contracts: negative/selected-scopes.ts [960.48ms]
(pass) TypeScript module emitted provider contracts: acquisition-mode.ts [736.02ms]
(pass) TypeScript module emitted provider contracts: negative/acquisition-mode.ts [717.26ms]
(pass) TypeScript module emitted provider contracts: scopes.ts [713.94ms]
(pass) TypeScript module emitted provider contracts: negative/scopes.ts [826.58ms]
(pass) TypeScript module emitted provider contracts: lifetimes.ts [897.01ms]
(pass) TypeScript module emitted provider contracts: negative/lifetimes.ts [1132.10ms]
(pass) TypeScript module emitted provider contracts: tokens.ts [944.99ms]
(pass) TypeScript module emitted provider contracts: negative/tokens.ts [1081.36ms]
(pass) TypeScript module emitted provider contracts: negative/token-modules.ts [858.45ms]
(pass) TypeScript module emitted provider contracts: token-contracts.ts [758.46ms]
(pass) TypeScript module emitted provider contracts: negative/token-contracts.ts [810.02ms]
(pass) TypeScript module emitted provider contracts: providers.ts [871.65ms]
(pass) TypeScript module emitted provider contracts: replacement-context.ts [856.96ms]
(pass) TypeScript module emitted provider contracts: negative/replacement-context.ts [880.39ms]
(pass) TypeScript module emitted provider contracts: negative/provider-boundaries.ts [817.76ms]
(pass) TypeScript module emitted provider contracts: negative/provider-module-metadata.ts [712.72ms]
(pass) TypeScript module emitted provider contracts: negative/provider-projections.ts [735.21ms]
(pass) unchecked Bag construction is rejected through di-bag [660.46ms]
(pass) unchecked Bag construction is rejected through ../src/di-bag [977.87ms]
(pass) unchecked Module construction is rejected through di-bag [716.47ms]
(pass) unchecked Module construction is rejected through ../src/module [982.58ms]
(pass) unchecked Provider construction is rejected through di-bag [725.65ms]
(pass) unchecked Provider construction is rejected through ../src/provider [626.01ms]
(pass) unchecked Token construction is rejected through di-bag [675.31ms]
(pass) unchecked Token construction is rejected through ../src/tokens [582.03ms]

tests/native-package.test.ts:
(pass) native installed contracts and physical downstream declarations from classic6 [72791.91ms]
(pass) native installed contracts and physical downstream declarations from native7 [59060.47ms]

tests/native-diagnostic-markers.test.ts:
(pass) known native overload rejection retains its unmet useful requirement separately [0.28ms]
(pass) native gap rejects unknown declaration [0.11ms]
(pass) native gap rejects malformed declaration [0.03ms]
(pass) native gap rejects duplicate declaration [0.06ms]
(pass) native gap rejects misplaced declaration [0.03ms]
(pass) native gap rejects not adjacent [0.03ms]
(pass) native gap rejects stale declaration [0.01ms]
(pass) native gap rejects wrong code [0.02ms]
(pass) native gap rejects wrong full message [0.02ms]
(pass) native gap rejects wrong file [0.02ms]
(pass) native gap rejects wrong region [0.04ms]
(pass) native gap rejects absent error [0.01ms]
(pass) native gap rejects TS2589
(pass) native gap rejects duplicate error [0.02ms]
(pass) native gap rejects unrelated extra [0.01ms]
(pass) native gap rejects no declaration [0.02ms]
(pass) native gap cannot replace a supplemental expectation [0.12ms]
(pass) union and open-template fingerprints require their own exact declarations [0.20ms]
(pass) native gap cannot satisfy a different primary even when that primary matches its fingerprint [0.07ms]

tests/boundaries.test.ts:
(pass) fork changes only the selected key hidden behind a narrowed override map [0.30ms]
(pass) unselected override values and getters never participate [0.10ms]
(pass) hidden duplicate additions throw atomically and leave builders reusable [0.17ms]
(pass) hidden new keys cannot later silently replace visible registrations [0.08ms]
(pass) add snapshots every own entry and validates before producing a builder [0.19ms]
(pass) replacement writes its explicit key and preserves earlier builders [0.21ms]
(pass) fork requires selected own entries before reading any selected getter [0.20ms]
(pass) fork snapshots selection before an override getter mutates the caller tuple [0.08ms]
(pass) fork selects indexed tuple entries even when its iterator omits a key [0.05ms]
(pass) fork batches selected replacements without using the single-binding graph path [0.11ms]
(pass) empty forks reuse the graph without reading unselected values and retain fresh ownership [0.44ms]
(pass) selected overrides can depend on richer capabilities of other selected services [0.26ms]
(pass) runtime registration validation rejects cloned and forged owned handles [0.13ms]
(pass) normalization does not expose mutable ownership registry metadata [0.12ms]
(pass) unchecked source Bag construction is not exported [0.01ms]
(pass) plain registration maps from another realm retain their own factories [0.38ms]

tests/modules.test.ts:
(pass) a module private retry keeps the caught failed attempt separate [0.42ms]
(pass) module private dependencies follow exported replacements and fresh forks [0.50ms]
(pass) renamed repeated installations isolate private instances and cleanup [0.26ms]
(pass) rename preserves original parameter names even when an export takes a private name [0.22ms]
(pass) invalid installations and export views fail atomically and reject forged modules [0.26ms]
(pass) exports use indexed tuple snapshots and preserve hidden local registrations [0.19ms]
(pass) module promise identity, retry and post-await cycle diagnostics use the host runtime [0.37ms]
(pass) renaming an export leaves an unrelated external requirement at its original slot [0.19ms]
(pass) module providers can be replaced before sealing without mutating earlier views [0.18ms]
(pass) close drains module acquisitions that discover private and host dependencies after await [0.32ms]

tests/tokens.test.ts:
(pass) token symbols participate in the same acquisition graph [0.42ms]
(pass) handles authenticate identity and capture a receiver-free symbol [0.12ms]
(pass) indexed snapshots ignore iterators and caller mutations [0.29ms]
(pass) invalid selections fail before callbacks and binding transforms [0.10ms]
(pass) same actual symbols and repeated token reads reuse one cache slot [0.20ms]
(pass) distinct symbols with the same description resolve independent slots [0.15ms]
(pass) symbol dependencies follow lexical private and public references [0.27ms]
(pass) token and named cycles report symbol labels in both entry orders [0.29ms]
(pass) rejected token acquisitions retry without awaiting callback arguments [0.21ms]
(pass) late named reads from a token-bound source retain close permission and disposal order [0.25ms]
(pass) undeclared well-known symbol reads remain undefined [0.10ms]
(pass) binding views and transformations retain frozen source selection without mutating inputs [0.27ms]

tests/token-modules.test.ts:
(pass) exported tokens retarget private module consumers in forks [0.39ms]
(pass) private tokens get independent installations and dependency ordered cleanup [0.32ms]
(pass) token bindings preserve source reuse, promise identity and public replacement [0.28ms]
(pass) fork snapshots mixed selection indices and reads only selected own overrides [0.17ms]
(pass) duplicate mixed overrides keep getter order and route final values through private consumers [0.42ms]
(pass) invalid token selections preflight before any selected override getter [0.17ms]
(pass) runtime duplicate symbols reject atomically and leave builders reusable [0.17ms]

tests/contributions.test.ts:
(pass) contributions preserve order, empty reads and array immutability [0.23ms]
(pass) host and repeated exportless modules append distinct lexical bindings [0.46ms]
(pass) all adapters select frozen arrays and retain module export renames [0.71ms]
(pass) root scoped and transient contributions retain individual ownership [0.33ms]
(pass) shared aggregate borrows the parent graph while a lazy registry reads its local graph [0.37ms]
(pass) partial failure retains accepted ownership and retries only failed contributors [0.21ms]
(pass) pending native and raw promises preserve identity and disposal payloads [0.25ms]
(pass) self collections participate in ordinary cycle detection [0.14ms]
(pass) inspection is immutable nonresolving and does not freeze application values [0.17ms]
(pass) forged tokens references and providers reject before provider effects [0.36ms]
(pass) cooperative lazy registries admit late collection reads only for their in-flight source [0.38ms]
(pass) observed strict roots reject cached scoped contributions before owner routing [0.25ms]
(pass) startup failure rolls back accepted contribution ownership [0.31ms]

tests/projections.test.ts:
(pass) a projected service does not replace its source disposer argument [0.18ms]
(pass) an ownership operation on a metadata provider retains earlier ownership [0.15ms]
(pass) mapSync receives and returns exact Promise identities [0.11ms]
(pass) mapAsync rejects source and projector throws with their original values [0.18ms]
(pass) mapAsync awaits recursive projector thenables and source fulfillment [0.12ms]
(pass) a failed sync projection releases late source ownership [0.15ms]
(pass) a synchronous status projection stays cached after its raw Promise rejects [0.15ms]
(pass) ready outer ownership closes before a raw stage accepted later [0.13ms]
(pass) failed projections clean only their stages and preserve cached dependencies [0.17ms]
(pass) sync failure starts asynchronous cleanup without waiting and close drains it [0.17ms]
(pass) late old ownership cannot evict or dispose a successful retry [0.21ms]
(pass) retired cleanup errors keep invocation order and original attempt identities [0.32ms]
(pass) a pending source can read dependencies in close after an outer projection is ready [0.24ms]
(pass) a pending source can finish dependencies after its outer projection failed [0.20ms]
(pass) completed source proxies cannot borrow a pending projection or retry permission [0.17ms]
(pass) mapped dependencies still reject genuine acquisition cycles [0.14ms]
(pass) asynchronous mappings preserve post-await cycle detection [0.18ms]
(pass) a completed source cannot use its still pending asynchronous projector permission [0.11ms]
(pass) mapping and added finalizers run receiver-free across metadata operations [0.19ms]
(pass) failed outer projections retain owned values until a pending projector finishes using them [0.27ms]
(pass) failed exposed acquisition abandons incoming edges while its owned source can acquire the recovered parent [0.26ms]

tests/disposal.test.ts:
(pass) disposal callbacks receive the owned value without a receiver [0.14ms]
(pass) withDisposal exposes the value and closes each resolved instance once [0.12ms]
(pass) ordinary values are borrowed even when they expose disposal methods [0.08ms]
(pass) unresolved and failed factories have no disposal [0.11ms]
(pass) throwing then inspection rejects each acquisition until a synchronous retry succeeds [0.22ms]
(pass) a PromiseLike with a throwing then getter never reaches the fulfilled-value disposer [0.19ms]
(pass) native Promise observer setup failures allow retry and preserve accepted Promise identity [0.21ms]
(pass) native Promise ownership observation ignores an own then override [0.13ms]
(pass) native Promise subclass ownership ignores an own then override [0.19ms]
(pass) native constructor TypeError preserves the original failure and permits retry [0.31ms]
(pass) native species TypeError preserves the original failure and permits retry [0.06ms]
(pass) pending close observes native settlement without assimilating its species result [0.21ms]
(pass) direct structural thenables reject without invoking then or accepting ownership [0.14ms]
(pass) explicit structural conversion accepts fulfillment before a subsequent throw [0.12ms]
(pass) explicit structural conversion retries rejection and disposes only the fulfilled retry [0.14ms]
(pass) cleanup runs in reverse acquisition order through unmanaged intermediates [0.16ms]
(pass) async disposers are awaited sequentially and receive fulfilled values [0.20ms]
(pass) dependency ordering wins over async completion order [0.13ms]
(pass) close drains pending factories and dependencies discovered after await [0.21ms]
(pass) pending acquisition failure does not stop cleanup of other resources [0.15ms]
(pass) every disposer runs and close aggregates the original cleanup failures [0.28ms]
(pass) throwing undefined still rejects close and does not skip other disposers [0.20ms]
(pass) reentrant close observes the same barrier even when its disposer rejects [0.21ms]
(pass) parent and forks own independent instances and borrowed overrides stay borrowed [0.20ms]
(pass) an owned override can replace an ordinary factory [0.10ms]
(pass) pending factories can create a chain of synchronous dependencies during close [0.16ms]

tests/runtime.test.ts:
(pass) sync diamond dependencies are created once and stay synchronous [0.15ms]
(pass) undefined is memoized [0.05ms]
(pass) a creating undefined-valued factory cannot be returned through reentrant resolution [0.11ms]
(pass) forward registration and forks use independent memoization [0.09ms]
(pass) synchronous factory failure can be retried [0.05ms]
(pass) ending one builder twice and forking create fresh owned roots [0.16ms]
(pass) async dependencies remain explicit and concurrent resolutions share a promise [0.16ms]
(pass) synchronous cycles include their dependency path [0.10ms]
(pass) prototype properties are not factories [0.03ms]
(pass) async factory rejections can be retried [0.12ms]
(pass) synchronous failure discards abandoned edges before retrying another token [0.08ms]
(pass) async failure discards abandoned edges before retrying another token [0.16ms]
(pass) then inspection failure discards outgoing edges before another token retries [0.15ms]
(pass) cycles discovered after await reject instead of hanging [0.22ms]

tests/aliases.test.ts:
(pass) named aliases preserve exact canonical object and immutable history [0.23ms]
(pass) all token and name combinations and forward token requirements route identically [0.20ms]
(pass) aliases preserve explicit raw and native promises without classification [0.19ms]
(pass) transient aliases add no ownership and record actual target disposal edges [0.28ms]
(pass) module aliases retain private targets and export renames under host collisions [0.29ms]
(pass) selected sharing routes alias through parent graph while independent overrides follow child graph [0.28ms]
(pass) runtime rejects transient sharing and root captures through aliases before invoking target [0.20ms]
(pass) alias inspection reports direct target and canonical attempts without stale target metadata [0.17ms]
(pass) alias cycles retain a useful lexical path [0.16ms]
(pass) runtime rejects invalid alias selections without changing the builder [0.13ms]
(pass) startup through an alias waits for final readiness and retries failed canonical acquisitions [0.37ms]
(pass) shared alias inspection identifies its parent target despite a child override [0.20ms]
(pass) aliases of root targets retain the root graph under child overrides [0.16ms]
(pass) in-flight sources may read aliases while closing and retained reads close with the canonical owner [0.25ms]
(pass) module token aliases preserve private identity and external host requirements [0.41ms]
(pass) exported target replacements and renames remain visible through module aliases [0.20ms]
(pass) re-sharing aliases keeps parent policy while fresh grandchildren and forks use local targets [0.26ms]
(pass) strict roots use the effective shared alias policy in both lifetime directions [0.50ms]
(pass) raw aliases do not inspect then getters or add cancellation contexts [0.17ms]

tests/diagnostic-markers.test.ts:
(pass) strict matcher accounts for explicit supplemental diagnostics without splitting regions [0.07ms]
(pass) supplement cannot replace a missing primary [0.02ms]
(pass) supplement rejects {"code":2345} [0.03ms]
(pass) supplement rejects {"file":"/other.ts"}
(pass) supplement rejects {"line":5}
(pass) supplement rejects {"code":2589}
(pass) supplement rejects {"message":"unrelated"}
(pass) unrelated cascades and TS2589 remain unexpected [0.02ms]

tests/providers.test.ts:
(pass) metadata is a snapshot and inspection never starts a factory [0.34ms]
(pass) metadata preflight sees hidden collisions before reading any getters [0.13ms]
(pass) metadata additions preserve symbol keys and snapshot accessors once [0.09ms]
(pass) runtime rejects copied and forged provider registrations [0.05ms]
(pass) inspection follows pending retries without retaining failed attempts or changing disposal [0.26ms]
(pass) module rename and fork keep metadata with the actual binding [0.23ms]
(pass) plain registrations expose empty metadata and frames, including creating snapshots [0.11ms]
(pass) metadata preserves synchronous ownership and borrowed cleanup methods [0.14ms]
(pass) adapter execution captures projected values and acquisition frames [0.17ms]

tests/scopes.test.ts:
(pass) children own fresh acquisitions while independent forks outlive their source [0.24ms]
(pass) parent close synchronously closes every descendant admission gate and waits for descendants [0.35ms]
(pass) pending child sources may acquire dependencies after parent close starts [0.18ms]
(pass) pending acquisition promises deduplicate only within one scope [0.13ms]
(pass) nested cleanup failures flatten by registration order despite reversed completion [0.41ms]
(pass) independently settled children detach on success and failure without replay [0.27ms]
(pass) parent close includes a child already closing until its failure settles [0.22ms]
(pass) unexpected child close rejection is retained after parent cleanup [0.18ms]
(pass) scope preserves native shadowed-then and raw Promise ownership in configured core [0.24ms]
(pass) child projection rollback finishes before a parent-owned finalizer [0.23ms]
(pass) scopes retain module-private identities and unchanged public binding metadata [0.24ms]
(pass) unchecked scope arguments reject before creating or acquiring a child [0.29ms]

tests/type-scale.test.ts:
(pass) type scale: 100 bulk providers preserve consumer types [670.94ms]
(pass) type scale: 100 chained providers preserve consumer types [1532.46ms]
(pass) type scale: 100 replacement providers preserve consumer types [3206.13ms]
(pass) type scale: 1000 grouped providers preserve consumer types [4340.80ms]
(pass) type scale: bulk rejects missing at the graph boundary [662.66ms]
(pass) type scale: bulk rejects wrong-shape at the graph boundary [689.57ms]
(pass) type scale: chained rejects missing at the graph boundary [1399.33ms]
(pass) type scale: chained rejects wrong-shape at the graph boundary [1438.83ms]
(pass) type scale: grouped rejects missing at the graph boundary [4395.67ms]
(pass) type scale: grouped rejects wrong-shape at the graph boundary [4228.60ms]
(pass) type scale: replacement rejects missing at the graph boundary [3319.24ms]
(pass) type scale: replacement rejects wrong-shape at the graph boundary [3340.96ms]
(pass) type scale: 1000 providers from reusable named modules: valid [19503.23ms]
(pass) type scale: 1000 providers from reusable named modules: missing [18691.34ms]
(pass) type scale: 1000 providers from reusable named modules: wrong-shape [18390.89ms]

tests/native-compiler.test.ts:
(pass) parser retains real native multiline diagnostics, positions and metrics [0.16ms]
(pass) parser exposes configuration errors, TS2589 and unknown output [0.07ms]
(pass) source marker gate rejects wrong file, region, message, TS2589 and unmatched cascades [0.30ms]
(pass) verified native executable checks real nonempty valid and invalid projects [731.15ms]
(pass) native small control bulk valid [149.70ms]
(pass) native small control bulk missing [144.28ms]
(pass) native small control bindings valid [600.67ms]
(pass) native small control bindings missing-final-token [584.87ms]

tests/acquisition.test.ts:
(pass) a retry does not inherit the identity of a caught failed attempt [0.56ms]
(pass) a caught rejected attempt does not retarget its incoming edge to the retry [0.54ms]
(pass) shutdown preserves every cleanup cause and its acquisition identity [0.54ms]
(pass) cleanup diagnostics snapshot caller records without cloning the original cause [0.06ms]
(pass) a failed attempt cannot borrow its pending retry permission to acquire during close [0.24ms]
(pass) a completed factory cannot start late acquisitions while another factory drains [0.16ms]
(pass) a retained failed proxy follows live dependencies without traversing removed attempts [0.14ms]

tests/incremental-scale.test.ts:
(pass) incremental compiler work: 100 named additions [1640.80ms]
(pass) incremental compiler work: 100 token bindings [2100.84ms]

tests/token-package.test.ts:
(pass) installed node cjs facade shares core tokens, modes and adapters [36.89ms]
(pass) installed node mjs facade shares core tokens, modes and adapters [38.25ms]
(pass) installed bun cjs facade shares core tokens, modes and adapters [16.92ms]
(pass) installed bun mjs facade shares core tokens, modes and adapters [19.15ms]
(pass) installed token composition crosses Node commonjs and the other loader [35.73ms]
(pass) installed commonjs token-modules declaration survives emission and unchanged consumption [1698.77ms]
(pass) installed commonjs incremental-modules declaration survives emission and unchanged consumption [1544.23ms]
(pass) installed token composition crosses Node module and the other loader [43.99ms]
(pass) installed module token-modules declaration survives emission and unchanged consumption [1582.41ms]
(pass) installed module incremental-modules declaration survives emission and unchanged consumption [1507.93ms]

tests/lifetime-declarations.test.ts:
(pass) lifetime replacement preserves the source and owned stages [1.74ms]
(pass) invalid lifetime declarations fail before evaluating factories or option getters [0.24ms]
(pass) options are read once and snapshotted, and replacement clears capture [0.08ms]
(pass) all provider transformations retain the immutable policy [0.19ms]

tests/binding-graph.test.ts:
(pass) private bindings with the same label have distinct memoized identities [0.60ms]
(pass) an owned private dependency closes after its public dependent [0.22ms]
(pass) private Promise-valued bindings preserve their original exposed identity [0.27ms]
(pass) graph snapshots preserve lexical private refs while forks use replaced public slots [0.28ms]
(pass) batch public bindings preserve ordered duplicates and retained private identities [0.21ms]
(pass) an empty public binding batch preserves immutable graph identity [0.02ms]
(pass) mutating graph input maps cannot change public lookup or binding descriptions [0.10ms]
(pass) cycles through private aliases discovered after await show binding labels [0.23ms]

tests/composition-adapters.test.ts:
(pass) class adapters construct lazily with private fields, inherited prototypes and new.target [0.45ms]
(pass) constructor validation invokes neither the constructor nor its prototype getter [0.17ms]
(pass) function adapters pass positional values exactly and support explicitly bound receivers [0.30ms]
(pass) optional and rest function and constructor arguments follow selected positions [0.29ms]
(pass) function adapters snapshot indexed tokens and ignore custom iterators [0.23ms]
(pass) function adapters reject invalid declaration inputs before user effects [0.21ms]
(pass) function acquisition failures retry and disposal is explicit [0.36ms]
(pass) class adapters snapshot indexed tokens and ignore custom iterators [0.09ms]
(pass) class adapters reject invalid declaration inputs before user effects [0.09ms]
(pass) class acquisition failures retry and disposal is explicit [0.06ms]
(pass) raw and native adapters retain Promise identity and select the disposal value [0.23ms]
(pass) raw class adapters preserve thenables and auto rejects them without assimilation [0.19ms]
(pass) automatic adapters require runtime classification before acquisition [0.09ms]
(pass) module token graphs and selected sharing keep ownership and parent dependencies [0.52ms]
(pass) strict root class adapters retain root dependencies through child overrides [0.21ms]
(pass) native class acquisition preserves constructed promises and disposes their fulfilled value [0.33ms]
(pass) rejected function acquisitions retry with the original Promise return [0.18ms]
(pass) constructor proxies retain their acquisition trap and original new.target [0.15ms]

tests/box-adapters.test.ts:
(pass) mixed factory, owned and provider registrations map and unbox every valid branch [0.80ms]
(pass) sas modes select capabilities, preserve receiver and cache once per acquisition [0.40ms]
(pass) sas sync preserves a raw promise while asynchronous routes return native promises [0.22ms]
(pass) sas callback throws preserve error identity and clean only the owned raw box [0.23ms]
(pass) val metadata captures presence and alias without owning payload, and separates outer ownership [0.31ms]
(pass) val presence distinguishes absence and present undefined and preserves empty aliases [0.32ms]
(pass) val copies snapshots once and retains nested frames through other transforms [0.20ms]
(pass) val frames exist as absent inside the source factory and remain snapshot-isolated while pending [0.19ms]
(pass) val absence and throwing snapshot/getters retire ownership with the original error [0.35ms]
(pass) unchecked val snapshots validate every structural field without inspecting payloads [0.44ms]
(pass) val preserves raw promise payloads synchronously and awaits only the explicit async boundary [0.19ms]
(pass) val propagates snapshot-field getter errors and never reads erased payload properties [0.40ms]
(pass) failed val unboxing abandons the caller edge while pending source ownership finishes [0.27ms]

tests/types.test.ts:
(pass) observers retain exact inferred cross-file contracts [801.11ms]
(pass) plugins retain exact inferred cross-file contracts [711.59ms]
(pass) contributions retain exact inferred cross-file contracts [934.63ms]
(pass) aliases retain exact inferred cross-file contracts [965.30ms]
(pass) dependency references retain exact inferred cross-file contracts [733.00ms]
(pass) composition adapters retain exact inferred cross-file contracts [637.99ms]
(pass) selected scopes retain exact inferred cross-file contracts [652.47ms]
(pass) startup and contextual providers retain exact inferred cross-file contracts [596.61ms]
(pass) lifetime declarations retain exact inferred cross-file contracts [759.63ms]
(pass) lifetimes inferred exports survive declaration consumption [1611.97ms]
(pass) composition-adapters inferred exports survive declaration consumption [1511.43ms]
(pass) dependency-references inferred exports survive declaration consumption [1551.16ms]
(pass) aliases inferred exports survive declaration consumption [1806.36ms]
(pass) contributions inferred exports survive declaration consumption [1733.53ms]
(pass) observers inferred exports survive declaration consumption [1404.43ms]
(pass) plugins inferred exports survive declaration consumption [1352.58ms]
(pass) acquisition modes retain exact acquired values across inferred exports [665.59ms]
(pass) token modules preserve exact cross-file contracts [689.65ms]
(pass) public token composition preserves exact outputs and frames [744.03ms]
(pass) token contracts preserve exact identities and provider graphs [670.95ms]
(pass) replacement context preserves exact contracts from surviving consumers [757.46ms]
(pass) incremental checks preserve forward, replacement and frame contracts [897.10ms]
(pass) incremental projection candidates preserve replacement and resolved contracts [818.18ms]
(pass) incremental module installation preserves private, forward, and token contracts [731.77ms]
(pass) incremental module declarations retain exact results and token outputs [704.69ms]
(pass) builder views preserve exact accepted registration histories [687.89ms]
(pass) supported replacement wrappers and reflected methods stay exact and non-any [727.40ms]
(pass) modern inline inference retains exact contracts [696.65ms]
(pass) box adapters preserve exact modes, requirements and frames [759.41ms]
(pass) typed provider metadata survives checked composition and inspection [806.43ms]
(pass) named modules preserve contracts across a file boundary [762.17ms]
(pass) valid composition preserves inferred values and explicit promise edges [662.77ms]
(pass) registration boundaries preserve selected keys and exact factory types [710.19ms]
(pass) scope preserves exact inferred contracts across a source boundary [724.84ms]
(pass) inline method-returning factories preserve exact types: add [644.16ms]
(pass) inline method-returning factories preserve exact types: fork [675.59ms]
(pass) inline method-returning factories preserve exact types: disposal [656.05ms]
(pass) type rejection: provider-boundaries.ts [736.25ms]
(pass) type rejection: acquisition-mode.ts [646.13ms]
(pass) type rejection: object-registrations.ts [635.47ms]
(pass) type rejection: fork-dependency-shape.ts [647.04ms]
(pass) type rejection: inline-wrong-shape.ts [626.07ms]
(pass) type rejection: observers.ts [629.03ms]
(pass) type rejection: wrong-shape.ts [632.92ms]
(pass) type rejection: tokens.ts [883.68ms]
(pass) type rejection: primitive-parameter.ts [631.55ms]
(pass) type rejection: union-replace.ts [659.32ms]
(pass) type rejection: replacement-wrong-shape.ts [638.81ms]
(pass) type rejection: missing.ts [807.80ms]
(pass) type rejection: module-private.ts [768.70ms]
(pass) type rejection: module-narrowing.ts [900.66ms]
(pass) type rejection: forward-wrong-shape.ts [693.18ms]
(pass) type rejection: fork-explicit-generics.ts [695.44ms]
(pass) type rejection: callable-parameter.ts [655.79ms]
(pass) type rejection: indexed-registrations.ts [651.76ms]
(pass) type rejection: incremental.ts [848.67ms]
(pass) type rejection: aliases.ts [1108.57ms]
(pass) type rejection: incremental-modules.ts [703.64ms]
(pass) type rejection: selected-scopes.ts [915.38ms]
(pass) type rejection: object-overrides.ts [631.79ms]
(pass) type rejection: token-modules.ts [712.85ms]
(pass) type rejection: provider-unions.ts [703.67ms]
(pass) type rejection: inline-replacement-wrong-shape.ts [649.32ms]
(pass) type rejection: prototype-registrations.ts [650.91ms]
(pass) type rejection: modern-inline.ts [659.93ms]
(pass) type rejection: fork-missing.ts [656.94ms]
(pass) type rejection: inline-fork-wrong-shape.ts [668.78ms]
(pass) type rejection: module-rename.ts [665.08ms]
(pass) type rejection: token-contracts.ts [715.20ms]
(pass) type rejection: module-missing.ts [623.75ms]
(pass) type rejection: module-hidden-private-needs.ts [680.92ms]
(pass) type rejection: duplicate-add.ts [843.50ms]
(pass) type rejection: module-exports.ts [826.86ms]
(pass) type rejection: fork-selection.ts [835.68ms]
(pass) type rejection: inline-fork-missing.ts [700.79ms]
(pass) type rejection: optional-parameter.ts [673.95ms]
(pass) type rejection: plugins.ts [739.55ms]
(pass) type rejection: incremental-projections.ts [698.52ms]
(pass) type rejection: replacement-context.ts [836.30ms]
(pass) type rejection: module-wrong-shape.ts [735.15ms]
(pass) type rejection: spread-disposal.ts [693.63ms]
(pass) type rejection: symbol-dependency.ts [742.29ms]
(pass) type rejection: template-dependencies.ts [751.33ms]
(pass) type rejection: lifetimes.ts [1196.49ms]
(pass) type rejection: replacement-views.ts [650.30ms]
(pass) type rejection: boolean-registrations.ts [623.72ms]
(pass) type rejection: fork-wrong-shape.ts [624.28ms]
(pass) type rejection: disposable-missing.ts [621.81ms]
(pass) type rejection: template-registrations.ts [607.81ms]
(pass) type rejection: required-this.ts [664.06ms]
(pass) type rejection: inline-fork-dependency-shape.ts [637.52ms]
(pass) type rejection: disposer-wrong-shape.ts [615.56ms]
(pass) type rejection: async-resolve.ts [605.46ms]
(pass) type rejection: box-adapters.ts [697.99ms]
(pass) type rejection: provider-projections.ts [676.59ms]
(pass) type rejection: composition-adapters.ts [684.85ms]
(pass) type rejection: inline-fork-extra.ts [625.97ms]
(pass) type rejection: async-dependency.ts [626.64ms]
(pass) type rejection: scopes.ts [708.04ms]
(pass) type rejection: disposer-promise.ts [657.94ms]
(pass) type rejection: inline-forward-wrong-shape.ts [821.44ms]
(pass) type rejection: union-parameter.ts [755.18ms]
(pass) type rejection: dependency-references.ts [1043.51ms]
(pass) type rejection: startup.ts [734.81ms]
(pass) type rejection: invalid-registration.ts [667.14ms]
(pass) type rejection: provider-module-metadata.ts [728.08ms]
(pass) type rejection: fork-extra.ts [658.14ms]
(pass) type rejection: inline-missing.ts [651.28ms]
(pass) type rejection: builder-views.ts [748.92ms]
(pass) type rejection: contributions.ts [1132.52ms]

tests/plugins.test.ts:
(pass) plugin validation retains raw source ownership on success and failure [9.21ms]
(pass) plugin descriptor requires own protocol fields before factory effects [0.66ms]
(pass) plugin preflight validates dependencies and options before descriptor reads [0.23ms]
(pass) plugin descriptor preflight preserves accessor errors and ignores extra getters [0.37ms]
(pass) plugin snapshots dependencies, options and callbacks before later mutation [0.61ms]
(pass) plugin routes required optional lazy and all dependency references positionally [0.63ms]
(pass) raw plugin validation does not assimilate values or validator results [2.87ms]
(pass) native plugin validates fulfilled values, caches final output and releases source ownership [0.57ms]
(pass) native plugin rejection and output validation preserve causes and ownership [0.54ms]
(pass) native plugins require a genuine Promise source [0.26ms]
(pass) startup rollback releases an accepted plugin source once [0.59ms]
(pass) plugin callbacks use no receiver and preserve factory and validator failures [0.38ms]
(pass) plugin composition retains module privacy, aliases, contributions and selected sharing [1.20ms]
(pass) plugin observers retain the canonical acquisition and cleanup events [1.45ms]
(pass) native plugin readiness waits for source validation [0.51ms]
(pass) plugin close waits for accepted disposer cleanup exactly once [0.32ms]
(pass) plugin validation errors survive one failed retirement cleanup [0.45ms]
(pass) plugin observer lifecycle events identify its canonical acquisition [0.58ms]

tests/dependency-references.test.ts:
(pass) optional absence is distinct from a present undefined acquisition [1.09ms]
(pass) optional factory failures and native rejections propagate and retry [0.68ms]
(pass) lazy scoped dependencies defer construction and retain invocation ownership [0.49ms]
(pass) lazy root dependencies defer construction and retain invocation ownership [0.16ms]
(pass) lazy transient dependencies defer construction and retain invocation ownership [0.13ms]
(pass) all adapters snapshot mixed references by index and authenticate every handle [27.95ms]
(pass) lazy reads preserve lexical private tokens, export renames and external optional absence [0.44ms]
(pass) lazy closures use shared/root owner context and independent fork overrides [0.78ms]
(pass) raw and native references preserve Promise identity and disposal values [0.46ms]
(pass) optional synchronous and post-await cycles propagate [0.51ms]
(pass) lazy synchronous and post-await cycles propagate [0.18ms]
(pass) lazy closure shutdown admission belongs to the capturing source attempt [0.60ms]
(pass) observed reference reads retain strict root checks before routing [0.29ms]
(pass) lazy reads detect a cycle between already ready consumers [0.24ms]
(pass) a pending projection does not extend a lazy source shutdown admission [0.26ms]
(pass) root explicit capture and optional reads retain the root lexical context [0.46ms]

tests/token-scale.test.ts:
(pass) token scale: 100 bindings valid [2120.82ms]
(pass) token scale: 100 bindings missing-final-token [2104.18ms]
(pass) token scale: 100 bindings mismatched-invariant-service [2158.70ms]
(pass) token scale: 100 modules valid [2690.38ms]
(pass) token scale: 100 modules missing-final-token [2693.08ms]
(pass) token scale: 100 modules mismatched-invariant-service [2731.46ms]

tests/selected-scopes.test.ts:
(pass) selected sharing keeps parent dependencies while child overrides stay local [3.80ms]
(pass) mixed token selections retain exact borrowed pending values and override bindings [0.43ms]
(pass) scope snapshots selections and ignores unselected override getters and tuple iterators [0.28ms]
(pass) invalid selections reject before override values or provider effects [0.35ms]
(pass) empty selections are lazy and duplicates read each override once [0.23ms]
(pass) inherited strict roots keep their graph when a child overrides a dependency as scoped [0.19ms]

tests/benchmark-types.test.ts:
(pass) parent evaluator validates untrusted worker evidence and preserves requested identities [0.54ms]
(pass) benchmark rejects unsupported flags: --native --native [235.93ms]
(pass) benchmark rejects unsupported flags: --tokens --tokens [235.89ms]
(pass) benchmark rejects unsupported flags: --unknown [234.04ms]
(pass) benchmark rejects unsupported flags: --native --tokens --unknown [233.74ms]
(pass) named benchmark boundary: 100 bulk valid [735.22ms]
(pass) named benchmark boundary: 100 bulk missing [703.17ms]
(pass) named benchmark boundary: 100 bulk wrong-shape [746.17ms]
(pass) named benchmark boundary: 100 chained valid [1505.32ms]
(pass) named benchmark boundary: 100 chained missing [1513.44ms]
(pass) named benchmark boundary: 100 chained wrong-shape [1657.82ms]
(pass) named benchmark boundary: 100 grouped valid [833.89ms]
(pass) named benchmark boundary: 100 grouped missing [803.53ms]
(pass) named benchmark boundary: 100 grouped wrong-shape [773.29ms]
(pass) named benchmark boundary: 100 replacement valid [3285.09ms]
(pass) named benchmark boundary: 100 replacement missing [3190.13ms]
(pass) named benchmark boundary: 100 replacement wrong-shape [3436.12ms]
(pass) named benchmark worker retains complete boundary diagnostics [1675.52ms]
(pass) token worker defaults a valid invocation to 100 services [2121.95ms]
(pass) token worker accepts an explicit supported count [2128.01ms]
(pass) token worker rejects an extra argument before compilation [226.22ms]
(pass) token worker rejects count zero before compilation [228.39ms]
(pass) token worker rejects an unsupported count before compilation [230.40ms]
(pass) token worker rejects an invalid form before compilation [223.74ms]
(pass) token worker rejects an invalid scenario before compilation [226.42ms]

 746 pass
 0 fail
 3989 expect() calls
Ran 746 tests across 39 files. [496.65s]

> di-bag@0.1.0 build
> tsc6 -p ./tsconfig.build.json
