bun test v1.4.0 (34cbb9a40)

tests/box-package.test.ts:
(pass) real fixtures retain the verified archive hashes [0.29ms]
(pass) packed core runs with neither box installed and no runtime adapter import [35.83ms]
(pass) installed real boxes compose in Node commonjs and share cross-loader descriptors [35.23ms]
(pass) installed commonjs modern inline declarations survive emission and unchanged consumption [1960.75ms]
(pass) installed commonjs declaration contracts: plugins.ts [781.55ms]
(pass) installed commonjs declaration contracts: negative/plugins.ts [784.02ms]
(pass) installed commonjs declaration contracts: observers.ts [713.76ms]
(pass) installed commonjs declaration contracts: negative/observers.ts [655.18ms]
(pass) installed commonjs declaration contracts: contributions.ts [921.66ms]
(pass) installed commonjs declaration contracts: negative/contributions.ts [1212.05ms]
(pass) installed commonjs declaration contracts: aliases.ts [989.97ms]
(pass) installed commonjs declaration contracts: negative/aliases.ts [1249.42ms]
(pass) installed commonjs declaration contracts: dependency-references.ts [988.15ms]
(pass) installed commonjs declaration contracts: negative/dependency-references.ts [1012.89ms]
(pass) installed commonjs declaration contracts: composition-adapters.ts [729.96ms]
(pass) installed commonjs declaration contracts: negative/composition-adapters.ts [759.35ms]
(pass) installed commonjs declaration contracts: selected-scopes.ts [745.01ms]
(pass) installed commonjs declaration contracts: negative/selected-scopes.ts [989.72ms]
(pass) installed commonjs declaration contracts: startup.ts [751.11ms]
(pass) installed commonjs declaration contracts: negative/startup.ts [742.76ms]
(pass) installed commonjs declaration contracts: acquisition-mode.ts [811.74ms]
(pass) installed commonjs declaration contracts: negative/acquisition-mode.ts [994.25ms]
(pass) installed commonjs declaration contracts: scopes.ts [779.05ms]
(pass) installed commonjs declaration contracts: negative/scopes.ts [871.04ms]
(pass) installed commonjs declaration contracts: lifetimes.ts [899.20ms]
(pass) installed commonjs declaration contracts: negative/lifetimes.ts [1074.77ms]
(pass) installed commonjs declaration contracts: tokens.ts [769.98ms]
(pass) installed commonjs declaration contracts: negative/tokens.ts [887.66ms]
(pass) installed commonjs declaration contracts: negative/token-modules.ts [722.53ms]
(pass) installed commonjs declaration contracts: token-contracts.ts [668.57ms]
(pass) installed commonjs declaration contracts: negative/token-contracts.ts [749.56ms]
(pass) installed commonjs declaration contracts: box-adapters.ts [740.55ms]
(pass) installed commonjs declaration contracts: negative/box-adapters.ts [696.21ms]
(pass) installed commonjs declaration contracts: negative/provider-unions.ts [726.77ms]
(pass) installed commonjs declaration contracts: incremental.ts [728.42ms]
(pass) installed commonjs declaration contracts: negative/incremental.ts [794.83ms]
(pass) installed commonjs declaration contracts: incremental-modules.ts [734.19ms]
(pass) installed commonjs declaration contracts: negative/incremental-modules.ts [687.36ms]
(pass) installed commonjs declaration contracts: builder-views.ts [700.00ms]
(pass) installed commonjs declaration contracts: negative/builder-views.ts [793.79ms]
(pass) installed commonjs declaration contracts: modern-inline.ts [692.95ms]
(pass) installed commonjs declaration contracts: negative/modern-inline.ts [678.95ms]
(pass) installed commonjs declaration contracts: real [675.03ms]
(pass) installed commonjs declaration contracts: replacement-supported.ts [807.47ms]
(pass) installed commonjs declaration contracts: negative/replacement-views.ts [729.31ms]
(pass) installed real boxes compose in Node module and share cross-loader descriptors [47.04ms]
(pass) installed module modern inline declarations survive emission and unchanged consumption [1701.07ms]
(pass) installed module declaration contracts: plugins.ts [814.54ms]
(pass) installed module declaration contracts: negative/plugins.ts [754.52ms]
(pass) installed module declaration contracts: observers.ts [701.00ms]
(pass) installed module declaration contracts: negative/observers.ts [694.39ms]
(pass) installed module declaration contracts: contributions.ts [931.32ms]
(pass) installed module declaration contracts: negative/contributions.ts [1240.65ms]
(pass) installed module declaration contracts: aliases.ts [907.35ms]
(pass) installed module declaration contracts: negative/aliases.ts [1191.36ms]
(pass) installed module declaration contracts: dependency-references.ts [802.12ms]
(pass) installed module declaration contracts: negative/dependency-references.ts [911.11ms]
(pass) installed module declaration contracts: composition-adapters.ts [720.30ms]
(pass) installed module declaration contracts: negative/composition-adapters.ts [714.10ms]
(pass) installed module declaration contracts: selected-scopes.ts [717.77ms]
(pass) installed module declaration contracts: negative/selected-scopes.ts [954.42ms]
(pass) installed module declaration contracts: startup.ts [737.17ms]
(pass) installed module declaration contracts: negative/startup.ts [723.22ms]
(pass) installed module declaration contracts: acquisition-mode.ts [747.94ms]
(pass) installed module declaration contracts: negative/acquisition-mode.ts [692.57ms]
(pass) installed module declaration contracts: scopes.ts [685.97ms]
(pass) installed module declaration contracts: negative/scopes.ts [827.59ms]
(pass) installed module declaration contracts: lifetimes.ts [851.65ms]
(pass) installed module declaration contracts: negative/lifetimes.ts [1175.24ms]
(pass) installed module declaration contracts: tokens.ts [932.50ms]
(pass) installed module declaration contracts: negative/tokens.ts [1010.39ms]
(pass) installed module declaration contracts: negative/token-modules.ts [807.13ms]
(pass) installed module declaration contracts: token-contracts.ts [798.66ms]
(pass) installed module declaration contracts: negative/token-contracts.ts [785.71ms]
(pass) installed module declaration contracts: box-adapters.ts [790.38ms]
(pass) installed module declaration contracts: negative/box-adapters.ts [741.10ms]
(pass) installed module declaration contracts: negative/provider-unions.ts [719.74ms]
(pass) installed module declaration contracts: incremental.ts [773.92ms]
(pass) installed module declaration contracts: negative/incremental.ts [843.51ms]
(pass) installed module declaration contracts: incremental-modules.ts [701.91ms]
(pass) installed module declaration contracts: negative/incremental-modules.ts [696.44ms]
(pass) installed module declaration contracts: builder-views.ts [739.82ms]
(pass) installed module declaration contracts: negative/builder-views.ts [810.53ms]
(pass) installed module declaration contracts: modern-inline.ts [681.52ms]
(pass) installed module declaration contracts: negative/modern-inline.ts [695.78ms]
(pass) installed module declaration contracts: real [717.52ms]
(pass) installed module declaration contracts: replacement-supported.ts [847.17ms]
(pass) installed module declaration contracts: negative/replacement-views.ts [755.62ms]

tests/package.test.ts:
(pass) feature library inferred token exports survive declaration emission [1413.97ms]
(pass) Node commonjs consumers can resolve and dispose through the public package [80.05ms]
(pass) Node commonjs observes local and foreign native subclass state directly [34.90ms]
(pass) TypeScript commonjs consumers can use the emitted declarations [954.68ms]
(pass) TypeScript commonjs emitted provider contracts: plugins.ts [714.02ms]
(pass) TypeScript commonjs emitted provider contracts: negative/plugins.ts [884.92ms]
(pass) TypeScript commonjs emitted provider contracts: observers.ts [818.14ms]
(pass) TypeScript commonjs emitted provider contracts: negative/observers.ts [756.97ms]
(pass) TypeScript commonjs emitted provider contracts: contributions.ts [980.43ms]
(pass) TypeScript commonjs emitted provider contracts: negative/contributions.ts [1271.31ms]
(pass) TypeScript commonjs emitted provider contracts: aliases.ts [957.44ms]
(pass) TypeScript commonjs emitted provider contracts: negative/aliases.ts [1162.52ms]
(pass) TypeScript commonjs emitted provider contracts: dependency-references.ts [817.81ms]
(pass) TypeScript commonjs emitted provider contracts: negative/dependency-references.ts [993.59ms]
(pass) TypeScript commonjs emitted provider contracts: composition-adapters.ts [690.16ms]
(pass) TypeScript commonjs emitted provider contracts: negative/composition-adapters.ts [734.96ms]
(pass) TypeScript commonjs emitted provider contracts: selected-scopes.ts [715.10ms]
(pass) TypeScript commonjs emitted provider contracts: negative/selected-scopes.ts [930.69ms]
(pass) TypeScript commonjs emitted provider contracts: acquisition-mode.ts [703.15ms]
(pass) TypeScript commonjs emitted provider contracts: negative/acquisition-mode.ts [908.84ms]
(pass) TypeScript commonjs emitted provider contracts: scopes.ts [876.46ms]
(pass) TypeScript commonjs emitted provider contracts: negative/scopes.ts [742.48ms]
(pass) TypeScript commonjs emitted provider contracts: lifetimes.ts [848.61ms]
(pass) TypeScript commonjs emitted provider contracts: negative/lifetimes.ts [1129.57ms]
(pass) TypeScript commonjs emitted provider contracts: tokens.ts [780.92ms]
(pass) TypeScript commonjs emitted provider contracts: negative/tokens.ts [908.35ms]
(pass) TypeScript commonjs emitted provider contracts: negative/token-modules.ts [974.90ms]
(pass) TypeScript commonjs emitted provider contracts: token-contracts.ts [849.31ms]
(pass) TypeScript commonjs emitted provider contracts: negative/token-contracts.ts [824.35ms]
(pass) TypeScript commonjs emitted provider contracts: providers.ts [925.57ms]
(pass) TypeScript commonjs emitted provider contracts: replacement-context.ts [842.51ms]
(pass) TypeScript commonjs emitted provider contracts: negative/replacement-context.ts [834.59ms]
(pass) TypeScript commonjs emitted provider contracts: negative/provider-boundaries.ts [764.22ms]
(pass) TypeScript commonjs emitted provider contracts: negative/provider-module-metadata.ts [737.94ms]
(pass) TypeScript commonjs emitted provider contracts: negative/provider-projections.ts [726.23ms]
(pass) Node module consumers can resolve and dispose through the public package [80.54ms]
(pass) Node module observes local and foreign native subclass state directly [40.75ms]
(pass) TypeScript module consumers can use the emitted declarations [941.48ms]
(pass) TypeScript module emitted provider contracts: plugins.ts [721.64ms]
(pass) TypeScript module emitted provider contracts: negative/plugins.ts [737.70ms]
(pass) TypeScript module emitted provider contracts: observers.ts [737.48ms]
(pass) TypeScript module emitted provider contracts: negative/observers.ts [639.76ms]
(pass) TypeScript module emitted provider contracts: contributions.ts [912.82ms]
(pass) TypeScript module emitted provider contracts: negative/contributions.ts [1177.55ms]
(pass) TypeScript module emitted provider contracts: aliases.ts [965.54ms]
(pass) TypeScript module emitted provider contracts: negative/aliases.ts [1160.33ms]
(pass) TypeScript module emitted provider contracts: dependency-references.ts [780.78ms]
(pass) TypeScript module emitted provider contracts: negative/dependency-references.ts [1175.51ms]
(pass) TypeScript module emitted provider contracts: composition-adapters.ts [813.54ms]
(pass) TypeScript module emitted provider contracts: negative/composition-adapters.ts [810.87ms]
(pass) TypeScript module emitted provider contracts: selected-scopes.ts [806.48ms]
(pass) TypeScript module emitted provider contracts: negative/selected-scopes.ts [1022.78ms]
(pass) TypeScript module emitted provider contracts: acquisition-mode.ts [757.72ms]
(pass) TypeScript module emitted provider contracts: negative/acquisition-mode.ts [709.83ms]
(pass) TypeScript module emitted provider contracts: scopes.ts [715.54ms]
(pass) TypeScript module emitted provider contracts: negative/scopes.ts [769.95ms]
(pass) TypeScript module emitted provider contracts: lifetimes.ts [897.97ms]
(pass) TypeScript module emitted provider contracts: negative/lifetimes.ts [1115.44ms]
(pass) TypeScript module emitted provider contracts: tokens.ts [784.40ms]
(pass) TypeScript module emitted provider contracts: negative/tokens.ts [951.21ms]
(pass) TypeScript module emitted provider contracts: negative/token-modules.ts [758.42ms]
(pass) TypeScript module emitted provider contracts: token-contracts.ts [714.10ms]
(pass) TypeScript module emitted provider contracts: negative/token-contracts.ts [754.33ms]
(pass) TypeScript module emitted provider contracts: providers.ts [882.08ms]
(pass) TypeScript module emitted provider contracts: replacement-context.ts [802.02ms]
(pass) TypeScript module emitted provider contracts: negative/replacement-context.ts [826.83ms]
(pass) TypeScript module emitted provider contracts: negative/provider-boundaries.ts [741.36ms]
(pass) TypeScript module emitted provider contracts: negative/provider-module-metadata.ts [899.10ms]
(pass) TypeScript module emitted provider contracts: negative/provider-projections.ts [821.68ms]
(pass) unchecked Bag construction is rejected through di-bag [734.96ms]
(pass) unchecked Bag construction is rejected through ../src/di-bag [1021.38ms]
(pass) unchecked Module construction is rejected through di-bag [740.93ms]
(pass) unchecked Module construction is rejected through ../src/module [984.97ms]
(pass) unchecked Provider construction is rejected through di-bag [696.87ms]
(pass) unchecked Provider construction is rejected through ../src/provider [589.90ms]
(pass) unchecked Token construction is rejected through di-bag [714.68ms]
(pass) unchecked Token construction is rejected through ../src/tokens [580.11ms]

tests/token-package.test.ts:
(pass) installed node cjs facade shares core tokens, modes and adapters [38.08ms]
(pass) installed node mjs facade shares core tokens, modes and adapters [35.73ms]
(pass) installed bun cjs facade shares core tokens, modes and adapters [18.87ms]
(pass) installed bun mjs facade shares core tokens, modes and adapters [18.38ms]
(pass) installed token composition crosses Node commonjs and the other loader [43.64ms]
(pass) installed commonjs token-modules declaration survives emission and unchanged consumption [1549.54ms]
(pass) installed commonjs incremental-modules declaration survives emission and unchanged consumption [1487.11ms]
(pass) installed token composition crosses Node module and the other loader [38.93ms]
(pass) installed module token-modules declaration survives emission and unchanged consumption [1433.25ms]
(pass) installed module incremental-modules declaration survives emission and unchanged consumption [1468.10ms]

 175 pass
 0 fail
 713 expect() calls
Ran 175 tests across 3 files. [143.95s]
