bun test v1.4.0 (34cbb9a40)

tests/runtime-benchmark-child.test.ts:
(pass) build-close constructs 10 registrations without acquiring them [1.77ms]
(pass) cold-linear-resolve acquires each of 10 factories once [1.02ms]
(pass) warm-root-resolve excludes priming and observes one cached terminal value at 10 [0.42ms]
(pass) scope-resolve-close verifies child work after its timed operation at 10 [1.45ms]
(pass) transient-resolve-close verifies 10 distinct owned values in reverse cleanup order [0.58ms]
(pass) raw-promise-identity retains the exact raw Promise through resolution and disposal at 10 [0.21ms]
(pass) node-native-promise awaits the native Promise and disposes its fulfillment at 10 [0.25ms]
(pass) build-close constructs 100 registrations without acquiring them [0.52ms]
(pass) cold-linear-resolve acquires each of 100 factories once [2.03ms]
(pass) warm-root-resolve excludes priming and observes one cached terminal value at 100 [1.72ms]
(pass) scope-resolve-close verifies child work after its timed operation at 100 [1.79ms]
(pass) transient-resolve-close verifies 100 distinct owned values in reverse cleanup order [4.20ms]
(pass) raw-promise-identity retains the exact raw Promise through resolution and disposal at 100 [0.35ms]
(pass) node-native-promise awaits the native Promise and disposes its fulfillment at 100 [0.33ms]
(pass) scenario preparation rejects unsupported provider counts [0.19ms]
(pass) parent expectations cover the complete fixed scenario matrix [0.11ms]
(pass) verification rejects a timed result from another preparation [0.33ms]
(pass) child argument parser accepts one exact request and rejects malformed or extra input [0.18ms]

tests/performance-evidence.test.ts:
(pass) validates one canonical runtime sample and preserves its provenance [0.86ms]
(pass) rejects a correct duration with an incorrect workload checksum [0.24ms]
(pass) rejects every semantic control mismatch [0.31ms]
(pass) rejects invalid request provenance rather than attaching it to a valid child result [0.32ms]
(pass) rejects invalid duration arithmetic and malformed result fields [0.28ms]
(pass) requires the resolved public entry to stay inside the real installed package [0.42ms]
(pass) rejects noncanonical package and entry paths even when they resolve inside the archive [0.20ms]
(pass) parses only one canonical JSON object from a clean successful child [0.38ms]
(pass) rejects child timeout, signal, status, stderr and unexpected schema keys [0.29ms]
(pass) runtime runner validates the execution returned for the exact request [0.45ms]
(pass) computes summary from every raw nanosecond without mutating input [0.32ms]
(pass) summary rejects absent, nonpositive and unsafe samples instead of producing invalid arithmetic [0.07ms]
(pass) paired bootstrap is seeded, paired and sensitive to seed mutations [23.70ms]
(pass) paired bootstrap rejects length, seed, count and denominator errors [0.19ms]
(pass) scenario execution awaits only runTimed between clock reads and verifies afterwards [0.26ms]
(pass) scenario execution rejects a backwards or zero clock before accepting evidence [0.12ms]
(pass) child protocol prepares before timing and emits request identity with verified work [0.51ms]
(pass) current-only collection runs five warmups then retains 31 validated samples serially [1.90ms]
(pass) collection journals every execution before validation so a late failure retains prior and rejected output [0.42ms]
(pass) current evidence validation requires reproducible environment, tools, fixture and source identities [0.31ms]
(pass) runtime journals use exclusive per-invocation paths and never truncate prior evidence [0.53ms]
(pass) actual child printer writes one canonical newline-terminated object accepted by the parent [0.44ms]

 40 pass
 0 fail
 175 expect() calls
Ran 40 tests across 2 files. [74.00ms]
