
> di-bag@0.1.0 docs:check
> node --test --test-isolation=none tools/docs/test/*.test.mjs && node tools/docs/generate.mjs --check && node tools/docs/site.mjs check

✖ tools/docs/test/coverage.test.mjs (0.556599ms)
✖ tools/docs/test/exact-rendering.test.mjs (0.097929ms)
✔ hosted Markdown links stay local, while repository files link to GitHub (1.212993ms)
✔ generated reference drift detects new, modified, and obsolete files (1.158548ms)
✔ rendered-site checks catch broken fragments and incorrect Pages asset paths (1.516731ms)
✔ rendered declarations accept members and reject malformed type syntax (11.435727ms)
ℹ tests 6
ℹ suites 0
ℹ pass 4
ℹ fail 2
ℹ cancelled 0
ℹ skipped 0
ℹ todo 0
ℹ duration_ms 192.369938

✖ failing tests:

test at tools/docs/test/coverage.test.mjs:1:1
✖ tools/docs/test/coverage.test.mjs (0.556599ms)
  Error [ERR_MODULE_NOT_FOUND]: Cannot find package 'typedoc' imported from /tmp/di-bag-replacement-spike/tools/docs/test/coverage.test.mjs
      at Object.getPackageJSONURL (node:internal/modules/package_json_reader:301:9)
      at packageResolve (node:internal/modules/esm/resolve:784:25)
      at moduleResolve (node:internal/modules/esm/resolve:873:18)
      at defaultResolve (node:internal/modules/esm/resolve:1006:11)
      at #cachedDefaultResolve (node:internal/modules/esm/loader:705:20)
      at #resolveAndMaybeBlockOnLoaderThread (node:internal/modules/esm/loader:725:38)
      at ModuleLoader.resolveSync (node:internal/modules/esm/loader:763:56)
      at #resolve (node:internal/modules/esm/loader:687:17)
      at ModuleLoader.getOrCreateModuleJob (node:internal/modules/esm/loader:607:35)
      at ModuleJob.syncLink (node:internal/modules/esm/module_job:276:33) {
    code: 'ERR_MODULE_NOT_FOUND'
  }

test at tools/docs/test/exact-rendering.test.mjs:1:1
✖ tools/docs/test/exact-rendering.test.mjs (0.097929ms)
  Error [ERR_MODULE_NOT_FOUND]: Cannot find package 'typedoc' imported from /tmp/di-bag-replacement-spike/tools/docs/test/exact-rendering.test.mjs
      at Object.getPackageJSONURL (node:internal/modules/package_json_reader:301:9)
      at packageResolve (node:internal/modules/esm/resolve:784:25)
      at moduleResolve (node:internal/modules/esm/resolve:873:18)
      at defaultResolve (node:internal/modules/esm/resolve:1006:11)
      at #cachedDefaultResolve (node:internal/modules/esm/loader:705:20)
      at #resolveAndMaybeBlockOnLoaderThread (node:internal/modules/esm/loader:725:38)
      at ModuleLoader.resolveSync (node:internal/modules/esm/loader:763:56)
      at #resolve (node:internal/modules/esm/loader:687:17)
      at ModuleLoader.getOrCreateModuleJob (node:internal/modules/esm/loader:607:35)
      at ModuleJob.syncLink (node:internal/modules/esm/module_job:276:33) {
    code: 'ERR_MODULE_NOT_FOUND'
  }
