
> di-bag@0.1.0 docs:check
> node --test --test-isolation=none tools/docs/test/*.test.mjs && node tools/docs/generate.mjs --check && node tools/docs/site.mjs check

[info] Loaded plugin typedoc-plugin-markdown
[info] Loaded plugin typedoc-vitepress-theme
[info] Loaded plugin typedoc-plugin-markdown
[info] Loaded plugin typedoc-vitepress-theme
[info] markdown generated at /tmp/di-bag-exact-rendering-w3GI3n/reference
✔ coverage includes native metadata decorators and type-only callables (151.909363ms)
✔ coverage rejects a generator that silently drops a public export (145.272487ms)
✔ coverage rejects missing overloads even when the exported name survives (170.02045ms)
✔ compiler declarations retain syntax that TypeDoc reflections cannot represent (0.451244ms)
✔ canonical signatures are followed by comment-only parameter details (0.121475ms)
✔ source declarations preserve aliases and property modifiers exactly (0.170336ms)
✔ type-only function exports are described without inventing a type alias (0.174057ms)
✔ hosted Markdown links stay local, while repository files link to GitHub (0.879531ms)
✔ generated reference drift detects new, modified, and obsolete files (0.639172ms)
✔ rendered-site checks catch broken fragments and incorrect Pages asset paths (1.390931ms)
✔ rendered declarations accept members and reject malformed type syntax (1.888231ms)
ℹ tests 11
ℹ suites 0
ℹ pass 11
ℹ fail 0
ℹ cancelled 0
ℹ skipped 0
ℹ todo 0
ℹ duration_ms 2672.181016
[info] Loaded plugin typedoc-plugin-markdown
[info] Loaded plugin typedoc-vitepress-theme
[info] markdown generated at /tmp/di-bag-api-OgA5DX/reference
file:///tmp/di-bag-replacement-spike/tools/docs/generate.mjs:43
    if (differences.length) throw new Error(`Generated API Markdown is stale. Run npm run docs:generate.\n${differences.join('\n')}`);
                                  ^

Error: Generated API Markdown is stale. Run npm run docs:generate.
changed: index/interfaces/Builder.md
changed: index/interfaces/Facade.md
changed: index/variables/DiBag.md
    at file:///tmp/di-bag-replacement-spike/tools/docs/generate.mjs:43:35

Node.js v24.20.0
