bun test v1.4.0 (34cbb9a40)

tests/package.test.ts:
(pass) standalone archive contains root and node entries without removed adapters [0.25ms]
(pass) feature library inferred token exports survive declaration emission [1892.75ms]
(pass) classic installed commonjs archive rejects removed box package entry points [29.49ms]
(pass) classic installed commonjs archive returns the full adversarial oracle [55.89ms]
(pass) Node commonjs consumers can resolve and dispose through the public package [95.43ms]
(pass) Node commonjs observes local and foreign native subclass state directly [48.05ms]
(pass) TypeScript commonjs consumers can use the emitted declarations [954.05ms]
(pass) TypeScript commonjs emitted provider contracts: plugins.ts [732.68ms]
(pass) TypeScript commonjs emitted provider contracts: negative/plugins.ts [699.33ms]
(pass) TypeScript commonjs emitted provider contracts: observers.ts [623.71ms]
(pass) TypeScript commonjs emitted provider contracts: negative/observers.ts [608.01ms]
(pass) TypeScript commonjs emitted provider contracts: contributions.ts [833.72ms]
(pass) TypeScript commonjs emitted provider contracts: negative/contributions.ts [1075.39ms]
(pass) TypeScript commonjs emitted provider contracts: aliases.ts [1006.64ms]
(pass) TypeScript commonjs emitted provider contracts: negative/aliases.ts [1245.02ms]
(pass) TypeScript commonjs emitted provider contracts: dependency-references.ts [782.48ms]
(pass) TypeScript commonjs emitted provider contracts: negative/dependency-references.ts [935.79ms]
(pass) TypeScript commonjs emitted provider contracts: composition-adapters.ts [661.20ms]
(pass) TypeScript commonjs emitted provider contracts: negative/composition-adapters.ts [720.02ms]
(pass) TypeScript commonjs emitted provider contracts: selected-scopes.ts [699.09ms]
(pass) TypeScript commonjs emitted provider contracts: negative/selected-scopes.ts [912.61ms]
(pass) TypeScript commonjs emitted provider contracts: acquisition-mode.ts [633.48ms]
(pass) TypeScript commonjs emitted provider contracts: negative/acquisition-mode.ts [664.00ms]
(pass) TypeScript commonjs emitted provider contracts: scopes.ts [645.79ms]
(pass) TypeScript commonjs emitted provider contracts: negative/scopes.ts [747.27ms]
(pass) TypeScript commonjs emitted provider contracts: lifetimes.ts [938.78ms]
(pass) TypeScript commonjs emitted provider contracts: negative/lifetimes.ts [1194.27ms]
(pass) TypeScript commonjs emitted provider contracts: tokens.ts [756.70ms]
(pass) TypeScript commonjs emitted provider contracts: negative/tokens.ts [885.12ms]
(pass) TypeScript commonjs emitted provider contracts: negative/token-modules.ts [757.38ms]
(pass) TypeScript commonjs emitted provider contracts: token-contracts.ts [691.65ms]
(pass) TypeScript commonjs emitted provider contracts: negative/token-contracts.ts [739.67ms]
(pass) TypeScript commonjs emitted provider contracts: providers.ts [837.42ms]
(pass) TypeScript commonjs emitted provider contracts: replacement-context.ts [767.24ms]
(pass) TypeScript commonjs emitted provider contracts: negative/replacement-context.ts [793.36ms]
(pass) TypeScript commonjs emitted provider contracts: negative/provider-boundaries.ts [735.63ms]
(pass) TypeScript commonjs emitted provider contracts: negative/provider-module-metadata.ts [681.22ms]
(pass) TypeScript commonjs emitted provider contracts: negative/provider-projections.ts [682.67ms]
(pass) classic installed module archive rejects removed box package entry points [32.18ms]
(pass) classic installed module archive returns the full adversarial oracle [57.38ms]
(pass) Node module consumers can resolve and dispose through the public package [88.87ms]
(pass) Node module observes local and foreign native subclass state directly [46.76ms]
(pass) TypeScript module consumers can use the emitted declarations [876.56ms]
(pass) TypeScript module emitted provider contracts: plugins.ts [679.95ms]
(pass) TypeScript module emitted provider contracts: negative/plugins.ts [664.66ms]
(pass) TypeScript module emitted provider contracts: observers.ts [683.08ms]
(pass) TypeScript module emitted provider contracts: negative/observers.ts [601.77ms]
(pass) TypeScript module emitted provider contracts: contributions.ts [851.21ms]
(pass) TypeScript module emitted provider contracts: negative/contributions.ts [1062.00ms]
(pass) TypeScript module emitted provider contracts: aliases.ts [845.31ms]
(pass) TypeScript module emitted provider contracts: negative/aliases.ts [1056.53ms]
(pass) TypeScript module emitted provider contracts: dependency-references.ts [755.13ms]
(pass) TypeScript module emitted provider contracts: negative/dependency-references.ts [883.92ms]
(pass) TypeScript module emitted provider contracts: composition-adapters.ts [822.00ms]
(pass) TypeScript module emitted provider contracts: negative/composition-adapters.ts [826.83ms]
(pass) TypeScript module emitted provider contracts: selected-scopes.ts [838.35ms]
(pass) TypeScript module emitted provider contracts: negative/selected-scopes.ts [926.80ms]
(pass) TypeScript module emitted provider contracts: acquisition-mode.ts [691.98ms]
(pass) TypeScript module emitted provider contracts: negative/acquisition-mode.ts [642.60ms]
(pass) TypeScript module emitted provider contracts: scopes.ts [670.08ms]
(pass) TypeScript module emitted provider contracts: negative/scopes.ts [704.73ms]
(pass) TypeScript module emitted provider contracts: lifetimes.ts [808.21ms]
(pass) TypeScript module emitted provider contracts: negative/lifetimes.ts [1038.85ms]
(pass) TypeScript module emitted provider contracts: tokens.ts [745.85ms]
(pass) TypeScript module emitted provider contracts: negative/tokens.ts [832.54ms]
(pass) TypeScript module emitted provider contracts: negative/token-modules.ts [720.17ms]
(pass) TypeScript module emitted provider contracts: token-contracts.ts [645.38ms]
(pass) TypeScript module emitted provider contracts: negative/token-contracts.ts [731.47ms]
(pass) TypeScript module emitted provider contracts: providers.ts [764.18ms]
(pass) TypeScript module emitted provider contracts: replacement-context.ts [760.66ms]
(pass) TypeScript module emitted provider contracts: negative/replacement-context.ts [750.88ms]
(pass) TypeScript module emitted provider contracts: negative/provider-boundaries.ts [745.52ms]
(pass) TypeScript module emitted provider contracts: negative/provider-module-metadata.ts [663.24ms]
(pass) TypeScript module emitted provider contracts: negative/provider-projections.ts [648.56ms]
(pass) unchecked Bag construction is rejected through di-bag [608.64ms]
(pass) unchecked Bag construction is rejected through ../src/di-bag [933.05ms]
(pass) unchecked Module construction is rejected through di-bag [651.73ms]
(pass) unchecked Module construction is rejected through ../src/module [898.94ms]
(pass) unchecked Provider construction is rejected through di-bag [664.49ms]
(pass) unchecked Provider construction is rejected through ../src/provider [536.07ms]
(pass) unchecked Token construction is rejected through di-bag [619.83ms]
(pass) unchecked Token construction is rejected through ../src/tokens [561.29ms]

tests/native-package.test.ts:
(pass) native installed contracts and physical downstream declarations from classic6 [57181.52ms]
(pass) native installed contracts and physical downstream declarations from native7 [41430.47ms]

tests/token-package.test.ts:
(pass) installed node cjs facade shares core tokens, modes and acquisition metadata [37.63ms]
(pass) installed node mjs facade shares core tokens, modes and acquisition metadata [42.13ms]
(pass) installed bun cjs facade shares core tokens, modes and acquisition metadata [21.13ms]
(pass) installed bun mjs facade shares core tokens, modes and acquisition metadata [18.26ms]
(pass) installed token composition crosses Node commonjs and the other loader [36.09ms]
(pass) installed commonjs token-modules declaration survives emission and unchanged consumption [1693.62ms]
(pass) installed commonjs incremental-modules declaration survives emission and unchanged consumption [1478.96ms]
(pass) installed commonjs replacement-reflection declaration survives emission and unchanged consumption [1546.17ms]
(pass) installed token composition crosses Node module and the other loader [38.45ms]
(pass) installed module token-modules declaration survives emission and unchanged consumption [1403.98ms]
(pass) installed module incremental-modules declaration survives emission and unchanged consumption [1390.15ms]
(pass) installed module replacement-reflection declaration survives emission and unchanged consumption [1446.11ms]

 96 pass
 0 fail
 1782 expect() calls
Ran 96 tests across 3 files. [169.68s]
