bun test v1.4.0 (34cbb9a40)

tests/native-replacement-diagnostics.test.ts:
(pass) native replacement diagnostics retain every useful primary and supplemental message [1304.64ms]
(pass) strict replacement audit requires useful primary text at its own region [0.20ms]
(pass) strict replacement audit requires exact supplemental code and text [0.18ms]
(pass) replacement audit keeps its ten source fixtures independent of native gap comments [0.07ms]
(pass) replacement audit rejects a fixture when its marker and invalid expression both disappear [0.09ms]

tests/incremental-scale.test.ts:
(pass) incremental compiler work: 100 named additions [1634.31ms]
(pass) incremental compiler work: 100 named replacements [1818.25ms]
(pass) incremental compiler work: 100 token bindings [2120.83ms]

tests/types.test.ts:
(pass) observers retain exact inferred cross-file contracts [1033.08ms]
(pass) plugins retain exact inferred cross-file contracts [766.90ms]
(pass) final adversarial integration retains exact inferred cross-file contracts [626.68ms]
(pass) contributions retain exact inferred cross-file contracts [797.76ms]
(pass) aliases retain exact inferred cross-file contracts [802.01ms]
(pass) dependency references retain exact inferred cross-file contracts [649.39ms]
(pass) composition adapters retain exact inferred cross-file contracts [582.13ms]
(pass) selected scopes retain exact inferred cross-file contracts [595.00ms]
(pass) startup and contextual providers retain exact inferred cross-file contracts [526.66ms]
(pass) lifetime declarations retain exact inferred cross-file contracts [654.60ms]
(pass) lifetimes inferred exports survive declaration consumption [1755.46ms]
(pass) composition-adapters inferred exports survive declaration consumption [1647.66ms]
(pass) dependency-references inferred exports survive declaration consumption [1527.13ms]
(pass) aliases inferred exports survive declaration consumption [1809.49ms]
(pass) contributions inferred exports survive declaration consumption [1701.43ms]
(pass) observers inferred exports survive declaration consumption [1347.00ms]
(pass) plugins inferred exports survive declaration consumption [1295.25ms]
(pass) final-adversarial-integration inferred exports survive declaration consumption [1293.72ms]
(pass) acquisition modes retain exact acquired values across inferred exports [606.41ms]
(pass) token modules preserve exact cross-file contracts [631.33ms]
(pass) public token composition preserves exact outputs and frames [721.10ms]
(pass) token contracts preserve exact identities and provider graphs [618.74ms]
(pass) replacement context preserves exact contracts from surviving consumers [689.78ms]
(pass) incremental checks preserve forward, replacement and frame contracts [699.24ms]
(pass) incremental projection candidates preserve replacement and resolved contracts [624.07ms]
(pass) incremental module installation preserves private, forward, and token contracts [593.42ms]
(pass) incremental module declarations retain exact results and token outputs [606.31ms]
(pass) builder views preserve exact accepted registration histories [602.66ms]
(pass) supported replacement wrappers and reflected methods stay exact and non-any [597.84ms]
(pass) replacement reflection preserves utility soundness and module history [578.30ms]
(pass) modern inline inference retains exact contracts [633.15ms]
(pass) native acquisition metadata preserves exact outputs, requirements and frames [592.76ms]
(pass) typed provider metadata survives checked composition and inspection [694.31ms]
(pass) named modules preserve contracts across a file boundary [670.62ms]
(pass) valid composition preserves inferred values and explicit promise edges [619.23ms]
(pass) registration boundaries preserve selected keys and exact factory types [610.99ms]
(pass) scope preserves exact inferred contracts across a source boundary [593.38ms]
(pass) inline method-returning factories preserve exact types: add [600.82ms]
(pass) inline method-returning factories preserve exact types: fork [581.29ms]
(pass) inline method-returning factories preserve exact types: disposal [595.86ms]
(pass) type rejection: provider-boundaries.ts [672.56ms]
(pass) type rejection: acquisition-mode.ts [610.09ms]
(pass) type rejection: object-registrations.ts [564.65ms]
(pass) type rejection: fork-dependency-shape.ts [587.77ms]
(pass) type rejection: inline-wrong-shape.ts [610.71ms]
(pass) type rejection: observers.ts [572.09ms]
(pass) type rejection: wrong-shape.ts [580.19ms]
(pass) type rejection: tokens.ts [874.30ms]
(pass) type rejection: primitive-parameter.ts [830.07ms]
(pass) type rejection: union-replace.ts [778.08ms]
(pass) type rejection: replacement-wrong-shape.ts [720.32ms]
(pass) type rejection: missing.ts [679.35ms]
(pass) type rejection: module-private.ts [637.40ms]
(pass) type rejection: module-narrowing.ts [825.90ms]
(pass) type rejection: forward-wrong-shape.ts [636.37ms]
(pass) type rejection: fork-explicit-generics.ts [613.47ms]
(pass) type rejection: callable-parameter.ts [648.87ms]
(pass) type rejection: indexed-registrations.ts [605.00ms]
(pass) type rejection: acquisition-metadata.ts [625.52ms]
(pass) type rejection: incremental.ts [783.07ms]
(pass) type rejection: aliases.ts [945.68ms]
(pass) type rejection: incremental-modules.ts [783.17ms]
(pass) type rejection: selected-scopes.ts [1074.97ms]
(pass) type rejection: object-overrides.ts [795.01ms]
(pass) type rejection: token-modules.ts [900.18ms]
(pass) type rejection: provider-unions.ts [736.67ms]
(pass) type rejection: inline-replacement-wrong-shape.ts [774.41ms]
(pass) type rejection: prototype-registrations.ts [619.56ms]
(pass) type rejection: modern-inline.ts [627.16ms]
(pass) type rejection: fork-missing.ts [643.91ms]
(pass) type rejection: inline-fork-wrong-shape.ts [854.96ms]
(pass) type rejection: final-adversarial-integration.ts [788.33ms]
(pass) type rejection: module-rename.ts [742.55ms]
(pass) type rejection: token-contracts.ts [788.25ms]
(pass) type rejection: module-missing.ts [662.90ms]
(pass) type rejection: module-hidden-private-needs.ts [659.85ms]
(pass) type rejection: duplicate-add.ts [656.80ms]
(pass) type rejection: module-exports.ts [638.56ms]
(pass) type rejection: fork-selection.ts [706.96ms]
(pass) type rejection: inline-fork-missing.ts [659.52ms]
(pass) type rejection: optional-parameter.ts [617.89ms]
(pass) type rejection: plugins.ts [678.79ms]
(pass) type rejection: incremental-projections.ts [666.61ms]
(pass) type rejection: replacement-context.ts [750.18ms]
(pass) type rejection: module-wrong-shape.ts [636.50ms]
(pass) type rejection: spread-disposal.ts [656.67ms]
(pass) type rejection: symbol-dependency.ts [626.88ms]
(pass) type rejection: template-dependencies.ts [637.45ms]
(pass) type rejection: lifetimes.ts [1089.02ms]
(pass) type rejection: replacement-views.ts [648.71ms]
(pass) type rejection: boolean-registrations.ts [622.81ms]
(pass) type rejection: fork-wrong-shape.ts [661.60ms]
(pass) type rejection: replacement-reflection.ts [648.98ms]
(pass) type rejection: disposable-missing.ts [614.52ms]
(pass) type rejection: template-registrations.ts [629.59ms]
(pass) type rejection: required-this.ts [659.07ms]
(pass) type rejection: inline-fork-dependency-shape.ts [647.90ms]
(pass) type rejection: disposer-wrong-shape.ts [607.22ms]
(pass) type rejection: async-resolve.ts [838.01ms]
(pass) type rejection: provider-projections.ts [828.33ms]
(pass) type rejection: composition-adapters.ts [757.78ms]
(pass) type rejection: inline-fork-extra.ts [696.56ms]
(pass) type rejection: async-dependency.ts [669.09ms]
(pass) type rejection: scopes.ts [734.92ms]
(pass) type rejection: disposer-promise.ts [638.86ms]
(pass) type rejection: inline-forward-wrong-shape.ts [652.52ms]
(pass) type rejection: union-parameter.ts [619.50ms]
(pass) type rejection: dependency-references.ts [927.43ms]
(pass) type rejection: startup.ts [694.74ms]
(pass) type rejection: invalid-registration.ts [648.05ms]
(pass) type rejection: provider-module-metadata.ts [709.19ms]
(pass) type rejection: fork-extra.ts [619.75ms]
(pass) type rejection: inline-missing.ts [596.12ms]
(pass) type rejection: builder-views.ts [656.50ms]
(pass) type rejection: contributions.ts [1014.12ms]

 123 pass
 0 fail
 502 expect() calls
Ran 123 tests across 3 files. [93.19s]
