{"case": "baseline-classic-500-chained", "status": 0, "accepted": true, "instantiations": 15908032}
{"case": "candidate-classic-500-chained", "status": 0, "accepted": true, "instantiations": 14782360}
{"case": "baseline-native-500-chained", "status": 0, "accepted": true, "instantiations": 15893128}
{"case": "candidate-native-500-chained", "status": 0, "accepted": true, "instantiations": 14767400}
{"case": "baseline-classic-500-replacement", "status": 0, "accepted": true, "instantiations": 30203551}
{"case": "candidate-classic-500-replacement", "status": 0, "accepted": true, "instantiations": 27951123}
{"case": "baseline-native-500-replacement", "status": 0, "accepted": true, "instantiations": 30189436}
{"case": "candidate-native-500-replacement", "status": 0, "accepted": true, "instantiations": 27936952}
{"case": "baseline-classic-500-bindings", "status": 0, "accepted": true, "instantiations": 27268340}
{"case": "candidate-classic-500-bindings", "status": 0, "accepted": true, "instantiations": 26136168}
{"case": "baseline-native-500-bindings", "status": 0, "accepted": true, "instantiations": 27216319}
{"case": "candidate-native-500-bindings", "status": 0, "accepted": true, "instantiations": 26084086}
{"case": "baseline-classic-500-modules", "status": 0, "accepted": true, "instantiations": 40084422}
{"case": "candidate-classic-500-modules", "status": 0, "accepted": true, "instantiations": 38959250}
{"case": "baseline-native-500-modules", "status": 0, "accepted": true, "instantiations": 40071779}
{"case": "candidate-native-500-modules", "status": 0, "accepted": true, "instantiations": 38946551}
{"case": "candidate-classic-1000-chained", "status": 1, "accepted": false, "instantiations": null}
{"case": "candidate-native-1000-chained", "status": 1, "accepted": false, "instantiations": null}
{"case": "candidate-classic-1000-replacement", "status": 1, "accepted": false, "instantiations": null}
{"case": "candidate-native-1000-replacement", "status": 1, "accepted": false, "instantiations": null}
{"case": "candidate-classic-1000-bindings", "status": 1, "accepted": false, "instantiations": null}
{"case": "candidate-native-1000-bindings", "status": 1, "accepted": false, "instantiations": 96677464}
{"case": "candidate-classic-1000-modules", "status": 1, "accepted": false, "instantiations": null}
{"case": "candidate-native-1000-modules", "status": 1, "accepted": false, "instantiations": null}
