bun test v1.4.0 (34cbb9a40)

tests/package.test.ts:
(pass) standalone archive contains root and node entries without removed adapters [0.26ms]
(pass) feature library inferred token exports survive declaration emission [1904.70ms]
(pass) classic installed commonjs archive rejects removed box package entry points [30.76ms]
(pass) classic installed commonjs archive returns the full adversarial oracle [54.70ms]
(pass) Node commonjs consumers can resolve and dispose through the public package [86.80ms]
(pass) Node commonjs observes local and foreign native subclass state directly [39.75ms]
(pass) TypeScript commonjs consumers can use the emitted declarations [957.33ms]
(pass) TypeScript commonjs emitted provider contracts: plugins.ts [727.38ms]
(pass) TypeScript commonjs emitted provider contracts: negative/plugins.ts [665.51ms]
(pass) TypeScript commonjs emitted provider contracts: observers.ts [631.95ms]
(pass) TypeScript commonjs emitted provider contracts: negative/observers.ts [614.79ms]
(pass) TypeScript commonjs emitted provider contracts: contributions.ts [844.16ms]
(pass) TypeScript commonjs emitted provider contracts: negative/contributions.ts [1070.62ms]
(pass) TypeScript commonjs emitted provider contracts: aliases.ts [1038.76ms]
(pass) TypeScript commonjs emitted provider contracts: negative/aliases.ts [1264.64ms]
(pass) TypeScript commonjs emitted provider contracts: dependency-references.ts [824.30ms]
(pass) TypeScript commonjs emitted provider contracts: negative/dependency-references.ts [1060.06ms]
(pass) TypeScript commonjs emitted provider contracts: composition-adapters.ts [923.93ms]
(pass) TypeScript commonjs emitted provider contracts: negative/composition-adapters.ts [944.32ms]
(pass) TypeScript commonjs emitted provider contracts: selected-scopes.ts [1001.13ms]
(pass) TypeScript commonjs emitted provider contracts: negative/selected-scopes.ts [1184.67ms]
(pass) TypeScript commonjs emitted provider contracts: acquisition-mode.ts [638.80ms]
(pass) TypeScript commonjs emitted provider contracts: negative/acquisition-mode.ts [579.76ms]
(pass) TypeScript commonjs emitted provider contracts: scopes.ts [600.97ms]
(pass) TypeScript commonjs emitted provider contracts: negative/scopes.ts [728.03ms]
(pass) TypeScript commonjs emitted provider contracts: lifetimes.ts [777.93ms]
(pass) TypeScript commonjs emitted provider contracts: negative/lifetimes.ts [946.79ms]
(pass) TypeScript commonjs emitted provider contracts: tokens.ts [690.41ms]
(pass) TypeScript commonjs emitted provider contracts: negative/tokens.ts [910.33ms]
(pass) TypeScript commonjs emitted provider contracts: negative/token-modules.ts [679.57ms]
(pass) TypeScript commonjs emitted provider contracts: token-contracts.ts [590.34ms]
(pass) TypeScript commonjs emitted provider contracts: negative/token-contracts.ts [671.01ms]
(pass) TypeScript commonjs emitted provider contracts: providers.ts [782.81ms]
(pass) TypeScript commonjs emitted provider contracts: replacement-context.ts [686.15ms]
(pass) TypeScript commonjs emitted provider contracts: negative/replacement-context.ts [719.93ms]
(pass) TypeScript commonjs emitted provider contracts: negative/provider-boundaries.ts [670.11ms]
(pass) TypeScript commonjs emitted provider contracts: negative/provider-module-metadata.ts [676.05ms]
(pass) TypeScript commonjs emitted provider contracts: negative/provider-projections.ts [658.54ms]
(pass) classic installed module archive rejects removed box package entry points [36.37ms]
(pass) classic installed module archive returns the full adversarial oracle [54.06ms]
(pass) Node module consumers can resolve and dispose through the public package [79.53ms]
(pass) Node module observes local and foreign native subclass state directly [36.41ms]
(pass) TypeScript module consumers can use the emitted declarations [1112.70ms]
(pass) TypeScript module emitted provider contracts: plugins.ts [872.09ms]
(pass) TypeScript module emitted provider contracts: negative/plugins.ts [730.09ms]
(pass) TypeScript module emitted provider contracts: observers.ts [813.19ms]
(pass) TypeScript module emitted provider contracts: negative/observers.ts [660.52ms]
(pass) TypeScript module emitted provider contracts: contributions.ts [871.05ms]
(pass) TypeScript module emitted provider contracts: negative/contributions.ts [1142.60ms]
(pass) TypeScript module emitted provider contracts: aliases.ts [915.58ms]
(pass) TypeScript module emitted provider contracts: negative/aliases.ts [1122.27ms]
(pass) TypeScript module emitted provider contracts: dependency-references.ts [759.65ms]
(pass) TypeScript module emitted provider contracts: negative/dependency-references.ts [840.72ms]
(pass) TypeScript module emitted provider contracts: composition-adapters.ts [649.06ms]
(pass) TypeScript module emitted provider contracts: negative/composition-adapters.ts [659.26ms]
(pass) TypeScript module emitted provider contracts: selected-scopes.ts [659.88ms]
(pass) TypeScript module emitted provider contracts: negative/selected-scopes.ts [861.42ms]
(pass) TypeScript module emitted provider contracts: acquisition-mode.ts [612.66ms]
(pass) TypeScript module emitted provider contracts: negative/acquisition-mode.ts [602.63ms]
(pass) TypeScript module emitted provider contracts: scopes.ts [633.60ms]
(pass) TypeScript module emitted provider contracts: negative/scopes.ts [658.21ms]
(pass) TypeScript module emitted provider contracts: lifetimes.ts [741.32ms]
(pass) TypeScript module emitted provider contracts: negative/lifetimes.ts [983.54ms]
(pass) TypeScript module emitted provider contracts: tokens.ts [685.49ms]
(pass) TypeScript module emitted provider contracts: negative/tokens.ts [826.52ms]
(pass) TypeScript module emitted provider contracts: negative/token-modules.ts [668.91ms]
(pass) TypeScript module emitted provider contracts: token-contracts.ts [623.85ms]
(pass) TypeScript module emitted provider contracts: negative/token-contracts.ts [701.86ms]
(pass) TypeScript module emitted provider contracts: providers.ts [743.85ms]
(pass) TypeScript module emitted provider contracts: replacement-context.ts [769.73ms]
(pass) TypeScript module emitted provider contracts: negative/replacement-context.ts [956.90ms]
(pass) TypeScript module emitted provider contracts: negative/provider-boundaries.ts [800.92ms]
(pass) TypeScript module emitted provider contracts: negative/provider-module-metadata.ts [777.99ms]
(pass) TypeScript module emitted provider contracts: negative/provider-projections.ts [725.32ms]
(pass) unchecked Bag construction is rejected through di-bag [633.77ms]
(pass) unchecked Bag construction is rejected through ../src/di-bag [1056.64ms]
(pass) unchecked Module construction is rejected through di-bag [650.67ms]
(pass) unchecked Module construction is rejected through ../src/module [937.75ms]
(pass) unchecked Provider construction is rejected through di-bag [692.02ms]
(pass) unchecked Provider construction is rejected through ../src/provider [566.25ms]
(pass) unchecked Token construction is rejected through di-bag [624.86ms]
(pass) unchecked Token construction is rejected through ../src/tokens [543.88ms]

tests/native-package.test.ts:
(pass) native installed contracts and physical downstream declarations from classic6 [57297.43ms]
(pass) native installed contracts and physical downstream declarations from native7 [41711.45ms]

tests/token-package.test.ts:
(pass) installed node cjs facade shares core tokens, modes and acquisition metadata [38.38ms]
(pass) installed node mjs facade shares core tokens, modes and acquisition metadata [33.78ms]
(pass) installed bun cjs facade shares core tokens, modes and acquisition metadata [21.34ms]
(pass) installed bun mjs facade shares core tokens, modes and acquisition metadata [17.42ms]
(pass) installed token composition crosses Node commonjs and the other loader [41.22ms]
(pass) installed commonjs token-modules declaration survives emission and unchanged consumption [1554.17ms]
(pass) installed commonjs incremental-modules declaration survives emission and unchanged consumption [1450.84ms]
(pass) installed commonjs replacement-reflection declaration survives emission and unchanged consumption [1530.42ms]
(pass) installed token composition crosses Node module and the other loader [38.67ms]
(pass) installed module token-modules declaration survives emission and unchanged consumption [1377.60ms]
(pass) installed module incremental-modules declaration survives emission and unchanged consumption [1314.66ms]
(pass) installed module replacement-reflection declaration survives emission and unchanged consumption [1452.97ms]

 96 pass
 0 fail
 1782 expect() calls
Ran 96 tests across 3 files. [170.26s]
