bun test v1.4.0 (34cbb9a40)

tests/native-replacement-diagnostics.test.ts:
(pass) native replacement diagnostics retain every useful primary and supplemental message [1408.89ms]
(pass) strict replacement audit requires useful primary text at its own region [0.31ms]
(pass) strict replacement audit requires exact supplemental code and text [0.33ms]
(pass) replacement audit keeps its ten source fixtures independent of native gap comments [0.11ms]
(pass) replacement audit rejects a fixture when its marker and invalid expression both disappear [0.16ms]

tests/incremental-scale.test.ts:
(pass) incremental compiler work: 100 named additions [1658.68ms]
(pass) incremental compiler work: 100 named replacements [1804.82ms]
(pass) incremental compiler work: 100 token bindings [2129.23ms]

tests/types.test.ts:
(pass) observers retain exact inferred cross-file contracts [1040.01ms]
(pass) plugins retain exact inferred cross-file contracts [782.50ms]
(pass) final adversarial integration retains exact inferred cross-file contracts [638.19ms]
(pass) contributions retain exact inferred cross-file contracts [799.62ms]
(pass) aliases retain exact inferred cross-file contracts [824.06ms]
(pass) dependency references retain exact inferred cross-file contracts [669.24ms]
(pass) composition adapters retain exact inferred cross-file contracts [560.77ms]
(pass) selected scopes retain exact inferred cross-file contracts [577.79ms]
(pass) startup and contextual providers retain exact inferred cross-file contracts [545.27ms]
(pass) lifetime declarations retain exact inferred cross-file contracts [674.84ms]
(pass) lifetimes inferred exports survive declaration consumption [1615.59ms]
(pass) composition-adapters inferred exports survive declaration consumption [1452.81ms]
(pass) dependency-references inferred exports survive declaration consumption [1330.32ms]
(pass) aliases inferred exports survive declaration consumption [1526.10ms]
(pass) contributions inferred exports survive declaration consumption [1368.71ms]
(pass) observers inferred exports survive declaration consumption [1167.41ms]
(pass) plugins inferred exports survive declaration consumption [1152.46ms]
(pass) final-adversarial-integration inferred exports survive declaration consumption [1163.21ms]
(pass) acquisition modes retain exact acquired values across inferred exports [584.44ms]
(pass) token modules preserve exact cross-file contracts [545.23ms]
(pass) public token composition preserves exact outputs and frames [578.94ms]
(pass) token contracts preserve exact identities and provider graphs [558.34ms]
(pass) replacement context preserves exact contracts from surviving consumers [625.06ms]
(pass) incremental checks preserve forward, replacement and frame contracts [575.15ms]
(pass) incremental projection candidates preserve replacement and resolved contracts [534.14ms]
(pass) incremental module installation preserves private, forward, and token contracts [522.81ms]
(pass) incremental module declarations retain exact results and token outputs [553.65ms]
(pass) builder views preserve exact accepted registration histories [495.37ms]
(pass) supported replacement wrappers and reflected methods stay exact and non-any [537.74ms]
(pass) replacement reflection preserves utility soundness and module history [538.98ms]
(pass) modern inline inference retains exact contracts [515.92ms]
(pass) native acquisition metadata preserves exact outputs, requirements and frames [510.68ms]
(pass) typed provider metadata survives checked composition and inspection [652.78ms]
(pass) named modules preserve contracts across a file boundary [571.36ms]
(pass) valid composition preserves inferred values and explicit promise edges [565.47ms]
(pass) registration boundaries preserve selected keys and exact factory types [798.99ms]
(pass) scope preserves exact inferred contracts across a source boundary [724.64ms]
(pass) inline method-returning factories preserve exact types: add [622.96ms]
(pass) inline method-returning factories preserve exact types: fork [608.85ms]
(pass) inline method-returning factories preserve exact types: disposal [569.45ms]
(pass) type rejection: provider-boundaries.ts [676.75ms]
(pass) type rejection: acquisition-mode.ts [528.20ms]
(pass) type rejection: object-registrations.ts [522.61ms]
(pass) type rejection: fork-dependency-shape.ts [530.78ms]
(pass) type rejection: inline-wrong-shape.ts [523.65ms]
(pass) type rejection: observers.ts [498.64ms]
(pass) type rejection: wrong-shape.ts [524.17ms]
(pass) type rejection: tokens.ts [718.66ms]
(pass) type rejection: primitive-parameter.ts [547.08ms]
(pass) type rejection: union-replace.ts [510.26ms]
(pass) type rejection: replacement-wrong-shape.ts [531.49ms]
(pass) type rejection: missing.ts [484.62ms]
(pass) type rejection: module-private.ts [525.86ms]
(pass) type rejection: module-narrowing.ts [671.15ms]
(pass) type rejection: forward-wrong-shape.ts [526.99ms]
(pass) type rejection: fork-explicit-generics.ts [531.12ms]
(pass) type rejection: callable-parameter.ts [509.39ms]
(pass) type rejection: indexed-registrations.ts [481.68ms]
(pass) type rejection: acquisition-metadata.ts [521.30ms]
(pass) type rejection: incremental.ts [587.65ms]
(pass) type rejection: aliases.ts [846.56ms]
(pass) type rejection: incremental-modules.ts [537.25ms]
(pass) type rejection: selected-scopes.ts [717.82ms]
(pass) type rejection: object-overrides.ts [509.87ms]
(pass) type rejection: token-modules.ts [538.58ms]
(pass) type rejection: provider-unions.ts [535.87ms]
(pass) type rejection: inline-replacement-wrong-shape.ts [491.45ms]
(pass) type rejection: prototype-registrations.ts [511.04ms]
(pass) type rejection: modern-inline.ts [509.45ms]
(pass) type rejection: fork-missing.ts [523.47ms]
(pass) type rejection: inline-fork-wrong-shape.ts [496.10ms]
(pass) type rejection: final-adversarial-integration.ts [541.02ms]
(pass) type rejection: module-rename.ts [513.07ms]
(pass) type rejection: token-contracts.ts [617.86ms]
(pass) type rejection: module-missing.ts [760.46ms]
(pass) type rejection: module-hidden-private-needs.ts [677.44ms]
(pass) type rejection: duplicate-add.ts [671.56ms]
(pass) type rejection: module-exports.ts [629.27ms]
(pass) type rejection: fork-selection.ts [689.55ms]
(pass) type rejection: inline-fork-missing.ts [573.05ms]
(pass) type rejection: optional-parameter.ts [546.62ms]
(pass) type rejection: plugins.ts [581.86ms]
(pass) type rejection: incremental-projections.ts [567.22ms]
(pass) type rejection: replacement-context.ts [759.77ms]
(pass) type rejection: module-wrong-shape.ts [745.24ms]
(pass) type rejection: spread-disposal.ts [728.24ms]
(pass) type rejection: symbol-dependency.ts [728.17ms]
(pass) type rejection: template-dependencies.ts [706.52ms]
(pass) type rejection: lifetimes.ts [1189.03ms]
(pass) type rejection: replacement-views.ts [571.46ms]
(pass) type rejection: boolean-registrations.ts [548.95ms]
(pass) type rejection: fork-wrong-shape.ts [563.69ms]
(pass) type rejection: replacement-reflection.ts [564.75ms]
(pass) type rejection: disposable-missing.ts [544.97ms]
(pass) type rejection: template-registrations.ts [518.76ms]
(pass) type rejection: required-this.ts [545.99ms]
(pass) type rejection: inline-fork-dependency-shape.ts [541.27ms]
(pass) type rejection: disposer-wrong-shape.ts [516.09ms]
(pass) type rejection: async-resolve.ts [523.88ms]
(pass) type rejection: provider-projections.ts [592.93ms]
(pass) type rejection: composition-adapters.ts [828.20ms]
(pass) type rejection: inline-fork-extra.ts [699.10ms]
(pass) type rejection: async-dependency.ts [626.54ms]
(pass) type rejection: scopes.ts [694.79ms]
(pass) type rejection: disposer-promise.ts [578.90ms]
(pass) type rejection: inline-forward-wrong-shape.ts [581.99ms]
(pass) type rejection: union-parameter.ts [579.02ms]
(pass) type rejection: dependency-references.ts [832.65ms]
(pass) type rejection: startup.ts [596.57ms]
(pass) type rejection: invalid-registration.ts [549.16ms]
(pass) type rejection: provider-module-metadata.ts [606.59ms]
(pass) type rejection: fork-extra.ts [575.73ms]
(pass) type rejection: inline-missing.ts [561.88ms]
(pass) type rejection: builder-views.ts [580.06ms]
(pass) type rejection: contributions.ts [945.51ms]

 123 pass
 0 fail
 502 expect() calls
Ran 123 tests across 3 files. [83.13s]
