bun test v1.4.0 (34cbb9a40)

tests/incremental-scale.test.ts:
24 |     expect(result.typescript).toBe('6.0.3');
25 |     if ('diagnostics' in result) expect(result.diagnostics).toEqual([]);
26 |     else { expect(result.accepted).toBe(true); expect(result.diagnosticCount).toBe(0); }
27 |     expect(Number.isInteger(result.instantiations)).toBe(true);
28 |     expect(result.instantiations).toBeGreaterThan(0);
29 |     expect(result.instantiations).toBeLessThanOrEqual(item.ceiling);
                                       ^
error: expect(received).toBeLessThanOrEqual(expected)

Expected: <= 810000
Received: 844832

      at <anonymous> (/tmp/di-bag-replacement-spike/tests/incremental-scale.test.ts:29:35)
(fail) incremental compiler work: 100 named additions [1663.19ms]
24 |     expect(result.typescript).toBe('6.0.3');
25 |     if ('diagnostics' in result) expect(result.diagnostics).toEqual([]);
26 |     else { expect(result.accepted).toBe(true); expect(result.diagnosticCount).toBe(0); }
27 |     expect(Number.isInteger(result.instantiations)).toBe(true);
28 |     expect(result.instantiations).toBeGreaterThan(0);
29 |     expect(result.instantiations).toBeLessThanOrEqual(item.ceiling);
                                       ^
error: expect(received).toBeLessThanOrEqual(expected)

Expected: <= 1300000
Received: 1364951

      at <anonymous> (/tmp/di-bag-replacement-spike/tests/incremental-scale.test.ts:29:35)
(fail) incremental compiler work: 100 named replacements [1804.44ms]
24 |     expect(result.typescript).toBe('6.0.3');
25 |     if ('diagnostics' in result) expect(result.diagnostics).toEqual([]);
26 |     else { expect(result.accepted).toBe(true); expect(result.diagnosticCount).toBe(0); }
27 |     expect(Number.isInteger(result.instantiations)).toBe(true);
28 |     expect(result.instantiations).toBeGreaterThan(0);
29 |     expect(result.instantiations).toBeLessThanOrEqual(item.ceiling);
                                       ^
error: expect(received).toBeLessThanOrEqual(expected)

Expected: <= 1410000
Received: 1436740

      at <anonymous> (/tmp/di-bag-replacement-spike/tests/incremental-scale.test.ts:29:35)
(fail) incremental compiler work: 100 token bindings [2116.85ms]

 0 pass
 3 fail
 30 expect() calls
Ran 3 tests across 1 file. [5.62s]
