✔ discarded raw transient arrays are collectible after resolve (7.150704ms)
✔ discarded raw transient arrays are collectible after alias (3.197115ms)
✔ discarded raw transient arrays are collectible after dependency (2.696946ms)
✔ discarded raw transient arrays are collectible after collection (2.5645ms)
✔ discarded raw transient arrays are collectible after startup (3.998718ms)
✔ discarded native transient promises and source arrays are collectible (2.761026ms)
✔ discarded native transient promises and mapped arrays are collectible (2.930367ms)
✔ borrowed mapped payloads are collectible while independent inspection frames survive (3.817662ms)
✔ transient owned source and mapped identities survive GC until reverse stage cleanup (4.835478ms)
✔ closing releases compacted frame payloads even when a dependency proxy is retained (5.256169ms)
✔ a ready borrowed projection drops its payload while pending source ownership and close admission survive (3.109952ms)
✔ current graph releases replaced factories, payloads, IDs and warmed ancestor wrappers (3.585582ms)
✔ contribution append and installation release earlier cached arrays and graph wrappers (4.736146ms)
✔ a private lexical reference intentionally retains an overridden factory (2.614753ms)
✔ symbol lookup remains functional on hosts that reject weak symbol keys (2.726696ms)
✔ removing the last lexical consumer releases displaced private targets and snapshots (2.784689ms)
✔ Node disposes a deep ready graph in dependency order and only once (193.226864ms)
✔ Node admits a late acyclic edge and rejects a late cycle across a deep graph (155.062932ms)
✔ Node cold-resolves 1,000 raw named factories exactly once without increasing its stack (58.839221ms)
✔ Node cold-resolves 1,000 auto named factories exactly once without increasing its stack (58.799421ms)
✔ raw fast acquisition preserves unobserved thenable and promise identity and factory receiver (6.252487ms)
✔ raw scoped public reentrant creating cycles invoke the factory once (0.420672ms)
✔ raw transient public reentrant creating cycles invoke the factory once (0.252417ms)
✔ native transient ancestry rejects after-await cycles with the original label order (0.417511ms)
✔ ready borrowed transient proxies keep late cycle and root capture checks (0.624395ms)
✔ failed direct raw sources cannot use retained proxies during close (0.28007ms)
✔ failed direct auto sources cannot use retained proxies during close (0.145469ms)
✔ Node numeric startup 1 bounds selected readiness without awaiting raw outputs (0.851412ms)
✔ Node numeric startup 2 bounds selected readiness without awaiting raw outputs (0.33382ms)
✔ Node observer burst drains in transition and registration order while external callback gates remain pending (1.630208ms)
✔ Node application wait deadlines preserve memoized pending source and disposer cleanup (0.448013ms)
ℹ tests 31
ℹ suites 0
ℹ pass 31
ℹ fail 0
ℹ cancelled 0
ℹ skipped 0
ℹ todo 0
ℹ duration_ms 561.618895
