✔ discarded raw transient arrays are collectible after resolve (7.357743ms)
✔ discarded raw transient arrays are collectible after alias (2.67834ms)
✔ discarded raw transient arrays are collectible after dependency (2.828005ms)
✔ discarded raw transient arrays are collectible after collection (2.777667ms)
✔ discarded raw transient arrays are collectible after startup (4.438292ms)
✔ discarded native transient promises and source arrays are collectible (3.19554ms)
✔ discarded native transient promises and mapped arrays are collectible (2.942491ms)
✔ borrowed mapped payloads are collectible while independent inspection frames survive (3.869101ms)
✔ transient owned source and mapped identities survive GC until reverse stage cleanup (4.952524ms)
✔ closing releases compacted frame payloads even when a dependency proxy is retained (5.199347ms)
✔ a ready borrowed projection drops its payload while pending source ownership and close admission survive (2.950793ms)
✔ current graph releases replaced factories, payloads, IDs and warmed ancestor wrappers (3.508698ms)
✔ contribution append and installation release earlier cached arrays and graph wrappers (3.800483ms)
✔ a private lexical reference intentionally retains an overridden factory (2.260303ms)
✔ symbol lookup remains functional on hosts that reject weak symbol keys (2.787835ms)
✔ removing the last lexical consumer releases displaced private targets and snapshots (2.676827ms)
✔ Node disposes a deep ready graph in dependency order and only once (194.073003ms)
✔ Node admits a late acyclic edge and rejects a late cycle across a deep graph (157.852945ms)
✔ Node cold-resolves 1,000 raw named factories exactly once without increasing its stack (68.504246ms)
✔ Node cold-resolves 1,000 auto named factories exactly once without increasing its stack (59.37564ms)
✔ raw fast acquisition preserves unobserved thenable and promise identity and factory receiver (7.619463ms)
✔ raw scoped public reentrant creating cycles invoke the factory once (0.358228ms)
✔ raw transient public reentrant creating cycles invoke the factory once (0.256699ms)
✔ native transient ancestry rejects after-await cycles with the original label order (0.395948ms)
✔ ready borrowed transient proxies keep late cycle and root capture checks (0.829074ms)
✔ failed direct raw sources cannot use retained proxies during close (0.281202ms)
✔ failed direct auto sources cannot use retained proxies during close (0.144205ms)
✔ Node numeric startup 1 bounds selected readiness without awaiting raw outputs (0.819874ms)
✔ Node numeric startup 2 bounds selected readiness without awaiting raw outputs (0.482485ms)
✔ Node observer burst drains in transition and registration order while external callback gates remain pending (1.554504ms)
✔ Node application wait deadlines preserve memoized pending source and disposer cleanup (0.440575ms)
ℹ tests 31
ℹ suites 0
ℹ pass 31
ℹ fail 0
ℹ cancelled 0
ℹ skipped 0
ℹ todo 0
ℹ duration_ms 573.097982
