
> di-bag@0.1.0 docs:check
> node --test --test-isolation=none tools/docs/test/*.test.mjs && node tools/docs/generate.mjs --check && node tools/docs/site.mjs check

[info] Loaded plugin typedoc-plugin-markdown
[info] Loaded plugin typedoc-vitepress-theme
[info] Loaded plugin typedoc-plugin-markdown
[info] Loaded plugin typedoc-vitepress-theme
[info] markdown generated at /tmp/di-bag-exact-rendering-pT6Yxq/reference
✔ coverage includes native metadata decorators and type-only callables (157.845907ms)
✔ coverage rejects a generator that silently drops a public export (144.263933ms)
✔ coverage rejects missing overloads even when the exported name survives (171.604275ms)
✔ compiler declarations retain syntax that TypeDoc reflections cannot represent (0.449391ms)
✔ canonical signatures are followed by comment-only parameter details (0.123632ms)
✔ source declarations preserve aliases and property modifiers exactly (0.172926ms)
✔ type-only function exports are described without inventing a type alias (0.159008ms)
✔ hosted Markdown links stay local, while repository files link to GitHub (0.866538ms)
✔ generated reference drift detects new, modified, and obsolete files (14.10803ms)
✔ rendered-site checks catch broken fragments and incorrect Pages asset paths (1.602923ms)
✔ rendered declarations accept members and reject malformed type syntax (1.92626ms)
ℹ tests 11
ℹ suites 0
ℹ pass 11
ℹ fail 0
ℹ cancelled 0
ℹ skipped 0
ℹ todo 0
ℹ duration_ms 2671.240265
[info] Loaded plugin typedoc-plugin-markdown
[info] Loaded plugin typedoc-vitepress-theme
[info] markdown generated at /tmp/di-bag-api-snVoUW/reference
Generated API Markdown is current; all entry points and callable overloads are covered.
Prepared 109 Markdown pages; repository-only links point to GitHub.
