bun test v1.4.2 (744846f84)

tests/release-artifacts.test.ts:
(pass) release documentation contract > adversarial release gates are separately supervised file commands [0.30ms]
(pass) release documentation contract > release documents match the frozen package and gate every online command [0.23ms]
(pass) release documentation contract > the publication boundary rejects stale, missing, duplicated, and misplaced commands [0.27ms]
(pass) release documentation contract > public docs state entry-point, adapter, acquisition, ownership, and release limits [0.41ms]
(pass) release artifact scripts > reject unsafe and unsupported manifest arguments [0.16ms]
(pass) release artifact scripts > expose guarded parsers and archive inspection [0.02ms]
(pass) archive verifier TDD boundary > exports a read-only verifier and strict CLI parser
(pass) safe npm archive parser > returns sorted regular entries and exact package metadata bytes [3.35ms]
(pass) safe npm archive parser > rejects absolute name [0.37ms]
(pass) safe npm archive parser > rejects traversal [0.43ms]
(pass) safe npm archive parser > rejects backslash [0.27ms]
(pass) safe npm archive parser > rejects outside package [0.25ms]
(pass) safe npm archive parser > rejects duplicate [0.37ms]
(pass) safe npm archive parser > rejects prefix collision [0.60ms]
(pass) safe npm archive parser > rejects symlink [0.30ms]
(pass) safe npm archive parser > rejects hardlink [0.26ms]
(pass) safe npm archive parser > rejects fifo [0.27ms]
(pass) safe npm archive parser > rejects device [0.24ms]
(pass) safe npm archive parser > rejects unknown type [0.23ms]
(pass) safe npm archive parser > rejects NUL ambiguity [0.30ms]
(pass) safe npm archive parser > rejects entry size ceiling [0.24ms]
(pass) safe npm archive parser > rejects checksum [0.25ms]
(pass) safe npm archive parser > rejects magic [0.23ms]
(pass) safe npm archive parser > rejects numeric NUL suffix [0.26ms]
(pass) safe npm archive parser > rejects nonzero padding [4.31ms]
(pass) safe npm archive parser > rejects terminator [0.44ms]
(pass) safe npm archive parser > rejects trailing junk [0.27ms]
(pass) safe npm archive parser > rejects truncated entry [0.24ms]
(pass) safe npm archive parser > rejects missing metadata [0.21ms]
(pass) safe npm archive parser > rejects invalid and empty gzip bytes [0.87ms]
(pass) command evidence runner > parses canonical sorted inputs and preserves argv spaces [0.59ms]
(pass) command evidence runner > rejects unsafe argv: bash -c echo hi [0.02ms]
(pass) command evidence runner > rejects unsafe argv: npm view di-bag [0.02ms]
(pass) command evidence runner > rejects unsafe argv: npm login [0.01ms]
(pass) command evidence runner > rejects unsafe argv: npm publish a.tgz
(pass) command evidence runner > rejects unsafe argv: npm dist-tag add
(pass) command evidence runner > rejects unsafe argv: git push [0.01ms]
(pass) command evidence runner > rejects unsafe argv: git tag v1
(pass) command evidence runner > rejects unsafe argv: node --registry x
(pass) command evidence runner > rejects unsafe argv: node https://registry.npmjs.org
(pass) command evidence runner > rejects unsafe argv: node &&
(pass) command evidence runner > rejects unsafe argv: node -e thing
(pass) command evidence runner > rejects unsafe argv: env npm publish x.tgz
(pass) command evidence runner > rejects unsafe argv: env git push
(pass) command evidence runner > rejects unsafe argv: npx npm view di-bag
(pass) command evidence runner > rejects unsafe argv: bunx tool
(pass) command evidence runner > rejects unsafe argv: corepack npm login
(pass) command evidence runner > rejects relative, escaping, symlinked, duplicate, and unsupported arguments [0.12ms]
(pass) command evidence runner > records stdout, stderr, input hashes, normalized success and record-last evidence [13.26ms]
(pass) command evidence runner > rejects timeout, output overflow, nonzero status, and spawn failure without publishing a record [47.96ms]
(pass) command evidence runner > rejects injected memory, monitor, signal and spawn outcomes [0.53ms]
(pass) command evidence runner > failed reruns and thrown supervisors erase stale success evidence [20.69ms]
(pass) command evidence runner > hashes inputs before execution and rolls back orphan logs if record publication fails [38.28ms]
(pass) native gap inventory > freezes the exact current zero-gap source authority [1.71ms]
(pass) native gap inventory > accepts empty and reviewed fresh inventory while an empty authority rejects a new gap [1.71ms]
(pass) native gap inventory > parses the documented relative reviewed root and exact absolute outputs [2.33ms]
(pass) release tree hashing > hashes sorted regular paths deterministically [0.89ms]
(pass) release tree hashing > rejects empty, symlink, special and unsafe argument layouts [3.19ms]
(pass) release tree hashing > detects byte mutations through changed digest [0.22ms]
(pass) manifest validation and deterministic projection > manifest fixtures leave root candidate archive existence and bytes unchanged [1.80ms]
(pass) manifest validation and deterministic projection > derives immutable archive facts and is deterministic across caller ordering [7.40ms]
(pass) manifest validation and deterministic projection > public evidence has no absolute paths and is invariant to final commit and approved observed diff [4.78ms]
(pass) manifest validation and deterministic projection > allows canonical SHA-512 SRI only in package integrity fields [2.49ms]
(pass) manifest validation and deterministic projection > rejects duplicate/missing packages, bad versions, metadata, pack facts and handoff paths [10.77ms]
(pass) manifest validation and deterministic projection > accepts zero reviewed and fresh native gaps and rejects every unexpected fresh occurrence [2.57ms]
(pass) manifest validation and deterministic projection > retains nonempty-authority manifest validation for historical candidates [2.24ms]
(pass) manifest validation and deterministic projection > rejects failed, malformed-time, duplicate-input and mutated-log command evidence [3.71ms]
(pass) manifest validation and deterministic projection > rejects archive containment, symlink escape, absence and replacement facts [0.89ms]
(pass) manifest validation and deterministic projection > manifest CLI rejects every non-fixed public target form [0.24ms]
(pass) manifest validation and deterministic projection > public projection rejects absolute argv and input paths outside known roots [10.88ms]
(pass) archive verifier > independently accepts exact archive, pack, metadata, export, dependency, and public facts [21.65ms]
(pass) archive verifier > rejects every archive digest and file-list mismatch [95.26ms]
(pass) archive verifier > rejects altered, duplicate, stale, divergent, extra-field, and filename pack JSON [134.98ms]
(pass) archive verifier > enforces exact package metadata, exports, and empty dependencies [133.10ms]
(pass) archive verifier > rejects malformed dependency, files, and bundled dependency metadata shapes [207.97ms]
(pass) archive verifier > rejects forbidden source, test, fixture, dependency, credential, and tarball content [536.10ms]
(pass) archive verifier > rejects missing public export pairs and removed adapter entries from archive bytes [228.54ms]
(pass) archive verifier > requires byte-identical stable public evidence and rejects missing, stale, malformed, and extra bytes [75.16ms]
(pass) archive verifier > rejects malicious archives before creating or running a consumer workdir [15.35ms]
(pass) archive verifier > uses one fixed explicit offline install argv with no fallback [0.07ms]
(pass) archive verifier > core import tracing rejects bare, self, node builtin, and unresolved relative specifiers [3.94ms]
(pass) archive verifier > CLI accepts only canonical contained manifest and empty work directory paths [524.40ms]
(pass) archive verifier > direct verifier API rejects outside, relative, aliased, and nonempty work paths before mutation [1.35ms]
(pass) archive verifier > binds both declaration compilers to the exact manifest versions before emitting [727.64ms]
(pass) archive verifier > matches both I14 diagnostics to their marked regions and expected message fragments [0.89ms]
(pass) archive verifier > installs owned verified bytes and passes real Node/Bun, CJS/ESM, core-only, and declaration oracles [13520.54ms]
(pass) final release audit > validates exactly five roles and produces deterministic non-self-attestation [2.83ms]
(pass) final release audit > rejects missing, duplicate, failed, mutated, stale-input and wrong-Git evidence [3.84ms]
(pass) final release audit > rejects every invalid retained command field and fixed limit violation [49.14ms]
(pass) final release audit > audit CLI rejects wrong output, public location, OIDs, duplicate and extra options [0.38ms]

 90 pass
 0 fail
 388 expect() calls
Ran 90 tests across 1 file. [18.29s]
	Command being timed: "bun test tests/release-artifacts.test.ts"
	User time (seconds): 33.53
	System time (seconds): 3.80
	Percent of CPU this job got: 204%
	Elapsed (wall clock) time (h:mm:ss or m:ss): 0:18.30
	Average shared text size (kbytes): 0
	Average unshared data size (kbytes): 0
	Average stack size (kbytes): 0
	Average total size (kbytes): 0
	Maximum resident set size (kbytes): 338656
	Average resident set size (kbytes): 0
	Major (requiring I/O) page faults: 0
	Minor (reclaiming a frame) page faults: 1473939
	Voluntary context switches: 67085
	Involuntary context switches: 1903
	Swaps: 0
	File system inputs: 208
	File system outputs: 68624
	Socket messages sent: 0
	Socket messages received: 0
	Signals delivered: 0
	Page size (bytes): 4096
	Exit status: 0
