
> di-bag@0.1.0 typecheck:native
> tsc -p tsconfig.json

	Command being timed: "npm run typecheck:native"
	User time (seconds): 5.04
	System time (seconds): 0.45
	Percent of CPU this job got: 589%
	Elapsed (wall clock) time (h:mm:ss or m:ss): 0:00.93
	Average shared text size (kbytes): 0
	Average unshared data size (kbytes): 0
	Average stack size (kbytes): 0
	Average total size (kbytes): 0
	Maximum resident set size (kbytes): 572008
	Average resident set size (kbytes): 0
	Major (requiring I/O) page faults: 3
	Minor (reclaiming a frame) page faults: 170175
	Voluntary context switches: 3220
	Involuntary context switches: 539
	Swaps: 0
	File system inputs: 168
	File system outputs: 16
	Socket messages sent: 0
	Socket messages received: 0
	Signals delivered: 0
	Page size (bytes): 4096
	Exit status: 0
