bun test v1.4.2 (744846f84)

tests/native-process.test.ts:
(pass) supervisor checks departed thread ENOENT in task-group exit evidence [89.51ms]
323 |       const result = await supervise(node, ['-e', source], process.cwd(), limits, async childPid => {
324 |         pid = childPid;
325 |         return (await readFile(`/proc/${pid}/status`, 'utf8')).replace(/^VmRSS:.*\n/m, '');
326 |       });
327 |       if (departed) {
328 |         expect(result).toMatchObject({ status: 2, signal: null, stdout: 'out\n', stderr: 'err\n' });
                             ^
error: expect(received).toMatchObject(expected)

  {
-   "signal": null,
-   "status": 2,
-   "stderr": 
- "err
- "
- ,
-   "stdout": 
- "out
- "
- ,
+   "error": "VmRSS is missing",
+   "milliseconds": 22,
+   "peakObservedRssMiB": 0,
+   "signal": "SIGKILL",
+   "status": null,
+   "stderr": "",
+   "stdout": "",
+   "terminationReason": "monitor",
  }

- Expected  - 10
+ Received  + 8

      at <anonymous> (/tmp/di-bag-performance-integration/tests/native-process.test.ts:328:24)
(fail) supervisor checks departed thread ESRCH in task-group exit evidence [22.33ms]

 1 pass
 31 filtered out
 1 fail
 6 expect() calls
Ran 2 tests across 1 file. [168.00ms]
