bun test v1.4.2 (744846f84)

tests/native-process.test.ts:
(pass) supervisor terminates and reaps a live child on monitor EIO [8.21ms]
(pass) supervisor terminates and reaps a live child on monitor EACCES [0.79ms]
(pass) supervisor terminates and reaps a live child on monitor ENOENT [1.02ms]
(pass) supervisor terminates and reaps a live child on monitor ESRCH [0.60ms]
(pass) supervisor terminates and reaps a live child on monitor missing VmRSS [21.11ms]
(pass) supervisor terminates and reaps a live child on monitor malformed VmRSS [21.13ms]
(pass) supervisor drains and reaps a zombie when status reports ENOENT before the exit callback [78.59ms]
(pass) supervisor drains and reaps a zombie when status reports ESRCH before the exit callback [75.62ms]
(pass) supervisor confirms exit 0 after stale non-zombie status loses VmRSS [187.15ms]
(pass) supervisor confirms exit 2 after stale non-zombie status loses VmRSS [178.21ms]
(pass) supervisor preserves exit 0 while the kernel releases memory before zombie state [73.77ms]
(pass) supervisor preserves exit 2 while the kernel releases memory before zombie state [65.34ms]
(pass) supervisor fails closed when the thread leader exits but a worker still runs [43.41ms]
(pass) supervisor confirms ESRCH process disappearance before its exit callback runs [91.47ms]
(pass) supervisor drains streams and awaits pending sample cleanup for missing VmRSS during exit [89.03ms]
(pass) supervisor drains streams and awaits pending sample cleanup for ENOENT after exit [83.30ms]
(pass) supervisor drains streams and awaits pending sample cleanup for ESRCH after exit [88.31ms]
(pass) monitor termination waits for inherited stdout and stderr to close [48.42ms]
(pass) supervisor retains clean child streams and exit status [64.23ms]
(pass) failed spawn is explicit evidence [0.77ms]
(pass) supervisor terminates and reaps timeout child [21.27ms]
(pass) supervisor terminates and reaps memory child [21.33ms]
(pass) supervisor terminates and reaps output child [24.26ms]
(pass) invalid limits and unsupported platforms fail before spawning [0.19ms]
(pass) output overflow remains byte bounded when UTF8 is cut within a character [21.00ms]
(pass) kernel exit proof parses complete stat records with unescaped task names and strict flags [0.18ms]
(pass) supervisor checks empty initial group in task-group exit evidence [21.64ms]
(pass) supervisor checks empty final group in task-group exit evidence [21.45ms]
(pass) supervisor checks unproven final thread in task-group exit evidence [21.52ms]
(pass) supervisor checks permission failure in task-group exit evidence [21.40ms]
(pass) supervisor checks malformed stat in task-group exit evidence [21.33ms]
(pass) supervisor checks departed thread ENOENT in task-group exit evidence [76.44ms]
(pass) supervisor checks departed thread ESRCH in task-group exit evidence [76.22ms]

 33 pass
 0 fail
 175 expect() calls
Ran 33 tests across 1 file. [1.61s]
