bun test v1.4.2 (744846f84)

tests/native-package.test.ts:
(pass) native installed contracts and physical downstream declarations from classic6 [57204.23ms]
(pass) native installed contracts and physical downstream declarations from native7 [40674.81ms]

 2 pass
 0 fail
 1206 expect() calls
Ran 2 tests across 1 file. [98.05s]
	Command being timed: "bun test tests/native-package.test.ts"
	User time (seconds): 243.83
	System time (seconds): 23.16
	Percent of CPU this job got: 272%
	Elapsed (wall clock) time (h:mm:ss or m:ss): 1:38.09
	Average shared text size (kbytes): 0
	Average unshared data size (kbytes): 0
	Average stack size (kbytes): 0
	Average total size (kbytes): 0
	Maximum resident set size (kbytes): 2982080
	Average resident set size (kbytes): 0
	Major (requiring I/O) page faults: 2
	Minor (reclaiming a frame) page faults: 9530248
	Voluntary context switches: 576365
	Involuntary context switches: 21249
	Swaps: 0
	File system inputs: 432
	File system outputs: 19048
	Socket messages sent: 0
	Socket messages received: 0
	Signals delivered: 0
	Page size (bytes): 4096
	Exit status: 0
