bun test v1.4.2 (744846f84)

tests/native-process.test.ts:
(pass) supervisor terminates and reaps a live child on monitor EIO [7.01ms]
(pass) supervisor terminates and reaps a live child on monitor EACCES [1.01ms]
(pass) supervisor terminates and reaps a live child on monitor ENOENT [1.30ms]
(pass) supervisor terminates and reaps a live child on monitor ESRCH [0.87ms]
(pass) supervisor terminates and reaps a live child on monitor missing VmRSS [21.21ms]
(pass) supervisor terminates and reaps a live child on monitor malformed VmRSS [21.51ms]
(pass) supervisor drains and reaps a zombie when status reports ENOENT before the exit callback [79.83ms]
(pass) supervisor drains and reaps a zombie when status reports ESRCH before the exit callback [95.74ms]
(pass) supervisor confirms exit 0 after stale non-zombie status loses VmRSS [192.75ms]
(pass) supervisor confirms exit 2 after stale non-zombie status loses VmRSS [183.04ms]
(pass) supervisor preserves exit 0 while the kernel releases memory before zombie state [81.61ms]
(pass) supervisor preserves exit 2 while the kernel releases memory before zombie state [66.31ms]
(pass) supervisor fails closed when the thread leader exits but a worker still runs [43.63ms]
(pass) supervisor confirms ESRCH process disappearance before its exit callback runs [80.82ms]
(pass) supervisor drains streams and awaits pending sample cleanup for missing VmRSS during exit [99.86ms]
(pass) supervisor drains streams and awaits pending sample cleanup for ENOENT after exit [100.94ms]
(pass) supervisor drains streams and awaits pending sample cleanup for ESRCH after exit [92.88ms]
(pass) monitor termination waits for inherited stdout and stderr to close [62.32ms]
(pass) supervisor retains clean child streams and exit status [85.23ms]
(pass) failed spawn is explicit evidence [0.89ms]
(pass) supervisor terminates and reaps timeout child [21.07ms]
(pass) supervisor terminates and reaps memory child [21.10ms]
(pass) supervisor terminates and reaps output child [20.26ms]
(pass) invalid limits and unsupported platforms fail before spawning [0.19ms]
(pass) output overflow remains byte bounded when UTF8 is cut within a character [25.15ms]
(pass) kernel exit proof parses complete stat records with unescaped task names and strict flags [0.19ms]
318 |       const result = await supervise(node, ['-e', 'setInterval(() => {}, 1000)'], process.cwd(), limits, async childPid => {
319 |         pid = childPid;
320 |         return (await readFile(`/proc/${pid}/status`, 'utf8')).replace(/^VmRSS:.*\n/m, '');
321 |       });
322 |       expect(result).toMatchObject({ terminationReason: 'monitor', status: null, signal: 'SIGKILL', stdout: '', stderr: '' });
323 |       expect(listings).toBeGreaterThan(0);
                             ^
error: expect(received).toBeGreaterThan(expected)

Expected: > 0
Received: 0

      at <anonymous> (/tmp/di-bag-performance-integration/tests/native-process.test.ts:323:24)
(fail) supervisor rejects empty initial group as task-group exit evidence [21.75ms]
318 |       const result = await supervise(node, ['-e', 'setInterval(() => {}, 1000)'], process.cwd(), limits, async childPid => {
319 |         pid = childPid;
320 |         return (await readFile(`/proc/${pid}/status`, 'utf8')).replace(/^VmRSS:.*\n/m, '');
321 |       });
322 |       expect(result).toMatchObject({ terminationReason: 'monitor', status: null, signal: 'SIGKILL', stdout: '', stderr: '' });
323 |       expect(listings).toBeGreaterThan(0);
                             ^
error: expect(received).toBeGreaterThan(expected)

Expected: > 0
Received: 0

      at <anonymous> (/tmp/di-bag-performance-integration/tests/native-process.test.ts:323:24)
(fail) supervisor rejects empty final group as task-group exit evidence [21.46ms]
318 |       const result = await supervise(node, ['-e', 'setInterval(() => {}, 1000)'], process.cwd(), limits, async childPid => {
319 |         pid = childPid;
320 |         return (await readFile(`/proc/${pid}/status`, 'utf8')).replace(/^VmRSS:.*\n/m, '');
321 |       });
322 |       expect(result).toMatchObject({ terminationReason: 'monitor', status: null, signal: 'SIGKILL', stdout: '', stderr: '' });
323 |       expect(listings).toBeGreaterThan(0);
                             ^
error: expect(received).toBeGreaterThan(expected)

Expected: > 0
Received: 0

      at <anonymous> (/tmp/di-bag-performance-integration/tests/native-process.test.ts:323:24)
(fail) supervisor rejects unproven final thread as task-group exit evidence [21.44ms]
318 |       const result = await supervise(node, ['-e', 'setInterval(() => {}, 1000)'], process.cwd(), limits, async childPid => {
319 |         pid = childPid;
320 |         return (await readFile(`/proc/${pid}/status`, 'utf8')).replace(/^VmRSS:.*\n/m, '');
321 |       });
322 |       expect(result).toMatchObject({ terminationReason: 'monitor', status: null, signal: 'SIGKILL', stdout: '', stderr: '' });
323 |       expect(listings).toBeGreaterThan(0);
                             ^
error: expect(received).toBeGreaterThan(expected)

Expected: > 0
Received: 0

      at <anonymous> (/tmp/di-bag-performance-integration/tests/native-process.test.ts:323:24)
(fail) supervisor rejects permission failure as task-group exit evidence [21.92ms]
318 |       const result = await supervise(node, ['-e', 'setInterval(() => {}, 1000)'], process.cwd(), limits, async childPid => {
319 |         pid = childPid;
320 |         return (await readFile(`/proc/${pid}/status`, 'utf8')).replace(/^VmRSS:.*\n/m, '');
321 |       });
322 |       expect(result).toMatchObject({ terminationReason: 'monitor', status: null, signal: 'SIGKILL', stdout: '', stderr: '' });
323 |       expect(listings).toBeGreaterThan(0);
                             ^
error: expect(received).toBeGreaterThan(expected)

Expected: > 0
Received: 0

      at <anonymous> (/tmp/di-bag-performance-integration/tests/native-process.test.ts:323:24)
(fail) supervisor rejects malformed stat as task-group exit evidence [21.36ms]

5 tests failed:
(fail) supervisor rejects empty initial group as task-group exit evidence [21.75ms]
(fail) supervisor rejects empty final group as task-group exit evidence [21.46ms]
(fail) supervisor rejects unproven final thread as task-group exit evidence [21.44ms]
(fail) supervisor rejects permission failure as task-group exit evidence [21.92ms]
(fail) supervisor rejects malformed stat as task-group exit evidence [21.36ms]

 26 pass
 5 fail
 155 expect() calls
Ran 31 tests across 1 file. [1.55s]
