bun test v1.4.2 (744846f84)

tests/release-artifacts.test.ts:
(pass) release documentation contract > adversarial release gates are separately supervised file commands [0.27ms]
(pass) release documentation contract > release documents match the frozen package and gate every online command [0.23ms]
(pass) release documentation contract > the publication boundary rejects stale, missing, duplicated, and misplaced commands [0.28ms]
(pass) release documentation contract > public docs state entry-point, adapter, acquisition, ownership, and release limits [1.63ms]
(pass) release artifact scripts > reject unsafe and unsupported manifest arguments [2.94ms]
(pass) release artifact scripts > expose guarded parsers and archive inspection [0.02ms]
(pass) archive verifier TDD boundary > exports a read-only verifier and strict CLI parser
(pass) safe npm archive parser > returns sorted regular entries and exact package metadata bytes [3.51ms]
(pass) safe npm archive parser > rejects absolute name [0.39ms]
(pass) safe npm archive parser > rejects traversal [0.44ms]
(pass) safe npm archive parser > rejects backslash [0.26ms]
(pass) safe npm archive parser > rejects outside package [0.24ms]
(pass) safe npm archive parser > rejects duplicate [0.40ms]
(pass) safe npm archive parser > rejects prefix collision [0.60ms]
(pass) safe npm archive parser > rejects symlink [0.27ms]
(pass) safe npm archive parser > rejects hardlink [0.27ms]
(pass) safe npm archive parser > rejects fifo [0.28ms]
(pass) safe npm archive parser > rejects device [0.24ms]
(pass) safe npm archive parser > rejects unknown type [0.24ms]
(pass) safe npm archive parser > rejects NUL ambiguity [0.35ms]
(pass) safe npm archive parser > rejects entry size ceiling [0.28ms]
(pass) safe npm archive parser > rejects checksum [0.25ms]
(pass) safe npm archive parser > rejects magic [0.23ms]
(pass) safe npm archive parser > rejects numeric NUL suffix [0.27ms]
(pass) safe npm archive parser > rejects nonzero padding [0.44ms]
(pass) safe npm archive parser > rejects terminator [0.33ms]
(pass) safe npm archive parser > rejects trailing junk [0.25ms]
(pass) safe npm archive parser > rejects truncated entry [0.20ms]
(pass) safe npm archive parser > rejects missing metadata [0.21ms]
(pass) safe npm archive parser > rejects invalid and empty gzip bytes [0.95ms]
(pass) command evidence runner > parses canonical sorted inputs and preserves argv spaces [0.61ms]
(pass) command evidence runner > rejects unsafe argv: bash -c echo hi [0.02ms]
(pass) command evidence runner > rejects unsafe argv: npm view di-bag [0.02ms]
(pass) command evidence runner > rejects unsafe argv: npm login [0.01ms]
(pass) command evidence runner > rejects unsafe argv: npm publish a.tgz
(pass) command evidence runner > rejects unsafe argv: npm dist-tag add
(pass) command evidence runner > rejects unsafe argv: git push [0.01ms]
(pass) command evidence runner > rejects unsafe argv: git tag v1
(pass) command evidence runner > rejects unsafe argv: node --registry x
(pass) command evidence runner > rejects unsafe argv: node https://registry.npmjs.org
(pass) command evidence runner > rejects unsafe argv: node &&
(pass) command evidence runner > rejects unsafe argv: node -e thing
(pass) command evidence runner > rejects unsafe argv: env npm publish x.tgz
(pass) command evidence runner > rejects unsafe argv: env git push
(pass) command evidence runner > rejects unsafe argv: npx npm view di-bag
(pass) command evidence runner > rejects unsafe argv: bunx tool
(pass) command evidence runner > rejects unsafe argv: corepack npm login
(pass) command evidence runner > rejects relative, escaping, symlinked, duplicate, and unsupported arguments [0.11ms]
(pass) command evidence runner > records stdout, stderr, input hashes, normalized success and record-last evidence [11.34ms]
(pass) command evidence runner > rejects timeout, output overflow, nonzero status, and spawn failure without publishing a record [41.65ms]
(pass) command evidence runner > rejects injected memory, monitor, signal and spawn outcomes [0.54ms]
(pass) command evidence runner > failed reruns and thrown supervisors erase stale success evidence [20.24ms]
(pass) command evidence runner > hashes inputs before execution and rolls back orphan logs if record publication fails [33.62ms]
(pass) native gap inventory > freezes the exact current zero-gap source authority [2.53ms]
(pass) native gap inventory > accepts empty and reviewed fresh inventory while an empty authority rejects a new gap [2.03ms]
(pass) native gap inventory > parses the documented relative reviewed root and exact absolute outputs [2.03ms]
(pass) release tree hashing > hashes sorted regular paths deterministically [0.60ms]
(pass) release tree hashing > rejects empty, symlink, special and unsafe argument layouts [2.54ms]
(pass) release tree hashing > detects byte mutations through changed digest [0.17ms]
(pass) manifest validation and deterministic projection > manifest fixtures leave root candidate archive existence and bytes unchanged [1.30ms]
(pass) manifest validation and deterministic projection > derives immutable archive facts and is deterministic across caller ordering [5.61ms]
(pass) manifest validation and deterministic projection > public evidence has no absolute paths and is invariant to final commit and approved observed diff [5.00ms]
(pass) manifest validation and deterministic projection > allows canonical SHA-512 SRI only in package integrity fields [3.49ms]
(pass) manifest validation and deterministic projection > rejects duplicate/missing packages, bad versions, metadata, pack facts and handoff paths [11.44ms]
(pass) manifest validation and deterministic projection > accepts zero reviewed and fresh native gaps and rejects every unexpected fresh occurrence [3.01ms]
(pass) manifest validation and deterministic projection > retains nonempty-authority manifest validation for historical candidates [2.52ms]
(pass) manifest validation and deterministic projection > rejects failed, malformed-time, duplicate-input and mutated-log command evidence [4.30ms]
(pass) manifest validation and deterministic projection > rejects archive containment, symlink escape, absence and replacement facts [1.04ms]
(pass) manifest validation and deterministic projection > manifest CLI rejects every non-fixed public target form [0.29ms]
(pass) manifest validation and deterministic projection > public projection rejects absolute argv and input paths outside known roots [12.04ms]
(pass) archive verifier > independently accepts exact archive, pack, metadata, export, dependency, and public facts [21.94ms]
(pass) archive verifier > rejects every archive digest and file-list mismatch [96.30ms]
(pass) archive verifier > rejects altered, duplicate, stale, divergent, extra-field, and filename pack JSON [137.74ms]
(pass) archive verifier > enforces exact package metadata, exports, and empty dependencies [133.92ms]
(pass) archive verifier > rejects malformed dependency, files, and bundled dependency metadata shapes [212.24ms]
(pass) archive verifier > rejects forbidden source, test, fixture, dependency, credential, and tarball content [554.82ms]
(pass) archive verifier > rejects missing public export pairs and removed adapter entries from archive bytes [236.07ms]
(pass) archive verifier > requires byte-identical stable public evidence and rejects missing, stale, malformed, and extra bytes [80.45ms]
(pass) archive verifier > rejects malicious archives before creating or running a consumer workdir [17.14ms]
(pass) archive verifier > uses one fixed explicit offline install argv with no fallback [0.09ms]
(pass) archive verifier > core import tracing rejects bare, self, node builtin, and unresolved relative specifiers [4.22ms]
(pass) archive verifier > CLI accepts only canonical contained manifest and empty work directory paths [572.30ms]
(pass) archive verifier > direct verifier API rejects outside, relative, aliased, and nonempty work paths before mutation [0.82ms]
(pass) archive verifier > binds both declaration compilers to the exact manifest versions before emitting [726.33ms]
(pass) archive verifier > matches both I14 diagnostics to their marked regions and expected message fragments [0.71ms]
(pass) archive verifier > installs owned verified bytes and passes real Node/Bun, CJS/ESM, core-only, and declaration oracles [14355.61ms]
(pass) final release audit > validates exactly five roles and produces deterministic non-self-attestation [2.62ms]
(pass) final release audit > rejects missing, duplicate, failed, mutated, stale-input and wrong-Git evidence [3.07ms]
(pass) final release audit > rejects every invalid retained command field and fixed limit violation [53.50ms]
(pass) final release audit > audit CLI rejects wrong output, public location, OIDs, duplicate and extra options [0.38ms]

 90 pass
 0 fail
 388 expect() calls
Ran 90 tests across 1 file. [19.13s]
	Command being timed: "bun test tests/release-artifacts.test.ts"
	User time (seconds): 35.74
	System time (seconds): 3.57
	Percent of CPU this job got: 205%
	Elapsed (wall clock) time (h:mm:ss or m:ss): 0:19.13
	Average shared text size (kbytes): 0
	Average unshared data size (kbytes): 0
	Average stack size (kbytes): 0
	Average total size (kbytes): 0
	Maximum resident set size (kbytes): 338336
	Average resident set size (kbytes): 0
	Major (requiring I/O) page faults: 1
	Minor (reclaiming a frame) page faults: 1454563
	Voluntary context switches: 67680
	Involuntary context switches: 2111
	Swaps: 0
	File system inputs: 8
	File system outputs: 47680
	Socket messages sent: 0
	Socket messages received: 0
	Signals delivered: 0
	Page size (bytes): 4096
	Exit status: 0
