
> di-bag@0.1.0 typecheck:native
> tsc -p tsconfig.json

	Command being timed: "npm run typecheck:native"
	User time (seconds): 4.98
	System time (seconds): 0.32
	Percent of CPU this job got: 527%
	Elapsed (wall clock) time (h:mm:ss or m:ss): 0:01.00
	Average shared text size (kbytes): 0
	Average unshared data size (kbytes): 0
	Average stack size (kbytes): 0
	Average total size (kbytes): 0
	Maximum resident set size (kbytes): 568176
	Average resident set size (kbytes): 0
	Major (requiring I/O) page faults: 2
	Minor (reclaiming a frame) page faults: 168863
	Voluntary context switches: 3125
	Involuntary context switches: 424
	Swaps: 0
	File system inputs: 696
	File system outputs: 24
	Socket messages sent: 0
	Socket messages received: 0
	Signals delivered: 0
	Page size (bytes): 4096
	Exit status: 0
