bun test v1.4.2 (744846f84)

tests/native-process.test.ts:
60 |       }
61 |       throw new Error('Child did not reach zombie state before exit notification');
62 |     });
63 |     expect(zombiePid).toBeGreaterThan(0);
64 |     expect(result).toMatchObject({ status: 0, signal: null, stdout: 'out\n', stderr: 'err\n' });
65 |     expect(result.terminationReason).toBeUndefined();
                                          ^
error: expect(received).toBeUndefined()

Received: "monitor"

      at <anonymous> (/tmp/di-bag-performance-integration/tests/native-process.test.ts:65:38)
(fail) supervisor drains and reaps a zombie when status reports ENOENT before the exit callback [86.57ms]
60 |       }
61 |       throw new Error('Child did not reach zombie state before exit notification');
62 |     });
63 |     expect(zombiePid).toBeGreaterThan(0);
64 |     expect(result).toMatchObject({ status: 0, signal: null, stdout: 'out\n', stderr: 'err\n' });
65 |     expect(result.terminationReason).toBeUndefined();
                                          ^
error: expect(received).toBeUndefined()

Received: "monitor"

      at <anonymous> (/tmp/di-bag-performance-integration/tests/native-process.test.ts:65:38)
(fail) supervisor drains and reaps a zombie when status reports ESRCH before the exit callback [91.56ms]

 0 pass
 16 filtered out
 2 fail
 6 expect() calls
Ran 2 tests across 1 file. [223.00ms]
