bun test v1.4.2 (744846f84)

tests/native-process.test.ts:
(pass) supervisor terminates and reaps a live child on monitor EIO [7.11ms]
(pass) supervisor terminates and reaps a live child on monitor ENOENT [0.95ms]
(pass) supervisor terminates and reaps a live child on monitor ESRCH [0.74ms]
(pass) supervisor terminates and reaps a live child on monitor missing VmRSS [21.23ms]
(pass) supervisor drains and reaps a zombie when status reports ENOENT before the exit callback [87.92ms]
(pass) supervisor drains and reaps a zombie when status reports ESRCH before the exit callback [76.38ms]
(pass) supervisor confirms ESRCH process disappearance before its exit callback runs [77.76ms]
(pass) supervisor drains streams and awaits pending sample cleanup for missing VmRSS during exit [87.84ms]
(pass) supervisor drains streams and awaits pending sample cleanup for ENOENT after exit [82.71ms]
(pass) supervisor drains streams and awaits pending sample cleanup for ESRCH after exit [82.47ms]
(pass) monitor termination waits for inherited stdout and stderr to close [58.08ms]
(pass) supervisor retains clean child streams and exit status [62.44ms]
(pass) failed spawn is explicit evidence [0.76ms]
(pass) supervisor terminates and reaps timeout child [21.14ms]
(pass) supervisor terminates and reaps memory child [21.34ms]
(pass) supervisor terminates and reaps output child [27.00ms]
(pass) invalid limits and unsupported platforms fail before spawning [0.17ms]
(pass) output overflow remains byte bounded when UTF8 is cut within a character [22.96ms]

 18 pass
 0 fail
 93 expect() calls
Ran 18 tests across 1 file. [777.00ms]
