bun test v1.4.2 (744846f84)

tests/native-package.test.ts:
(pass) native installed contracts and physical downstream declarations from classic6 [84741.00ms]
(pass) native installed contracts and physical downstream declarations from native7 [68826.95ms]

 2 pass
 0 fail
 1210 expect() calls
Ran 2 tests across 1 file. [153.76s]
	Command being timed: "bun test tests/native-package.test.ts"
	User time (seconds): 351.86
	System time (seconds): 37.76
	Percent of CPU this job got: 253%
	Elapsed (wall clock) time (h:mm:ss or m:ss): 2:33.79
	Average shared text size (kbytes): 0
	Average unshared data size (kbytes): 0
	Average stack size (kbytes): 0
	Average total size (kbytes): 0
	Maximum resident set size (kbytes): 1596256
	Average resident set size (kbytes): 0
	Major (requiring I/O) page faults: 4
	Minor (reclaiming a frame) page faults: 14250780
	Voluntary context switches: 746935
	Involuntary context switches: 23207
	Swaps: 0
	File system inputs: 1888
	File system outputs: 22680
	Socket messages sent: 0
	Socket messages received: 0
	Signals delivered: 0
	Page size (bytes): 4096
	Exit status: 0
