bun test v1.4.2 (744846f84)

tests/native-process.test.ts:
18 |   return new Promise(resolve => {
19 |     const result: NativeProcessResult = { status: null, signal: null, stdout: '', stderr: '', milliseconds: 0, peakObservedRssMiB: 0 };
20 |     const stdout: Uint8Array[] = [], stderr: Uint8Array[] = [];
21 |     let bytes = 0, exited = false, monitoring = false, missingRss = false;
22 |     let pendingSample: Promise<void> | undefined;
23 |     const child = spawn(executable, [...args], { cwd, stdio: ['ignore', 'pipe', 'pipe'] });
                       ^
TypeError: The argument 'file' cannot be empty. Received ''
 code: "ERR_INVALID_ARG_VALUE"

      at normalizeSpawnArguments (node:child_process:418:29)
      at spawn (node:child_process:16:36)
      at <anonymous> (/tmp/di-bag-performance-integration/scripts/native-process.ts:23:19)
      at new Promise (1:11)
      at supervise (/tmp/di-bag-performance-integration/scripts/native-process.ts:18:10)
      at <anonymous> (/tmp/di-bag-performance-integration/tests/native-process.test.ts:49:26)
(fail) supervisor drains and reaps a zombie when status reports ENOENT before the exit callback [0.57ms]
18 |   return new Promise(resolve => {
19 |     const result: NativeProcessResult = { status: null, signal: null, stdout: '', stderr: '', milliseconds: 0, peakObservedRssMiB: 0 };
20 |     const stdout: Uint8Array[] = [], stderr: Uint8Array[] = [];
21 |     let bytes = 0, exited = false, monitoring = false, missingRss = false;
22 |     let pendingSample: Promise<void> | undefined;
23 |     const child = spawn(executable, [...args], { cwd, stdio: ['ignore', 'pipe', 'pipe'] });
                       ^
TypeError: The argument 'file' cannot be empty. Received ''
 code: "ERR_INVALID_ARG_VALUE"

      at normalizeSpawnArguments (node:child_process:418:29)
      at spawn (node:child_process:16:36)
      at <anonymous> (/tmp/di-bag-performance-integration/scripts/native-process.ts:23:19)
      at new Promise (1:11)
      at supervise (/tmp/di-bag-performance-integration/scripts/native-process.ts:18:10)
      at <anonymous> (/tmp/di-bag-performance-integration/tests/native-process.test.ts:49:26)
(fail) supervisor drains and reaps a zombie when status reports ESRCH before the exit callback [0.05ms]

 0 pass
 16 filtered out
 2 fail
Ran 2 tests across 1 file. [50.00ms]
