bun test v1.4.2 (744846f84)

tests/native-package.test.ts:
(pass) native installed contracts and physical downstream declarations from classic6 [55827.28ms]
(pass) native installed contracts and physical downstream declarations from native7 [41263.51ms]

 2 pass
 0 fail
 1218 expect() calls
Ran 2 tests across 1 file. [97.26s]
	Command being timed: "bun test tests/native-package.test.ts"
	User time (seconds): 243.17
	System time (seconds): 22.79
	Percent of CPU this job got: 273%
	Elapsed (wall clock) time (h:mm:ss or m:ss): 1:37.30
	Average shared text size (kbytes): 0
	Average unshared data size (kbytes): 0
	Average stack size (kbytes): 0
	Average total size (kbytes): 0
	Maximum resident set size (kbytes): 2224848
	Average resident set size (kbytes): 0
	Major (requiring I/O) page faults: 3
	Minor (reclaiming a frame) page faults: 9508860
	Voluntary context switches: 585353
	Involuntary context switches: 19089
	Swaps: 0
	File system inputs: 568
	File system outputs: 21952
	Socket messages sent: 0
	Socket messages received: 0
	Signals delivered: 0
	Page size (bytes): 4096
	Exit status: 0
